2026-09-08 08:07:49,351 copula_mvr reference ok 9.7s
2026-09-08 08:07:53,759 copula_mvr half_00_A ok 4.4s
2026-09-08 08:08:00,677 copula_mvr half_00_B ok 6.9s
2026-09-08 08:08:01,668 copula_mvr half_01_A ok 1.0s
2026-09-08 08:08:07,567 copula_mvr half_01_B ok 5.9s
2026-09-08 08:08:08,504 copula_mvr half_02_A ok 0.9s
2026-09-08 08:08:13,564 copula_mvr half_02_B ok 5.1s
2026-09-08 08:08:19,334 copula_mvr half_03_A ok 5.8s
2026-09-08 08:08:20,385 copula_mvr half_03_B ok 1.0s
2026-09-08 08:08:26,128 copula_mvr half_04_A ok 5.7s
2026-09-08 08:08:33,026 copula_mvr half_04_B ok 6.9s
2026-09-08 08:08:39,224 copula_mvr half_05_A ok 6.2s
2026-09-08 08:08:40,359 copula_mvr half_05_B ok 1.1s
2026-09-08 08:08:46,271 copula_mvr half_06_A ok 5.9s
2026-09-08 08:08:48,111 copula_mvr half_06_B ok 1.8s
2026-09-08 08:08:49,201 copula_mvr half_07_A ok 1.1s
2026-09-08 08:08:51,002 copula_mvr half_07_B ok 1.8s
2026-09-08 08:08:55,439 copula_mvr half_08_A ok 4.4s
2026-09-08 08:09:04,283 copula_mvr half_08_B ok 8.8s
2026-09-08 08:09:10,344 copula_mvr half_09_A ok 6.1s
2026-09-08 08:09:16,512 copula_mvr half_09_B ok 6.2s
2026-09-08 08:09:22,363 copula_mvr half_10_A ok 5.8s
2026-09-08 08:09:28,812 copula_mvr half_10_B ok 6.4s
2026-09-08 08:09:33,626 copula_mvr half_11_A ok 4.8s
2026-09-08 08:09:39,713 copula_mvr half_11_B ok 6.1s
2026-09-08 08:09:42,463 copula_mvr half_12_A ok 2.7s
2026-09-08 08:09:44,770 copula_mvr half_12_B ok 2.3s
2026-09-08 08:09:45,848 copula_mvr half_13_A ok 1.1s
2026-09-08 08:09:48,952 copula_mvr half_13_B ok 3.1s
2026-09-08 08:09:49,918 copula_mvr half_14_A ok 1.0s
2026-09-08 08:09:52,309 copula_mvr half_14_B ok 2.4s
2026-09-08 08:09:57,952 copula_mvr half_15_A ok 5.6s
2026-09-08 08:09:59,188 copula_mvr half_15_B ok 1.2s
2026-09-08 08:10:00,275 copula_mvr half_16_A ok 1.1s
2026-09-08 08:10:01,856 copula_mvr half_16_B ok 1.6s
2026-09-08 08:10:03,098 copula_mvr half_17_A ok 1.2s
2026-09-08 08:10:08,676 copula_mvr half_17_B ok 5.6s
2026-09-08 08:10:09,834 copula_mvr half_18_A ok 1.2s
2026-09-08 08:10:11,761 copula_mvr half_18_B ok 1.9s
2026-09-08 08:10:15,758 copula_mvr half_19_A ok 4.0s
2026-09-08 08:10:23,649 copula_mvr half_19_B ok 7.9s
2026-09-08 08:10:32,497 copula_mvr half_20_A ok 8.8s
2026-09-08 08:10:37,324 copula_mvr half_20_B ok 4.8s
2026-09-08 08:10:45,342 copula_mvr half_21_A ok 8.0s
2026-09-08 08:10:47,875 copula_mvr half_21_B ok 2.5s
2026-09-08 08:10:49,088 copula_mvr half_22_A ok 1.2s
2026-09-08 08:10:55,595 copula_mvr half_22_B ok 6.5s
2026-09-08 08:10:57,502 copula_mvr half_23_A ok 1.9s
2026-09-08 08:10:58,656 copula_mvr half_23_B ok 1.1s
2026-09-08 08:11:00,149 copula_mvr half_24_A ok 1.5s
2026-09-08 08:11:01,381 copula_mvr half_24_B ok 1.2s
2026-09-08 08:11:05,004 copula_mvr half_25_A ok 3.6s
2026-09-08 08:11:11,732 copula_mvr half_25_B ok 6.7s
2026-09-08 08:11:22,072 copula_mvr half_26_A ok 10.3s
2026-09-08 08:11:27,906 copula_mvr half_26_B ok 5.8s
2026-09-08 08:11:34,345 copula_mvr half_27_A ok 6.4s
2026-09-08 08:11:35,556 copula_mvr half_27_B ok 1.2s
2026-09-08 08:11:36,627 copula_mvr half_28_A ok 1.1s
2026-09-08 08:11:38,436 copula_mvr half_28_B ok 1.8s
2026-09-08 08:11:41,177 copula_mvr half_29_A ok 2.7s
2026-09-08 08:11:47,077 copula_mvr half_29_B ok 5.9s
2026-09-08 08:11:54,311 copula_mvr f70_00 ok 7.2s
2026-09-08 08:12:02,458 copula_mvr f70_01 ok 8.1s
2026-09-08 08:12:14,312 copula_mvr f70_02 ok 11.8s
2026-09-08 08:12:23,328 copula_mvr f70_03 ok 9.0s
2026-09-08 08:12:25,843 copula_mvr f70_04 ok 2.5s
2026-09-08 08:12:29,038 copula_mvr f70_05 ok 3.2s
2026-09-08 08:12:39,069 copula_mvr f70_06 ok 10.0s
2026-09-08 08:12:44,635 copula_mvr f70_07 ok 5.6s
2026-09-08 08:12:52,638 copula_mvr f70_08 ok 8.0s
2026-09-08 08:12:58,995 copula_mvr f70_09 ok 6.4s
2026-09-08 08:13:03,046 copula_mvr f70_10 ok 4.0s
2026-09-08 08:13:07,805 copula_mvr f70_11 ok 4.8s
2026-09-08 08:13:14,662 copula_mvr f70_12 ok 6.9s
2026-09-08 08:13:22,672 copula_mvr f70_13 ok 8.0s
2026-09-08 08:13:30,587 copula_mvr f70_14 ok 7.9s
2026-09-08 08:13:32,259 copula_mvr f70_15 ok 1.7s
2026-09-08 08:13:40,479 copula_mvr f70_16 ok 8.2s
2026-09-08 08:13:43,969 copula_mvr f70_17 ok 3.5s
2026-09-08 08:13:50,157 copula_mvr f70_18 ok 6.2s
2026-09-08 08:13:54,634 copula_mvr f70_19 ok 4.5s
2026-09-08 08:14:03,479 copula_mvr f80_00 ok 8.8s
2026-09-08 08:14:12,708 copula_mvr f80_01 ok 9.2s
2026-09-08 08:14:22,807 copula_mvr f80_02 ok 10.1s
2026-09-08 08:14:31,142 copula_mvr f80_03 ok 8.3s
2026-09-08 08:14:38,759 copula_mvr f80_04 ok 7.6s
2026-09-08 08:14:46,258 copula_mvr f80_05 ok 7.5s
2026-09-08 08:14:57,875 copula_mvr f80_06 ok 11.6s
2026-09-08 08:15:09,808 copula_mvr f80_07 ok 11.9s
2026-09-08 08:15:19,856 copula_mvr f80_08 ok 10.0s
2026-09-08 08:15:27,556 copula_mvr f80_09 ok 7.7s
2026-09-08 08:15:33,932 copula_mvr f80_10 ok 6.4s
2026-09-08 08:15:41,032 copula_mvr f80_11 ok 7.1s
2026-09-08 08:15:51,606 copula_mvr f80_12 ok 10.6s
2026-09-08 08:16:01,724 copula_mvr f80_13 ok 10.1s
2026-09-08 08:16:12,628 copula_mvr f80_14 ok 10.9s
2026-09-08 08:16:14,870 copula_mvr f80_15 ok 2.2s
2026-09-08 08:16:26,628 copula_mvr f80_16 ok 11.8s
2026-09-08 08:16:32,228 copula_mvr f80_17 ok 5.6s
2026-09-08 08:16:42,400 copula_mvr f80_18 ok 10.2s
2026-09-08 08:16:49,900 copula_mvr f80_19 ok 7.5s
2026-09-08 08:17:03,618 copula_mvr seedonly_00 ok 13.7s
2026-09-08 08:17:16,427 copula_mvr seedonly_01 ok 12.8s
2026-09-08 08:17:28,234 copula_mvr seedonly_02 ok 11.8s
2026-09-08 08:17:39,653 copula_mvr seedonly_03 ok 11.4s
2026-09-08 08:17:51,103 copula_mvr seedonly_04 ok 11.4s
2026-09-08 08:18:02,430 copula_mvr seedonly_05 ok 11.3s
2026-09-08 08:18:13,576 copula_mvr seedonly_06 ok 11.1s
2026-09-08 08:18:25,166 copula_mvr seedonly_07 ok 11.6s
2026-09-08 08:18:36,601 copula_mvr seedonly_08 ok 11.4s
2026-09-08 08:18:48,090 copula_mvr seedonly_09 ok 11.5s
2026-09-08 08:30:32,667 copula_mvr reference ok 1.4s
2026-09-08 08:30:33,622 copula_mvr half_00_A ok 0.7s
2026-09-08 08:30:34,352 copula_mvr half_00_B ok 0.7s
2026-09-08 08:30:35,063 copula_mvr half_01_A ok 0.6s
2026-09-08 08:30:35,804 copula_mvr half_01_B ok 0.7s
2026-09-08 08:30:36,580 copula_mvr half_02_A ok 0.7s
2026-09-08 08:30:37,363 copula_mvr half_02_B ok 0.7s
2026-09-08 08:30:38,100 copula_mvr half_03_A ok 0.7s
2026-09-08 08:30:38,826 copula_mvr half_03_B ok 0.7s
2026-09-08 08:30:39,605 copula_mvr half_04_A ok 0.7s
2026-09-08 08:30:40,335 copula_mvr half_04_B ok 0.7s
2026-09-08 08:30:41,046 copula_mvr half_05_A ok 0.7s
2026-09-08 08:30:41,801 copula_mvr half_05_B ok 0.7s
2026-09-08 08:30:42,491 copula_mvr half_06_A ok 0.7s
2026-09-08 08:30:43,248 copula_mvr half_06_B ok 0.7s
2026-09-08 08:30:43,945 copula_mvr half_07_A ok 0.7s
2026-09-08 08:30:44,645 copula_mvr half_07_B ok 0.7s
2026-09-08 08:30:45,385 copula_mvr half_08_A ok 0.7s
2026-09-08 08:30:46,094 copula_mvr half_08_B ok 0.7s
2026-09-08 08:30:46,775 copula_mvr half_09_A ok 0.7s
2026-09-08 08:30:47,484 copula_mvr half_09_B ok 0.7s
2026-09-08 08:30:48,175 copula_mvr half_10_A ok 0.7s
2026-09-08 08:30:48,822 copula_mvr half_10_B ok 0.6s
2026-09-08 08:30:49,541 copula_mvr half_11_A ok 0.7s
2026-09-08 08:30:50,247 copula_mvr half_11_B ok 0.7s
2026-09-08 08:30:51,003 copula_mvr half_12_A ok 0.7s
2026-09-08 08:30:51,744 copula_mvr half_12_B ok 0.7s
2026-09-08 08:30:52,451 copula_mvr half_13_A ok 0.7s
2026-09-08 08:30:53,215 copula_mvr half_13_B ok 0.7s
2026-09-08 08:30:53,989 copula_mvr half_14_A ok 0.8s
2026-09-08 08:30:54,777 copula_mvr half_14_B ok 0.7s
2026-09-08 08:30:55,549 copula_mvr half_15_A ok 0.7s
2026-09-08 08:30:56,285 copula_mvr half_15_B ok 0.7s
2026-09-08 08:30:57,004 copula_mvr half_16_A ok 0.7s
2026-09-08 08:30:57,732 copula_mvr half_16_B ok 0.7s
2026-09-08 08:30:58,524 copula_mvr half_17_A ok 0.7s
2026-09-08 08:30:59,322 copula_mvr half_17_B ok 0.7s
2026-09-08 08:31:00,018 copula_mvr half_18_A ok 0.6s
2026-09-08 08:31:00,765 copula_mvr half_18_B ok 0.7s
2026-09-08 08:31:01,496 copula_mvr half_19_A ok 0.7s
2026-09-08 08:31:02,193 copula_mvr half_19_B ok 0.7s
2026-09-08 08:31:02,936 copula_mvr half_20_A ok 0.7s
2026-09-08 08:31:03,694 copula_mvr half_20_B ok 0.7s
2026-09-08 08:31:04,426 copula_mvr half_21_A ok 0.7s
2026-09-08 08:31:05,165 copula_mvr half_21_B ok 0.7s
2026-09-08 08:31:05,860 copula_mvr half_22_A ok 0.7s
2026-09-08 08:31:06,578 copula_mvr half_22_B ok 0.7s
2026-09-08 08:31:07,241 copula_mvr half_23_A ok 0.7s
2026-09-08 08:31:07,930 copula_mvr half_23_B ok 0.7s
2026-09-08 08:31:08,660 copula_mvr half_24_A ok 0.7s
2026-09-08 08:31:09,462 copula_mvr half_24_B ok 0.8s
2026-09-08 08:31:10,168 copula_mvr half_25_A ok 0.7s
2026-09-08 08:31:10,814 copula_mvr half_25_B ok 0.6s
2026-09-08 08:31:11,522 copula_mvr half_26_A ok 0.7s
2026-09-08 08:31:12,276 copula_mvr half_26_B ok 0.7s
2026-09-08 08:31:12,946 copula_mvr half_27_A ok 0.7s
2026-09-08 08:31:13,706 copula_mvr half_27_B ok 0.7s
2026-09-08 08:31:14,444 copula_mvr half_28_A ok 0.7s
2026-09-08 08:31:15,197 copula_mvr half_28_B ok 0.7s
2026-09-08 08:31:15,832 copula_mvr half_29_A ok 0.6s
2026-09-08 08:31:16,616 copula_mvr half_29_B ok 0.8s
2026-09-08 08:31:17,626 copula_mvr f70_00 ok 0.9s
2026-09-08 08:31:18,650 copula_mvr f70_01 ok 1.0s
2026-09-08 08:31:19,613 copula_mvr f70_02 ok 0.9s
2026-09-08 08:31:20,571 copula_mvr f70_03 ok 0.9s
2026-09-08 08:31:21,460 copula_mvr f70_04 ok 0.9s
2026-09-08 08:31:22,431 copula_mvr f70_05 ok 1.0s
2026-09-08 08:31:23,374 copula_mvr f70_06 ok 0.9s
2026-09-08 08:31:24,386 copula_mvr f70_07 ok 1.0s
2026-09-08 08:31:25,374 copula_mvr f70_08 ok 1.0s
2026-09-08 08:31:26,387 copula_mvr f70_09 ok 1.0s
2026-09-08 08:31:27,323 copula_mvr f70_10 ok 0.9s
2026-09-08 08:31:28,297 copula_mvr f70_11 ok 0.9s
2026-09-08 08:31:29,218 copula_mvr f70_12 ok 0.9s
2026-09-08 08:31:30,191 copula_mvr f70_13 ok 0.9s
2026-09-08 08:31:31,125 copula_mvr f70_14 ok 0.9s
2026-09-08 08:31:32,028 copula_mvr f70_15 ok 0.9s
2026-09-08 08:31:33,039 copula_mvr f70_16 ok 1.0s
2026-09-08 08:31:34,071 copula_mvr f70_17 ok 1.0s
2026-09-08 08:31:34,961 copula_mvr f70_18 ok 0.9s
2026-09-08 08:31:35,927 copula_mvr f70_19 ok 0.9s
2026-09-08 08:31:37,077 copula_mvr f80_00 ok 1.1s
2026-09-08 08:31:38,246 copula_mvr f80_01 ok 1.1s
2026-09-08 08:31:39,416 copula_mvr f80_02 ok 1.1s
2026-09-08 08:31:40,577 copula_mvr f80_03 ok 1.1s
2026-09-08 08:31:41,764 copula_mvr f80_04 ok 1.1s
2026-09-08 08:31:42,833 copula_mvr f80_05 ok 1.0s
2026-09-08 08:31:43,930 copula_mvr f80_06 ok 1.1s
2026-09-08 08:31:44,980 copula_mvr f80_07 ok 1.0s
2026-09-08 08:31:46,109 copula_mvr f80_08 ok 1.1s
2026-09-08 08:31:47,322 copula_mvr f80_09 ok 1.2s
2026-09-08 08:31:48,349 copula_mvr f80_10 ok 1.0s
2026-09-08 08:31:49,371 copula_mvr f80_11 ok 1.0s
2026-09-08 08:31:50,518 copula_mvr f80_12 ok 1.1s
2026-09-08 08:31:51,621 copula_mvr f80_13 ok 1.1s
2026-09-08 08:31:53,016 copula_mvr f80_14 ok 1.1s
2026-09-08 08:31:54,136 copula_mvr f80_15 ok 1.1s
2026-09-08 08:31:55,282 copula_mvr f80_16 ok 1.1s
2026-09-08 08:31:56,461 copula_mvr f80_17 ok 1.1s
2026-09-08 08:31:57,572 copula_mvr f80_18 ok 1.1s
2026-09-08 08:31:58,801 copula_mvr f80_19 ok 1.2s
2026-09-08 08:32:00,216 copula_mvr seedonly_00 ok 1.4s
2026-09-08 08:32:01,652 copula_mvr seedonly_01 ok 1.3s
2026-09-08 08:32:02,905 copula_mvr seedonly_02 ok 1.2s
2026-09-08 08:32:04,276 copula_mvr seedonly_03 ok 1.3s
2026-09-08 08:32:05,673 copula_mvr seedonly_04 ok 1.4s
2026-09-08 08:32:07,126 copula_mvr seedonly_05 ok 1.4s
2026-09-08 08:32:08,606 copula_mvr seedonly_06 ok 1.4s
2026-09-08 08:32:10,042 copula_mvr seedonly_07 ok 1.4s
2026-09-08 08:32:11,410 copula_mvr seedonly_08 ok 1.3s
2026-09-08 08:32:12,890 copula_mvr seedonly_09 ok 1.3s
