2026-09-08 08:14:22,371 simulation copula_mvr linear_sparse 000 ok
2026-09-08 08:14:22,547 simulation copula_mvr linear_sparse 001 ok
2026-09-08 08:14:22,727 simulation copula_mvr linear_sparse 002 ok
2026-09-08 08:14:22,906 simulation copula_mvr linear_sparse 003 ok
2026-09-08 08:14:23,084 simulation copula_mvr linear_sparse 004 ok
2026-09-08 08:14:23,272 simulation copula_mvr linear_sparse 005 ok
2026-09-08 08:14:23,451 simulation copula_mvr linear_sparse 006 ok
2026-09-08 08:14:23,636 simulation copula_mvr linear_sparse 007 ok
2026-09-08 08:14:23,830 simulation copula_mvr linear_sparse 008 ok
2026-09-08 08:14:24,002 simulation copula_mvr linear_sparse 009 ok
2026-09-08 08:14:24,192 simulation copula_mvr linear_sparse 010 ok
2026-09-08 08:14:24,371 simulation copula_mvr linear_sparse 011 ok
2026-09-08 08:14:24,560 simulation copula_mvr linear_sparse 012 ok
2026-09-08 08:14:24,746 simulation copula_mvr linear_sparse 013 ok
2026-09-08 08:14:24,941 simulation copula_mvr linear_sparse 014 ok
2026-09-08 08:14:25,118 simulation copula_mvr linear_sparse 015 ok
2026-09-08 08:14:25,298 simulation copula_mvr linear_sparse 016 ok
2026-09-08 08:14:25,487 simulation copula_mvr linear_sparse 017 ok
2026-09-08 08:14:25,672 simulation copula_mvr linear_sparse 018 ok
2026-09-08 08:14:25,852 simulation copula_mvr linear_sparse 019 ok
2026-09-08 08:14:26,028 simulation copula_mvr linear_sparse 020 ok
2026-09-08 08:14:26,235 simulation copula_mvr linear_sparse 021 ok
2026-09-08 08:14:26,430 simulation copula_mvr linear_sparse 022 ok
2026-09-08 08:14:26,608 simulation copula_mvr linear_sparse 023 ok
2026-09-08 08:14:26,798 simulation copula_mvr linear_sparse 024 ok
2026-09-08 08:14:26,976 simulation copula_mvr linear_sparse 025 ok
2026-09-08 08:14:27,170 simulation copula_mvr linear_sparse 026 ok
2026-09-08 08:14:27,367 simulation copula_mvr linear_sparse 027 ok
2026-09-08 08:14:27,566 simulation copula_mvr linear_sparse 028 ok
2026-09-08 08:14:27,739 simulation copula_mvr linear_sparse 029 ok
2026-09-08 08:14:27,919 simulation copula_mvr linear_sparse 030 ok
2026-09-08 08:14:28,093 simulation copula_mvr linear_sparse 031 ok
2026-09-08 08:14:28,274 simulation copula_mvr linear_sparse 032 ok
2026-09-08 08:14:28,454 simulation copula_mvr linear_sparse 033 ok
2026-09-08 08:14:28,635 simulation copula_mvr linear_sparse 034 ok
2026-09-08 08:14:28,812 simulation copula_mvr linear_sparse 035 ok
2026-09-08 08:14:28,988 simulation copula_mvr linear_sparse 036 ok
2026-09-08 08:14:29,170 simulation copula_mvr linear_sparse 037 ok
2026-09-08 08:14:29,355 simulation copula_mvr linear_sparse 038 ok
2026-09-08 08:14:29,541 simulation copula_mvr linear_sparse 039 ok
2026-09-08 08:14:29,726 simulation copula_mvr linear_sparse 040 ok
2026-09-08 08:14:29,897 simulation copula_mvr linear_sparse 041 ok
2026-09-08 08:14:30,072 simulation copula_mvr linear_sparse 042 ok
2026-09-08 08:14:30,257 simulation copula_mvr linear_sparse 043 ok
2026-09-08 08:14:30,441 simulation copula_mvr linear_sparse 044 ok
2026-09-08 08:14:30,634 simulation copula_mvr linear_sparse 045 ok
2026-09-08 08:14:30,825 simulation copula_mvr linear_sparse 046 ok
2026-09-08 08:14:31,014 simulation copula_mvr linear_sparse 047 ok
2026-09-08 08:14:31,191 simulation copula_mvr linear_sparse 048 ok
2026-09-08 08:14:31,357 simulation copula_mvr linear_sparse 049 ok
2026-09-08 08:14:31,537 simulation copula_mvr linear_sparse 050 ok
2026-09-08 08:14:31,688 simulation copula_mvr linear_sparse 051 ok
2026-09-08 08:14:31,864 simulation copula_mvr linear_sparse 052 ok
2026-09-08 08:14:32,030 simulation copula_mvr linear_sparse 053 ok
2026-09-08 08:14:32,235 simulation copula_mvr linear_sparse 054 ok
2026-09-08 08:14:32,424 simulation copula_mvr linear_sparse 055 ok
2026-09-08 08:14:32,605 simulation copula_mvr linear_sparse 056 ok
2026-09-08 08:14:32,788 simulation copula_mvr linear_sparse 057 ok
2026-09-08 08:14:32,972 simulation copula_mvr linear_sparse 058 ok
2026-09-08 08:14:33,147 simulation copula_mvr linear_sparse 059 ok
2026-09-08 08:14:33,336 simulation copula_mvr linear_sparse 060 ok
2026-09-08 08:14:33,517 simulation copula_mvr linear_sparse 061 ok
2026-09-08 08:14:33,706 simulation copula_mvr linear_sparse 062 ok
2026-09-08 08:14:33,876 simulation copula_mvr linear_sparse 063 ok
2026-09-08 08:14:34,055 simulation copula_mvr linear_sparse 064 ok
2026-09-08 08:14:34,242 simulation copula_mvr linear_sparse 065 ok
2026-09-08 08:14:34,429 simulation copula_mvr linear_sparse 066 ok
2026-09-08 08:14:34,606 simulation copula_mvr linear_sparse 067 ok
2026-09-08 08:14:34,794 simulation copula_mvr linear_sparse 068 ok
2026-09-08 08:14:34,972 simulation copula_mvr linear_sparse 069 ok
2026-09-08 08:14:35,151 simulation copula_mvr linear_sparse 070 ok
2026-09-08 08:14:35,317 simulation copula_mvr linear_sparse 071 ok
2026-09-08 08:14:35,505 simulation copula_mvr linear_sparse 072 ok
2026-09-08 08:14:35,672 simulation copula_mvr linear_sparse 073 ok
2026-09-08 08:14:35,858 simulation copula_mvr linear_sparse 074 ok
2026-09-08 08:14:36,038 simulation copula_mvr linear_sparse 075 ok
2026-09-08 08:14:36,223 simulation copula_mvr linear_sparse 076 ok
2026-09-08 08:14:36,385 simulation copula_mvr linear_sparse 077 ok
2026-09-08 08:14:36,571 simulation copula_mvr linear_sparse 078 ok
2026-09-08 08:14:36,752 simulation copula_mvr linear_sparse 079 ok
2026-09-08 08:14:36,935 simulation copula_mvr linear_sparse 080 ok
2026-09-08 08:14:37,125 simulation copula_mvr linear_sparse 081 ok
2026-09-08 08:14:37,315 simulation copula_mvr linear_sparse 082 ok
2026-09-08 08:14:37,509 simulation copula_mvr linear_sparse 083 ok
2026-09-08 08:14:37,699 simulation copula_mvr linear_sparse 084 ok
2026-09-08 08:14:37,920 simulation copula_mvr linear_sparse 085 ok
2026-09-08 08:14:38,116 simulation copula_mvr linear_sparse 086 ok
2026-09-08 08:14:38,300 simulation copula_mvr linear_sparse 087 ok
2026-09-08 08:14:38,482 simulation copula_mvr linear_sparse 088 ok
2026-09-08 08:14:38,670 simulation copula_mvr linear_sparse 089 ok
2026-09-08 08:14:38,859 simulation copula_mvr linear_sparse 090 ok
2026-09-08 08:14:39,057 simulation copula_mvr linear_sparse 091 ok
2026-09-08 08:14:39,241 simulation copula_mvr linear_sparse 092 ok
2026-09-08 08:14:39,428 simulation copula_mvr linear_sparse 093 ok
2026-09-08 08:14:39,615 simulation copula_mvr linear_sparse 094 ok
2026-09-08 08:14:39,802 simulation copula_mvr linear_sparse 095 ok
2026-09-08 08:14:39,981 simulation copula_mvr linear_sparse 096 ok
2026-09-08 08:14:40,169 simulation copula_mvr linear_sparse 097 ok
2026-09-08 08:14:40,358 simulation copula_mvr linear_sparse 098 ok
2026-09-08 08:14:40,536 simulation copula_mvr linear_sparse 099 ok
2026-09-08 08:14:40,741 simulation copula_mvr linear_medium 000 ok
2026-09-08 08:14:40,951 simulation copula_mvr linear_medium 001 ok
2026-09-08 08:14:41,159 simulation copula_mvr linear_medium 002 ok
2026-09-08 08:14:41,360 simulation copula_mvr linear_medium 003 ok
2026-09-08 08:14:41,566 simulation copula_mvr linear_medium 004 ok
2026-09-08 08:14:41,761 simulation copula_mvr linear_medium 005 ok
2026-09-08 08:14:41,970 simulation copula_mvr linear_medium 006 ok
2026-09-08 08:14:42,172 simulation copula_mvr linear_medium 007 ok
2026-09-08 08:14:42,378 simulation copula_mvr linear_medium 008 ok
2026-09-08 08:14:42,587 simulation copula_mvr linear_medium 009 ok
2026-09-08 08:14:42,792 simulation copula_mvr linear_medium 010 ok
2026-09-08 08:14:42,994 simulation copula_mvr linear_medium 011 ok
2026-09-08 08:14:43,196 simulation copula_mvr linear_medium 012 ok
2026-09-08 08:14:43,399 simulation copula_mvr linear_medium 013 ok
2026-09-08 08:14:43,604 simulation copula_mvr linear_medium 014 ok
2026-09-08 08:14:43,823 simulation copula_mvr linear_medium 015 ok
2026-09-08 08:14:44,027 simulation copula_mvr linear_medium 016 ok
2026-09-08 08:14:44,237 simulation copula_mvr linear_medium 017 ok
2026-09-08 08:14:44,452 simulation copula_mvr linear_medium 018 ok
2026-09-08 08:14:44,669 simulation copula_mvr linear_medium 019 ok
2026-09-08 08:14:44,888 simulation copula_mvr linear_medium 020 ok
2026-09-08 08:14:45,099 simulation copula_mvr linear_medium 021 ok
2026-09-08 08:14:45,315 simulation copula_mvr linear_medium 022 ok
2026-09-08 08:14:45,530 simulation copula_mvr linear_medium 023 ok
2026-09-08 08:14:45,744 simulation copula_mvr linear_medium 024 ok
2026-09-08 08:14:45,963 simulation copula_mvr linear_medium 025 ok
2026-09-08 08:14:46,176 simulation copula_mvr linear_medium 026 ok
2026-09-08 08:14:46,383 simulation copula_mvr linear_medium 027 ok
2026-09-08 08:14:46,598 simulation copula_mvr linear_medium 028 ok
2026-09-08 08:14:46,821 simulation copula_mvr linear_medium 029 ok
2026-09-08 08:14:47,058 simulation copula_mvr linear_medium 030 ok
2026-09-08 08:14:47,269 simulation copula_mvr linear_medium 031 ok
2026-09-08 08:14:47,481 simulation copula_mvr linear_medium 032 ok
2026-09-08 08:14:47,688 simulation copula_mvr linear_medium 033 ok
2026-09-08 08:14:47,904 simulation copula_mvr linear_medium 034 ok
2026-09-08 08:14:48,115 simulation copula_mvr linear_medium 035 ok
2026-09-08 08:14:48,326 simulation copula_mvr linear_medium 036 ok
2026-09-08 08:14:48,546 simulation copula_mvr linear_medium 037 ok
2026-09-08 08:14:48,769 simulation copula_mvr linear_medium 038 ok
2026-09-08 08:14:48,986 simulation copula_mvr linear_medium 039 ok
2026-09-08 08:14:49,209 simulation copula_mvr linear_medium 040 ok
2026-09-08 08:14:49,429 simulation copula_mvr linear_medium 041 ok
2026-09-08 08:14:49,644 simulation copula_mvr linear_medium 042 ok
2026-09-08 08:14:49,856 simulation copula_mvr linear_medium 043 ok
2026-09-08 08:14:50,077 simulation copula_mvr linear_medium 044 ok
2026-09-08 08:14:50,285 simulation copula_mvr linear_medium 045 ok
2026-09-08 08:14:50,499 simulation copula_mvr linear_medium 046 ok
2026-09-08 08:14:50,713 simulation copula_mvr linear_medium 047 ok
2026-09-08 08:14:50,929 simulation copula_mvr linear_medium 048 ok
2026-09-08 08:14:51,155 simulation copula_mvr linear_medium 049 ok
2026-09-08 08:14:51,376 simulation copula_mvr linear_medium 050 ok
2026-09-08 08:14:51,588 simulation copula_mvr linear_medium 051 ok
2026-09-08 08:14:51,810 simulation copula_mvr linear_medium 052 ok
2026-09-08 08:14:52,035 simulation copula_mvr linear_medium 053 ok
2026-09-08 08:14:52,246 simulation copula_mvr linear_medium 054 ok
2026-09-08 08:14:52,458 simulation copula_mvr linear_medium 055 ok
2026-09-08 08:14:52,660 simulation copula_mvr linear_medium 056 ok
2026-09-08 08:14:52,867 simulation copula_mvr linear_medium 057 ok
2026-09-08 08:14:53,080 simulation copula_mvr linear_medium 058 ok
2026-09-08 08:14:53,301 simulation copula_mvr linear_medium 059 ok
2026-09-08 08:14:53,523 simulation copula_mvr linear_medium 060 ok
2026-09-08 08:14:53,731 simulation copula_mvr linear_medium 061 ok
2026-09-08 08:14:53,946 simulation copula_mvr linear_medium 062 ok
2026-09-08 08:14:54,158 simulation copula_mvr linear_medium 063 ok
2026-09-08 08:14:54,378 simulation copula_mvr linear_medium 064 ok
2026-09-08 08:14:54,597 simulation copula_mvr linear_medium 065 ok
2026-09-08 08:14:54,803 simulation copula_mvr linear_medium 066 ok
2026-09-08 08:14:55,016 simulation copula_mvr linear_medium 067 ok
2026-09-08 08:14:55,239 simulation copula_mvr linear_medium 068 ok
2026-09-08 08:14:55,460 simulation copula_mvr linear_medium 069 ok
2026-09-08 08:14:55,674 simulation copula_mvr linear_medium 070 ok
2026-09-08 08:14:55,892 simulation copula_mvr linear_medium 071 ok
2026-09-08 08:14:56,096 simulation copula_mvr linear_medium 072 ok
2026-09-08 08:14:56,319 simulation copula_mvr linear_medium 073 ok
2026-09-08 08:14:56,538 simulation copula_mvr linear_medium 074 ok
2026-09-08 08:14:56,745 simulation copula_mvr linear_medium 075 ok
2026-09-08 08:14:56,987 simulation copula_mvr linear_medium 076 ok
2026-09-08 08:14:57,201 simulation copula_mvr linear_medium 077 ok
2026-09-08 08:14:57,429 simulation copula_mvr linear_medium 078 ok
2026-09-08 08:14:57,646 simulation copula_mvr linear_medium 079 ok
2026-09-08 08:14:57,865 simulation copula_mvr linear_medium 080 ok
2026-09-08 08:14:58,075 simulation copula_mvr linear_medium 081 ok
2026-09-08 08:14:58,308 simulation copula_mvr linear_medium 082 ok
2026-09-08 08:14:58,517 simulation copula_mvr linear_medium 083 ok
2026-09-08 08:14:58,725 simulation copula_mvr linear_medium 084 ok
2026-09-08 08:14:58,942 simulation copula_mvr linear_medium 085 ok
2026-09-08 08:14:59,158 simulation copula_mvr linear_medium 086 ok
2026-09-08 08:14:59,375 simulation copula_mvr linear_medium 087 ok
2026-09-08 08:14:59,604 simulation copula_mvr linear_medium 088 ok
2026-09-08 08:14:59,826 simulation copula_mvr linear_medium 089 ok
2026-09-08 08:15:00,035 simulation copula_mvr linear_medium 090 ok
2026-09-08 08:15:00,259 simulation copula_mvr linear_medium 091 ok
2026-09-08 08:15:00,483 simulation copula_mvr linear_medium 092 ok
2026-09-08 08:15:00,699 simulation copula_mvr linear_medium 093 ok
2026-09-08 08:15:00,926 simulation copula_mvr linear_medium 094 ok
2026-09-08 08:15:01,145 simulation copula_mvr linear_medium 095 ok
2026-09-08 08:15:01,356 simulation copula_mvr linear_medium 096 ok
2026-09-08 08:15:01,568 simulation copula_mvr linear_medium 097 ok
2026-09-08 08:15:01,789 simulation copula_mvr linear_medium 098 ok
2026-09-08 08:15:01,988 simulation copula_mvr linear_medium 099 ok
2026-09-08 08:15:02,208 simulation copula_mvr linear_weak 000 ok
2026-09-08 08:15:02,436 simulation copula_mvr linear_weak 001 ok
2026-09-08 08:15:02,665 simulation copula_mvr linear_weak 002 ok
2026-09-08 08:15:02,892 simulation copula_mvr linear_weak 003 ok
2026-09-08 08:15:03,108 simulation copula_mvr linear_weak 004 ok
2026-09-08 08:15:03,322 simulation copula_mvr linear_weak 005 ok
2026-09-08 08:15:03,545 simulation copula_mvr linear_weak 006 ok
2026-09-08 08:15:03,785 simulation copula_mvr linear_weak 007 ok
2026-09-08 08:15:04,015 simulation copula_mvr linear_weak 008 ok
2026-09-08 08:15:04,247 simulation copula_mvr linear_weak 009 ok
2026-09-08 08:15:04,466 simulation copula_mvr linear_weak 010 ok
2026-09-08 08:15:04,687 simulation copula_mvr linear_weak 011 ok
2026-09-08 08:15:04,903 simulation copula_mvr linear_weak 012 ok
2026-09-08 08:15:05,116 simulation copula_mvr linear_weak 013 ok
2026-09-08 08:15:05,347 simulation copula_mvr linear_weak 014 ok
2026-09-08 08:15:05,573 simulation copula_mvr linear_weak 015 ok
2026-09-08 08:15:05,794 simulation copula_mvr linear_weak 016 ok
2026-09-08 08:15:06,021 simulation copula_mvr linear_weak 017 ok
2026-09-08 08:15:06,256 simulation copula_mvr linear_weak 018 ok
2026-09-08 08:15:06,467 simulation copula_mvr linear_weak 019 ok
2026-09-08 08:15:06,701 simulation copula_mvr linear_weak 020 ok
2026-09-08 08:15:06,925 simulation copula_mvr linear_weak 021 ok
2026-09-08 08:15:07,149 simulation copula_mvr linear_weak 022 ok
2026-09-08 08:15:07,375 simulation copula_mvr linear_weak 023 ok
2026-09-08 08:15:07,589 simulation copula_mvr linear_weak 024 ok
2026-09-08 08:15:07,813 simulation copula_mvr linear_weak 025 ok
2026-09-08 08:15:08,045 simulation copula_mvr linear_weak 026 ok
2026-09-08 08:15:08,266 simulation copula_mvr linear_weak 027 ok
2026-09-08 08:15:08,482 simulation copula_mvr linear_weak 028 ok
2026-09-08 08:15:08,714 simulation copula_mvr linear_weak 029 ok
2026-09-08 08:15:08,944 simulation copula_mvr linear_weak 030 ok
2026-09-08 08:15:09,179 simulation copula_mvr linear_weak 031 ok
2026-09-08 08:15:09,406 simulation copula_mvr linear_weak 032 ok
2026-09-08 08:15:09,621 simulation copula_mvr linear_weak 033 ok
2026-09-08 08:15:09,854 simulation copula_mvr linear_weak 034 ok
2026-09-08 08:15:10,086 simulation copula_mvr linear_weak 035 ok
2026-09-08 08:15:10,305 simulation copula_mvr linear_weak 036 ok
2026-09-08 08:15:10,537 simulation copula_mvr linear_weak 037 ok
2026-09-08 08:15:10,752 simulation copula_mvr linear_weak 038 ok
2026-09-08 08:15:10,983 simulation copula_mvr linear_weak 039 ok
2026-09-08 08:15:11,210 simulation copula_mvr linear_weak 040 ok
2026-09-08 08:15:11,440 simulation copula_mvr linear_weak 041 ok
2026-09-08 08:15:11,658 simulation copula_mvr linear_weak 042 ok
2026-09-08 08:15:11,882 simulation copula_mvr linear_weak 043 ok
2026-09-08 08:15:12,110 simulation copula_mvr linear_weak 044 ok
2026-09-08 08:15:12,340 simulation copula_mvr linear_weak 045 ok
2026-09-08 08:15:12,551 simulation copula_mvr linear_weak 046 ok
2026-09-08 08:15:12,773 simulation copula_mvr linear_weak 047 ok
2026-09-08 08:15:12,993 simulation copula_mvr linear_weak 048 ok
2026-09-08 08:15:13,218 simulation copula_mvr linear_weak 049 ok
2026-09-08 08:15:13,437 simulation copula_mvr linear_weak 050 ok
2026-09-08 08:15:13,650 simulation copula_mvr linear_weak 051 ok
2026-09-08 08:15:13,861 simulation copula_mvr linear_weak 052 ok
2026-09-08 08:15:14,072 simulation copula_mvr linear_weak 053 ok
2026-09-08 08:15:14,282 simulation copula_mvr linear_weak 054 ok
2026-09-08 08:15:14,501 simulation copula_mvr linear_weak 055 ok
2026-09-08 08:15:14,721 simulation copula_mvr linear_weak 056 ok
2026-09-08 08:15:14,940 simulation copula_mvr linear_weak 057 ok
2026-09-08 08:15:15,153 simulation copula_mvr linear_weak 058 ok
2026-09-08 08:15:15,383 simulation copula_mvr linear_weak 059 ok
2026-09-08 08:15:15,603 simulation copula_mvr linear_weak 060 ok
2026-09-08 08:15:15,829 simulation copula_mvr linear_weak 061 ok
2026-09-08 08:15:16,046 simulation copula_mvr linear_weak 062 ok
2026-09-08 08:15:16,265 simulation copula_mvr linear_weak 063 ok
2026-09-08 08:15:16,482 simulation copula_mvr linear_weak 064 ok
2026-09-08 08:15:16,709 simulation copula_mvr linear_weak 065 ok
2026-09-08 08:15:16,928 simulation copula_mvr linear_weak 066 ok
2026-09-08 08:15:17,151 simulation copula_mvr linear_weak 067 ok
2026-09-08 08:15:17,389 simulation copula_mvr linear_weak 068 ok
2026-09-08 08:15:17,618 simulation copula_mvr linear_weak 069 ok
2026-09-08 08:15:17,853 simulation copula_mvr linear_weak 070 ok
2026-09-08 08:15:18,077 simulation copula_mvr linear_weak 071 ok
2026-09-08 08:15:18,300 simulation copula_mvr linear_weak 072 ok
2026-09-08 08:15:18,507 simulation copula_mvr linear_weak 073 ok
2026-09-08 08:15:18,729 simulation copula_mvr linear_weak 074 ok
2026-09-08 08:15:18,950 simulation copula_mvr linear_weak 075 ok
2026-09-08 08:15:19,171 simulation copula_mvr linear_weak 076 ok
2026-09-08 08:15:19,415 simulation copula_mvr linear_weak 077 ok
2026-09-08 08:15:19,651 simulation copula_mvr linear_weak 078 ok
2026-09-08 08:15:19,884 simulation copula_mvr linear_weak 079 ok
2026-09-08 08:15:20,118 simulation copula_mvr linear_weak 080 ok
2026-09-08 08:15:20,349 simulation copula_mvr linear_weak 081 ok
2026-09-08 08:15:20,575 simulation copula_mvr linear_weak 082 ok
2026-09-08 08:15:20,798 simulation copula_mvr linear_weak 083 ok
2026-09-08 08:15:21,025 simulation copula_mvr linear_weak 084 ok
2026-09-08 08:15:21,240 simulation copula_mvr linear_weak 085 ok
2026-09-08 08:15:21,459 simulation copula_mvr linear_weak 086 ok
2026-09-08 08:15:21,685 simulation copula_mvr linear_weak 087 ok
2026-09-08 08:15:21,914 simulation copula_mvr linear_weak 088 ok
2026-09-08 08:15:22,139 simulation copula_mvr linear_weak 089 ok
2026-09-08 08:15:22,365 simulation copula_mvr linear_weak 090 ok
2026-09-08 08:15:22,597 simulation copula_mvr linear_weak 091 ok
2026-09-08 08:15:22,833 simulation copula_mvr linear_weak 092 ok
2026-09-08 08:15:23,051 simulation copula_mvr linear_weak 093 ok
2026-09-08 08:15:23,273 simulation copula_mvr linear_weak 094 ok
2026-09-08 08:15:23,492 simulation copula_mvr linear_weak 095 ok
2026-09-08 08:15:23,723 simulation copula_mvr linear_weak 096 ok
2026-09-08 08:15:23,947 simulation copula_mvr linear_weak 097 ok
2026-09-08 08:15:24,173 simulation copula_mvr linear_weak 098 ok
2026-09-08 08:15:24,406 simulation copula_mvr linear_weak 099 ok
2026-09-08 08:15:24,626 simulation copula_mvr linear_dense 000 ok
2026-09-08 08:15:24,856 simulation copula_mvr linear_dense 001 ok
2026-09-08 08:15:25,076 simulation copula_mvr linear_dense 002 ok
2026-09-08 08:15:25,301 simulation copula_mvr linear_dense 003 ok
2026-09-08 08:15:25,504 simulation copula_mvr linear_dense 004 ok
2026-09-08 08:15:25,714 simulation copula_mvr linear_dense 005 ok
2026-09-08 08:15:25,919 simulation copula_mvr linear_dense 006 ok
2026-09-08 08:15:26,135 simulation copula_mvr linear_dense 007 ok
2026-09-08 08:15:26,346 simulation copula_mvr linear_dense 008 ok
2026-09-08 08:15:26,569 simulation copula_mvr linear_dense 009 ok
2026-09-08 08:15:26,802 simulation copula_mvr linear_dense 010 ok
2026-09-08 08:15:27,023 simulation copula_mvr linear_dense 011 ok
2026-09-08 08:15:27,259 simulation copula_mvr linear_dense 012 ok
2026-09-08 08:15:27,481 simulation copula_mvr linear_dense 013 ok
2026-09-08 08:15:27,708 simulation copula_mvr linear_dense 014 ok
2026-09-08 08:15:27,917 simulation copula_mvr linear_dense 015 ok
2026-09-08 08:15:28,130 simulation copula_mvr linear_dense 016 ok
2026-09-08 08:15:28,338 simulation copula_mvr linear_dense 017 ok
2026-09-08 08:15:28,565 simulation copula_mvr linear_dense 018 ok
2026-09-08 08:15:28,772 simulation copula_mvr linear_dense 019 ok
2026-09-08 08:15:28,981 simulation copula_mvr linear_dense 020 ok
2026-09-08 08:15:29,204 simulation copula_mvr linear_dense 021 ok
2026-09-08 08:15:29,422 simulation copula_mvr linear_dense 022 ok
2026-09-08 08:15:29,631 simulation copula_mvr linear_dense 023 ok
2026-09-08 08:15:29,841 simulation copula_mvr linear_dense 024 ok
2026-09-08 08:15:30,051 simulation copula_mvr linear_dense 025 ok
2026-09-08 08:15:30,266 simulation copula_mvr linear_dense 026 ok
2026-09-08 08:15:30,491 simulation copula_mvr linear_dense 027 ok
2026-09-08 08:15:30,712 simulation copula_mvr linear_dense 028 ok
2026-09-08 08:15:30,936 simulation copula_mvr linear_dense 029 ok
2026-09-08 08:15:31,156 simulation copula_mvr linear_dense 030 ok
2026-09-08 08:15:31,369 simulation copula_mvr linear_dense 031 ok
2026-09-08 08:15:31,593 simulation copula_mvr linear_dense 032 ok
2026-09-08 08:15:31,825 simulation copula_mvr linear_dense 033 ok
2026-09-08 08:15:32,038 simulation copula_mvr linear_dense 034 ok
2026-09-08 08:15:32,261 simulation copula_mvr linear_dense 035 ok
2026-09-08 08:15:32,477 simulation copula_mvr linear_dense 036 ok
2026-09-08 08:15:32,702 simulation copula_mvr linear_dense 037 ok
2026-09-08 08:15:32,925 simulation copula_mvr linear_dense 038 ok
2026-09-08 08:15:33,157 simulation copula_mvr linear_dense 039 ok
2026-09-08 08:15:33,386 simulation copula_mvr linear_dense 040 ok
2026-09-08 08:15:33,614 simulation copula_mvr linear_dense 041 ok
2026-09-08 08:15:33,833 simulation copula_mvr linear_dense 042 ok
2026-09-08 08:15:34,047 simulation copula_mvr linear_dense 043 ok
2026-09-08 08:15:34,259 simulation copula_mvr linear_dense 044 ok
2026-09-08 08:15:34,477 simulation copula_mvr linear_dense 045 ok
2026-09-08 08:15:34,686 simulation copula_mvr linear_dense 046 ok
2026-09-08 08:15:34,895 simulation copula_mvr linear_dense 047 ok
2026-09-08 08:15:35,111 simulation copula_mvr linear_dense 048 ok
2026-09-08 08:15:35,316 simulation copula_mvr linear_dense 049 ok
2026-09-08 08:15:35,530 simulation copula_mvr linear_dense 050 ok
2026-09-08 08:15:35,753 simulation copula_mvr linear_dense 051 ok
2026-09-08 08:15:35,965 simulation copula_mvr linear_dense 052 ok
2026-09-08 08:15:36,186 simulation copula_mvr linear_dense 053 ok
2026-09-08 08:15:36,404 simulation copula_mvr linear_dense 054 ok
2026-09-08 08:15:36,627 simulation copula_mvr linear_dense 055 ok
2026-09-08 08:15:36,842 simulation copula_mvr linear_dense 056 ok
2026-09-08 08:15:37,079 simulation copula_mvr linear_dense 057 ok
2026-09-08 08:15:37,302 simulation copula_mvr linear_dense 058 ok
2026-09-08 08:15:37,528 simulation copula_mvr linear_dense 059 ok
2026-09-08 08:15:37,756 simulation copula_mvr linear_dense 060 ok
2026-09-08 08:15:37,981 simulation copula_mvr linear_dense 061 ok
2026-09-08 08:15:38,199 simulation copula_mvr linear_dense 062 ok
2026-09-08 08:15:38,416 simulation copula_mvr linear_dense 063 ok
2026-09-08 08:15:38,646 simulation copula_mvr linear_dense 064 ok
2026-09-08 08:15:38,873 simulation copula_mvr linear_dense 065 ok
2026-09-08 08:15:39,105 simulation copula_mvr linear_dense 066 ok
2026-09-08 08:15:39,333 simulation copula_mvr linear_dense 067 ok
2026-09-08 08:15:39,551 simulation copula_mvr linear_dense 068 ok
2026-09-08 08:15:39,760 simulation copula_mvr linear_dense 069 ok
2026-09-08 08:15:39,965 simulation copula_mvr linear_dense 070 ok
2026-09-08 08:15:40,182 simulation copula_mvr linear_dense 071 ok
2026-09-08 08:15:40,383 simulation copula_mvr linear_dense 072 ok
2026-09-08 08:15:40,598 simulation copula_mvr linear_dense 073 ok
2026-09-08 08:15:40,804 simulation copula_mvr linear_dense 074 ok
2026-09-08 08:15:41,016 simulation copula_mvr linear_dense 075 ok
2026-09-08 08:15:41,236 simulation copula_mvr linear_dense 076 ok
2026-09-08 08:15:41,448 simulation copula_mvr linear_dense 077 ok
2026-09-08 08:15:41,673 simulation copula_mvr linear_dense 078 ok
2026-09-08 08:15:41,890 simulation copula_mvr linear_dense 079 ok
2026-09-08 08:15:42,101 simulation copula_mvr linear_dense 080 ok
2026-09-08 08:15:42,324 simulation copula_mvr linear_dense 081 ok
2026-09-08 08:15:42,542 simulation copula_mvr linear_dense 082 ok
2026-09-08 08:15:42,761 simulation copula_mvr linear_dense 083 ok
2026-09-08 08:15:42,973 simulation copula_mvr linear_dense 084 ok
2026-09-08 08:15:43,194 simulation copula_mvr linear_dense 085 ok
2026-09-08 08:15:43,410 simulation copula_mvr linear_dense 086 ok
2026-09-08 08:15:43,627 simulation copula_mvr linear_dense 087 ok
2026-09-08 08:15:43,854 simulation copula_mvr linear_dense 088 ok
2026-09-08 08:15:44,077 simulation copula_mvr linear_dense 089 ok
2026-09-08 08:15:44,294 simulation copula_mvr linear_dense 090 ok
2026-09-08 08:15:44,513 simulation copula_mvr linear_dense 091 ok
2026-09-08 08:15:44,740 simulation copula_mvr linear_dense 092 ok
2026-09-08 08:15:44,953 simulation copula_mvr linear_dense 093 ok
2026-09-08 08:15:45,148 simulation copula_mvr linear_dense 094 ok
2026-09-08 08:15:45,360 simulation copula_mvr linear_dense 095 ok
2026-09-08 08:15:45,563 simulation copula_mvr linear_dense 096 ok
2026-09-08 08:15:45,773 simulation copula_mvr linear_dense 097 ok
2026-09-08 08:15:45,993 simulation copula_mvr linear_dense 098 ok
2026-09-08 08:15:46,190 simulation copula_mvr linear_dense 099 ok
2026-09-08 08:15:46,394 simulation copula_mvr nonlinear 000 ok
2026-09-08 08:15:46,595 simulation copula_mvr nonlinear 001 ok
2026-09-08 08:15:46,810 simulation copula_mvr nonlinear 002 ok
2026-09-08 08:15:47,017 simulation copula_mvr nonlinear 003 ok
2026-09-08 08:15:47,234 simulation copula_mvr nonlinear 004 ok
2026-09-08 08:15:47,455 simulation copula_mvr nonlinear 005 ok
2026-09-08 08:15:47,684 simulation copula_mvr nonlinear 006 ok
2026-09-08 08:15:47,909 simulation copula_mvr nonlinear 007 ok
2026-09-08 08:15:48,121 simulation copula_mvr nonlinear 008 ok
2026-09-08 08:15:48,340 simulation copula_mvr nonlinear 009 ok
2026-09-08 08:15:48,559 simulation copula_mvr nonlinear 010 ok
2026-09-08 08:15:48,774 simulation copula_mvr nonlinear 011 ok
2026-09-08 08:15:48,993 simulation copula_mvr nonlinear 012 ok
2026-09-08 08:15:49,209 simulation copula_mvr nonlinear 013 ok
2026-09-08 08:15:49,423 simulation copula_mvr nonlinear 014 ok
2026-09-08 08:15:49,641 simulation copula_mvr nonlinear 015 ok
2026-09-08 08:15:49,858 simulation copula_mvr nonlinear 016 ok
2026-09-08 08:15:50,083 simulation copula_mvr nonlinear 017 ok
2026-09-08 08:15:50,311 simulation copula_mvr nonlinear 018 ok
2026-09-08 08:15:50,535 simulation copula_mvr nonlinear 019 ok
2026-09-08 08:15:50,761 simulation copula_mvr nonlinear 020 ok
2026-09-08 08:15:50,983 simulation copula_mvr nonlinear 021 ok
2026-09-08 08:15:51,193 simulation copula_mvr nonlinear 022 ok
2026-09-08 08:15:51,417 simulation copula_mvr nonlinear 023 ok
2026-09-08 08:15:51,631 simulation copula_mvr nonlinear 024 ok
2026-09-08 08:15:51,852 simulation copula_mvr nonlinear 025 ok
2026-09-08 08:15:52,059 simulation copula_mvr nonlinear 026 ok
2026-09-08 08:15:52,275 simulation copula_mvr nonlinear 027 ok
2026-09-08 08:15:52,495 simulation copula_mvr nonlinear 028 ok
2026-09-08 08:15:52,718 simulation copula_mvr nonlinear 029 ok
2026-09-08 08:15:52,947 simulation copula_mvr nonlinear 030 ok
2026-09-08 08:15:53,165 simulation copula_mvr nonlinear 031 ok
2026-09-08 08:15:53,383 simulation copula_mvr nonlinear 032 ok
2026-09-08 08:15:53,597 simulation copula_mvr nonlinear 033 ok
2026-09-08 08:15:53,819 simulation copula_mvr nonlinear 034 ok
2026-09-08 08:15:54,036 simulation copula_mvr nonlinear 035 ok
2026-09-08 08:15:54,259 simulation copula_mvr nonlinear 036 ok
2026-09-08 08:15:54,472 simulation copula_mvr nonlinear 037 ok
2026-09-08 08:15:54,693 simulation copula_mvr nonlinear 038 ok
2026-09-08 08:15:54,913 simulation copula_mvr nonlinear 039 ok
2026-09-08 08:15:55,139 simulation copula_mvr nonlinear 040 ok
2026-09-08 08:15:55,351 simulation copula_mvr nonlinear 041 ok
2026-09-08 08:15:55,553 simulation copula_mvr nonlinear 042 ok
2026-09-08 08:15:55,777 simulation copula_mvr nonlinear 043 ok
2026-09-08 08:15:55,996 simulation copula_mvr nonlinear 044 ok
2026-09-08 08:15:56,216 simulation copula_mvr nonlinear 045 ok
2026-09-08 08:15:56,439 simulation copula_mvr nonlinear 046 ok
2026-09-08 08:15:56,654 simulation copula_mvr nonlinear 047 ok
2026-09-08 08:15:56,868 simulation copula_mvr nonlinear 048 ok
2026-09-08 08:15:57,087 simulation copula_mvr nonlinear 049 ok
2026-09-08 08:15:57,302 simulation copula_mvr nonlinear 050 ok
2026-09-08 08:15:57,536 simulation copula_mvr nonlinear 051 ok
2026-09-08 08:15:57,760 simulation copula_mvr nonlinear 052 ok
2026-09-08 08:15:57,980 simulation copula_mvr nonlinear 053 ok
2026-09-08 08:15:58,217 simulation copula_mvr nonlinear 054 ok
2026-09-08 08:15:58,435 simulation copula_mvr nonlinear 055 ok
2026-09-08 08:15:58,652 simulation copula_mvr nonlinear 056 ok
2026-09-08 08:15:58,882 simulation copula_mvr nonlinear 057 ok
2026-09-08 08:15:59,094 simulation copula_mvr nonlinear 058 ok
2026-09-08 08:15:59,313 simulation copula_mvr nonlinear 059 ok
2026-09-08 08:15:59,523 simulation copula_mvr nonlinear 060 ok
2026-09-08 08:15:59,757 simulation copula_mvr nonlinear 061 ok
2026-09-08 08:15:59,979 simulation copula_mvr nonlinear 062 ok
2026-09-08 08:16:00,204 simulation copula_mvr nonlinear 063 ok
2026-09-08 08:16:00,421 simulation copula_mvr nonlinear 064 ok
2026-09-08 08:16:00,639 simulation copula_mvr nonlinear 065 ok
2026-09-08 08:16:00,858 simulation copula_mvr nonlinear 066 ok
2026-09-08 08:16:01,082 simulation copula_mvr nonlinear 067 ok
2026-09-08 08:16:01,291 simulation copula_mvr nonlinear 068 ok
2026-09-08 08:16:01,512 simulation copula_mvr nonlinear 069 ok
2026-09-08 08:16:01,737 simulation copula_mvr nonlinear 070 ok
2026-09-08 08:16:01,952 simulation copula_mvr nonlinear 071 ok
2026-09-08 08:16:02,162 simulation copula_mvr nonlinear 072 ok
2026-09-08 08:16:02,380 simulation copula_mvr nonlinear 073 ok
2026-09-08 08:16:02,592 simulation copula_mvr nonlinear 074 ok
2026-09-08 08:16:02,811 simulation copula_mvr nonlinear 075 ok
2026-09-08 08:16:03,024 simulation copula_mvr nonlinear 076 ok
2026-09-08 08:16:03,244 simulation copula_mvr nonlinear 077 ok
2026-09-08 08:16:03,452 simulation copula_mvr nonlinear 078 ok
2026-09-08 08:16:03,671 simulation copula_mvr nonlinear 079 ok
2026-09-08 08:16:03,893 simulation copula_mvr nonlinear 080 ok
2026-09-08 08:16:04,098 simulation copula_mvr nonlinear 081 ok
2026-09-08 08:16:04,311 simulation copula_mvr nonlinear 082 ok
2026-09-08 08:16:04,541 simulation copula_mvr nonlinear 083 ok
2026-09-08 08:16:04,766 simulation copula_mvr nonlinear 084 ok
2026-09-08 08:16:04,996 simulation copula_mvr nonlinear 085 ok
2026-09-08 08:16:05,220 simulation copula_mvr nonlinear 086 ok
2026-09-08 08:16:05,445 simulation copula_mvr nonlinear 087 ok
2026-09-08 08:16:05,674 simulation copula_mvr nonlinear 088 ok
2026-09-08 08:16:05,924 simulation copula_mvr nonlinear 089 ok
2026-09-08 08:16:06,140 simulation copula_mvr nonlinear 090 ok
2026-09-08 08:16:06,354 simulation copula_mvr nonlinear 091 ok
2026-09-08 08:16:06,574 simulation copula_mvr nonlinear 092 ok
2026-09-08 08:16:06,794 simulation copula_mvr nonlinear 093 ok
2026-09-08 08:16:07,004 simulation copula_mvr nonlinear 094 ok
2026-09-08 08:16:07,225 simulation copula_mvr nonlinear 095 ok
2026-09-08 08:16:07,446 simulation copula_mvr nonlinear 096 ok
2026-09-08 08:16:07,665 simulation copula_mvr nonlinear 097 ok
2026-09-08 08:16:07,887 simulation copula_mvr nonlinear 098 ok
2026-09-08 08:16:08,115 simulation copula_mvr nonlinear 099 ok
2026-09-08 08:16:08,339 simulation copula_mvr nonlinear_panel 000 ok
2026-09-08 08:16:08,563 simulation copula_mvr nonlinear_panel 001 ok
2026-09-08 08:16:08,790 simulation copula_mvr nonlinear_panel 002 ok
2026-09-08 08:16:09,001 simulation copula_mvr nonlinear_panel 003 ok
2026-09-08 08:16:09,220 simulation copula_mvr nonlinear_panel 004 ok
2026-09-08 08:16:09,446 simulation copula_mvr nonlinear_panel 005 ok
2026-09-08 08:16:09,672 simulation copula_mvr nonlinear_panel 006 ok
2026-09-08 08:16:09,906 simulation copula_mvr nonlinear_panel 007 ok
2026-09-08 08:16:10,128 simulation copula_mvr nonlinear_panel 008 ok
2026-09-08 08:16:10,349 simulation copula_mvr nonlinear_panel 009 ok
2026-09-08 08:16:10,570 simulation copula_mvr nonlinear_panel 010 ok
2026-09-08 08:16:10,788 simulation copula_mvr nonlinear_panel 011 ok
2026-09-08 08:16:11,009 simulation copula_mvr nonlinear_panel 012 ok
2026-09-08 08:16:11,231 simulation copula_mvr nonlinear_panel 013 ok
2026-09-08 08:16:11,456 simulation copula_mvr nonlinear_panel 014 ok
2026-09-08 08:16:11,667 simulation copula_mvr nonlinear_panel 015 ok
2026-09-08 08:16:11,872 simulation copula_mvr nonlinear_panel 016 ok
2026-09-08 08:16:12,086 simulation copula_mvr nonlinear_panel 017 ok
2026-09-08 08:16:12,290 simulation copula_mvr nonlinear_panel 018 ok
2026-09-08 08:16:12,496 simulation copula_mvr nonlinear_panel 019 ok
2026-09-08 08:16:12,711 simulation copula_mvr nonlinear_panel 020 ok
2026-09-08 08:16:12,919 simulation copula_mvr nonlinear_panel 021 ok
2026-09-08 08:16:13,136 simulation copula_mvr nonlinear_panel 022 ok
2026-09-08 08:16:13,362 simulation copula_mvr nonlinear_panel 023 ok
2026-09-08 08:16:13,581 simulation copula_mvr nonlinear_panel 024 ok
2026-09-08 08:16:13,808 simulation copula_mvr nonlinear_panel 025 ok
2026-09-08 08:16:14,025 simulation copula_mvr nonlinear_panel 026 ok
2026-09-08 08:16:14,254 simulation copula_mvr nonlinear_panel 027 ok
2026-09-08 08:16:14,464 simulation copula_mvr nonlinear_panel 028 ok
2026-09-08 08:16:14,677 simulation copula_mvr nonlinear_panel 029 ok
2026-09-08 08:16:14,902 simulation copula_mvr nonlinear_panel 030 ok
2026-09-08 08:16:15,125 simulation copula_mvr nonlinear_panel 031 ok
2026-09-08 08:16:15,360 simulation copula_mvr nonlinear_panel 032 ok
2026-09-08 08:16:15,573 simulation copula_mvr nonlinear_panel 033 ok
2026-09-08 08:16:15,801 simulation copula_mvr nonlinear_panel 034 ok
2026-09-08 08:16:16,024 simulation copula_mvr nonlinear_panel 035 ok
2026-09-08 08:16:16,242 simulation copula_mvr nonlinear_panel 036 ok
2026-09-08 08:16:16,471 simulation copula_mvr nonlinear_panel 037 ok
2026-09-08 08:16:16,716 simulation copula_mvr nonlinear_panel 038 ok
2026-09-08 08:16:16,943 simulation copula_mvr nonlinear_panel 039 ok
2026-09-08 08:16:17,177 simulation copula_mvr nonlinear_panel 040 ok
2026-09-08 08:16:17,417 simulation copula_mvr nonlinear_panel 041 ok
2026-09-08 08:16:17,663 simulation copula_mvr nonlinear_panel 042 ok
2026-09-08 08:16:17,880 simulation copula_mvr nonlinear_panel 043 ok
2026-09-08 08:16:18,101 simulation copula_mvr nonlinear_panel 044 ok
2026-09-08 08:16:18,319 simulation copula_mvr nonlinear_panel 045 ok
2026-09-08 08:16:18,548 simulation copula_mvr nonlinear_panel 046 ok
2026-09-08 08:16:18,774 simulation copula_mvr nonlinear_panel 047 ok
2026-09-08 08:16:19,005 simulation copula_mvr nonlinear_panel 048 ok
2026-09-08 08:16:19,217 simulation copula_mvr nonlinear_panel 049 ok
2026-09-08 08:16:19,438 simulation copula_mvr nonlinear_panel 050 ok
2026-09-08 08:16:19,667 simulation copula_mvr nonlinear_panel 051 ok
2026-09-08 08:16:19,892 simulation copula_mvr nonlinear_panel 052 ok
2026-09-08 08:16:20,116 simulation copula_mvr nonlinear_panel 053 ok
2026-09-08 08:16:20,335 simulation copula_mvr nonlinear_panel 054 ok
2026-09-08 08:16:20,557 simulation copula_mvr nonlinear_panel 055 ok
2026-09-08 08:16:20,777 simulation copula_mvr nonlinear_panel 056 ok
2026-09-08 08:16:21,005 simulation copula_mvr nonlinear_panel 057 ok
2026-09-08 08:16:21,236 simulation copula_mvr nonlinear_panel 058 ok
2026-09-08 08:16:21,458 simulation copula_mvr nonlinear_panel 059 ok
2026-09-08 08:16:21,683 simulation copula_mvr nonlinear_panel 060 ok
2026-09-08 08:16:21,905 simulation copula_mvr nonlinear_panel 061 ok
2026-09-08 08:16:22,144 simulation copula_mvr nonlinear_panel 062 ok
2026-09-08 08:16:22,377 simulation copula_mvr nonlinear_panel 063 ok
2026-09-08 08:16:22,605 simulation copula_mvr nonlinear_panel 064 ok
2026-09-08 08:16:22,843 simulation copula_mvr nonlinear_panel 065 ok
2026-09-08 08:16:23,089 simulation copula_mvr nonlinear_panel 066 ok
2026-09-08 08:16:23,330 simulation copula_mvr nonlinear_panel 067 ok
2026-09-08 08:16:23,560 simulation copula_mvr nonlinear_panel 068 ok
2026-09-08 08:16:23,800 simulation copula_mvr nonlinear_panel 069 ok
2026-09-08 08:16:24,039 simulation copula_mvr nonlinear_panel 070 ok
2026-09-08 08:16:24,268 simulation copula_mvr nonlinear_panel 071 ok
2026-09-08 08:16:24,500 simulation copula_mvr nonlinear_panel 072 ok
2026-09-08 08:16:24,731 simulation copula_mvr nonlinear_panel 073 ok
2026-09-08 08:16:24,964 simulation copula_mvr nonlinear_panel 074 ok
2026-09-08 08:16:25,205 simulation copula_mvr nonlinear_panel 075 ok
2026-09-08 08:16:25,436 simulation copula_mvr nonlinear_panel 076 ok
2026-09-08 08:16:25,674 simulation copula_mvr nonlinear_panel 077 ok
2026-09-08 08:16:25,909 simulation copula_mvr nonlinear_panel 078 ok
2026-09-08 08:16:26,143 simulation copula_mvr nonlinear_panel 079 ok
2026-09-08 08:16:26,376 simulation copula_mvr nonlinear_panel 080 ok
2026-09-08 08:16:26,600 simulation copula_mvr nonlinear_panel 081 ok
2026-09-08 08:16:26,828 simulation copula_mvr nonlinear_panel 082 ok
2026-09-08 08:16:27,065 simulation copula_mvr nonlinear_panel 083 ok
2026-09-08 08:16:27,323 simulation copula_mvr nonlinear_panel 084 ok
2026-09-08 08:16:27,573 simulation copula_mvr nonlinear_panel 085 ok
2026-09-08 08:16:27,819 simulation copula_mvr nonlinear_panel 086 ok
2026-09-08 08:16:28,067 simulation copula_mvr nonlinear_panel 087 ok
2026-09-08 08:16:28,307 simulation copula_mvr nonlinear_panel 088 ok
2026-09-08 08:16:28,548 simulation copula_mvr nonlinear_panel 089 ok
2026-09-08 08:16:28,789 simulation copula_mvr nonlinear_panel 090 ok
2026-09-08 08:16:29,022 simulation copula_mvr nonlinear_panel 091 ok
2026-09-08 08:16:29,262 simulation copula_mvr nonlinear_panel 092 ok
2026-09-08 08:16:29,501 simulation copula_mvr nonlinear_panel 093 ok
2026-09-08 08:16:29,735 simulation copula_mvr nonlinear_panel 094 ok
2026-09-08 08:16:29,980 simulation copula_mvr nonlinear_panel 095 ok
2026-09-08 08:16:30,205 simulation copula_mvr nonlinear_panel 096 ok
2026-09-08 08:16:30,441 simulation copula_mvr nonlinear_panel 097 ok
2026-09-08 08:16:30,679 simulation copula_mvr nonlinear_panel 098 ok
2026-09-08 08:16:30,909 simulation copula_mvr nonlinear_panel 099 ok
2026-09-08 08:30:31,252 simulation copula_mvr linear_sparse 000 ok
2026-09-08 08:30:31,514 simulation copula_mvr linear_sparse 001 ok
2026-09-08 08:30:31,746 simulation copula_mvr linear_sparse 002 ok
2026-09-08 08:30:32,027 simulation copula_mvr linear_sparse 003 ok
2026-09-08 08:30:32,292 simulation copula_mvr linear_sparse 004 ok
2026-09-08 08:30:32,574 simulation copula_mvr linear_sparse 005 ok
2026-09-08 08:30:32,902 simulation copula_mvr linear_sparse 006 ok
2026-09-08 08:30:33,132 simulation copula_mvr linear_sparse 007 ok
2026-09-08 08:30:33,450 simulation copula_mvr linear_sparse 008 ok
2026-09-08 08:30:33,852 simulation copula_mvr linear_sparse 009 ok
2026-09-08 08:30:34,182 simulation copula_mvr linear_sparse 010 ok
2026-09-08 08:30:34,514 simulation copula_mvr linear_sparse 011 ok
2026-09-08 08:30:34,848 simulation copula_mvr linear_sparse 012 ok
2026-09-08 08:30:35,100 simulation copula_mvr linear_sparse 013 ok
2026-09-08 08:30:35,337 simulation copula_mvr linear_sparse 014 ok
2026-09-08 08:30:35,618 simulation copula_mvr linear_sparse 015 ok
2026-09-08 08:30:35,898 simulation copula_mvr linear_sparse 016 ok
2026-09-08 08:30:36,153 simulation copula_mvr linear_sparse 017 ok
2026-09-08 08:30:36,437 simulation copula_mvr linear_sparse 018 ok
2026-09-08 08:30:36,685 simulation copula_mvr linear_sparse 019 ok
2026-09-08 08:30:36,991 simulation copula_mvr linear_sparse 020 ok
2026-09-08 08:30:37,248 simulation copula_mvr linear_sparse 021 ok
2026-09-08 08:30:37,512 simulation copula_mvr linear_sparse 022 ok
2026-09-08 08:30:37,788 simulation copula_mvr linear_sparse 023 ok
2026-09-08 08:30:38,058 simulation copula_mvr linear_sparse 024 ok
2026-09-08 08:30:38,326 simulation copula_mvr linear_sparse 025 ok
2026-09-08 08:30:38,620 simulation copula_mvr linear_sparse 026 ok
2026-09-08 08:30:38,874 simulation copula_mvr linear_sparse 027 ok
2026-09-08 08:30:39,107 simulation copula_mvr linear_sparse 028 ok
2026-09-08 08:30:39,362 simulation copula_mvr linear_sparse 029 ok
2026-09-08 08:30:39,605 simulation copula_mvr linear_sparse 030 ok
2026-09-08 08:30:39,902 simulation copula_mvr linear_sparse 031 ok
2026-09-08 08:30:40,172 simulation copula_mvr linear_sparse 032 ok
2026-09-08 08:30:40,383 simulation copula_mvr linear_sparse 033 ok
2026-09-08 08:30:40,719 simulation copula_mvr linear_sparse 034 ok
2026-09-08 08:30:41,007 simulation copula_mvr linear_sparse 035 ok
2026-09-08 08:30:41,300 simulation copula_mvr linear_sparse 036 ok
2026-09-08 08:30:41,552 simulation copula_mvr linear_sparse 037 ok
2026-09-08 08:30:41,814 simulation copula_mvr linear_sparse 038 ok
2026-09-08 08:30:42,136 simulation copula_mvr linear_sparse 039 ok
2026-09-08 08:30:42,452 simulation copula_mvr linear_sparse 040 ok
2026-09-08 08:30:42,779 simulation copula_mvr linear_sparse 041 ok
2026-09-08 08:30:43,046 simulation copula_mvr linear_sparse 042 ok
2026-09-08 08:30:43,311 simulation copula_mvr linear_sparse 043 ok
2026-09-08 08:30:43,631 simulation copula_mvr linear_sparse 044 ok
2026-09-08 08:30:43,883 simulation copula_mvr linear_sparse 045 ok
2026-09-08 08:30:44,118 simulation copula_mvr linear_sparse 046 ok
2026-09-08 08:30:44,389 simulation copula_mvr linear_sparse 047 ok
2026-09-08 08:30:44,638 simulation copula_mvr linear_sparse 048 ok
2026-09-08 08:30:44,948 simulation copula_mvr linear_sparse 049 ok
2026-09-08 08:30:45,214 simulation copula_mvr linear_sparse 050 ok
2026-09-08 08:30:45,448 simulation copula_mvr linear_sparse 051 ok
2026-09-08 08:30:45,720 simulation copula_mvr linear_sparse 052 ok
2026-09-08 08:30:46,083 simulation copula_mvr linear_sparse 053 ok
2026-09-08 08:30:46,335 simulation copula_mvr linear_sparse 054 ok
2026-09-08 08:30:46,616 simulation copula_mvr linear_sparse 055 ok
2026-09-08 08:30:46,855 simulation copula_mvr linear_sparse 056 ok
2026-09-08 08:30:47,115 simulation copula_mvr linear_sparse 057 ok
2026-09-08 08:30:47,372 simulation copula_mvr linear_sparse 058 ok
2026-09-08 08:30:47,654 simulation copula_mvr linear_sparse 059 ok
2026-09-08 08:30:47,922 simulation copula_mvr linear_sparse 060 ok
2026-09-08 08:30:48,177 simulation copula_mvr linear_sparse 061 ok
2026-09-08 08:30:48,428 simulation copula_mvr linear_sparse 062 ok
2026-09-08 08:30:48,700 simulation copula_mvr linear_sparse 063 ok
2026-09-08 08:30:48,953 simulation copula_mvr linear_sparse 064 ok
2026-09-08 08:30:49,227 simulation copula_mvr linear_sparse 065 ok
2026-09-08 08:30:49,469 simulation copula_mvr linear_sparse 066 ok
2026-09-08 08:30:49,740 simulation copula_mvr linear_sparse 067 ok
2026-09-08 08:30:50,005 simulation copula_mvr linear_sparse 068 ok
2026-09-08 08:30:50,247 simulation copula_mvr linear_sparse 069 ok
2026-09-08 08:30:50,511 simulation copula_mvr linear_sparse 070 ok
2026-09-08 08:30:50,809 simulation copula_mvr linear_sparse 071 ok
2026-09-08 08:30:51,041 simulation copula_mvr linear_sparse 072 ok
2026-09-08 08:30:51,292 simulation copula_mvr linear_sparse 073 ok
2026-09-08 08:30:51,548 simulation copula_mvr linear_sparse 074 ok
2026-09-08 08:30:51,801 simulation copula_mvr linear_sparse 075 ok
2026-09-08 08:30:52,037 simulation copula_mvr linear_sparse 076 ok
2026-09-08 08:30:52,276 simulation copula_mvr linear_sparse 077 ok
2026-09-08 08:30:52,541 simulation copula_mvr linear_sparse 078 ok
2026-09-08 08:30:52,766 simulation copula_mvr linear_sparse 079 ok
2026-09-08 08:30:53,032 simulation copula_mvr linear_sparse 080 ok
2026-09-08 08:30:53,298 simulation copula_mvr linear_sparse 081 ok
2026-09-08 08:30:53,592 simulation copula_mvr linear_sparse 082 ok
2026-09-08 08:30:53,891 simulation copula_mvr linear_sparse 083 ok
2026-09-08 08:30:54,205 simulation copula_mvr linear_sparse 084 ok
2026-09-08 08:30:54,512 simulation copula_mvr linear_sparse 085 ok
2026-09-08 08:30:54,806 simulation copula_mvr linear_sparse 086 ok
2026-09-08 08:30:55,112 simulation copula_mvr linear_sparse 087 ok
2026-09-08 08:30:55,370 simulation copula_mvr linear_sparse 088 ok
2026-09-08 08:30:55,662 simulation copula_mvr linear_sparse 089 ok
2026-09-08 08:30:55,950 simulation copula_mvr linear_sparse 090 ok
2026-09-08 08:30:56,235 simulation copula_mvr linear_sparse 091 ok
2026-09-08 08:30:56,480 simulation copula_mvr linear_sparse 092 ok
2026-09-08 08:30:56,737 simulation copula_mvr linear_sparse 093 ok
2026-09-08 08:30:57,022 simulation copula_mvr linear_sparse 094 ok
2026-09-08 08:30:57,304 simulation copula_mvr linear_sparse 095 ok
2026-09-08 08:30:57,544 simulation copula_mvr linear_sparse 096 ok
2026-09-08 08:30:57,808 simulation copula_mvr linear_sparse 097 ok
2026-09-08 08:30:58,055 simulation copula_mvr linear_sparse 098 ok
2026-09-08 08:30:58,292 simulation copula_mvr linear_sparse 099 ok
2026-09-08 08:30:58,613 simulation copula_mvr linear_medium 000 ok
2026-09-08 08:30:58,872 simulation copula_mvr linear_medium 001 ok
2026-09-08 08:30:59,192 simulation copula_mvr linear_medium 002 ok
2026-09-08 08:30:59,499 simulation copula_mvr linear_medium 003 ok
2026-09-08 08:30:59,809 simulation copula_mvr linear_medium 004 ok
2026-09-08 08:31:00,062 simulation copula_mvr linear_medium 005 ok
2026-09-08 08:31:00,314 simulation copula_mvr linear_medium 006 ok
2026-09-08 08:31:00,590 simulation copula_mvr linear_medium 007 ok
2026-09-08 08:31:00,847 simulation copula_mvr linear_medium 008 ok
2026-09-08 08:31:01,093 simulation copula_mvr linear_medium 009 ok
2026-09-08 08:31:01,361 simulation copula_mvr linear_medium 010 ok
2026-09-08 08:31:01,613 simulation copula_mvr linear_medium 011 ok
2026-09-08 08:31:01,871 simulation copula_mvr linear_medium 012 ok
2026-09-08 08:31:02,157 simulation copula_mvr linear_medium 013 ok
2026-09-08 08:31:02,417 simulation copula_mvr linear_medium 014 ok
2026-09-08 08:31:02,710 simulation copula_mvr linear_medium 015 ok
2026-09-08 08:31:02,977 simulation copula_mvr linear_medium 016 ok
2026-09-08 08:31:03,244 simulation copula_mvr linear_medium 017 ok
2026-09-08 08:31:03,531 simulation copula_mvr linear_medium 018 ok
2026-09-08 08:31:03,765 simulation copula_mvr linear_medium 019 ok
2026-09-08 08:31:04,045 simulation copula_mvr linear_medium 020 ok
2026-09-08 08:31:04,330 simulation copula_mvr linear_medium 021 ok
2026-09-08 08:31:04,595 simulation copula_mvr linear_medium 022 ok
2026-09-08 08:31:04,869 simulation copula_mvr linear_medium 023 ok
2026-09-08 08:31:05,129 simulation copula_mvr linear_medium 024 ok
2026-09-08 08:31:05,371 simulation copula_mvr linear_medium 025 ok
2026-09-08 08:31:05,635 simulation copula_mvr linear_medium 026 ok
2026-09-08 08:31:05,892 simulation copula_mvr linear_medium 027 ok
2026-09-08 08:31:06,173 simulation copula_mvr linear_medium 028 ok
2026-09-08 08:31:06,447 simulation copula_mvr linear_medium 029 ok
2026-09-08 08:31:06,738 simulation copula_mvr linear_medium 030 ok
2026-09-08 08:31:06,970 simulation copula_mvr linear_medium 031 ok
2026-09-08 08:31:07,240 simulation copula_mvr linear_medium 032 ok
2026-09-08 08:31:07,577 simulation copula_mvr linear_medium 033 ok
2026-09-08 08:31:07,832 simulation copula_mvr linear_medium 034 ok
2026-09-08 08:31:08,134 simulation copula_mvr linear_medium 035 ok
2026-09-08 08:31:08,416 simulation copula_mvr linear_medium 036 ok
2026-09-08 08:31:08,740 simulation copula_mvr linear_medium 037 ok
2026-09-08 08:31:08,978 simulation copula_mvr linear_medium 038 ok
2026-09-08 08:31:09,286 simulation copula_mvr linear_medium 039 ok
2026-09-08 08:31:09,556 simulation copula_mvr linear_medium 040 ok
2026-09-08 08:31:09,874 simulation copula_mvr linear_medium 041 ok
2026-09-08 08:31:10,131 simulation copula_mvr linear_medium 042 ok
2026-09-08 08:31:10,422 simulation copula_mvr linear_medium 043 ok
2026-09-08 08:31:10,696 simulation copula_mvr linear_medium 044 ok
2026-09-08 08:31:10,960 simulation copula_mvr linear_medium 045 ok
2026-09-08 08:31:11,228 simulation copula_mvr linear_medium 046 ok
2026-09-08 08:31:11,487 simulation copula_mvr linear_medium 047 ok
2026-09-08 08:31:11,773 simulation copula_mvr linear_medium 048 ok
2026-09-08 08:31:12,004 simulation copula_mvr linear_medium 049 ok
2026-09-08 08:31:12,278 simulation copula_mvr linear_medium 050 ok
2026-09-08 08:31:12,525 simulation copula_mvr linear_medium 051 ok
2026-09-08 08:31:12,804 simulation copula_mvr linear_medium 052 ok
2026-09-08 08:31:13,061 simulation copula_mvr linear_medium 053 ok
2026-09-08 08:31:13,320 simulation copula_mvr linear_medium 054 ok
2026-09-08 08:31:13,579 simulation copula_mvr linear_medium 055 ok
2026-09-08 08:31:13,826 simulation copula_mvr linear_medium 056 ok
2026-09-08 08:31:14,132 simulation copula_mvr linear_medium 057 ok
2026-09-08 08:31:14,422 simulation copula_mvr linear_medium 058 ok
2026-09-08 08:31:14,702 simulation copula_mvr linear_medium 059 ok
2026-09-08 08:31:14,983 simulation copula_mvr linear_medium 060 ok
2026-09-08 08:31:15,306 simulation copula_mvr linear_medium 061 ok
2026-09-08 08:31:15,600 simulation copula_mvr linear_medium 062 ok
2026-09-08 08:31:15,902 simulation copula_mvr linear_medium 063 ok
2026-09-08 08:31:16,245 simulation copula_mvr linear_medium 064 ok
2026-09-08 08:31:16,513 simulation copula_mvr linear_medium 065 ok
2026-09-08 08:31:16,757 simulation copula_mvr linear_medium 066 ok
2026-09-08 08:31:17,016 simulation copula_mvr linear_medium 067 ok
2026-09-08 08:31:17,266 simulation copula_mvr linear_medium 068 ok
2026-09-08 08:31:17,518 simulation copula_mvr linear_medium 069 ok
2026-09-08 08:31:17,841 simulation copula_mvr linear_medium 070 ok
2026-09-08 08:31:18,196 simulation copula_mvr linear_medium 071 ok
2026-09-08 08:31:18,500 simulation copula_mvr linear_medium 072 ok
2026-09-08 08:31:18,773 simulation copula_mvr linear_medium 073 ok
2026-09-08 08:31:19,040 simulation copula_mvr linear_medium 074 ok
2026-09-08 08:31:19,362 simulation copula_mvr linear_medium 075 ok
2026-09-08 08:31:19,688 simulation copula_mvr linear_medium 076 ok
2026-09-08 08:31:19,934 simulation copula_mvr linear_medium 077 ok
2026-09-08 08:31:20,205 simulation copula_mvr linear_medium 078 ok
2026-09-08 08:31:20,466 simulation copula_mvr linear_medium 079 ok
2026-09-08 08:31:20,784 simulation copula_mvr linear_medium 080 ok
2026-09-08 08:31:21,098 simulation copula_mvr linear_medium 081 ok
2026-09-08 08:31:21,371 simulation copula_mvr linear_medium 082 ok
2026-09-08 08:31:21,620 simulation copula_mvr linear_medium 083 ok
2026-09-08 08:31:21,900 simulation copula_mvr linear_medium 084 ok
2026-09-08 08:31:22,189 simulation copula_mvr linear_medium 085 ok
2026-09-08 08:31:22,444 simulation copula_mvr linear_medium 086 ok
2026-09-08 08:31:22,730 simulation copula_mvr linear_medium 087 ok
2026-09-08 08:31:22,994 simulation copula_mvr linear_medium 088 ok
2026-09-08 08:31:23,268 simulation copula_mvr linear_medium 089 ok
2026-09-08 08:31:23,544 simulation copula_mvr linear_medium 090 ok
2026-09-08 08:31:23,807 simulation copula_mvr linear_medium 091 ok
2026-09-08 08:31:24,071 simulation copula_mvr linear_medium 092 ok
2026-09-08 08:31:24,345 simulation copula_mvr linear_medium 093 ok
2026-09-08 08:31:24,582 simulation copula_mvr linear_medium 094 ok
2026-09-08 08:31:24,847 simulation copula_mvr linear_medium 095 ok
2026-09-08 08:31:25,097 simulation copula_mvr linear_medium 096 ok
2026-09-08 08:31:25,409 simulation copula_mvr linear_medium 097 ok
2026-09-08 08:31:25,684 simulation copula_mvr linear_medium 098 ok
2026-09-08 08:31:25,963 simulation copula_mvr linear_medium 099 ok
2026-09-08 08:31:26,234 simulation copula_mvr linear_weak 000 ok
2026-09-08 08:31:26,483 simulation copula_mvr linear_weak 001 ok
2026-09-08 08:31:26,770 simulation copula_mvr linear_weak 002 ok
2026-09-08 08:31:27,115 simulation copula_mvr linear_weak 003 ok
2026-09-08 08:31:27,416 simulation copula_mvr linear_weak 004 ok
2026-09-08 08:31:27,680 simulation copula_mvr linear_weak 005 ok
2026-09-08 08:31:27,960 simulation copula_mvr linear_weak 006 ok
2026-09-08 08:31:28,264 simulation copula_mvr linear_weak 007 ok
2026-09-08 08:31:28,533 simulation copula_mvr linear_weak 008 ok
2026-09-08 08:31:28,845 simulation copula_mvr linear_weak 009 ok
2026-09-08 08:31:29,112 simulation copula_mvr linear_weak 010 ok
2026-09-08 08:31:29,367 simulation copula_mvr linear_weak 011 ok
2026-09-08 08:31:29,623 simulation copula_mvr linear_weak 012 ok
2026-09-08 08:31:29,915 simulation copula_mvr linear_weak 013 ok
2026-09-08 08:31:30,179 simulation copula_mvr linear_weak 014 ok
2026-09-08 08:31:30,458 simulation copula_mvr linear_weak 015 ok
2026-09-08 08:31:30,742 simulation copula_mvr linear_weak 016 ok
2026-09-08 08:31:31,006 simulation copula_mvr linear_weak 017 ok
2026-09-08 08:31:31,273 simulation copula_mvr linear_weak 018 ok
2026-09-08 08:31:31,569 simulation copula_mvr linear_weak 019 ok
2026-09-08 08:31:31,836 simulation copula_mvr linear_weak 020 ok
2026-09-08 08:31:32,167 simulation copula_mvr linear_weak 021 ok
2026-09-08 08:31:32,495 simulation copula_mvr linear_weak 022 ok
2026-09-08 08:31:32,788 simulation copula_mvr linear_weak 023 ok
2026-09-08 08:31:33,126 simulation copula_mvr linear_weak 024 ok
2026-09-08 08:31:33,426 simulation copula_mvr linear_weak 025 ok
2026-09-08 08:31:33,747 simulation copula_mvr linear_weak 026 ok
2026-09-08 08:31:34,075 simulation copula_mvr linear_weak 027 ok
2026-09-08 08:31:34,376 simulation copula_mvr linear_weak 028 ok
2026-09-08 08:31:34,626 simulation copula_mvr linear_weak 029 ok
2026-09-08 08:31:34,886 simulation copula_mvr linear_weak 030 ok
2026-09-08 08:31:35,236 simulation copula_mvr linear_weak 031 ok
2026-09-08 08:31:35,569 simulation copula_mvr linear_weak 032 ok
2026-09-08 08:31:35,822 simulation copula_mvr linear_weak 033 ok
2026-09-08 08:31:36,094 simulation copula_mvr linear_weak 034 ok
2026-09-08 08:31:36,396 simulation copula_mvr linear_weak 035 ok
2026-09-08 08:31:36,679 simulation copula_mvr linear_weak 036 ok
2026-09-08 08:31:36,962 simulation copula_mvr linear_weak 037 ok
2026-09-08 08:31:37,250 simulation copula_mvr linear_weak 038 ok
2026-09-08 08:31:37,578 simulation copula_mvr linear_weak 039 ok
2026-09-08 08:31:37,943 simulation copula_mvr linear_weak 040 ok
2026-09-08 08:31:38,332 simulation copula_mvr linear_weak 041 ok
2026-09-08 08:31:38,618 simulation copula_mvr linear_weak 042 ok
2026-09-08 08:31:38,956 simulation copula_mvr linear_weak 043 ok
2026-09-08 08:31:39,297 simulation copula_mvr linear_weak 044 ok
2026-09-08 08:31:39,612 simulation copula_mvr linear_weak 045 ok
2026-09-08 08:31:39,970 simulation copula_mvr linear_weak 046 ok
2026-09-08 08:31:40,247 simulation copula_mvr linear_weak 047 ok
2026-09-08 08:31:40,559 simulation copula_mvr linear_weak 048 ok
2026-09-08 08:31:40,964 simulation copula_mvr linear_weak 049 ok
2026-09-08 08:31:41,246 simulation copula_mvr linear_weak 050 ok
2026-09-08 08:31:41,536 simulation copula_mvr linear_weak 051 ok
2026-09-08 08:31:41,838 simulation copula_mvr linear_weak 052 ok
2026-09-08 08:31:42,227 simulation copula_mvr linear_weak 053 ok
2026-09-08 08:31:42,542 simulation copula_mvr linear_weak 054 ok
2026-09-08 08:31:42,825 simulation copula_mvr linear_weak 055 ok
2026-09-08 08:31:43,111 simulation copula_mvr linear_weak 056 ok
2026-09-08 08:31:43,421 simulation copula_mvr linear_weak 057 ok
2026-09-08 08:31:43,701 simulation copula_mvr linear_weak 058 ok
2026-09-08 08:31:43,966 simulation copula_mvr linear_weak 059 ok
2026-09-08 08:31:44,307 simulation copula_mvr linear_weak 060 ok
2026-09-08 08:31:44,648 simulation copula_mvr linear_weak 061 ok
2026-09-08 08:31:44,925 simulation copula_mvr linear_weak 062 ok
2026-09-08 08:31:45,197 simulation copula_mvr linear_weak 063 ok
2026-09-08 08:31:45,463 simulation copula_mvr linear_weak 064 ok
2026-09-08 08:31:45,710 simulation copula_mvr linear_weak 065 ok
2026-09-08 08:31:46,019 simulation copula_mvr linear_weak 066 ok
2026-09-08 08:31:46,267 simulation copula_mvr linear_weak 067 ok
2026-09-08 08:31:46,563 simulation copula_mvr linear_weak 068 ok
2026-09-08 08:31:46,827 simulation copula_mvr linear_weak 069 ok
2026-09-08 08:31:47,103 simulation copula_mvr linear_weak 070 ok
2026-09-08 08:31:47,364 simulation copula_mvr linear_weak 071 ok
2026-09-08 08:31:47,646 simulation copula_mvr linear_weak 072 ok
2026-09-08 08:31:47,983 simulation copula_mvr linear_weak 073 ok
2026-09-08 08:31:48,271 simulation copula_mvr linear_weak 074 ok
2026-09-08 08:31:48,548 simulation copula_mvr linear_weak 075 ok
2026-09-08 08:31:48,910 simulation copula_mvr linear_weak 076 ok
2026-09-08 08:31:49,240 simulation copula_mvr linear_weak 077 ok
2026-09-08 08:31:49,566 simulation copula_mvr linear_weak 078 ok
2026-09-08 08:31:49,953 simulation copula_mvr linear_weak 079 ok
2026-09-08 08:31:50,247 simulation copula_mvr linear_weak 080 ok
2026-09-08 08:31:50,531 simulation copula_mvr linear_weak 081 ok
2026-09-08 08:31:50,822 simulation copula_mvr linear_weak 082 ok
2026-09-08 08:31:51,111 simulation copula_mvr linear_weak 083 ok
2026-09-08 08:31:51,371 simulation copula_mvr linear_weak 084 ok
2026-09-08 08:31:51,625 simulation copula_mvr linear_weak 085 ok
2026-09-08 08:31:51,917 simulation copula_mvr linear_weak 086 ok
2026-09-08 08:31:52,214 simulation copula_mvr linear_weak 087 ok
2026-09-08 08:31:52,483 simulation copula_mvr linear_weak 088 ok
2026-09-08 08:31:52,751 simulation copula_mvr linear_weak 089 ok
2026-09-08 08:31:53,020 simulation copula_mvr linear_weak 090 ok
2026-09-08 08:31:53,280 simulation copula_mvr linear_weak 091 ok
2026-09-08 08:31:53,616 simulation copula_mvr linear_weak 092 ok
2026-09-08 08:31:53,885 simulation copula_mvr linear_weak 093 ok
2026-09-08 08:31:54,138 simulation copula_mvr linear_weak 094 ok
2026-09-08 08:31:54,459 simulation copula_mvr linear_weak 095 ok
2026-09-08 08:31:54,749 simulation copula_mvr linear_weak 096 ok
2026-09-08 08:31:55,124 simulation copula_mvr linear_weak 097 ok
2026-09-08 08:31:55,490 simulation copula_mvr linear_weak 098 ok
2026-09-08 08:31:55,820 simulation copula_mvr linear_weak 099 ok
2026-09-08 08:31:56,122 simulation copula_mvr linear_dense 000 ok
2026-09-08 08:31:56,399 simulation copula_mvr linear_dense 001 ok
2026-09-08 08:31:56,729 simulation copula_mvr linear_dense 002 ok
2026-09-08 08:31:57,089 simulation copula_mvr linear_dense 003 ok
2026-09-08 08:31:57,438 simulation copula_mvr linear_dense 004 ok
2026-09-08 08:31:57,911 simulation copula_mvr linear_dense 005 ok
2026-09-08 08:31:58,193 simulation copula_mvr linear_dense 006 ok
2026-09-08 08:31:58,489 simulation copula_mvr linear_dense 007 ok
2026-09-08 08:31:58,743 simulation copula_mvr linear_dense 008 ok
2026-09-08 08:31:59,070 simulation copula_mvr linear_dense 009 ok
2026-09-08 08:31:59,404 simulation copula_mvr linear_dense 010 ok
2026-09-08 08:31:59,668 simulation copula_mvr linear_dense 011 ok
2026-09-08 08:32:00,066 simulation copula_mvr linear_dense 012 ok
2026-09-08 08:32:00,356 simulation copula_mvr linear_dense 013 ok
2026-09-08 08:32:00,631 simulation copula_mvr linear_dense 014 ok
2026-09-08 08:32:00,903 simulation copula_mvr linear_dense 015 ok
2026-09-08 08:32:01,161 simulation copula_mvr linear_dense 016 ok
2026-09-08 08:32:01,450 simulation copula_mvr linear_dense 017 ok
2026-09-08 08:32:01,756 simulation copula_mvr linear_dense 018 ok
2026-09-08 08:32:02,053 simulation copula_mvr linear_dense 019 ok
2026-09-08 08:32:02,356 simulation copula_mvr linear_dense 020 ok
2026-09-08 08:32:02,626 simulation copula_mvr linear_dense 021 ok
2026-09-08 08:32:02,911 simulation copula_mvr linear_dense 022 ok
2026-09-08 08:32:03,176 simulation copula_mvr linear_dense 023 ok
2026-09-08 08:32:03,457 simulation copula_mvr linear_dense 024 ok
2026-09-08 08:32:03,751 simulation copula_mvr linear_dense 025 ok
2026-09-08 08:32:04,087 simulation copula_mvr linear_dense 026 ok
2026-09-08 08:32:04,356 simulation copula_mvr linear_dense 027 ok
2026-09-08 08:32:04,600 simulation copula_mvr linear_dense 028 ok
2026-09-08 08:32:04,898 simulation copula_mvr linear_dense 029 ok
2026-09-08 08:32:05,216 simulation copula_mvr linear_dense 030 ok
2026-09-08 08:32:05,626 simulation copula_mvr linear_dense 031 ok
2026-09-08 08:32:05,875 simulation copula_mvr linear_dense 032 ok
2026-09-08 08:32:06,159 simulation copula_mvr linear_dense 033 ok
2026-09-08 08:32:06,416 simulation copula_mvr linear_dense 034 ok
2026-09-08 08:32:06,681 simulation copula_mvr linear_dense 035 ok
2026-09-08 08:32:06,986 simulation copula_mvr linear_dense 036 ok
2026-09-08 08:32:07,304 simulation copula_mvr linear_dense 037 ok
2026-09-08 08:32:07,574 simulation copula_mvr linear_dense 038 ok
2026-09-08 08:32:07,840 simulation copula_mvr linear_dense 039 ok
2026-09-08 08:32:08,113 simulation copula_mvr linear_dense 040 ok
2026-09-08 08:32:08,425 simulation copula_mvr linear_dense 041 ok
2026-09-08 08:32:08,685 simulation copula_mvr linear_dense 042 ok
2026-09-08 08:32:08,961 simulation copula_mvr linear_dense 043 ok
2026-09-08 08:32:09,225 simulation copula_mvr linear_dense 044 ok
2026-09-08 08:32:09,508 simulation copula_mvr linear_dense 045 ok
2026-09-08 08:32:09,778 simulation copula_mvr linear_dense 046 ok
2026-09-08 08:32:10,042 simulation copula_mvr linear_dense 047 ok
2026-09-08 08:32:10,306 simulation copula_mvr linear_dense 048 ok
2026-09-08 08:32:10,666 simulation copula_mvr linear_dense 049 ok
2026-09-08 08:32:10,951 simulation copula_mvr linear_dense 050 ok
2026-09-08 08:32:11,310 simulation copula_mvr linear_dense 051 ok
2026-09-08 08:32:11,634 simulation copula_mvr linear_dense 052 ok
2026-09-08 08:32:11,900 simulation copula_mvr linear_dense 053 ok
2026-09-08 08:32:12,215 simulation copula_mvr linear_dense 054 ok
2026-09-08 08:32:12,480 simulation copula_mvr linear_dense 055 ok
2026-09-08 08:32:12,741 simulation copula_mvr linear_dense 056 ok
2026-09-08 08:32:12,999 simulation copula_mvr linear_dense 057 ok
2026-09-08 08:32:13,309 simulation copula_mvr linear_dense 058 ok
2026-09-08 08:32:13,576 simulation copula_mvr linear_dense 059 ok
2026-09-08 08:32:13,876 simulation copula_mvr linear_dense 060 ok
2026-09-08 08:32:14,142 simulation copula_mvr linear_dense 061 ok
2026-09-08 08:32:14,391 simulation copula_mvr linear_dense 062 ok
2026-09-08 08:32:14,645 simulation copula_mvr linear_dense 063 ok
2026-09-08 08:32:14,902 simulation copula_mvr linear_dense 064 ok
2026-09-08 08:32:15,156 simulation copula_mvr linear_dense 065 ok
2026-09-08 08:32:15,422 simulation copula_mvr linear_dense 066 ok
2026-09-08 08:32:15,669 simulation copula_mvr linear_dense 067 ok
2026-09-08 08:32:15,921 simulation copula_mvr linear_dense 068 ok
2026-09-08 08:32:16,180 simulation copula_mvr linear_dense 069 ok
2026-09-08 08:32:16,454 simulation copula_mvr linear_dense 070 ok
2026-09-08 08:32:16,733 simulation copula_mvr linear_dense 071 ok
2026-09-08 08:32:17,037 simulation copula_mvr linear_dense 072 ok
2026-09-08 08:32:17,333 simulation copula_mvr linear_dense 073 ok
2026-09-08 08:32:17,618 simulation copula_mvr linear_dense 074 ok
2026-09-08 08:32:17,916 simulation copula_mvr linear_dense 075 ok
2026-09-08 08:32:18,239 simulation copula_mvr linear_dense 076 ok
2026-09-08 08:32:18,508 simulation copula_mvr linear_dense 077 ok
2026-09-08 08:32:18,778 simulation copula_mvr linear_dense 078 ok
2026-09-08 08:32:19,061 simulation copula_mvr linear_dense 079 ok
2026-09-08 08:32:19,313 simulation copula_mvr linear_dense 080 ok
2026-09-08 08:32:19,581 simulation copula_mvr linear_dense 081 ok
2026-09-08 08:32:19,874 simulation copula_mvr linear_dense 082 ok
2026-09-08 08:32:20,179 simulation copula_mvr linear_dense 083 ok
2026-09-08 08:32:20,429 simulation copula_mvr linear_dense 084 ok
2026-09-08 08:32:20,718 simulation copula_mvr linear_dense 085 ok
2026-09-08 08:32:21,023 simulation copula_mvr linear_dense 086 ok
2026-09-08 08:32:21,281 simulation copula_mvr linear_dense 087 ok
2026-09-08 08:32:21,550 simulation copula_mvr linear_dense 088 ok
2026-09-08 08:32:21,813 simulation copula_mvr linear_dense 089 ok
2026-09-08 08:32:22,081 simulation copula_mvr linear_dense 090 ok
2026-09-08 08:32:22,350 simulation copula_mvr linear_dense 091 ok
2026-09-08 08:32:22,690 simulation copula_mvr linear_dense 092 ok
2026-09-08 08:32:22,952 simulation copula_mvr linear_dense 093 ok
2026-09-08 08:32:23,216 simulation copula_mvr linear_dense 094 ok
2026-09-08 08:32:23,486 simulation copula_mvr linear_dense 095 ok
2026-09-08 08:32:23,735 simulation copula_mvr linear_dense 096 ok
2026-09-08 08:32:23,979 simulation copula_mvr linear_dense 097 ok
2026-09-08 08:32:24,263 simulation copula_mvr linear_dense 098 ok
2026-09-08 08:32:24,541 simulation copula_mvr linear_dense 099 ok
2026-09-08 08:32:24,789 simulation copula_mvr nonlinear 000 ok
2026-09-08 08:32:25,126 simulation copula_mvr nonlinear 001 ok
2026-09-08 08:32:25,399 simulation copula_mvr nonlinear 002 ok
2026-09-08 08:32:25,646 simulation copula_mvr nonlinear 003 ok
2026-09-08 08:32:25,892 simulation copula_mvr nonlinear 004 ok
2026-09-08 08:32:26,144 simulation copula_mvr nonlinear 005 ok
2026-09-08 08:32:26,405 simulation copula_mvr nonlinear 006 ok
2026-09-08 08:32:26,654 simulation copula_mvr nonlinear 007 ok
2026-09-08 08:32:26,913 simulation copula_mvr nonlinear 008 ok
2026-09-08 08:32:27,167 simulation copula_mvr nonlinear 009 ok
2026-09-08 08:32:27,425 simulation copula_mvr nonlinear 010 ok
2026-09-08 08:32:27,686 simulation copula_mvr nonlinear 011 ok
2026-09-08 08:32:27,960 simulation copula_mvr nonlinear 012 ok
2026-09-08 08:32:28,226 simulation copula_mvr nonlinear 013 ok
2026-09-08 08:32:28,489 simulation copula_mvr nonlinear 014 ok
2026-09-08 08:32:28,746 simulation copula_mvr nonlinear 015 ok
2026-09-08 08:32:29,012 simulation copula_mvr nonlinear 016 ok
2026-09-08 08:32:29,319 simulation copula_mvr nonlinear 017 ok
2026-09-08 08:32:29,583 simulation copula_mvr nonlinear 018 ok
2026-09-08 08:32:29,845 simulation copula_mvr nonlinear 019 ok
2026-09-08 08:32:30,106 simulation copula_mvr nonlinear 020 ok
2026-09-08 08:32:30,402 simulation copula_mvr nonlinear 021 ok
2026-09-08 08:32:30,656 simulation copula_mvr nonlinear 022 ok
2026-09-08 08:32:30,936 simulation copula_mvr nonlinear 023 ok
2026-09-08 08:32:31,186 simulation copula_mvr nonlinear 024 ok
2026-09-08 08:32:31,431 simulation copula_mvr nonlinear 025 ok
2026-09-08 08:32:31,706 simulation copula_mvr nonlinear 026 ok
2026-09-08 08:32:31,976 simulation copula_mvr nonlinear 027 ok
2026-09-08 08:32:32,234 simulation copula_mvr nonlinear 028 ok
2026-09-08 08:32:32,495 simulation copula_mvr nonlinear 029 ok
2026-09-08 08:32:32,761 simulation copula_mvr nonlinear 030 ok
2026-09-08 08:32:33,028 simulation copula_mvr nonlinear 031 ok
2026-09-08 08:32:33,525 simulation copula_mvr nonlinear 032 ok
2026-09-08 08:32:33,823 simulation copula_mvr nonlinear 033 ok
2026-09-08 08:32:34,096 simulation copula_mvr nonlinear 034 ok
2026-09-08 08:32:34,407 simulation copula_mvr nonlinear 035 ok
2026-09-08 08:32:34,726 simulation copula_mvr nonlinear 036 ok
2026-09-08 08:32:34,973 simulation copula_mvr nonlinear 037 ok
2026-09-08 08:32:35,236 simulation copula_mvr nonlinear 038 ok
2026-09-08 08:32:35,508 simulation copula_mvr nonlinear 039 ok
2026-09-08 08:32:35,774 simulation copula_mvr nonlinear 040 ok
2026-09-08 08:32:36,059 simulation copula_mvr nonlinear 041 ok
2026-09-08 08:32:36,370 simulation copula_mvr nonlinear 042 ok
2026-09-08 08:32:36,640 simulation copula_mvr nonlinear 043 ok
2026-09-08 08:32:36,953 simulation copula_mvr nonlinear 044 ok
2026-09-08 08:32:37,284 simulation copula_mvr nonlinear 045 ok
2026-09-08 08:32:37,558 simulation copula_mvr nonlinear 046 ok
2026-09-08 08:32:37,845 simulation copula_mvr nonlinear 047 ok
2026-09-08 08:32:38,139 simulation copula_mvr nonlinear 048 ok
2026-09-08 08:32:38,435 simulation copula_mvr nonlinear 049 ok
2026-09-08 08:32:38,685 simulation copula_mvr nonlinear 050 ok
2026-09-08 08:32:38,957 simulation copula_mvr nonlinear 051 ok
2026-09-08 08:32:39,203 simulation copula_mvr nonlinear 052 ok
2026-09-08 08:32:39,474 simulation copula_mvr nonlinear 053 ok
2026-09-08 08:32:39,860 simulation copula_mvr nonlinear 054 ok
2026-09-08 08:32:40,173 simulation copula_mvr nonlinear 055 ok
2026-09-08 08:32:40,515 simulation copula_mvr nonlinear 056 ok
2026-09-08 08:32:40,831 simulation copula_mvr nonlinear 057 ok
2026-09-08 08:32:41,080 simulation copula_mvr nonlinear 058 ok
2026-09-08 08:32:41,335 simulation copula_mvr nonlinear 059 ok
2026-09-08 08:32:41,598 simulation copula_mvr nonlinear 060 ok
2026-09-08 08:32:41,849 simulation copula_mvr nonlinear 061 ok
2026-09-08 08:32:42,136 simulation copula_mvr nonlinear 062 ok
2026-09-08 08:32:42,538 simulation copula_mvr nonlinear 063 ok
2026-09-08 08:32:42,826 simulation copula_mvr nonlinear 064 ok
2026-09-08 08:32:43,111 simulation copula_mvr nonlinear 065 ok
2026-09-08 08:32:43,354 simulation copula_mvr nonlinear 066 ok
2026-09-08 08:32:43,582 simulation copula_mvr nonlinear 067 ok
2026-09-08 08:32:43,915 simulation copula_mvr nonlinear 068 ok
2026-09-08 08:32:44,217 simulation copula_mvr nonlinear 069 ok
2026-09-08 08:32:44,459 simulation copula_mvr nonlinear 070 ok
2026-09-08 08:32:44,770 simulation copula_mvr nonlinear 071 ok
2026-09-08 08:32:45,025 simulation copula_mvr nonlinear 072 ok
2026-09-08 08:32:45,266 simulation copula_mvr nonlinear 073 ok
2026-09-08 08:32:45,527 simulation copula_mvr nonlinear 074 ok
2026-09-08 08:32:45,779 simulation copula_mvr nonlinear 075 ok
2026-09-08 08:32:46,116 simulation copula_mvr nonlinear 076 ok
2026-09-08 08:32:46,359 simulation copula_mvr nonlinear 077 ok
2026-09-08 08:32:46,641 simulation copula_mvr nonlinear 078 ok
2026-09-08 08:32:46,911 simulation copula_mvr nonlinear 079 ok
2026-09-08 08:32:47,167 simulation copula_mvr nonlinear 080 ok
2026-09-08 08:32:47,461 simulation copula_mvr nonlinear 081 ok
2026-09-08 08:32:47,767 simulation copula_mvr nonlinear 082 ok
2026-09-08 08:32:48,028 simulation copula_mvr nonlinear 083 ok
2026-09-08 08:32:48,302 simulation copula_mvr nonlinear 084 ok
2026-09-08 08:32:48,596 simulation copula_mvr nonlinear 085 ok
2026-09-08 08:32:48,879 simulation copula_mvr nonlinear 086 ok
2026-09-08 08:32:49,146 simulation copula_mvr nonlinear 087 ok
2026-09-08 08:32:49,415 simulation copula_mvr nonlinear 088 ok
2026-09-08 08:32:49,672 simulation copula_mvr nonlinear 089 ok
2026-09-08 08:32:49,917 simulation copula_mvr nonlinear 090 ok
2026-09-08 08:32:50,181 simulation copula_mvr nonlinear 091 ok
2026-09-08 08:32:50,442 simulation copula_mvr nonlinear 092 ok
2026-09-08 08:32:50,712 simulation copula_mvr nonlinear 093 ok
2026-09-08 08:32:50,976 simulation copula_mvr nonlinear 094 ok
2026-09-08 08:32:51,281 simulation copula_mvr nonlinear 095 ok
2026-09-08 08:32:51,603 simulation copula_mvr nonlinear 096 ok
2026-09-08 08:32:51,864 simulation copula_mvr nonlinear 097 ok
2026-09-08 08:32:52,217 simulation copula_mvr nonlinear 098 ok
2026-09-08 08:32:52,505 simulation copula_mvr nonlinear 099 ok
2026-09-08 08:32:52,757 simulation copula_mvr nonlinear_panel 000 ok
2026-09-08 08:32:53,020 simulation copula_mvr nonlinear_panel 001 ok
2026-09-08 08:32:53,274 simulation copula_mvr nonlinear_panel 002 ok
2026-09-08 08:32:53,550 simulation copula_mvr nonlinear_panel 003 ok
2026-09-08 08:32:53,819 simulation copula_mvr nonlinear_panel 004 ok
2026-09-08 08:32:54,079 simulation copula_mvr nonlinear_panel 005 ok
2026-09-08 08:32:54,344 simulation copula_mvr nonlinear_panel 006 ok
2026-09-08 08:32:54,614 simulation copula_mvr nonlinear_panel 007 ok
2026-09-08 08:32:54,875 simulation copula_mvr nonlinear_panel 008 ok
2026-09-08 08:32:55,149 simulation copula_mvr nonlinear_panel 009 ok
2026-09-08 08:32:55,416 simulation copula_mvr nonlinear_panel 010 ok
2026-09-08 08:32:55,675 simulation copula_mvr nonlinear_panel 011 ok
2026-09-08 08:32:55,926 simulation copula_mvr nonlinear_panel 012 ok
2026-09-08 08:32:56,210 simulation copula_mvr nonlinear_panel 013 ok
2026-09-08 08:32:56,504 simulation copula_mvr nonlinear_panel 014 ok
2026-09-08 08:32:56,738 simulation copula_mvr nonlinear_panel 015 ok
2026-09-08 08:32:57,002 simulation copula_mvr nonlinear_panel 016 ok
2026-09-08 08:32:57,270 simulation copula_mvr nonlinear_panel 017 ok
2026-09-08 08:32:57,523 simulation copula_mvr nonlinear_panel 018 ok
2026-09-08 08:32:57,812 simulation copula_mvr nonlinear_panel 019 ok
2026-09-08 08:32:58,075 simulation copula_mvr nonlinear_panel 020 ok
2026-09-08 08:32:58,333 simulation copula_mvr nonlinear_panel 021 ok
2026-09-08 08:32:58,591 simulation copula_mvr nonlinear_panel 022 ok
2026-09-08 08:32:58,858 simulation copula_mvr nonlinear_panel 023 ok
2026-09-08 08:32:59,135 simulation copula_mvr nonlinear_panel 024 ok
2026-09-08 08:32:59,413 simulation copula_mvr nonlinear_panel 025 ok
2026-09-08 08:32:59,669 simulation copula_mvr nonlinear_panel 026 ok
2026-09-08 08:32:59,921 simulation copula_mvr nonlinear_panel 027 ok
2026-09-08 08:33:00,164 simulation copula_mvr nonlinear_panel 028 ok
2026-09-08 08:33:00,445 simulation copula_mvr nonlinear_panel 029 ok
2026-09-08 08:33:00,705 simulation copula_mvr nonlinear_panel 030 ok
2026-09-08 08:33:00,966 simulation copula_mvr nonlinear_panel 031 ok
2026-09-08 08:33:01,233 simulation copula_mvr nonlinear_panel 032 ok
2026-09-08 08:33:01,564 simulation copula_mvr nonlinear_panel 033 ok
2026-09-08 08:33:01,826 simulation copula_mvr nonlinear_panel 034 ok
2026-09-08 08:33:02,111 simulation copula_mvr nonlinear_panel 035 ok
2026-09-08 08:33:02,394 simulation copula_mvr nonlinear_panel 036 ok
2026-09-08 08:33:02,651 simulation copula_mvr nonlinear_panel 037 ok
2026-09-08 08:33:02,945 simulation copula_mvr nonlinear_panel 038 ok
2026-09-08 08:33:03,232 simulation copula_mvr nonlinear_panel 039 ok
2026-09-08 08:33:03,498 simulation copula_mvr nonlinear_panel 040 ok
2026-09-08 08:33:03,775 simulation copula_mvr nonlinear_panel 041 ok
2026-09-08 08:33:04,127 simulation copula_mvr nonlinear_panel 042 ok
2026-09-08 08:33:04,426 simulation copula_mvr nonlinear_panel 043 ok
2026-09-08 08:33:04,697 simulation copula_mvr nonlinear_panel 044 ok
2026-09-08 08:33:05,064 simulation copula_mvr nonlinear_panel 045 ok
2026-09-08 08:33:05,314 simulation copula_mvr nonlinear_panel 046 ok
2026-09-08 08:33:05,646 simulation copula_mvr nonlinear_panel 047 ok
2026-09-08 08:33:05,904 simulation copula_mvr nonlinear_panel 048 ok
2026-09-08 08:33:06,151 simulation copula_mvr nonlinear_panel 049 ok
2026-09-08 08:33:06,423 simulation copula_mvr nonlinear_panel 050 ok
2026-09-08 08:33:06,682 simulation copula_mvr nonlinear_panel 051 ok
2026-09-08 08:33:06,919 simulation copula_mvr nonlinear_panel 052 ok
2026-09-08 08:33:07,202 simulation copula_mvr nonlinear_panel 053 ok
2026-09-08 08:33:07,472 simulation copula_mvr nonlinear_panel 054 ok
2026-09-08 08:33:07,733 simulation copula_mvr nonlinear_panel 055 ok
2026-09-08 08:33:07,981 simulation copula_mvr nonlinear_panel 056 ok
2026-09-08 08:33:08,231 simulation copula_mvr nonlinear_panel 057 ok
2026-09-08 08:33:08,495 simulation copula_mvr nonlinear_panel 058 ok
2026-09-08 08:33:08,758 simulation copula_mvr nonlinear_panel 059 ok
2026-09-08 08:33:09,005 simulation copula_mvr nonlinear_panel 060 ok
2026-09-08 08:33:09,256 simulation copula_mvr nonlinear_panel 061 ok
2026-09-08 08:33:09,501 simulation copula_mvr nonlinear_panel 062 ok
2026-09-08 08:33:09,767 simulation copula_mvr nonlinear_panel 063 ok
2026-09-08 08:33:10,022 simulation copula_mvr nonlinear_panel 064 ok
2026-09-08 08:33:10,287 simulation copula_mvr nonlinear_panel 065 ok
2026-09-08 08:33:10,553 simulation copula_mvr nonlinear_panel 066 ok
2026-09-08 08:33:10,817 simulation copula_mvr nonlinear_panel 067 ok
2026-09-08 08:33:11,076 simulation copula_mvr nonlinear_panel 068 ok
2026-09-08 08:33:11,337 simulation copula_mvr nonlinear_panel 069 ok
2026-09-08 08:33:11,589 simulation copula_mvr nonlinear_panel 070 ok
2026-09-08 08:33:11,822 simulation copula_mvr nonlinear_panel 071 ok
2026-09-08 08:33:12,066 simulation copula_mvr nonlinear_panel 072 ok
2026-09-08 08:33:12,345 simulation copula_mvr nonlinear_panel 073 ok
2026-09-08 08:33:12,596 simulation copula_mvr nonlinear_panel 074 ok
2026-09-08 08:33:12,858 simulation copula_mvr nonlinear_panel 075 ok
2026-09-08 08:33:13,135 simulation copula_mvr nonlinear_panel 076 ok
2026-09-08 08:33:13,486 simulation copula_mvr nonlinear_panel 077 ok
2026-09-08 08:33:13,747 simulation copula_mvr nonlinear_panel 078 ok
2026-09-08 08:33:13,992 simulation copula_mvr nonlinear_panel 079 ok
2026-09-08 08:33:14,263 simulation copula_mvr nonlinear_panel 080 ok
2026-09-08 08:33:14,518 simulation copula_mvr nonlinear_panel 081 ok
2026-09-08 08:33:14,807 simulation copula_mvr nonlinear_panel 082 ok
2026-09-08 08:33:15,135 simulation copula_mvr nonlinear_panel 083 ok
2026-09-08 08:33:15,408 simulation copula_mvr nonlinear_panel 084 ok
2026-09-08 08:33:15,661 simulation copula_mvr nonlinear_panel 085 ok
2026-09-08 08:33:15,929 simulation copula_mvr nonlinear_panel 086 ok
2026-09-08 08:33:16,186 simulation copula_mvr nonlinear_panel 087 ok
2026-09-08 08:33:16,438 simulation copula_mvr nonlinear_panel 088 ok
2026-09-08 08:33:16,699 simulation copula_mvr nonlinear_panel 089 ok
2026-09-08 08:33:16,973 simulation copula_mvr nonlinear_panel 090 ok
2026-09-08 08:33:17,230 simulation copula_mvr nonlinear_panel 091 ok
2026-09-08 08:33:17,475 simulation copula_mvr nonlinear_panel 092 ok
2026-09-08 08:33:17,719 simulation copula_mvr nonlinear_panel 093 ok
2026-09-08 08:33:17,961 simulation copula_mvr nonlinear_panel 094 ok
2026-09-08 08:33:18,205 simulation copula_mvr nonlinear_panel 095 ok
2026-09-08 08:33:18,446 simulation copula_mvr nonlinear_panel 096 ok
2026-09-08 08:33:18,682 simulation copula_mvr nonlinear_panel 097 ok
2026-09-08 08:33:18,944 simulation copula_mvr nonlinear_panel 098 ok
2026-09-08 08:33:19,183 simulation copula_mvr nonlinear_panel 099 ok
