2026-09-08 08:14:23,189 simulation deep_lasso linear_sparse 000 ok
2026-09-08 08:14:23,511 simulation deep_lasso linear_sparse 001 ok
2026-09-08 08:14:23,857 simulation deep_lasso linear_sparse 002 ok
2026-09-08 08:14:24,229 simulation deep_lasso linear_sparse 003 ok
2026-09-08 08:14:24,621 simulation deep_lasso linear_sparse 004 ok
2026-09-08 08:14:25,022 simulation deep_lasso linear_sparse 005 ok
2026-09-08 08:14:25,442 simulation deep_lasso linear_sparse 006 ok
2026-09-08 08:14:25,911 simulation deep_lasso linear_sparse 007 ok
2026-09-08 08:14:26,420 simulation deep_lasso linear_sparse 008 ok
2026-09-08 08:14:26,865 simulation deep_lasso linear_sparse 009 ok
2026-09-08 08:14:27,250 simulation deep_lasso linear_sparse 010 ok
2026-09-08 08:14:27,668 simulation deep_lasso linear_sparse 011 ok
2026-09-08 08:14:28,077 simulation deep_lasso linear_sparse 012 ok
2026-09-08 08:14:28,429 simulation deep_lasso linear_sparse 013 ok
2026-09-08 08:14:28,779 simulation deep_lasso linear_sparse 014 ok
2026-09-08 08:14:29,171 simulation deep_lasso linear_sparse 015 ok
2026-09-08 08:14:29,480 simulation deep_lasso linear_sparse 016 ok
2026-09-08 08:14:29,784 simulation deep_lasso linear_sparse 017 ok
2026-09-08 08:14:30,123 simulation deep_lasso linear_sparse 018 ok
2026-09-08 08:14:30,421 simulation deep_lasso linear_sparse 019 ok
2026-09-08 08:14:30,751 simulation deep_lasso linear_sparse 020 ok
2026-09-08 08:14:31,047 simulation deep_lasso linear_sparse 021 ok
2026-09-08 08:14:31,419 simulation deep_lasso linear_sparse 022 ok
2026-09-08 08:14:31,874 simulation deep_lasso linear_sparse 023 ok
2026-09-08 08:14:32,273 simulation deep_lasso linear_sparse 024 ok
2026-09-08 08:14:32,619 simulation deep_lasso linear_sparse 025 ok
2026-09-08 08:14:33,027 simulation deep_lasso linear_sparse 026 ok
2026-09-08 08:14:33,425 simulation deep_lasso linear_sparse 027 ok
2026-09-08 08:14:33,727 simulation deep_lasso linear_sparse 028 ok
2026-09-08 08:14:34,142 simulation deep_lasso linear_sparse 029 ok
2026-09-08 08:14:34,487 simulation deep_lasso linear_sparse 030 ok
2026-09-08 08:14:34,939 simulation deep_lasso linear_sparse 031 ok
2026-09-08 08:14:35,387 simulation deep_lasso linear_sparse 032 ok
2026-09-08 08:14:35,818 simulation deep_lasso linear_sparse 033 ok
2026-09-08 08:14:36,108 simulation deep_lasso linear_sparse 034 ok
2026-09-08 08:14:36,520 simulation deep_lasso linear_sparse 035 ok
2026-09-08 08:14:36,834 simulation deep_lasso linear_sparse 036 ok
2026-09-08 08:14:37,272 simulation deep_lasso linear_sparse 037 ok
2026-09-08 08:14:37,723 simulation deep_lasso linear_sparse 038 ok
2026-09-08 08:14:38,233 simulation deep_lasso linear_sparse 039 ok
2026-09-08 08:14:38,579 simulation deep_lasso linear_sparse 040 ok
2026-09-08 08:14:38,955 simulation deep_lasso linear_sparse 041 ok
2026-09-08 08:14:39,344 simulation deep_lasso linear_sparse 042 ok
2026-09-08 08:14:39,806 simulation deep_lasso linear_sparse 043 ok
2026-09-08 08:14:40,203 simulation deep_lasso linear_sparse 044 ok
2026-09-08 08:14:40,579 simulation deep_lasso linear_sparse 045 ok
2026-09-08 08:14:41,095 simulation deep_lasso linear_sparse 046 ok
2026-09-08 08:14:41,479 simulation deep_lasso linear_sparse 047 ok
2026-09-08 08:14:41,917 simulation deep_lasso linear_sparse 048 ok
2026-09-08 08:14:42,333 simulation deep_lasso linear_sparse 049 ok
2026-09-08 08:14:42,704 simulation deep_lasso linear_sparse 050 ok
2026-09-08 08:14:42,994 simulation deep_lasso linear_sparse 051 ok
2026-09-08 08:14:43,335 simulation deep_lasso linear_sparse 052 ok
2026-09-08 08:14:43,699 simulation deep_lasso linear_sparse 053 ok
2026-09-08 08:14:44,172 simulation deep_lasso linear_sparse 054 ok
2026-09-08 08:14:44,734 simulation deep_lasso linear_sparse 055 ok
2026-09-08 08:14:45,161 simulation deep_lasso linear_sparse 056 ok
2026-09-08 08:14:45,522 simulation deep_lasso linear_sparse 057 ok
2026-09-08 08:14:45,873 simulation deep_lasso linear_sparse 058 ok
2026-09-08 08:14:46,261 simulation deep_lasso linear_sparse 059 ok
2026-09-08 08:14:46,762 simulation deep_lasso linear_sparse 060 ok
2026-09-08 08:14:47,189 simulation deep_lasso linear_sparse 061 ok
2026-09-08 08:14:47,608 simulation deep_lasso linear_sparse 062 ok
2026-09-08 08:14:48,055 simulation deep_lasso linear_sparse 063 ok
2026-09-08 08:14:48,480 simulation deep_lasso linear_sparse 064 ok
2026-09-08 08:14:48,838 simulation deep_lasso linear_sparse 065 ok
2026-09-08 08:14:49,373 simulation deep_lasso linear_sparse 066 ok
2026-09-08 08:14:49,895 simulation deep_lasso linear_sparse 067 ok
2026-09-08 08:14:50,300 simulation deep_lasso linear_sparse 068 ok
2026-09-08 08:14:50,764 simulation deep_lasso linear_sparse 069 ok
2026-09-08 08:14:51,167 simulation deep_lasso linear_sparse 070 ok
2026-09-08 08:14:51,534 simulation deep_lasso linear_sparse 071 ok
2026-09-08 08:14:51,990 simulation deep_lasso linear_sparse 072 ok
2026-09-08 08:14:52,434 simulation deep_lasso linear_sparse 073 ok
2026-09-08 08:14:52,820 simulation deep_lasso linear_sparse 074 ok
2026-09-08 08:14:53,238 simulation deep_lasso linear_sparse 075 ok
2026-09-08 08:14:53,599 simulation deep_lasso linear_sparse 076 ok
2026-09-08 08:14:53,988 simulation deep_lasso linear_sparse 077 ok
2026-09-08 08:14:54,493 simulation deep_lasso linear_sparse 078 ok
2026-09-08 08:14:54,908 simulation deep_lasso linear_sparse 079 ok
2026-09-08 08:14:55,246 simulation deep_lasso linear_sparse 080 ok
2026-09-08 08:14:55,583 simulation deep_lasso linear_sparse 081 ok
2026-09-08 08:14:56,012 simulation deep_lasso linear_sparse 082 ok
2026-09-08 08:14:56,400 simulation deep_lasso linear_sparse 083 ok
2026-09-08 08:14:56,823 simulation deep_lasso linear_sparse 084 ok
2026-09-08 08:14:57,299 simulation deep_lasso linear_sparse 085 ok
2026-09-08 08:14:57,789 simulation deep_lasso linear_sparse 086 ok
2026-09-08 08:14:58,240 simulation deep_lasso linear_sparse 087 ok
2026-09-08 08:14:58,680 simulation deep_lasso linear_sparse 088 ok
2026-09-08 08:14:59,102 simulation deep_lasso linear_sparse 089 ok
2026-09-08 08:14:59,479 simulation deep_lasso linear_sparse 090 ok
2026-09-08 08:14:59,826 simulation deep_lasso linear_sparse 091 ok
2026-09-08 08:15:00,138 simulation deep_lasso linear_sparse 092 ok
2026-09-08 08:15:00,523 simulation deep_lasso linear_sparse 093 ok
2026-09-08 08:15:00,980 simulation deep_lasso linear_sparse 094 ok
2026-09-08 08:15:01,435 simulation deep_lasso linear_sparse 095 ok
2026-09-08 08:15:01,737 simulation deep_lasso linear_sparse 096 ok
2026-09-08 08:15:02,120 simulation deep_lasso linear_sparse 097 ok
2026-09-08 08:15:02,560 simulation deep_lasso linear_sparse 098 ok
2026-09-08 08:15:02,994 simulation deep_lasso linear_sparse 099 ok
2026-09-08 08:15:03,362 simulation deep_lasso linear_medium 000 ok
2026-09-08 08:15:03,710 simulation deep_lasso linear_medium 001 ok
2026-09-08 08:15:04,192 simulation deep_lasso linear_medium 002 ok
2026-09-08 08:15:04,576 simulation deep_lasso linear_medium 003 ok
2026-09-08 08:15:04,963 simulation deep_lasso linear_medium 004 ok
2026-09-08 08:15:05,369 simulation deep_lasso linear_medium 005 ok
2026-09-08 08:15:05,765 simulation deep_lasso linear_medium 006 ok
2026-09-08 08:15:06,079 simulation deep_lasso linear_medium 007 ok
2026-09-08 08:15:06,404 simulation deep_lasso linear_medium 008 ok
2026-09-08 08:15:06,740 simulation deep_lasso linear_medium 009 ok
2026-09-08 08:15:07,024 simulation deep_lasso linear_medium 010 ok
2026-09-08 08:15:07,344 simulation deep_lasso linear_medium 011 ok
2026-09-08 08:15:07,737 simulation deep_lasso linear_medium 012 ok
2026-09-08 08:15:08,203 simulation deep_lasso linear_medium 013 ok
2026-09-08 08:15:08,547 simulation deep_lasso linear_medium 014 ok
2026-09-08 08:15:08,874 simulation deep_lasso linear_medium 015 ok
2026-09-08 08:15:09,203 simulation deep_lasso linear_medium 016 ok
2026-09-08 08:15:09,590 simulation deep_lasso linear_medium 017 ok
2026-09-08 08:15:09,865 simulation deep_lasso linear_medium 018 ok
2026-09-08 08:15:10,126 simulation deep_lasso linear_medium 019 ok
2026-09-08 08:15:10,609 simulation deep_lasso linear_medium 020 ok
2026-09-08 08:15:10,966 simulation deep_lasso linear_medium 021 ok
2026-09-08 08:15:11,430 simulation deep_lasso linear_medium 022 ok
2026-09-08 08:15:11,813 simulation deep_lasso linear_medium 023 ok
2026-09-08 08:15:12,324 simulation deep_lasso linear_medium 024 ok
2026-09-08 08:15:12,695 simulation deep_lasso linear_medium 025 ok
2026-09-08 08:15:13,033 simulation deep_lasso linear_medium 026 ok
2026-09-08 08:15:13,465 simulation deep_lasso linear_medium 027 ok
2026-09-08 08:15:13,845 simulation deep_lasso linear_medium 028 ok
2026-09-08 08:15:14,261 simulation deep_lasso linear_medium 029 ok
2026-09-08 08:15:14,577 simulation deep_lasso linear_medium 030 ok
2026-09-08 08:15:14,921 simulation deep_lasso linear_medium 031 ok
2026-09-08 08:15:15,210 simulation deep_lasso linear_medium 032 ok
2026-09-08 08:15:15,570 simulation deep_lasso linear_medium 033 ok
2026-09-08 08:15:16,032 simulation deep_lasso linear_medium 034 ok
2026-09-08 08:15:16,383 simulation deep_lasso linear_medium 035 ok
2026-09-08 08:15:16,656 simulation deep_lasso linear_medium 036 ok
2026-09-08 08:15:17,030 simulation deep_lasso linear_medium 037 ok
2026-09-08 08:15:17,431 simulation deep_lasso linear_medium 038 ok
2026-09-08 08:15:17,813 simulation deep_lasso linear_medium 039 ok
2026-09-08 08:15:18,166 simulation deep_lasso linear_medium 040 ok
2026-09-08 08:15:18,526 simulation deep_lasso linear_medium 041 ok
2026-09-08 08:15:18,858 simulation deep_lasso linear_medium 042 ok
2026-09-08 08:15:19,289 simulation deep_lasso linear_medium 043 ok
2026-09-08 08:15:19,677 simulation deep_lasso linear_medium 044 ok
2026-09-08 08:15:20,060 simulation deep_lasso linear_medium 045 ok
2026-09-08 08:15:20,335 simulation deep_lasso linear_medium 046 ok
2026-09-08 08:15:20,787 simulation deep_lasso linear_medium 047 ok
2026-09-08 08:15:21,104 simulation deep_lasso linear_medium 048 ok
2026-09-08 08:15:21,481 simulation deep_lasso linear_medium 049 ok
2026-09-08 08:15:21,823 simulation deep_lasso linear_medium 050 ok
2026-09-08 08:15:22,106 simulation deep_lasso linear_medium 051 ok
2026-09-08 08:15:22,520 simulation deep_lasso linear_medium 052 ok
2026-09-08 08:15:22,900 simulation deep_lasso linear_medium 053 ok
2026-09-08 08:15:23,279 simulation deep_lasso linear_medium 054 ok
2026-09-08 08:15:23,693 simulation deep_lasso linear_medium 055 ok
2026-09-08 08:15:24,043 simulation deep_lasso linear_medium 056 ok
2026-09-08 08:15:24,334 simulation deep_lasso linear_medium 057 ok
2026-09-08 08:15:24,788 simulation deep_lasso linear_medium 058 ok
2026-09-08 08:15:25,131 simulation deep_lasso linear_medium 059 ok
2026-09-08 08:15:25,468 simulation deep_lasso linear_medium 060 ok
2026-09-08 08:15:25,786 simulation deep_lasso linear_medium 061 ok
2026-09-08 08:15:26,081 simulation deep_lasso linear_medium 062 ok
2026-09-08 08:15:26,474 simulation deep_lasso linear_medium 063 ok
2026-09-08 08:15:26,890 simulation deep_lasso linear_medium 064 ok
2026-09-08 08:15:27,365 simulation deep_lasso linear_medium 065 ok
2026-09-08 08:15:27,650 simulation deep_lasso linear_medium 066 ok
2026-09-08 08:15:28,098 simulation deep_lasso linear_medium 067 ok
2026-09-08 08:15:28,503 simulation deep_lasso linear_medium 068 ok
2026-09-08 08:15:28,795 simulation deep_lasso linear_medium 069 ok
2026-09-08 08:15:29,218 simulation deep_lasso linear_medium 070 ok
2026-09-08 08:15:29,517 simulation deep_lasso linear_medium 071 ok
2026-09-08 08:15:29,848 simulation deep_lasso linear_medium 072 ok
2026-09-08 08:15:30,162 simulation deep_lasso linear_medium 073 ok
2026-09-08 08:15:30,469 simulation deep_lasso linear_medium 074 ok
2026-09-08 08:15:30,799 simulation deep_lasso linear_medium 075 ok
2026-09-08 08:15:31,285 simulation deep_lasso linear_medium 076 ok
2026-09-08 08:15:31,606 simulation deep_lasso linear_medium 077 ok
2026-09-08 08:15:31,907 simulation deep_lasso linear_medium 078 ok
2026-09-08 08:15:32,261 simulation deep_lasso linear_medium 079 ok
2026-09-08 08:15:32,616 simulation deep_lasso linear_medium 080 ok
2026-09-08 08:15:33,044 simulation deep_lasso linear_medium 081 ok
2026-09-08 08:15:33,498 simulation deep_lasso linear_medium 082 ok
2026-09-08 08:15:33,921 simulation deep_lasso linear_medium 083 ok
2026-09-08 08:15:34,314 simulation deep_lasso linear_medium 084 ok
2026-09-08 08:15:34,780 simulation deep_lasso linear_medium 085 ok
2026-09-08 08:15:35,149 simulation deep_lasso linear_medium 086 ok
2026-09-08 08:15:35,447 simulation deep_lasso linear_medium 087 ok
2026-09-08 08:15:35,798 simulation deep_lasso linear_medium 088 ok
2026-09-08 08:15:36,079 simulation deep_lasso linear_medium 089 ok
2026-09-08 08:15:36,351 simulation deep_lasso linear_medium 090 ok
2026-09-08 08:15:36,740 simulation deep_lasso linear_medium 091 ok
2026-09-08 08:15:37,125 simulation deep_lasso linear_medium 092 ok
2026-09-08 08:15:37,625 simulation deep_lasso linear_medium 093 ok
2026-09-08 08:15:37,955 simulation deep_lasso linear_medium 094 ok
2026-09-08 08:15:38,259 simulation deep_lasso linear_medium 095 ok
2026-09-08 08:15:38,567 simulation deep_lasso linear_medium 096 ok
2026-09-08 08:15:38,879 simulation deep_lasso linear_medium 097 ok
2026-09-08 08:15:39,322 simulation deep_lasso linear_medium 098 ok
2026-09-08 08:15:39,666 simulation deep_lasso linear_medium 099 ok
2026-09-08 08:15:39,978 simulation deep_lasso linear_weak 000 ok
2026-09-08 08:15:40,320 simulation deep_lasso linear_weak 001 ok
2026-09-08 08:15:40,658 simulation deep_lasso linear_weak 002 ok
2026-09-08 08:15:40,949 simulation deep_lasso linear_weak 003 ok
2026-09-08 08:15:41,182 simulation deep_lasso linear_weak 004 ok
2026-09-08 08:15:41,441 simulation deep_lasso linear_weak 005 ok
2026-09-08 08:15:41,788 simulation deep_lasso linear_weak 006 ok
2026-09-08 08:15:42,050 simulation deep_lasso linear_weak 007 ok
2026-09-08 08:15:42,402 simulation deep_lasso linear_weak 008 ok
2026-09-08 08:15:42,784 simulation deep_lasso linear_weak 009 ok
2026-09-08 08:15:43,115 simulation deep_lasso linear_weak 010 ok
2026-09-08 08:15:43,443 simulation deep_lasso linear_weak 011 ok
2026-09-08 08:15:43,751 simulation deep_lasso linear_weak 012 ok
2026-09-08 08:15:44,137 simulation deep_lasso linear_weak 013 ok
2026-09-08 08:15:44,451 simulation deep_lasso linear_weak 014 ok
2026-09-08 08:15:44,754 simulation deep_lasso linear_weak 015 ok
2026-09-08 08:15:45,110 simulation deep_lasso linear_weak 016 ok
2026-09-08 08:15:45,443 simulation deep_lasso linear_weak 017 ok
2026-09-08 08:15:45,787 simulation deep_lasso linear_weak 018 ok
2026-09-08 08:15:46,060 simulation deep_lasso linear_weak 019 ok
2026-09-08 08:15:46,415 simulation deep_lasso linear_weak 020 ok
2026-09-08 08:15:46,630 simulation deep_lasso linear_weak 021 ok
2026-09-08 08:15:46,880 simulation deep_lasso linear_weak 022 ok
2026-09-08 08:15:47,172 simulation deep_lasso linear_weak 023 ok
2026-09-08 08:15:47,443 simulation deep_lasso linear_weak 024 ok
2026-09-08 08:15:47,824 simulation deep_lasso linear_weak 025 ok
2026-09-08 08:15:48,220 simulation deep_lasso linear_weak 026 ok
2026-09-08 08:15:48,551 simulation deep_lasso linear_weak 027 ok
2026-09-08 08:15:48,935 simulation deep_lasso linear_weak 028 ok
2026-09-08 08:15:49,244 simulation deep_lasso linear_weak 029 ok
2026-09-08 08:15:49,506 simulation deep_lasso linear_weak 030 ok
2026-09-08 08:15:49,866 simulation deep_lasso linear_weak 031 ok
2026-09-08 08:15:50,202 simulation deep_lasso linear_weak 032 ok
2026-09-08 08:15:50,605 simulation deep_lasso linear_weak 033 ok
2026-09-08 08:15:50,905 simulation deep_lasso linear_weak 034 ok
2026-09-08 08:15:51,203 simulation deep_lasso linear_weak 035 ok
2026-09-08 08:15:51,532 simulation deep_lasso linear_weak 036 ok
2026-09-08 08:15:51,817 simulation deep_lasso linear_weak 037 ok
2026-09-08 08:15:52,132 simulation deep_lasso linear_weak 038 ok
2026-09-08 08:15:52,552 simulation deep_lasso linear_weak 039 ok
2026-09-08 08:15:52,944 simulation deep_lasso linear_weak 040 ok
2026-09-08 08:15:53,344 simulation deep_lasso linear_weak 041 ok
2026-09-08 08:15:53,785 simulation deep_lasso linear_weak 042 ok
2026-09-08 08:15:54,167 simulation deep_lasso linear_weak 043 ok
2026-09-08 08:15:54,483 simulation deep_lasso linear_weak 044 ok
2026-09-08 08:15:54,823 simulation deep_lasso linear_weak 045 ok
2026-09-08 08:15:55,211 simulation deep_lasso linear_weak 046 ok
2026-09-08 08:15:55,594 simulation deep_lasso linear_weak 047 ok
2026-09-08 08:15:55,975 simulation deep_lasso linear_weak 048 ok
2026-09-08 08:15:56,428 simulation deep_lasso linear_weak 049 ok
2026-09-08 08:15:56,788 simulation deep_lasso linear_weak 050 ok
2026-09-08 08:15:57,111 simulation deep_lasso linear_weak 051 ok
2026-09-08 08:15:57,501 simulation deep_lasso linear_weak 052 ok
2026-09-08 08:15:57,858 simulation deep_lasso linear_weak 053 ok
2026-09-08 08:15:58,153 simulation deep_lasso linear_weak 054 ok
2026-09-08 08:15:58,466 simulation deep_lasso linear_weak 055 ok
2026-09-08 08:15:58,780 simulation deep_lasso linear_weak 056 ok
2026-09-08 08:15:59,063 simulation deep_lasso linear_weak 057 ok
2026-09-08 08:15:59,424 simulation deep_lasso linear_weak 058 ok
2026-09-08 08:15:59,703 simulation deep_lasso linear_weak 059 ok
2026-09-08 08:15:59,921 simulation deep_lasso linear_weak 060 ok
2026-09-08 08:16:00,159 simulation deep_lasso linear_weak 061 ok
2026-09-08 08:16:00,564 simulation deep_lasso linear_weak 062 ok
2026-09-08 08:16:00,881 simulation deep_lasso linear_weak 063 ok
2026-09-08 08:16:01,312 simulation deep_lasso linear_weak 064 ok
2026-09-08 08:16:01,630 simulation deep_lasso linear_weak 065 ok
2026-09-08 08:16:01,938 simulation deep_lasso linear_weak 066 ok
2026-09-08 08:16:02,243 simulation deep_lasso linear_weak 067 ok
2026-09-08 08:16:02,608 simulation deep_lasso linear_weak 068 ok
2026-09-08 08:16:02,983 simulation deep_lasso linear_weak 069 ok
2026-09-08 08:16:03,263 simulation deep_lasso linear_weak 070 ok
2026-09-08 08:16:03,557 simulation deep_lasso linear_weak 071 ok
2026-09-08 08:16:03,987 simulation deep_lasso linear_weak 072 ok
2026-09-08 08:16:04,245 simulation deep_lasso linear_weak 073 ok
2026-09-08 08:16:04,538 simulation deep_lasso linear_weak 074 ok
2026-09-08 08:16:04,865 simulation deep_lasso linear_weak 075 ok
2026-09-08 08:16:05,223 simulation deep_lasso linear_weak 076 ok
2026-09-08 08:16:05,528 simulation deep_lasso linear_weak 077 ok
2026-09-08 08:16:05,906 simulation deep_lasso linear_weak 078 ok
2026-09-08 08:16:06,305 simulation deep_lasso linear_weak 079 ok
2026-09-08 08:16:06,666 simulation deep_lasso linear_weak 080 ok
2026-09-08 08:16:06,933 simulation deep_lasso linear_weak 081 ok
2026-09-08 08:16:07,351 simulation deep_lasso linear_weak 082 ok
2026-09-08 08:16:07,681 simulation deep_lasso linear_weak 083 ok
2026-09-08 08:16:07,985 simulation deep_lasso linear_weak 084 ok
2026-09-08 08:16:08,413 simulation deep_lasso linear_weak 085 ok
2026-09-08 08:16:08,807 simulation deep_lasso linear_weak 086 ok
2026-09-08 08:16:09,075 simulation deep_lasso linear_weak 087 ok
2026-09-08 08:16:09,340 simulation deep_lasso linear_weak 088 ok
2026-09-08 08:16:09,654 simulation deep_lasso linear_weak 089 ok
2026-09-08 08:16:10,054 simulation deep_lasso linear_weak 090 ok
2026-09-08 08:16:10,401 simulation deep_lasso linear_weak 091 ok
2026-09-08 08:16:10,727 simulation deep_lasso linear_weak 092 ok
2026-09-08 08:16:11,117 simulation deep_lasso linear_weak 093 ok
2026-09-08 08:16:11,402 simulation deep_lasso linear_weak 094 ok
2026-09-08 08:16:11,650 simulation deep_lasso linear_weak 095 ok
2026-09-08 08:16:11,907 simulation deep_lasso linear_weak 096 ok
2026-09-08 08:16:12,197 simulation deep_lasso linear_weak 097 ok
2026-09-08 08:16:12,581 simulation deep_lasso linear_weak 098 ok
2026-09-08 08:16:12,925 simulation deep_lasso linear_weak 099 ok
2026-09-08 08:16:13,299 simulation deep_lasso linear_dense 000 ok
2026-09-08 08:16:13,688 simulation deep_lasso linear_dense 001 ok
2026-09-08 08:16:13,995 simulation deep_lasso linear_dense 002 ok
2026-09-08 08:16:14,349 simulation deep_lasso linear_dense 003 ok
2026-09-08 08:16:14,788 simulation deep_lasso linear_dense 004 ok
2026-09-08 08:16:15,052 simulation deep_lasso linear_dense 005 ok
2026-09-08 08:16:15,353 simulation deep_lasso linear_dense 006 ok
2026-09-08 08:16:15,573 simulation deep_lasso linear_dense 007 ok
2026-09-08 08:16:15,886 simulation deep_lasso linear_dense 008 ok
2026-09-08 08:16:16,094 simulation deep_lasso linear_dense 009 ok
2026-09-08 08:16:16,539 simulation deep_lasso linear_dense 010 ok
2026-09-08 08:16:16,886 simulation deep_lasso linear_dense 011 ok
2026-09-08 08:16:17,272 simulation deep_lasso linear_dense 012 ok
2026-09-08 08:16:17,744 simulation deep_lasso linear_dense 013 ok
2026-09-08 08:16:18,111 simulation deep_lasso linear_dense 014 ok
2026-09-08 08:16:18,560 simulation deep_lasso linear_dense 015 ok
2026-09-08 08:16:18,888 simulation deep_lasso linear_dense 016 ok
2026-09-08 08:16:19,305 simulation deep_lasso linear_dense 017 ok
2026-09-08 08:16:19,587 simulation deep_lasso linear_dense 018 ok
2026-09-08 08:16:19,916 simulation deep_lasso linear_dense 019 ok
2026-09-08 08:16:20,156 simulation deep_lasso linear_dense 020 ok
2026-09-08 08:16:20,579 simulation deep_lasso linear_dense 021 ok
2026-09-08 08:16:21,061 simulation deep_lasso linear_dense 022 ok
2026-09-08 08:16:21,560 simulation deep_lasso linear_dense 023 ok
2026-09-08 08:16:21,915 simulation deep_lasso linear_dense 024 ok
2026-09-08 08:16:22,228 simulation deep_lasso linear_dense 025 ok
2026-09-08 08:16:22,610 simulation deep_lasso linear_dense 026 ok
2026-09-08 08:16:23,041 simulation deep_lasso linear_dense 027 ok
2026-09-08 08:16:23,424 simulation deep_lasso linear_dense 028 ok
2026-09-08 08:16:23,758 simulation deep_lasso linear_dense 029 ok
2026-09-08 08:16:24,077 simulation deep_lasso linear_dense 030 ok
2026-09-08 08:16:24,412 simulation deep_lasso linear_dense 031 ok
2026-09-08 08:16:24,848 simulation deep_lasso linear_dense 032 ok
2026-09-08 08:16:25,173 simulation deep_lasso linear_dense 033 ok
2026-09-08 08:16:25,488 simulation deep_lasso linear_dense 034 ok
2026-09-08 08:16:25,789 simulation deep_lasso linear_dense 035 ok
2026-09-08 08:16:26,161 simulation deep_lasso linear_dense 036 ok
2026-09-08 08:16:26,518 simulation deep_lasso linear_dense 037 ok
2026-09-08 08:16:26,973 simulation deep_lasso linear_dense 038 ok
2026-09-08 08:16:27,373 simulation deep_lasso linear_dense 039 ok
2026-09-08 08:16:27,841 simulation deep_lasso linear_dense 040 ok
2026-09-08 08:16:28,134 simulation deep_lasso linear_dense 041 ok
2026-09-08 08:16:28,463 simulation deep_lasso linear_dense 042 ok
2026-09-08 08:16:28,909 simulation deep_lasso linear_dense 043 ok
2026-09-08 08:16:29,297 simulation deep_lasso linear_dense 044 ok
2026-09-08 08:16:29,788 simulation deep_lasso linear_dense 045 ok
2026-09-08 08:16:30,206 simulation deep_lasso linear_dense 046 ok
2026-09-08 08:16:30,746 simulation deep_lasso linear_dense 047 ok
2026-09-08 08:16:31,062 simulation deep_lasso linear_dense 048 ok
2026-09-08 08:16:31,339 simulation deep_lasso linear_dense 049 ok
2026-09-08 08:16:31,641 simulation deep_lasso linear_dense 050 ok
2026-09-08 08:16:32,100 simulation deep_lasso linear_dense 051 ok
2026-09-08 08:16:32,401 simulation deep_lasso linear_dense 052 ok
2026-09-08 08:16:32,715 simulation deep_lasso linear_dense 053 ok
2026-09-08 08:16:33,037 simulation deep_lasso linear_dense 054 ok
2026-09-08 08:16:33,477 simulation deep_lasso linear_dense 055 ok
2026-09-08 08:16:33,922 simulation deep_lasso linear_dense 056 ok
2026-09-08 08:16:34,243 simulation deep_lasso linear_dense 057 ok
2026-09-08 08:16:34,557 simulation deep_lasso linear_dense 058 ok
2026-09-08 08:16:34,835 simulation deep_lasso linear_dense 059 ok
2026-09-08 08:16:35,182 simulation deep_lasso linear_dense 060 ok
2026-09-08 08:16:35,607 simulation deep_lasso linear_dense 061 ok
2026-09-08 08:16:36,065 simulation deep_lasso linear_dense 062 ok
2026-09-08 08:16:36,432 simulation deep_lasso linear_dense 063 ok
2026-09-08 08:16:36,775 simulation deep_lasso linear_dense 064 ok
2026-09-08 08:16:37,232 simulation deep_lasso linear_dense 065 ok
2026-09-08 08:16:37,725 simulation deep_lasso linear_dense 066 ok
2026-09-08 08:16:38,077 simulation deep_lasso linear_dense 067 ok
2026-09-08 08:16:38,441 simulation deep_lasso linear_dense 068 ok
2026-09-08 08:16:38,933 simulation deep_lasso linear_dense 069 ok
2026-09-08 08:16:39,249 simulation deep_lasso linear_dense 070 ok
2026-09-08 08:16:39,713 simulation deep_lasso linear_dense 071 ok
2026-09-08 08:16:40,006 simulation deep_lasso linear_dense 072 ok
2026-09-08 08:16:40,338 simulation deep_lasso linear_dense 073 ok
2026-09-08 08:16:40,789 simulation deep_lasso linear_dense 074 ok
2026-09-08 08:16:41,217 simulation deep_lasso linear_dense 075 ok
2026-09-08 08:16:41,539 simulation deep_lasso linear_dense 076 ok
2026-09-08 08:16:41,942 simulation deep_lasso linear_dense 077 ok
2026-09-08 08:16:42,394 simulation deep_lasso linear_dense 078 ok
2026-09-08 08:16:42,720 simulation deep_lasso linear_dense 079 ok
2026-09-08 08:16:42,979 simulation deep_lasso linear_dense 080 ok
2026-09-08 08:16:43,345 simulation deep_lasso linear_dense 081 ok
2026-09-08 08:16:43,726 simulation deep_lasso linear_dense 082 ok
2026-09-08 08:16:44,145 simulation deep_lasso linear_dense 083 ok
2026-09-08 08:16:44,575 simulation deep_lasso linear_dense 084 ok
2026-09-08 08:16:44,962 simulation deep_lasso linear_dense 085 ok
2026-09-08 08:16:45,408 simulation deep_lasso linear_dense 086 ok
2026-09-08 08:16:45,747 simulation deep_lasso linear_dense 087 ok
2026-09-08 08:16:46,008 simulation deep_lasso linear_dense 088 ok
2026-09-08 08:16:46,349 simulation deep_lasso linear_dense 089 ok
2026-09-08 08:16:46,811 simulation deep_lasso linear_dense 090 ok
2026-09-08 08:16:47,101 simulation deep_lasso linear_dense 091 ok
2026-09-08 08:16:47,651 simulation deep_lasso linear_dense 092 ok
2026-09-08 08:16:48,017 simulation deep_lasso linear_dense 093 ok
2026-09-08 08:16:48,438 simulation deep_lasso linear_dense 094 ok
2026-09-08 08:16:48,853 simulation deep_lasso linear_dense 095 ok
2026-09-08 08:16:49,267 simulation deep_lasso linear_dense 096 ok
2026-09-08 08:16:49,643 simulation deep_lasso linear_dense 097 ok
2026-09-08 08:16:50,114 simulation deep_lasso linear_dense 098 ok
2026-09-08 08:16:50,518 simulation deep_lasso linear_dense 099 ok
2026-09-08 08:16:51,101 simulation deep_lasso nonlinear 000 ok
2026-09-08 08:16:51,792 simulation deep_lasso nonlinear 001 ok
2026-09-08 08:16:52,264 simulation deep_lasso nonlinear 002 ok
2026-09-08 08:16:52,876 simulation deep_lasso nonlinear 003 ok
2026-09-08 08:16:53,549 simulation deep_lasso nonlinear 004 ok
2026-09-08 08:16:54,170 simulation deep_lasso nonlinear 005 ok
2026-09-08 08:16:54,865 simulation deep_lasso nonlinear 006 ok
2026-09-08 08:16:55,562 simulation deep_lasso nonlinear 007 ok
2026-09-08 08:16:56,240 simulation deep_lasso nonlinear 008 ok
2026-09-08 08:16:56,916 simulation deep_lasso nonlinear 009 ok
2026-09-08 08:16:57,638 simulation deep_lasso nonlinear 010 ok
2026-09-08 08:16:58,396 simulation deep_lasso nonlinear 011 ok
2026-09-08 08:16:59,218 simulation deep_lasso nonlinear 012 ok
2026-09-08 08:16:59,908 simulation deep_lasso nonlinear 013 ok
2026-09-08 08:17:00,416 simulation deep_lasso nonlinear 014 ok
2026-09-08 08:17:01,341 simulation deep_lasso nonlinear 015 ok
2026-09-08 08:17:01,993 simulation deep_lasso nonlinear 016 ok
2026-09-08 08:17:02,778 simulation deep_lasso nonlinear 017 ok
2026-09-08 08:17:03,553 simulation deep_lasso nonlinear 018 ok
2026-09-08 08:17:04,104 simulation deep_lasso nonlinear 019 ok
2026-09-08 08:17:04,627 simulation deep_lasso nonlinear 020 ok
2026-09-08 08:17:05,267 simulation deep_lasso nonlinear 021 ok
2026-09-08 08:17:05,843 simulation deep_lasso nonlinear 022 ok
2026-09-08 08:17:06,363 simulation deep_lasso nonlinear 023 ok
2026-09-08 08:17:06,841 simulation deep_lasso nonlinear 024 ok
2026-09-08 08:17:07,585 simulation deep_lasso nonlinear 025 ok
2026-09-08 08:17:08,414 simulation deep_lasso nonlinear 026 ok
2026-09-08 08:17:09,022 simulation deep_lasso nonlinear 027 ok
2026-09-08 08:17:09,586 simulation deep_lasso nonlinear 028 ok
2026-09-08 08:17:10,171 simulation deep_lasso nonlinear 029 ok
2026-09-08 08:17:10,754 simulation deep_lasso nonlinear 030 ok
2026-09-08 08:17:11,288 simulation deep_lasso nonlinear 031 ok
2026-09-08 08:17:11,914 simulation deep_lasso nonlinear 032 ok
2026-09-08 08:17:12,531 simulation deep_lasso nonlinear 033 ok
2026-09-08 08:17:13,156 simulation deep_lasso nonlinear 034 ok
2026-09-08 08:17:13,611 simulation deep_lasso nonlinear 035 ok
2026-09-08 08:17:14,095 simulation deep_lasso nonlinear 036 ok
2026-09-08 08:17:14,479 simulation deep_lasso nonlinear 037 ok
2026-09-08 08:17:15,075 simulation deep_lasso nonlinear 038 ok
2026-09-08 08:17:15,520 simulation deep_lasso nonlinear 039 ok
2026-09-08 08:17:16,023 simulation deep_lasso nonlinear 040 ok
2026-09-08 08:17:16,629 simulation deep_lasso nonlinear 041 ok
2026-09-08 08:17:17,140 simulation deep_lasso nonlinear 042 ok
2026-09-08 08:17:17,686 simulation deep_lasso nonlinear 043 ok
2026-09-08 08:17:18,107 simulation deep_lasso nonlinear 044 ok
2026-09-08 08:17:18,568 simulation deep_lasso nonlinear 045 ok
2026-09-08 08:17:19,078 simulation deep_lasso nonlinear 046 ok
2026-09-08 08:17:19,786 simulation deep_lasso nonlinear 047 ok
2026-09-08 08:17:20,273 simulation deep_lasso nonlinear 048 ok
2026-09-08 08:17:20,807 simulation deep_lasso nonlinear 049 ok
2026-09-08 08:17:21,316 simulation deep_lasso nonlinear 050 ok
2026-09-08 08:17:21,864 simulation deep_lasso nonlinear 051 ok
2026-09-08 08:17:22,451 simulation deep_lasso nonlinear 052 ok
2026-09-08 08:17:22,931 simulation deep_lasso nonlinear 053 ok
2026-09-08 08:17:23,466 simulation deep_lasso nonlinear 054 ok
2026-09-08 08:17:24,056 simulation deep_lasso nonlinear 055 ok
2026-09-08 08:17:24,590 simulation deep_lasso nonlinear 056 ok
2026-09-08 08:17:25,069 simulation deep_lasso nonlinear 057 ok
2026-09-08 08:17:25,559 simulation deep_lasso nonlinear 058 ok
2026-09-08 08:17:26,006 simulation deep_lasso nonlinear 059 ok
2026-09-08 08:17:26,355 simulation deep_lasso nonlinear 060 ok
2026-09-08 08:17:26,790 simulation deep_lasso nonlinear 061 ok
2026-09-08 08:17:27,364 simulation deep_lasso nonlinear 062 ok
2026-09-08 08:17:27,909 simulation deep_lasso nonlinear 063 ok
2026-09-08 08:17:28,399 simulation deep_lasso nonlinear 064 ok
2026-09-08 08:17:28,963 simulation deep_lasso nonlinear 065 ok
2026-09-08 08:17:29,392 simulation deep_lasso nonlinear 066 ok
2026-09-08 08:17:29,889 simulation deep_lasso nonlinear 067 ok
2026-09-08 08:17:30,323 simulation deep_lasso nonlinear 068 ok
2026-09-08 08:17:30,800 simulation deep_lasso nonlinear 069 ok
2026-09-08 08:17:31,130 simulation deep_lasso nonlinear 070 ok
2026-09-08 08:17:31,462 simulation deep_lasso nonlinear 071 ok
2026-09-08 08:17:31,892 simulation deep_lasso nonlinear 072 ok
2026-09-08 08:17:32,417 simulation deep_lasso nonlinear 073 ok
2026-09-08 08:17:33,069 simulation deep_lasso nonlinear 074 ok
2026-09-08 08:17:33,518 simulation deep_lasso nonlinear 075 ok
2026-09-08 08:17:34,088 simulation deep_lasso nonlinear 076 ok
2026-09-08 08:17:34,658 simulation deep_lasso nonlinear 077 ok
2026-09-08 08:17:35,174 simulation deep_lasso nonlinear 078 ok
2026-09-08 08:17:35,651 simulation deep_lasso nonlinear 079 ok
2026-09-08 08:17:36,103 simulation deep_lasso nonlinear 080 ok
2026-09-08 08:17:36,571 simulation deep_lasso nonlinear 081 ok
2026-09-08 08:17:37,080 simulation deep_lasso nonlinear 082 ok
2026-09-08 08:17:37,624 simulation deep_lasso nonlinear 083 ok
2026-09-08 08:17:38,073 simulation deep_lasso nonlinear 084 ok
2026-09-08 08:17:38,450 simulation deep_lasso nonlinear 085 ok
2026-09-08 08:17:38,806 simulation deep_lasso nonlinear 086 ok
2026-09-08 08:17:39,230 simulation deep_lasso nonlinear 087 ok
2026-09-08 08:17:39,664 simulation deep_lasso nonlinear 088 ok
2026-09-08 08:17:40,115 simulation deep_lasso nonlinear 089 ok
2026-09-08 08:17:40,594 simulation deep_lasso nonlinear 090 ok
2026-09-08 08:17:41,124 simulation deep_lasso nonlinear 091 ok
2026-09-08 08:17:41,604 simulation deep_lasso nonlinear 092 ok
2026-09-08 08:17:42,139 simulation deep_lasso nonlinear 093 ok
2026-09-08 08:17:42,633 simulation deep_lasso nonlinear 094 ok
2026-09-08 08:17:43,314 simulation deep_lasso nonlinear 095 ok
2026-09-08 08:17:43,748 simulation deep_lasso nonlinear 096 ok
2026-09-08 08:17:44,237 simulation deep_lasso nonlinear 097 ok
2026-09-08 08:17:44,626 simulation deep_lasso nonlinear 098 ok
2026-09-08 08:17:45,108 simulation deep_lasso nonlinear 099 ok
2026-09-08 08:17:45,613 simulation deep_lasso nonlinear_panel 000 ok
2026-09-08 08:17:46,082 simulation deep_lasso nonlinear_panel 001 ok
2026-09-08 08:17:46,616 simulation deep_lasso nonlinear_panel 002 ok
2026-09-08 08:17:47,095 simulation deep_lasso nonlinear_panel 003 ok
2026-09-08 08:17:47,587 simulation deep_lasso nonlinear_panel 004 ok
2026-09-08 08:17:48,103 simulation deep_lasso nonlinear_panel 005 ok
2026-09-08 08:17:48,584 simulation deep_lasso nonlinear_panel 006 ok
2026-09-08 08:17:49,053 simulation deep_lasso nonlinear_panel 007 ok
2026-09-08 08:17:49,645 simulation deep_lasso nonlinear_panel 008 ok
2026-09-08 08:17:50,253 simulation deep_lasso nonlinear_panel 009 ok
2026-09-08 08:17:50,632 simulation deep_lasso nonlinear_panel 010 ok
2026-09-08 08:17:51,206 simulation deep_lasso nonlinear_panel 011 ok
2026-09-08 08:17:51,687 simulation deep_lasso nonlinear_panel 012 ok
2026-09-08 08:17:52,118 simulation deep_lasso nonlinear_panel 013 ok
2026-09-08 08:17:52,571 simulation deep_lasso nonlinear_panel 014 ok
2026-09-08 08:17:52,865 simulation deep_lasso nonlinear_panel 015 ok
2026-09-08 08:17:53,243 simulation deep_lasso nonlinear_panel 016 ok
2026-09-08 08:17:53,704 simulation deep_lasso nonlinear_panel 017 ok
2026-09-08 08:17:54,210 simulation deep_lasso nonlinear_panel 018 ok
2026-09-08 08:17:54,630 simulation deep_lasso nonlinear_panel 019 ok
2026-09-08 08:17:55,232 simulation deep_lasso nonlinear_panel 020 ok
2026-09-08 08:17:55,801 simulation deep_lasso nonlinear_panel 021 ok
2026-09-08 08:17:56,296 simulation deep_lasso nonlinear_panel 022 ok
2026-09-08 08:17:56,817 simulation deep_lasso nonlinear_panel 023 ok
2026-09-08 08:17:57,453 simulation deep_lasso nonlinear_panel 024 ok
2026-09-08 08:17:58,031 simulation deep_lasso nonlinear_panel 025 ok
2026-09-08 08:17:58,532 simulation deep_lasso nonlinear_panel 026 ok
2026-09-08 08:17:58,981 simulation deep_lasso nonlinear_panel 027 ok
2026-09-08 08:17:59,591 simulation deep_lasso nonlinear_panel 028 ok
2026-09-08 08:18:00,093 simulation deep_lasso nonlinear_panel 029 ok
2026-09-08 08:18:00,444 simulation deep_lasso nonlinear_panel 030 ok
2026-09-08 08:18:00,848 simulation deep_lasso nonlinear_panel 031 ok
2026-09-08 08:18:01,221 simulation deep_lasso nonlinear_panel 032 ok
2026-09-08 08:18:01,696 simulation deep_lasso nonlinear_panel 033 ok
2026-09-08 08:18:02,275 simulation deep_lasso nonlinear_panel 034 ok
2026-09-08 08:18:02,768 simulation deep_lasso nonlinear_panel 035 ok
2026-09-08 08:18:03,500 simulation deep_lasso nonlinear_panel 036 ok
2026-09-08 08:18:03,861 simulation deep_lasso nonlinear_panel 037 ok
2026-09-08 08:18:04,347 simulation deep_lasso nonlinear_panel 038 ok
2026-09-08 08:18:04,854 simulation deep_lasso nonlinear_panel 039 ok
2026-09-08 08:18:05,316 simulation deep_lasso nonlinear_panel 040 ok
2026-09-08 08:18:05,754 simulation deep_lasso nonlinear_panel 041 ok
2026-09-08 08:18:06,238 simulation deep_lasso nonlinear_panel 042 ok
2026-09-08 08:18:06,868 simulation deep_lasso nonlinear_panel 043 ok
2026-09-08 08:18:07,437 simulation deep_lasso nonlinear_panel 044 ok
2026-09-08 08:18:07,971 simulation deep_lasso nonlinear_panel 045 ok
2026-09-08 08:18:08,420 simulation deep_lasso nonlinear_panel 046 ok
2026-09-08 08:18:09,000 simulation deep_lasso nonlinear_panel 047 ok
2026-09-08 08:18:09,400 simulation deep_lasso nonlinear_panel 048 ok
2026-09-08 08:18:09,966 simulation deep_lasso nonlinear_panel 049 ok
2026-09-08 08:18:10,494 simulation deep_lasso nonlinear_panel 050 ok
2026-09-08 08:18:10,862 simulation deep_lasso nonlinear_panel 051 ok
2026-09-08 08:18:11,330 simulation deep_lasso nonlinear_panel 052 ok
2026-09-08 08:18:11,785 simulation deep_lasso nonlinear_panel 053 ok
2026-09-08 08:18:12,138 simulation deep_lasso nonlinear_panel 054 ok
2026-09-08 08:18:12,652 simulation deep_lasso nonlinear_panel 055 ok
2026-09-08 08:18:13,177 simulation deep_lasso nonlinear_panel 056 ok
2026-09-08 08:18:13,631 simulation deep_lasso nonlinear_panel 057 ok
2026-09-08 08:18:14,031 simulation deep_lasso nonlinear_panel 058 ok
2026-09-08 08:18:14,495 simulation deep_lasso nonlinear_panel 059 ok
2026-09-08 08:18:14,989 simulation deep_lasso nonlinear_panel 060 ok
2026-09-08 08:18:15,413 simulation deep_lasso nonlinear_panel 061 ok
2026-09-08 08:18:16,002 simulation deep_lasso nonlinear_panel 062 ok
2026-09-08 08:18:16,498 simulation deep_lasso nonlinear_panel 063 ok
2026-09-08 08:18:17,015 simulation deep_lasso nonlinear_panel 064 ok
2026-09-08 08:18:17,474 simulation deep_lasso nonlinear_panel 065 ok
2026-09-08 08:18:17,822 simulation deep_lasso nonlinear_panel 066 ok
2026-09-08 08:18:18,275 simulation deep_lasso nonlinear_panel 067 ok
2026-09-08 08:18:18,805 simulation deep_lasso nonlinear_panel 068 ok
2026-09-08 08:18:19,293 simulation deep_lasso nonlinear_panel 069 ok
2026-09-08 08:18:19,905 simulation deep_lasso nonlinear_panel 070 ok
2026-09-08 08:18:20,435 simulation deep_lasso nonlinear_panel 071 ok
2026-09-08 08:18:21,012 simulation deep_lasso nonlinear_panel 072 ok
2026-09-08 08:18:21,500 simulation deep_lasso nonlinear_panel 073 ok
2026-09-08 08:18:21,993 simulation deep_lasso nonlinear_panel 074 ok
2026-09-08 08:18:22,536 simulation deep_lasso nonlinear_panel 075 ok
2026-09-08 08:18:23,086 simulation deep_lasso nonlinear_panel 076 ok
2026-09-08 08:18:23,640 simulation deep_lasso nonlinear_panel 077 ok
2026-09-08 08:18:23,977 simulation deep_lasso nonlinear_panel 078 ok
2026-09-08 08:18:24,347 simulation deep_lasso nonlinear_panel 079 ok
2026-09-08 08:18:24,850 simulation deep_lasso nonlinear_panel 080 ok
2026-09-08 08:18:25,256 simulation deep_lasso nonlinear_panel 081 ok
2026-09-08 08:18:25,624 simulation deep_lasso nonlinear_panel 082 ok
2026-09-08 08:18:26,198 simulation deep_lasso nonlinear_panel 083 ok
2026-09-08 08:18:26,561 simulation deep_lasso nonlinear_panel 084 ok
2026-09-08 08:18:26,960 simulation deep_lasso nonlinear_panel 085 ok
2026-09-08 08:18:27,520 simulation deep_lasso nonlinear_panel 086 ok
2026-09-08 08:18:28,072 simulation deep_lasso nonlinear_panel 087 ok
2026-09-08 08:18:28,619 simulation deep_lasso nonlinear_panel 088 ok
2026-09-08 08:18:28,945 simulation deep_lasso nonlinear_panel 089 ok
2026-09-08 08:18:29,437 simulation deep_lasso nonlinear_panel 090 ok
2026-09-08 08:18:29,941 simulation deep_lasso nonlinear_panel 091 ok
2026-09-08 08:18:30,486 simulation deep_lasso nonlinear_panel 092 ok
2026-09-08 08:18:31,106 simulation deep_lasso nonlinear_panel 093 ok
2026-09-08 08:18:31,472 simulation deep_lasso nonlinear_panel 094 ok
2026-09-08 08:18:32,056 simulation deep_lasso nonlinear_panel 095 ok
2026-09-08 08:18:32,542 simulation deep_lasso nonlinear_panel 096 ok
2026-09-08 08:18:33,038 simulation deep_lasso nonlinear_panel 097 ok
2026-09-08 08:18:33,412 simulation deep_lasso nonlinear_panel 098 ok
2026-09-08 08:18:33,865 simulation deep_lasso nonlinear_panel 099 ok
