2026-09-08 08:09:38,407 simulation elastic_net linear_sparse 000 ok
2026-09-08 08:09:38,444 simulation elastic_net linear_sparse 001 ok
2026-09-08 08:09:38,483 simulation elastic_net linear_sparse 002 ok
2026-09-08 08:09:38,519 simulation elastic_net linear_sparse 003 ok
2026-09-08 08:09:38,556 simulation elastic_net linear_sparse 004 ok
2026-09-08 08:09:38,593 simulation elastic_net linear_sparse 005 ok
2026-09-08 08:09:38,629 simulation elastic_net linear_sparse 006 ok
2026-09-08 08:09:38,666 simulation elastic_net linear_sparse 007 ok
2026-09-08 08:09:38,713 simulation elastic_net linear_sparse 008 ok
2026-09-08 08:09:38,749 simulation elastic_net linear_sparse 009 ok
2026-09-08 08:09:38,786 simulation elastic_net linear_sparse 010 ok
2026-09-08 08:09:38,822 simulation elastic_net linear_sparse 011 ok
2026-09-08 08:09:38,859 simulation elastic_net linear_sparse 012 ok
2026-09-08 08:09:38,896 simulation elastic_net linear_sparse 013 ok
2026-09-08 08:09:38,932 simulation elastic_net linear_sparse 014 ok
2026-09-08 08:09:38,970 simulation elastic_net linear_sparse 015 ok
2026-09-08 08:09:39,007 simulation elastic_net linear_sparse 016 ok
2026-09-08 08:09:39,043 simulation elastic_net linear_sparse 017 ok
2026-09-08 08:09:39,080 simulation elastic_net linear_sparse 018 ok
2026-09-08 08:09:39,117 simulation elastic_net linear_sparse 019 ok
2026-09-08 08:09:39,154 simulation elastic_net linear_sparse 020 ok
2026-09-08 08:09:39,190 simulation elastic_net linear_sparse 021 ok
2026-09-08 08:09:39,227 simulation elastic_net linear_sparse 022 ok
2026-09-08 08:09:39,265 simulation elastic_net linear_sparse 023 ok
2026-09-08 08:09:39,303 simulation elastic_net linear_sparse 024 ok
2026-09-08 08:09:39,340 simulation elastic_net linear_sparse 025 ok
2026-09-08 08:09:39,379 simulation elastic_net linear_sparse 026 ok
2026-09-08 08:09:39,416 simulation elastic_net linear_sparse 027 ok
2026-09-08 08:09:39,454 simulation elastic_net linear_sparse 028 ok
2026-09-08 08:09:39,490 simulation elastic_net linear_sparse 029 ok
2026-09-08 08:09:39,528 simulation elastic_net linear_sparse 030 ok
2026-09-08 08:09:39,565 simulation elastic_net linear_sparse 031 ok
2026-09-08 08:09:39,602 simulation elastic_net linear_sparse 032 ok
2026-09-08 08:09:39,639 simulation elastic_net linear_sparse 033 ok
2026-09-08 08:09:39,680 simulation elastic_net linear_sparse 034 ok
2026-09-08 08:09:39,720 simulation elastic_net linear_sparse 035 ok
2026-09-08 08:09:39,758 simulation elastic_net linear_sparse 036 ok
2026-09-08 08:09:39,795 simulation elastic_net linear_sparse 037 ok
2026-09-08 08:09:39,833 simulation elastic_net linear_sparse 038 ok
2026-09-08 08:09:39,868 simulation elastic_net linear_sparse 039 ok
2026-09-08 08:09:39,906 simulation elastic_net linear_sparse 040 ok
2026-09-08 08:09:39,942 simulation elastic_net linear_sparse 041 ok
2026-09-08 08:09:39,979 simulation elastic_net linear_sparse 042 ok
2026-09-08 08:09:40,016 simulation elastic_net linear_sparse 043 ok
2026-09-08 08:09:40,053 simulation elastic_net linear_sparse 044 ok
2026-09-08 08:09:40,089 simulation elastic_net linear_sparse 045 ok
2026-09-08 08:09:40,126 simulation elastic_net linear_sparse 046 ok
2026-09-08 08:09:40,162 simulation elastic_net linear_sparse 047 ok
2026-09-08 08:09:40,199 simulation elastic_net linear_sparse 048 ok
2026-09-08 08:09:40,236 simulation elastic_net linear_sparse 049 ok
2026-09-08 08:09:40,275 simulation elastic_net linear_sparse 050 ok
2026-09-08 08:09:40,311 simulation elastic_net linear_sparse 051 ok
2026-09-08 08:09:40,347 simulation elastic_net linear_sparse 052 ok
2026-09-08 08:09:40,383 simulation elastic_net linear_sparse 053 ok
2026-09-08 08:09:40,419 simulation elastic_net linear_sparse 054 ok
2026-09-08 08:09:40,458 simulation elastic_net linear_sparse 055 ok
2026-09-08 08:09:40,495 simulation elastic_net linear_sparse 056 ok
2026-09-08 08:09:40,532 simulation elastic_net linear_sparse 057 ok
2026-09-08 08:09:40,567 simulation elastic_net linear_sparse 058 ok
2026-09-08 08:09:40,605 simulation elastic_net linear_sparse 059 ok
2026-09-08 08:09:40,642 simulation elastic_net linear_sparse 060 ok
2026-09-08 08:09:40,682 simulation elastic_net linear_sparse 061 ok
2026-09-08 08:09:40,723 simulation elastic_net linear_sparse 062 ok
2026-09-08 08:09:40,761 simulation elastic_net linear_sparse 063 ok
2026-09-08 08:09:40,798 simulation elastic_net linear_sparse 064 ok
2026-09-08 08:09:40,836 simulation elastic_net linear_sparse 065 ok
2026-09-08 08:09:40,873 simulation elastic_net linear_sparse 066 ok
2026-09-08 08:09:40,911 simulation elastic_net linear_sparse 067 ok
2026-09-08 08:09:40,948 simulation elastic_net linear_sparse 068 ok
2026-09-08 08:09:40,985 simulation elastic_net linear_sparse 069 ok
2026-09-08 08:09:41,023 simulation elastic_net linear_sparse 070 ok
2026-09-08 08:09:41,060 simulation elastic_net linear_sparse 071 ok
2026-09-08 08:09:41,097 simulation elastic_net linear_sparse 072 ok
2026-09-08 08:09:41,134 simulation elastic_net linear_sparse 073 ok
2026-09-08 08:09:41,172 simulation elastic_net linear_sparse 074 ok
2026-09-08 08:09:41,209 simulation elastic_net linear_sparse 075 ok
2026-09-08 08:09:41,247 simulation elastic_net linear_sparse 076 ok
2026-09-08 08:09:41,284 simulation elastic_net linear_sparse 077 ok
2026-09-08 08:09:41,322 simulation elastic_net linear_sparse 078 ok
2026-09-08 08:09:41,360 simulation elastic_net linear_sparse 079 ok
2026-09-08 08:09:41,400 simulation elastic_net linear_sparse 080 ok
2026-09-08 08:09:41,437 simulation elastic_net linear_sparse 081 ok
2026-09-08 08:09:41,475 simulation elastic_net linear_sparse 082 ok
2026-09-08 08:09:41,512 simulation elastic_net linear_sparse 083 ok
2026-09-08 08:09:41,550 simulation elastic_net linear_sparse 084 ok
2026-09-08 08:09:41,587 simulation elastic_net linear_sparse 085 ok
2026-09-08 08:09:41,625 simulation elastic_net linear_sparse 086 ok
2026-09-08 08:09:41,661 simulation elastic_net linear_sparse 087 ok
2026-09-08 08:09:41,708 simulation elastic_net linear_sparse 088 ok
2026-09-08 08:09:41,746 simulation elastic_net linear_sparse 089 ok
2026-09-08 08:09:41,782 simulation elastic_net linear_sparse 090 ok
2026-09-08 08:09:41,817 simulation elastic_net linear_sparse 091 ok
2026-09-08 08:09:41,854 simulation elastic_net linear_sparse 092 ok
2026-09-08 08:09:41,893 simulation elastic_net linear_sparse 093 ok
2026-09-08 08:09:41,929 simulation elastic_net linear_sparse 094 ok
2026-09-08 08:09:41,967 simulation elastic_net linear_sparse 095 ok
2026-09-08 08:09:42,004 simulation elastic_net linear_sparse 096 ok
2026-09-08 08:09:42,040 simulation elastic_net linear_sparse 097 ok
2026-09-08 08:09:42,077 simulation elastic_net linear_sparse 098 ok
2026-09-08 08:09:42,114 simulation elastic_net linear_sparse 099 ok
2026-09-08 08:09:42,149 simulation elastic_net linear_medium 000 ok
2026-09-08 08:09:42,186 simulation elastic_net linear_medium 001 ok
2026-09-08 08:09:42,223 simulation elastic_net linear_medium 002 ok
2026-09-08 08:09:42,259 simulation elastic_net linear_medium 003 ok
2026-09-08 08:09:42,297 simulation elastic_net linear_medium 004 ok
2026-09-08 08:09:42,334 simulation elastic_net linear_medium 005 ok
2026-09-08 08:09:42,372 simulation elastic_net linear_medium 006 ok
2026-09-08 08:09:42,408 simulation elastic_net linear_medium 007 ok
2026-09-08 08:09:42,445 simulation elastic_net linear_medium 008 ok
2026-09-08 08:09:42,482 simulation elastic_net linear_medium 009 ok
2026-09-08 08:09:42,520 simulation elastic_net linear_medium 010 ok
2026-09-08 08:09:42,557 simulation elastic_net linear_medium 011 ok
2026-09-08 08:09:42,594 simulation elastic_net linear_medium 012 ok
2026-09-08 08:09:42,631 simulation elastic_net linear_medium 013 ok
2026-09-08 08:09:42,669 simulation elastic_net linear_medium 014 ok
2026-09-08 08:09:42,711 simulation elastic_net linear_medium 015 ok
2026-09-08 08:09:42,747 simulation elastic_net linear_medium 016 ok
2026-09-08 08:09:42,785 simulation elastic_net linear_medium 017 ok
2026-09-08 08:09:42,822 simulation elastic_net linear_medium 018 ok
2026-09-08 08:09:42,859 simulation elastic_net linear_medium 019 ok
2026-09-08 08:09:42,897 simulation elastic_net linear_medium 020 ok
2026-09-08 08:09:42,934 simulation elastic_net linear_medium 021 ok
2026-09-08 08:09:42,971 simulation elastic_net linear_medium 022 ok
2026-09-08 08:09:43,010 simulation elastic_net linear_medium 023 ok
2026-09-08 08:09:43,047 simulation elastic_net linear_medium 024 ok
2026-09-08 08:09:43,084 simulation elastic_net linear_medium 025 ok
2026-09-08 08:09:43,122 simulation elastic_net linear_medium 026 ok
2026-09-08 08:09:43,159 simulation elastic_net linear_medium 027 ok
2026-09-08 08:09:43,197 simulation elastic_net linear_medium 028 ok
2026-09-08 08:09:43,235 simulation elastic_net linear_medium 029 ok
2026-09-08 08:09:43,273 simulation elastic_net linear_medium 030 ok
2026-09-08 08:09:43,309 simulation elastic_net linear_medium 031 ok
2026-09-08 08:09:43,347 simulation elastic_net linear_medium 032 ok
2026-09-08 08:09:43,385 simulation elastic_net linear_medium 033 ok
2026-09-08 08:09:43,421 simulation elastic_net linear_medium 034 ok
2026-09-08 08:09:43,458 simulation elastic_net linear_medium 035 ok
2026-09-08 08:09:43,494 simulation elastic_net linear_medium 036 ok
2026-09-08 08:09:43,532 simulation elastic_net linear_medium 037 ok
2026-09-08 08:09:43,568 simulation elastic_net linear_medium 038 ok
2026-09-08 08:09:43,605 simulation elastic_net linear_medium 039 ok
2026-09-08 08:09:43,642 simulation elastic_net linear_medium 040 ok
2026-09-08 08:09:43,679 simulation elastic_net linear_medium 041 ok
2026-09-08 08:09:43,716 simulation elastic_net linear_medium 042 ok
2026-09-08 08:09:43,753 simulation elastic_net linear_medium 043 ok
2026-09-08 08:09:43,790 simulation elastic_net linear_medium 044 ok
2026-09-08 08:09:43,828 simulation elastic_net linear_medium 045 ok
2026-09-08 08:09:43,865 simulation elastic_net linear_medium 046 ok
2026-09-08 08:09:43,902 simulation elastic_net linear_medium 047 ok
2026-09-08 08:09:43,938 simulation elastic_net linear_medium 048 ok
2026-09-08 08:09:43,975 simulation elastic_net linear_medium 049 ok
2026-09-08 08:09:44,011 simulation elastic_net linear_medium 050 ok
2026-09-08 08:09:44,048 simulation elastic_net linear_medium 051 ok
2026-09-08 08:09:44,085 simulation elastic_net linear_medium 052 ok
2026-09-08 08:09:44,122 simulation elastic_net linear_medium 053 ok
2026-09-08 08:09:44,159 simulation elastic_net linear_medium 054 ok
2026-09-08 08:09:44,196 simulation elastic_net linear_medium 055 ok
2026-09-08 08:09:44,234 simulation elastic_net linear_medium 056 ok
2026-09-08 08:09:44,271 simulation elastic_net linear_medium 057 ok
2026-09-08 08:09:44,307 simulation elastic_net linear_medium 058 ok
2026-09-08 08:09:44,344 simulation elastic_net linear_medium 059 ok
2026-09-08 08:09:44,382 simulation elastic_net linear_medium 060 ok
2026-09-08 08:09:44,419 simulation elastic_net linear_medium 061 ok
2026-09-08 08:09:44,456 simulation elastic_net linear_medium 062 ok
2026-09-08 08:09:44,493 simulation elastic_net linear_medium 063 ok
2026-09-08 08:09:44,531 simulation elastic_net linear_medium 064 ok
2026-09-08 08:09:44,568 simulation elastic_net linear_medium 065 ok
2026-09-08 08:09:44,605 simulation elastic_net linear_medium 066 ok
2026-09-08 08:09:44,643 simulation elastic_net linear_medium 067 ok
2026-09-08 08:09:44,680 simulation elastic_net linear_medium 068 ok
2026-09-08 08:09:44,718 simulation elastic_net linear_medium 069 ok
2026-09-08 08:09:44,755 simulation elastic_net linear_medium 070 ok
2026-09-08 08:09:44,792 simulation elastic_net linear_medium 071 ok
2026-09-08 08:09:44,829 simulation elastic_net linear_medium 072 ok
2026-09-08 08:09:44,867 simulation elastic_net linear_medium 073 ok
2026-09-08 08:09:44,904 simulation elastic_net linear_medium 074 ok
2026-09-08 08:09:44,942 simulation elastic_net linear_medium 075 ok
2026-09-08 08:09:44,978 simulation elastic_net linear_medium 076 ok
2026-09-08 08:09:45,016 simulation elastic_net linear_medium 077 ok
2026-09-08 08:09:45,053 simulation elastic_net linear_medium 078 ok
2026-09-08 08:09:45,090 simulation elastic_net linear_medium 079 ok
2026-09-08 08:09:45,128 simulation elastic_net linear_medium 080 ok
2026-09-08 08:09:45,165 simulation elastic_net linear_medium 081 ok
2026-09-08 08:09:45,203 simulation elastic_net linear_medium 082 ok
2026-09-08 08:09:45,240 simulation elastic_net linear_medium 083 ok
2026-09-08 08:09:45,277 simulation elastic_net linear_medium 084 ok
2026-09-08 08:09:45,313 simulation elastic_net linear_medium 085 ok
2026-09-08 08:09:45,352 simulation elastic_net linear_medium 086 ok
2026-09-08 08:09:45,395 simulation elastic_net linear_medium 087 ok
2026-09-08 08:09:45,436 simulation elastic_net linear_medium 088 ok
2026-09-08 08:09:45,473 simulation elastic_net linear_medium 089 ok
2026-09-08 08:09:45,510 simulation elastic_net linear_medium 090 ok
2026-09-08 08:09:45,547 simulation elastic_net linear_medium 091 ok
2026-09-08 08:09:45,584 simulation elastic_net linear_medium 092 ok
2026-09-08 08:09:45,622 simulation elastic_net linear_medium 093 ok
2026-09-08 08:09:45,660 simulation elastic_net linear_medium 094 ok
2026-09-08 08:09:45,697 simulation elastic_net linear_medium 095 ok
2026-09-08 08:09:45,734 simulation elastic_net linear_medium 096 ok
2026-09-08 08:09:45,771 simulation elastic_net linear_medium 097 ok
2026-09-08 08:09:45,807 simulation elastic_net linear_medium 098 ok
2026-09-08 08:09:45,844 simulation elastic_net linear_medium 099 ok
2026-09-08 08:09:45,880 simulation elastic_net linear_weak 000 ok
2026-09-08 08:09:45,916 simulation elastic_net linear_weak 001 ok
2026-09-08 08:09:45,953 simulation elastic_net linear_weak 002 ok
2026-09-08 08:09:45,990 simulation elastic_net linear_weak 003 ok
2026-09-08 08:09:46,028 simulation elastic_net linear_weak 004 ok
2026-09-08 08:09:46,065 simulation elastic_net linear_weak 005 ok
2026-09-08 08:09:46,102 simulation elastic_net linear_weak 006 ok
2026-09-08 08:09:46,138 simulation elastic_net linear_weak 007 ok
2026-09-08 08:09:46,175 simulation elastic_net linear_weak 008 ok
2026-09-08 08:09:46,212 simulation elastic_net linear_weak 009 ok
2026-09-08 08:09:46,247 simulation elastic_net linear_weak 010 ok
2026-09-08 08:09:46,284 simulation elastic_net linear_weak 011 ok
2026-09-08 08:09:46,320 simulation elastic_net linear_weak 012 ok
2026-09-08 08:09:46,357 simulation elastic_net linear_weak 013 ok
2026-09-08 08:09:46,395 simulation elastic_net linear_weak 014 ok
2026-09-08 08:09:46,431 simulation elastic_net linear_weak 015 ok
2026-09-08 08:09:46,468 simulation elastic_net linear_weak 016 ok
2026-09-08 08:09:46,505 simulation elastic_net linear_weak 017 ok
2026-09-08 08:09:46,542 simulation elastic_net linear_weak 018 ok
2026-09-08 08:09:46,577 simulation elastic_net linear_weak 019 ok
2026-09-08 08:09:46,614 simulation elastic_net linear_weak 020 ok
2026-09-08 08:09:46,651 simulation elastic_net linear_weak 021 ok
2026-09-08 08:09:46,687 simulation elastic_net linear_weak 022 ok
2026-09-08 08:09:46,723 simulation elastic_net linear_weak 023 ok
2026-09-08 08:09:46,760 simulation elastic_net linear_weak 024 ok
2026-09-08 08:09:46,798 simulation elastic_net linear_weak 025 ok
2026-09-08 08:09:46,835 simulation elastic_net linear_weak 026 ok
2026-09-08 08:09:46,872 simulation elastic_net linear_weak 027 ok
2026-09-08 08:09:46,909 simulation elastic_net linear_weak 028 ok
2026-09-08 08:09:46,946 simulation elastic_net linear_weak 029 ok
2026-09-08 08:09:46,984 simulation elastic_net linear_weak 030 ok
2026-09-08 08:09:47,023 simulation elastic_net linear_weak 031 ok
2026-09-08 08:09:47,060 simulation elastic_net linear_weak 032 ok
2026-09-08 08:09:47,098 simulation elastic_net linear_weak 033 ok
2026-09-08 08:09:47,136 simulation elastic_net linear_weak 034 ok
2026-09-08 08:09:47,174 simulation elastic_net linear_weak 035 ok
2026-09-08 08:09:47,212 simulation elastic_net linear_weak 036 ok
2026-09-08 08:09:47,250 simulation elastic_net linear_weak 037 ok
2026-09-08 08:09:47,288 simulation elastic_net linear_weak 038 ok
2026-09-08 08:09:47,325 simulation elastic_net linear_weak 039 ok
2026-09-08 08:09:47,363 simulation elastic_net linear_weak 040 ok
2026-09-08 08:09:47,401 simulation elastic_net linear_weak 041 ok
2026-09-08 08:09:47,438 simulation elastic_net linear_weak 042 ok
2026-09-08 08:09:47,474 simulation elastic_net linear_weak 043 ok
2026-09-08 08:09:47,510 simulation elastic_net linear_weak 044 ok
2026-09-08 08:09:47,546 simulation elastic_net linear_weak 045 ok
2026-09-08 08:09:47,582 simulation elastic_net linear_weak 046 ok
2026-09-08 08:09:47,618 simulation elastic_net linear_weak 047 ok
2026-09-08 08:09:47,654 simulation elastic_net linear_weak 048 ok
2026-09-08 08:09:47,691 simulation elastic_net linear_weak 049 ok
2026-09-08 08:09:47,728 simulation elastic_net linear_weak 050 ok
2026-09-08 08:09:47,765 simulation elastic_net linear_weak 051 ok
2026-09-08 08:09:47,801 simulation elastic_net linear_weak 052 ok
2026-09-08 08:09:47,839 simulation elastic_net linear_weak 053 ok
2026-09-08 08:09:47,876 simulation elastic_net linear_weak 054 ok
2026-09-08 08:09:47,913 simulation elastic_net linear_weak 055 ok
2026-09-08 08:09:47,950 simulation elastic_net linear_weak 056 ok
2026-09-08 08:09:47,986 simulation elastic_net linear_weak 057 ok
2026-09-08 08:09:48,023 simulation elastic_net linear_weak 058 ok
2026-09-08 08:09:48,060 simulation elastic_net linear_weak 059 ok
2026-09-08 08:09:48,096 simulation elastic_net linear_weak 060 ok
2026-09-08 08:09:48,133 simulation elastic_net linear_weak 061 ok
2026-09-08 08:09:48,169 simulation elastic_net linear_weak 062 ok
2026-09-08 08:09:48,207 simulation elastic_net linear_weak 063 ok
2026-09-08 08:09:48,244 simulation elastic_net linear_weak 064 ok
2026-09-08 08:09:48,281 simulation elastic_net linear_weak 065 ok
2026-09-08 08:09:48,317 simulation elastic_net linear_weak 066 ok
2026-09-08 08:09:48,354 simulation elastic_net linear_weak 067 ok
2026-09-08 08:09:48,391 simulation elastic_net linear_weak 068 ok
2026-09-08 08:09:48,429 simulation elastic_net linear_weak 069 ok
2026-09-08 08:09:48,466 simulation elastic_net linear_weak 070 ok
2026-09-08 08:09:48,502 simulation elastic_net linear_weak 071 ok
2026-09-08 08:09:48,539 simulation elastic_net linear_weak 072 ok
2026-09-08 08:09:48,576 simulation elastic_net linear_weak 073 ok
2026-09-08 08:09:48,614 simulation elastic_net linear_weak 074 ok
2026-09-08 08:09:48,650 simulation elastic_net linear_weak 075 ok
2026-09-08 08:09:48,687 simulation elastic_net linear_weak 076 ok
2026-09-08 08:09:48,725 simulation elastic_net linear_weak 077 ok
2026-09-08 08:09:48,763 simulation elastic_net linear_weak 078 ok
2026-09-08 08:09:48,799 simulation elastic_net linear_weak 079 ok
2026-09-08 08:09:48,838 simulation elastic_net linear_weak 080 ok
2026-09-08 08:09:48,875 simulation elastic_net linear_weak 081 ok
2026-09-08 08:09:48,910 simulation elastic_net linear_weak 082 ok
2026-09-08 08:09:48,947 simulation elastic_net linear_weak 083 ok
2026-09-08 08:09:48,983 simulation elastic_net linear_weak 084 ok
2026-09-08 08:09:49,020 simulation elastic_net linear_weak 085 ok
2026-09-08 08:09:49,057 simulation elastic_net linear_weak 086 ok
2026-09-08 08:09:49,095 simulation elastic_net linear_weak 087 ok
2026-09-08 08:09:49,132 simulation elastic_net linear_weak 088 ok
2026-09-08 08:09:49,169 simulation elastic_net linear_weak 089 ok
2026-09-08 08:09:49,206 simulation elastic_net linear_weak 090 ok
2026-09-08 08:09:49,242 simulation elastic_net linear_weak 091 ok
2026-09-08 08:09:49,280 simulation elastic_net linear_weak 092 ok
2026-09-08 08:09:49,317 simulation elastic_net linear_weak 093 ok
2026-09-08 08:09:49,353 simulation elastic_net linear_weak 094 ok
2026-09-08 08:09:49,390 simulation elastic_net linear_weak 095 ok
2026-09-08 08:09:49,426 simulation elastic_net linear_weak 096 ok
2026-09-08 08:09:49,463 simulation elastic_net linear_weak 097 ok
2026-09-08 08:09:49,500 simulation elastic_net linear_weak 098 ok
2026-09-08 08:09:49,536 simulation elastic_net linear_weak 099 ok
2026-09-08 08:09:49,572 simulation elastic_net linear_dense 000 ok
2026-09-08 08:09:49,609 simulation elastic_net linear_dense 001 ok
2026-09-08 08:09:49,647 simulation elastic_net linear_dense 002 ok
2026-09-08 08:09:49,684 simulation elastic_net linear_dense 003 ok
2026-09-08 08:09:49,720 simulation elastic_net linear_dense 004 ok
2026-09-08 08:09:49,760 simulation elastic_net linear_dense 005 ok
2026-09-08 08:09:49,797 simulation elastic_net linear_dense 006 ok
2026-09-08 08:09:49,834 simulation elastic_net linear_dense 007 ok
2026-09-08 08:09:49,871 simulation elastic_net linear_dense 008 ok
2026-09-08 08:09:49,908 simulation elastic_net linear_dense 009 ok
2026-09-08 08:09:49,945 simulation elastic_net linear_dense 010 ok
2026-09-08 08:09:49,982 simulation elastic_net linear_dense 011 ok
2026-09-08 08:09:50,019 simulation elastic_net linear_dense 012 ok
2026-09-08 08:09:50,056 simulation elastic_net linear_dense 013 ok
2026-09-08 08:09:50,092 simulation elastic_net linear_dense 014 ok
2026-09-08 08:09:50,130 simulation elastic_net linear_dense 015 ok
2026-09-08 08:09:50,166 simulation elastic_net linear_dense 016 ok
2026-09-08 08:09:50,204 simulation elastic_net linear_dense 017 ok
2026-09-08 08:09:50,242 simulation elastic_net linear_dense 018 ok
2026-09-08 08:09:50,280 simulation elastic_net linear_dense 019 ok
2026-09-08 08:09:50,316 simulation elastic_net linear_dense 020 ok
2026-09-08 08:09:50,353 simulation elastic_net linear_dense 021 ok
2026-09-08 08:09:50,390 simulation elastic_net linear_dense 022 ok
2026-09-08 08:09:50,428 simulation elastic_net linear_dense 023 ok
2026-09-08 08:09:50,466 simulation elastic_net linear_dense 024 ok
2026-09-08 08:09:50,503 simulation elastic_net linear_dense 025 ok
2026-09-08 08:09:50,541 simulation elastic_net linear_dense 026 ok
2026-09-08 08:09:50,593 simulation elastic_net linear_dense 027 ok
2026-09-08 08:09:50,629 simulation elastic_net linear_dense 028 ok
2026-09-08 08:09:50,666 simulation elastic_net linear_dense 029 ok
2026-09-08 08:09:50,703 simulation elastic_net linear_dense 030 ok
2026-09-08 08:09:50,739 simulation elastic_net linear_dense 031 ok
2026-09-08 08:09:50,777 simulation elastic_net linear_dense 032 ok
2026-09-08 08:09:50,815 simulation elastic_net linear_dense 033 ok
2026-09-08 08:09:50,853 simulation elastic_net linear_dense 034 ok
2026-09-08 08:09:50,892 simulation elastic_net linear_dense 035 ok
2026-09-08 08:09:50,930 simulation elastic_net linear_dense 036 ok
2026-09-08 08:09:50,969 simulation elastic_net linear_dense 037 ok
2026-09-08 08:09:51,006 simulation elastic_net linear_dense 038 ok
2026-09-08 08:09:51,052 simulation elastic_net linear_dense 039 ok
2026-09-08 08:09:51,090 simulation elastic_net linear_dense 040 ok
2026-09-08 08:09:51,127 simulation elastic_net linear_dense 041 ok
2026-09-08 08:09:51,165 simulation elastic_net linear_dense 042 ok
2026-09-08 08:09:51,202 simulation elastic_net linear_dense 043 ok
2026-09-08 08:09:51,240 simulation elastic_net linear_dense 044 ok
2026-09-08 08:09:51,279 simulation elastic_net linear_dense 045 ok
2026-09-08 08:09:51,316 simulation elastic_net linear_dense 046 ok
2026-09-08 08:09:51,353 simulation elastic_net linear_dense 047 ok
2026-09-08 08:09:51,390 simulation elastic_net linear_dense 048 ok
2026-09-08 08:09:51,427 simulation elastic_net linear_dense 049 ok
2026-09-08 08:09:51,465 simulation elastic_net linear_dense 050 ok
2026-09-08 08:09:51,503 simulation elastic_net linear_dense 051 ok
2026-09-08 08:09:51,541 simulation elastic_net linear_dense 052 ok
2026-09-08 08:09:51,579 simulation elastic_net linear_dense 053 ok
2026-09-08 08:09:51,616 simulation elastic_net linear_dense 054 ok
2026-09-08 08:09:51,654 simulation elastic_net linear_dense 055 ok
2026-09-08 08:09:51,692 simulation elastic_net linear_dense 056 ok
2026-09-08 08:09:51,730 simulation elastic_net linear_dense 057 ok
2026-09-08 08:09:51,767 simulation elastic_net linear_dense 058 ok
2026-09-08 08:09:51,805 simulation elastic_net linear_dense 059 ok
2026-09-08 08:09:51,843 simulation elastic_net linear_dense 060 ok
2026-09-08 08:09:51,882 simulation elastic_net linear_dense 061 ok
2026-09-08 08:09:51,920 simulation elastic_net linear_dense 062 ok
2026-09-08 08:09:51,957 simulation elastic_net linear_dense 063 ok
2026-09-08 08:09:51,995 simulation elastic_net linear_dense 064 ok
2026-09-08 08:09:52,032 simulation elastic_net linear_dense 065 ok
2026-09-08 08:09:52,069 simulation elastic_net linear_dense 066 ok
2026-09-08 08:09:52,106 simulation elastic_net linear_dense 067 ok
2026-09-08 08:09:52,143 simulation elastic_net linear_dense 068 ok
2026-09-08 08:09:52,180 simulation elastic_net linear_dense 069 ok
2026-09-08 08:09:52,217 simulation elastic_net linear_dense 070 ok
2026-09-08 08:09:52,254 simulation elastic_net linear_dense 071 ok
2026-09-08 08:09:52,292 simulation elastic_net linear_dense 072 ok
2026-09-08 08:09:52,329 simulation elastic_net linear_dense 073 ok
2026-09-08 08:09:52,365 simulation elastic_net linear_dense 074 ok
2026-09-08 08:09:52,403 simulation elastic_net linear_dense 075 ok
2026-09-08 08:09:52,439 simulation elastic_net linear_dense 076 ok
2026-09-08 08:09:52,476 simulation elastic_net linear_dense 077 ok
2026-09-08 08:09:52,512 simulation elastic_net linear_dense 078 ok
2026-09-08 08:09:52,549 simulation elastic_net linear_dense 079 ok
2026-09-08 08:09:52,586 simulation elastic_net linear_dense 080 ok
2026-09-08 08:09:52,624 simulation elastic_net linear_dense 081 ok
2026-09-08 08:09:52,661 simulation elastic_net linear_dense 082 ok
2026-09-08 08:09:52,699 simulation elastic_net linear_dense 083 ok
2026-09-08 08:09:52,737 simulation elastic_net linear_dense 084 ok
2026-09-08 08:09:52,775 simulation elastic_net linear_dense 085 ok
2026-09-08 08:09:52,812 simulation elastic_net linear_dense 086 ok
2026-09-08 08:09:52,849 simulation elastic_net linear_dense 087 ok
2026-09-08 08:09:52,887 simulation elastic_net linear_dense 088 ok
2026-09-08 08:09:52,925 simulation elastic_net linear_dense 089 ok
2026-09-08 08:09:52,962 simulation elastic_net linear_dense 090 ok
2026-09-08 08:09:53,000 simulation elastic_net linear_dense 091 ok
2026-09-08 08:09:53,037 simulation elastic_net linear_dense 092 ok
2026-09-08 08:09:53,075 simulation elastic_net linear_dense 093 ok
2026-09-08 08:09:53,113 simulation elastic_net linear_dense 094 ok
2026-09-08 08:09:53,150 simulation elastic_net linear_dense 095 ok
2026-09-08 08:09:53,187 simulation elastic_net linear_dense 096 ok
2026-09-08 08:09:53,224 simulation elastic_net linear_dense 097 ok
2026-09-08 08:09:53,262 simulation elastic_net linear_dense 098 ok
2026-09-08 08:09:53,299 simulation elastic_net linear_dense 099 ok
2026-09-08 08:09:53,335 simulation elastic_net nonlinear 000 ok
2026-09-08 08:09:53,371 simulation elastic_net nonlinear 001 ok
2026-09-08 08:09:53,406 simulation elastic_net nonlinear 002 ok
2026-09-08 08:09:53,441 simulation elastic_net nonlinear 003 ok
2026-09-08 08:09:53,476 simulation elastic_net nonlinear 004 ok
2026-09-08 08:09:53,512 simulation elastic_net nonlinear 005 ok
2026-09-08 08:09:53,548 simulation elastic_net nonlinear 006 ok
2026-09-08 08:09:53,584 simulation elastic_net nonlinear 007 ok
2026-09-08 08:09:53,621 simulation elastic_net nonlinear 008 ok
2026-09-08 08:09:53,657 simulation elastic_net nonlinear 009 ok
2026-09-08 08:09:53,693 simulation elastic_net nonlinear 010 ok
2026-09-08 08:09:53,729 simulation elastic_net nonlinear 011 ok
2026-09-08 08:09:53,763 simulation elastic_net nonlinear 012 ok
2026-09-08 08:09:53,798 simulation elastic_net nonlinear 013 ok
2026-09-08 08:09:53,831 simulation elastic_net nonlinear 014 ok
2026-09-08 08:09:53,867 simulation elastic_net nonlinear 015 ok
2026-09-08 08:09:53,901 simulation elastic_net nonlinear 016 ok
2026-09-08 08:09:53,937 simulation elastic_net nonlinear 017 ok
2026-09-08 08:09:53,971 simulation elastic_net nonlinear 018 ok
2026-09-08 08:09:54,007 simulation elastic_net nonlinear 019 ok
2026-09-08 08:09:54,043 simulation elastic_net nonlinear 020 ok
2026-09-08 08:09:54,078 simulation elastic_net nonlinear 021 ok
2026-09-08 08:09:54,113 simulation elastic_net nonlinear 022 ok
2026-09-08 08:09:54,149 simulation elastic_net nonlinear 023 ok
2026-09-08 08:09:54,184 simulation elastic_net nonlinear 024 ok
2026-09-08 08:09:54,218 simulation elastic_net nonlinear 025 ok
2026-09-08 08:09:54,254 simulation elastic_net nonlinear 026 ok
2026-09-08 08:09:54,288 simulation elastic_net nonlinear 027 ok
2026-09-08 08:09:54,323 simulation elastic_net nonlinear 028 ok
2026-09-08 08:09:54,359 simulation elastic_net nonlinear 029 ok
2026-09-08 08:09:54,395 simulation elastic_net nonlinear 030 ok
2026-09-08 08:09:54,431 simulation elastic_net nonlinear 031 ok
2026-09-08 08:09:54,466 simulation elastic_net nonlinear 032 ok
2026-09-08 08:09:54,503 simulation elastic_net nonlinear 033 ok
2026-09-08 08:09:54,538 simulation elastic_net nonlinear 034 ok
2026-09-08 08:09:54,574 simulation elastic_net nonlinear 035 ok
2026-09-08 08:09:54,610 simulation elastic_net nonlinear 036 ok
2026-09-08 08:09:54,645 simulation elastic_net nonlinear 037 ok
2026-09-08 08:09:54,681 simulation elastic_net nonlinear 038 ok
2026-09-08 08:09:54,718 simulation elastic_net nonlinear 039 ok
2026-09-08 08:09:54,754 simulation elastic_net nonlinear 040 ok
2026-09-08 08:09:54,789 simulation elastic_net nonlinear 041 ok
2026-09-08 08:09:54,825 simulation elastic_net nonlinear 042 ok
2026-09-08 08:09:54,861 simulation elastic_net nonlinear 043 ok
2026-09-08 08:09:54,895 simulation elastic_net nonlinear 044 ok
2026-09-08 08:09:54,930 simulation elastic_net nonlinear 045 ok
2026-09-08 08:09:54,964 simulation elastic_net nonlinear 046 ok
2026-09-08 08:09:54,999 simulation elastic_net nonlinear 047 ok
2026-09-08 08:09:55,035 simulation elastic_net nonlinear 048 ok
2026-09-08 08:09:55,070 simulation elastic_net nonlinear 049 ok
2026-09-08 08:09:55,106 simulation elastic_net nonlinear 050 ok
2026-09-08 08:09:55,142 simulation elastic_net nonlinear 051 ok
2026-09-08 08:09:55,177 simulation elastic_net nonlinear 052 ok
2026-09-08 08:09:55,213 simulation elastic_net nonlinear 053 ok
2026-09-08 08:09:55,248 simulation elastic_net nonlinear 054 ok
2026-09-08 08:09:55,285 simulation elastic_net nonlinear 055 ok
2026-09-08 08:09:55,321 simulation elastic_net nonlinear 056 ok
2026-09-08 08:09:55,357 simulation elastic_net nonlinear 057 ok
2026-09-08 08:09:55,394 simulation elastic_net nonlinear 058 ok
2026-09-08 08:09:55,429 simulation elastic_net nonlinear 059 ok
2026-09-08 08:09:55,464 simulation elastic_net nonlinear 060 ok
2026-09-08 08:09:55,500 simulation elastic_net nonlinear 061 ok
2026-09-08 08:09:55,535 simulation elastic_net nonlinear 062 ok
2026-09-08 08:09:55,571 simulation elastic_net nonlinear 063 ok
2026-09-08 08:09:55,606 simulation elastic_net nonlinear 064 ok
2026-09-08 08:09:55,643 simulation elastic_net nonlinear 065 ok
2026-09-08 08:09:55,678 simulation elastic_net nonlinear 066 ok
2026-09-08 08:09:55,734 simulation elastic_net nonlinear 067 ok
2026-09-08 08:09:55,780 simulation elastic_net nonlinear 068 ok
2026-09-08 08:09:55,817 simulation elastic_net nonlinear 069 ok
2026-09-08 08:09:55,850 simulation elastic_net nonlinear 070 ok
2026-09-08 08:09:55,886 simulation elastic_net nonlinear 071 ok
2026-09-08 08:09:55,922 simulation elastic_net nonlinear 072 ok
2026-09-08 08:09:55,957 simulation elastic_net nonlinear 073 ok
2026-09-08 08:09:55,993 simulation elastic_net nonlinear 074 ok
2026-09-08 08:09:56,028 simulation elastic_net nonlinear 075 ok
2026-09-08 08:09:56,063 simulation elastic_net nonlinear 076 ok
2026-09-08 08:09:56,097 simulation elastic_net nonlinear 077 ok
2026-09-08 08:09:56,131 simulation elastic_net nonlinear 078 ok
2026-09-08 08:09:56,166 simulation elastic_net nonlinear 079 ok
2026-09-08 08:09:56,203 simulation elastic_net nonlinear 080 ok
2026-09-08 08:09:56,239 simulation elastic_net nonlinear 081 ok
2026-09-08 08:09:56,276 simulation elastic_net nonlinear 082 ok
2026-09-08 08:09:56,312 simulation elastic_net nonlinear 083 ok
2026-09-08 08:09:56,349 simulation elastic_net nonlinear 084 ok
2026-09-08 08:09:56,385 simulation elastic_net nonlinear 085 ok
2026-09-08 08:09:56,420 simulation elastic_net nonlinear 086 ok
2026-09-08 08:09:56,481 simulation elastic_net nonlinear 087 ok
2026-09-08 08:09:56,518 simulation elastic_net nonlinear 088 ok
2026-09-08 08:09:56,553 simulation elastic_net nonlinear 089 ok
2026-09-08 08:09:56,589 simulation elastic_net nonlinear 090 ok
2026-09-08 08:09:56,626 simulation elastic_net nonlinear 091 ok
2026-09-08 08:09:56,662 simulation elastic_net nonlinear 092 ok
2026-09-08 08:09:56,699 simulation elastic_net nonlinear 093 ok
2026-09-08 08:09:56,735 simulation elastic_net nonlinear 094 ok
2026-09-08 08:09:56,771 simulation elastic_net nonlinear 095 ok
2026-09-08 08:09:56,806 simulation elastic_net nonlinear 096 ok
2026-09-08 08:09:56,842 simulation elastic_net nonlinear 097 ok
2026-09-08 08:09:56,877 simulation elastic_net nonlinear 098 ok
2026-09-08 08:09:56,913 simulation elastic_net nonlinear 099 ok
2026-09-08 08:09:56,950 simulation elastic_net nonlinear_panel 000 ok
2026-09-08 08:09:56,985 simulation elastic_net nonlinear_panel 001 ok
2026-09-08 08:09:57,021 simulation elastic_net nonlinear_panel 002 ok
2026-09-08 08:09:57,057 simulation elastic_net nonlinear_panel 003 ok
2026-09-08 08:09:57,094 simulation elastic_net nonlinear_panel 004 ok
2026-09-08 08:09:57,128 simulation elastic_net nonlinear_panel 005 ok
2026-09-08 08:09:57,163 simulation elastic_net nonlinear_panel 006 ok
2026-09-08 08:09:57,198 simulation elastic_net nonlinear_panel 007 ok
2026-09-08 08:09:57,233 simulation elastic_net nonlinear_panel 008 ok
2026-09-08 08:09:57,268 simulation elastic_net nonlinear_panel 009 ok
2026-09-08 08:09:57,303 simulation elastic_net nonlinear_panel 010 ok
2026-09-08 08:09:57,339 simulation elastic_net nonlinear_panel 011 ok
2026-09-08 08:09:57,373 simulation elastic_net nonlinear_panel 012 ok
2026-09-08 08:09:57,410 simulation elastic_net nonlinear_panel 013 ok
2026-09-08 08:09:57,447 simulation elastic_net nonlinear_panel 014 ok
2026-09-08 08:09:57,484 simulation elastic_net nonlinear_panel 015 ok
2026-09-08 08:09:57,520 simulation elastic_net nonlinear_panel 016 ok
2026-09-08 08:09:57,557 simulation elastic_net nonlinear_panel 017 ok
2026-09-08 08:09:57,593 simulation elastic_net nonlinear_panel 018 ok
2026-09-08 08:09:57,632 simulation elastic_net nonlinear_panel 019 ok
2026-09-08 08:09:57,669 simulation elastic_net nonlinear_panel 020 ok
2026-09-08 08:09:57,706 simulation elastic_net nonlinear_panel 021 ok
2026-09-08 08:09:57,744 simulation elastic_net nonlinear_panel 022 ok
2026-09-08 08:09:57,803 simulation elastic_net nonlinear_panel 023 ok
2026-09-08 08:09:57,841 simulation elastic_net nonlinear_panel 024 ok
2026-09-08 08:09:57,878 simulation elastic_net nonlinear_panel 025 ok
2026-09-08 08:09:57,914 simulation elastic_net nonlinear_panel 026 ok
2026-09-08 08:09:57,949 simulation elastic_net nonlinear_panel 027 ok
2026-09-08 08:09:57,983 simulation elastic_net nonlinear_panel 028 ok
2026-09-08 08:09:58,017 simulation elastic_net nonlinear_panel 029 ok
2026-09-08 08:09:58,051 simulation elastic_net nonlinear_panel 030 ok
2026-09-08 08:09:58,085 simulation elastic_net nonlinear_panel 031 ok
2026-09-08 08:09:58,121 simulation elastic_net nonlinear_panel 032 ok
2026-09-08 08:09:58,154 simulation elastic_net nonlinear_panel 033 ok
2026-09-08 08:09:58,190 simulation elastic_net nonlinear_panel 034 ok
2026-09-08 08:09:58,225 simulation elastic_net nonlinear_panel 035 ok
2026-09-08 08:09:58,259 simulation elastic_net nonlinear_panel 036 ok
2026-09-08 08:09:58,294 simulation elastic_net nonlinear_panel 037 ok
2026-09-08 08:09:58,330 simulation elastic_net nonlinear_panel 038 ok
2026-09-08 08:09:58,370 simulation elastic_net nonlinear_panel 039 ok
2026-09-08 08:09:58,408 simulation elastic_net nonlinear_panel 040 ok
2026-09-08 08:09:58,447 simulation elastic_net nonlinear_panel 041 ok
2026-09-08 08:09:58,484 simulation elastic_net nonlinear_panel 042 ok
2026-09-08 08:09:58,524 simulation elastic_net nonlinear_panel 043 ok
2026-09-08 08:09:58,570 simulation elastic_net nonlinear_panel 044 ok
2026-09-08 08:09:58,611 simulation elastic_net nonlinear_panel 045 ok
2026-09-08 08:09:58,649 simulation elastic_net nonlinear_panel 046 ok
2026-09-08 08:09:58,698 simulation elastic_net nonlinear_panel 047 ok
2026-09-08 08:09:58,734 simulation elastic_net nonlinear_panel 048 ok
2026-09-08 08:09:58,770 simulation elastic_net nonlinear_panel 049 ok
2026-09-08 08:09:58,808 simulation elastic_net nonlinear_panel 050 ok
2026-09-08 08:09:58,843 simulation elastic_net nonlinear_panel 051 ok
2026-09-08 08:09:58,877 simulation elastic_net nonlinear_panel 052 ok
2026-09-08 08:09:58,912 simulation elastic_net nonlinear_panel 053 ok
2026-09-08 08:09:58,948 simulation elastic_net nonlinear_panel 054 ok
2026-09-08 08:09:58,984 simulation elastic_net nonlinear_panel 055 ok
2026-09-08 08:09:59,019 simulation elastic_net nonlinear_panel 056 ok
2026-09-08 08:09:59,054 simulation elastic_net nonlinear_panel 057 ok
2026-09-08 08:09:59,090 simulation elastic_net nonlinear_panel 058 ok
2026-09-08 08:09:59,131 simulation elastic_net nonlinear_panel 059 ok
2026-09-08 08:09:59,173 simulation elastic_net nonlinear_panel 060 ok
2026-09-08 08:09:59,210 simulation elastic_net nonlinear_panel 061 ok
2026-09-08 08:09:59,248 simulation elastic_net nonlinear_panel 062 ok
2026-09-08 08:09:59,283 simulation elastic_net nonlinear_panel 063 ok
2026-09-08 08:09:59,318 simulation elastic_net nonlinear_panel 064 ok
2026-09-08 08:09:59,359 simulation elastic_net nonlinear_panel 065 ok
2026-09-08 08:09:59,395 simulation elastic_net nonlinear_panel 066 ok
2026-09-08 08:09:59,435 simulation elastic_net nonlinear_panel 067 ok
2026-09-08 08:09:59,472 simulation elastic_net nonlinear_panel 068 ok
2026-09-08 08:09:59,509 simulation elastic_net nonlinear_panel 069 ok
2026-09-08 08:09:59,546 simulation elastic_net nonlinear_panel 070 ok
2026-09-08 08:09:59,580 simulation elastic_net nonlinear_panel 071 ok
2026-09-08 08:09:59,616 simulation elastic_net nonlinear_panel 072 ok
2026-09-08 08:09:59,651 simulation elastic_net nonlinear_panel 073 ok
2026-09-08 08:09:59,686 simulation elastic_net nonlinear_panel 074 ok
2026-09-08 08:09:59,721 simulation elastic_net nonlinear_panel 075 ok
2026-09-08 08:09:59,756 simulation elastic_net nonlinear_panel 076 ok
2026-09-08 08:09:59,790 simulation elastic_net nonlinear_panel 077 ok
2026-09-08 08:09:59,824 simulation elastic_net nonlinear_panel 078 ok
2026-09-08 08:09:59,859 simulation elastic_net nonlinear_panel 079 ok
2026-09-08 08:09:59,896 simulation elastic_net nonlinear_panel 080 ok
2026-09-08 08:09:59,931 simulation elastic_net nonlinear_panel 081 ok
2026-09-08 08:09:59,966 simulation elastic_net nonlinear_panel 082 ok
2026-09-08 08:10:00,000 simulation elastic_net nonlinear_panel 083 ok
2026-09-08 08:10:00,035 simulation elastic_net nonlinear_panel 084 ok
2026-09-08 08:10:00,070 simulation elastic_net nonlinear_panel 085 ok
2026-09-08 08:10:00,104 simulation elastic_net nonlinear_panel 086 ok
2026-09-08 08:10:00,139 simulation elastic_net nonlinear_panel 087 ok
2026-09-08 08:10:00,173 simulation elastic_net nonlinear_panel 088 ok
2026-09-08 08:10:00,208 simulation elastic_net nonlinear_panel 089 ok
2026-09-08 08:10:00,243 simulation elastic_net nonlinear_panel 090 ok
2026-09-08 08:10:00,278 simulation elastic_net nonlinear_panel 091 ok
2026-09-08 08:10:00,313 simulation elastic_net nonlinear_panel 092 ok
2026-09-08 08:10:00,349 simulation elastic_net nonlinear_panel 093 ok
2026-09-08 08:10:00,385 simulation elastic_net nonlinear_panel 094 ok
2026-09-08 08:10:00,420 simulation elastic_net nonlinear_panel 095 ok
2026-09-08 08:10:00,454 simulation elastic_net nonlinear_panel 096 ok
2026-09-08 08:10:00,489 simulation elastic_net nonlinear_panel 097 ok
2026-09-08 08:10:00,523 simulation elastic_net nonlinear_panel 098 ok
2026-09-08 08:10:00,558 simulation elastic_net nonlinear_panel 099 ok
2026-09-08 09:01:16,686 simulation elastic_net linear_sparse 000 ok
2026-09-08 09:01:16,718 simulation elastic_net linear_sparse 001 ok
2026-09-08 09:01:16,749 simulation elastic_net linear_sparse 002 ok
2026-09-08 09:01:16,779 simulation elastic_net linear_sparse 003 ok
2026-09-08 09:01:16,809 simulation elastic_net linear_sparse 004 ok
2026-09-08 09:01:16,841 simulation elastic_net linear_sparse 005 ok
2026-09-08 09:01:16,870 simulation elastic_net linear_sparse 006 ok
2026-09-08 09:01:16,899 simulation elastic_net linear_sparse 007 ok
2026-09-08 09:01:16,930 simulation elastic_net linear_sparse 008 ok
2026-09-08 09:01:16,961 simulation elastic_net linear_sparse 009 ok
2026-09-08 09:01:16,990 simulation elastic_net linear_sparse 010 ok
2026-09-08 09:01:17,019 simulation elastic_net linear_sparse 011 ok
2026-09-08 09:01:17,051 simulation elastic_net linear_sparse 012 ok
2026-09-08 09:01:17,083 simulation elastic_net linear_sparse 013 ok
2026-09-08 09:01:17,114 simulation elastic_net linear_sparse 014 ok
2026-09-08 09:01:17,143 simulation elastic_net linear_sparse 015 ok
2026-09-08 09:01:17,173 simulation elastic_net linear_sparse 016 ok
2026-09-08 09:01:17,202 simulation elastic_net linear_sparse 017 ok
2026-09-08 09:01:17,232 simulation elastic_net linear_sparse 018 ok
2026-09-08 09:01:17,264 simulation elastic_net linear_sparse 019 ok
2026-09-08 09:01:17,295 simulation elastic_net linear_sparse 020 ok
2026-09-08 09:01:17,328 simulation elastic_net linear_sparse 021 ok
2026-09-08 09:01:17,358 simulation elastic_net linear_sparse 022 ok
2026-09-08 09:01:17,390 simulation elastic_net linear_sparse 023 ok
2026-09-08 09:01:17,423 simulation elastic_net linear_sparse 024 ok
2026-09-08 09:01:17,454 simulation elastic_net linear_sparse 025 ok
2026-09-08 09:01:17,486 simulation elastic_net linear_sparse 026 ok
2026-09-08 09:01:17,517 simulation elastic_net linear_sparse 027 ok
2026-09-08 09:01:17,548 simulation elastic_net linear_sparse 028 ok
2026-09-08 09:01:17,581 simulation elastic_net linear_sparse 029 ok
2026-09-08 09:01:17,612 simulation elastic_net linear_sparse 030 ok
2026-09-08 09:01:17,643 simulation elastic_net linear_sparse 031 ok
2026-09-08 09:01:17,674 simulation elastic_net linear_sparse 032 ok
2026-09-08 09:01:17,705 simulation elastic_net linear_sparse 033 ok
2026-09-08 09:01:17,736 simulation elastic_net linear_sparse 034 ok
2026-09-08 09:01:17,771 simulation elastic_net linear_sparse 035 ok
2026-09-08 09:01:17,808 simulation elastic_net linear_sparse 036 ok
2026-09-08 09:01:17,839 simulation elastic_net linear_sparse 037 ok
2026-09-08 09:01:17,871 simulation elastic_net linear_sparse 038 ok
2026-09-08 09:01:17,900 simulation elastic_net linear_sparse 039 ok
2026-09-08 09:01:17,932 simulation elastic_net linear_sparse 040 ok
2026-09-08 09:01:17,960 simulation elastic_net linear_sparse 041 ok
2026-09-08 09:01:17,991 simulation elastic_net linear_sparse 042 ok
2026-09-08 09:01:18,022 simulation elastic_net linear_sparse 043 ok
2026-09-08 09:01:18,053 simulation elastic_net linear_sparse 044 ok
2026-09-08 09:01:18,087 simulation elastic_net linear_sparse 045 ok
2026-09-08 09:01:18,115 simulation elastic_net linear_sparse 046 ok
2026-09-08 09:01:18,146 simulation elastic_net linear_sparse 047 ok
2026-09-08 09:01:18,177 simulation elastic_net linear_sparse 048 ok
2026-09-08 09:01:18,207 simulation elastic_net linear_sparse 049 ok
2026-09-08 09:01:18,238 simulation elastic_net linear_sparse 050 ok
2026-09-08 09:01:18,267 simulation elastic_net linear_sparse 051 ok
2026-09-08 09:01:18,296 simulation elastic_net linear_sparse 052 ok
2026-09-08 09:01:18,324 simulation elastic_net linear_sparse 053 ok
2026-09-08 09:01:18,356 simulation elastic_net linear_sparse 054 ok
2026-09-08 09:01:18,386 simulation elastic_net linear_sparse 055 ok
2026-09-08 09:01:18,417 simulation elastic_net linear_sparse 056 ok
2026-09-08 09:01:18,448 simulation elastic_net linear_sparse 057 ok
2026-09-08 09:01:18,480 simulation elastic_net linear_sparse 058 ok
2026-09-08 09:01:18,512 simulation elastic_net linear_sparse 059 ok
2026-09-08 09:01:18,545 simulation elastic_net linear_sparse 060 ok
2026-09-08 09:01:18,576 simulation elastic_net linear_sparse 061 ok
2026-09-08 09:01:18,608 simulation elastic_net linear_sparse 062 ok
2026-09-08 09:01:18,639 simulation elastic_net linear_sparse 063 ok
2026-09-08 09:01:18,670 simulation elastic_net linear_sparse 064 ok
2026-09-08 09:01:18,704 simulation elastic_net linear_sparse 065 ok
2026-09-08 09:01:18,732 simulation elastic_net linear_sparse 066 ok
2026-09-08 09:01:18,764 simulation elastic_net linear_sparse 067 ok
2026-09-08 09:01:18,802 simulation elastic_net linear_sparse 068 ok
2026-09-08 09:01:18,832 simulation elastic_net linear_sparse 069 ok
2026-09-08 09:01:18,862 simulation elastic_net linear_sparse 070 ok
2026-09-08 09:01:18,893 simulation elastic_net linear_sparse 071 ok
2026-09-08 09:01:18,924 simulation elastic_net linear_sparse 072 ok
2026-09-08 09:01:18,953 simulation elastic_net linear_sparse 073 ok
2026-09-08 09:01:18,985 simulation elastic_net linear_sparse 074 ok
2026-09-08 09:01:19,016 simulation elastic_net linear_sparse 075 ok
2026-09-08 09:01:19,047 simulation elastic_net linear_sparse 076 ok
2026-09-08 09:01:19,078 simulation elastic_net linear_sparse 077 ok
2026-09-08 09:01:19,108 simulation elastic_net linear_sparse 078 ok
2026-09-08 09:01:19,139 simulation elastic_net linear_sparse 079 ok
2026-09-08 09:01:19,170 simulation elastic_net linear_sparse 080 ok
2026-09-08 09:01:19,201 simulation elastic_net linear_sparse 081 ok
2026-09-08 09:01:19,232 simulation elastic_net linear_sparse 082 ok
2026-09-08 09:01:19,263 simulation elastic_net linear_sparse 083 ok
2026-09-08 09:01:19,294 simulation elastic_net linear_sparse 084 ok
2026-09-08 09:01:19,325 simulation elastic_net linear_sparse 085 ok
2026-09-08 09:01:19,357 simulation elastic_net linear_sparse 086 ok
2026-09-08 09:01:19,386 simulation elastic_net linear_sparse 087 ok
2026-09-08 09:01:19,417 simulation elastic_net linear_sparse 088 ok
2026-09-08 09:01:19,447 simulation elastic_net linear_sparse 089 ok
2026-09-08 09:01:19,474 simulation elastic_net linear_sparse 090 ok
2026-09-08 09:01:19,503 simulation elastic_net linear_sparse 091 ok
2026-09-08 09:01:19,534 simulation elastic_net linear_sparse 092 ok
2026-09-08 09:01:19,565 simulation elastic_net linear_sparse 093 ok
2026-09-08 09:01:19,596 simulation elastic_net linear_sparse 094 ok
2026-09-08 09:01:19,627 simulation elastic_net linear_sparse 095 ok
2026-09-08 09:01:19,658 simulation elastic_net linear_sparse 096 ok
2026-09-08 09:01:19,688 simulation elastic_net linear_sparse 097 ok
2026-09-08 09:01:19,719 simulation elastic_net linear_sparse 098 ok
2026-09-08 09:01:19,749 simulation elastic_net linear_sparse 099 ok
2026-09-08 09:01:19,779 simulation elastic_net linear_medium 000 ok
2026-09-08 09:01:19,810 simulation elastic_net linear_medium 001 ok
2026-09-08 09:01:19,843 simulation elastic_net linear_medium 002 ok
2026-09-08 09:01:19,874 simulation elastic_net linear_medium 003 ok
2026-09-08 09:01:19,904 simulation elastic_net linear_medium 004 ok
2026-09-08 09:01:19,936 simulation elastic_net linear_medium 005 ok
2026-09-08 09:01:19,967 simulation elastic_net linear_medium 006 ok
2026-09-08 09:01:19,999 simulation elastic_net linear_medium 007 ok
2026-09-08 09:01:20,030 simulation elastic_net linear_medium 008 ok
2026-09-08 09:01:20,061 simulation elastic_net linear_medium 009 ok
2026-09-08 09:01:20,092 simulation elastic_net linear_medium 010 ok
2026-09-08 09:01:20,124 simulation elastic_net linear_medium 011 ok
2026-09-08 09:01:20,154 simulation elastic_net linear_medium 012 ok
2026-09-08 09:01:20,185 simulation elastic_net linear_medium 013 ok
2026-09-08 09:01:20,216 simulation elastic_net linear_medium 014 ok
2026-09-08 09:01:20,247 simulation elastic_net linear_medium 015 ok
2026-09-08 09:01:20,277 simulation elastic_net linear_medium 016 ok
2026-09-08 09:01:20,310 simulation elastic_net linear_medium 017 ok
2026-09-08 09:01:20,341 simulation elastic_net linear_medium 018 ok
2026-09-08 09:01:20,372 simulation elastic_net linear_medium 019 ok
2026-09-08 09:01:20,402 simulation elastic_net linear_medium 020 ok
2026-09-08 09:01:20,434 simulation elastic_net linear_medium 021 ok
2026-09-08 09:01:20,464 simulation elastic_net linear_medium 022 ok
2026-09-08 09:01:20,496 simulation elastic_net linear_medium 023 ok
2026-09-08 09:01:20,528 simulation elastic_net linear_medium 024 ok
2026-09-08 09:01:20,559 simulation elastic_net linear_medium 025 ok
2026-09-08 09:01:20,591 simulation elastic_net linear_medium 026 ok
2026-09-08 09:01:20,622 simulation elastic_net linear_medium 027 ok
2026-09-08 09:01:20,653 simulation elastic_net linear_medium 028 ok
2026-09-08 09:01:20,682 simulation elastic_net linear_medium 029 ok
2026-09-08 09:01:20,712 simulation elastic_net linear_medium 030 ok
2026-09-08 09:01:20,743 simulation elastic_net linear_medium 031 ok
2026-09-08 09:01:20,772 simulation elastic_net linear_medium 032 ok
2026-09-08 09:01:20,802 simulation elastic_net linear_medium 033 ok
2026-09-08 09:01:20,830 simulation elastic_net linear_medium 034 ok
2026-09-08 09:01:20,861 simulation elastic_net linear_medium 035 ok
2026-09-08 09:01:20,891 simulation elastic_net linear_medium 036 ok
2026-09-08 09:01:20,922 simulation elastic_net linear_medium 037 ok
2026-09-08 09:01:20,953 simulation elastic_net linear_medium 038 ok
2026-09-08 09:01:20,982 simulation elastic_net linear_medium 039 ok
2026-09-08 09:01:21,011 simulation elastic_net linear_medium 040 ok
2026-09-08 09:01:21,042 simulation elastic_net linear_medium 041 ok
2026-09-08 09:01:21,071 simulation elastic_net linear_medium 042 ok
2026-09-08 09:01:21,101 simulation elastic_net linear_medium 043 ok
2026-09-08 09:01:21,130 simulation elastic_net linear_medium 044 ok
2026-09-08 09:01:21,161 simulation elastic_net linear_medium 045 ok
2026-09-08 09:01:21,190 simulation elastic_net linear_medium 046 ok
2026-09-08 09:01:21,220 simulation elastic_net linear_medium 047 ok
2026-09-08 09:01:21,249 simulation elastic_net linear_medium 048 ok
2026-09-08 09:01:21,279 simulation elastic_net linear_medium 049 ok
2026-09-08 09:01:21,309 simulation elastic_net linear_medium 050 ok
2026-09-08 09:01:21,337 simulation elastic_net linear_medium 051 ok
2026-09-08 09:01:21,368 simulation elastic_net linear_medium 052 ok
2026-09-08 09:01:21,400 simulation elastic_net linear_medium 053 ok
2026-09-08 09:01:21,431 simulation elastic_net linear_medium 054 ok
2026-09-08 09:01:21,460 simulation elastic_net linear_medium 055 ok
2026-09-08 09:01:21,491 simulation elastic_net linear_medium 056 ok
2026-09-08 09:01:21,521 simulation elastic_net linear_medium 057 ok
2026-09-08 09:01:21,548 simulation elastic_net linear_medium 058 ok
2026-09-08 09:01:21,578 simulation elastic_net linear_medium 059 ok
2026-09-08 09:01:21,608 simulation elastic_net linear_medium 060 ok
2026-09-08 09:01:21,639 simulation elastic_net linear_medium 061 ok
2026-09-08 09:01:21,670 simulation elastic_net linear_medium 062 ok
2026-09-08 09:01:21,700 simulation elastic_net linear_medium 063 ok
2026-09-08 09:01:21,731 simulation elastic_net linear_medium 064 ok
2026-09-08 09:01:21,761 simulation elastic_net linear_medium 065 ok
2026-09-08 09:01:21,791 simulation elastic_net linear_medium 066 ok
2026-09-08 09:01:21,822 simulation elastic_net linear_medium 067 ok
2026-09-08 09:01:21,853 simulation elastic_net linear_medium 068 ok
2026-09-08 09:01:21,884 simulation elastic_net linear_medium 069 ok
2026-09-08 09:01:21,915 simulation elastic_net linear_medium 070 ok
2026-09-08 09:01:21,945 simulation elastic_net linear_medium 071 ok
2026-09-08 09:01:21,975 simulation elastic_net linear_medium 072 ok
2026-09-08 09:01:22,005 simulation elastic_net linear_medium 073 ok
2026-09-08 09:01:22,035 simulation elastic_net linear_medium 074 ok
2026-09-08 09:01:22,065 simulation elastic_net linear_medium 075 ok
2026-09-08 09:01:22,094 simulation elastic_net linear_medium 076 ok
2026-09-08 09:01:22,125 simulation elastic_net linear_medium 077 ok
2026-09-08 09:01:22,156 simulation elastic_net linear_medium 078 ok
2026-09-08 09:01:22,185 simulation elastic_net linear_medium 079 ok
2026-09-08 09:01:22,215 simulation elastic_net linear_medium 080 ok
2026-09-08 09:01:22,247 simulation elastic_net linear_medium 081 ok
2026-09-08 09:01:22,277 simulation elastic_net linear_medium 082 ok
2026-09-08 09:01:22,308 simulation elastic_net linear_medium 083 ok
2026-09-08 09:01:22,337 simulation elastic_net linear_medium 084 ok
2026-09-08 09:01:22,368 simulation elastic_net linear_medium 085 ok
2026-09-08 09:01:22,398 simulation elastic_net linear_medium 086 ok
2026-09-08 09:01:22,431 simulation elastic_net linear_medium 087 ok
2026-09-08 09:01:22,460 simulation elastic_net linear_medium 088 ok
2026-09-08 09:01:22,491 simulation elastic_net linear_medium 089 ok
2026-09-08 09:01:22,521 simulation elastic_net linear_medium 090 ok
2026-09-08 09:01:22,553 simulation elastic_net linear_medium 091 ok
2026-09-08 09:01:22,582 simulation elastic_net linear_medium 092 ok
2026-09-08 09:01:22,614 simulation elastic_net linear_medium 093 ok
2026-09-08 09:01:22,646 simulation elastic_net linear_medium 094 ok
2026-09-08 09:01:22,677 simulation elastic_net linear_medium 095 ok
2026-09-08 09:01:22,707 simulation elastic_net linear_medium 096 ok
2026-09-08 09:01:22,736 simulation elastic_net linear_medium 097 ok
2026-09-08 09:01:22,767 simulation elastic_net linear_medium 098 ok
2026-09-08 09:01:22,798 simulation elastic_net linear_medium 099 ok
2026-09-08 09:01:22,827 simulation elastic_net linear_weak 000 ok
2026-09-08 09:01:22,859 simulation elastic_net linear_weak 001 ok
2026-09-08 09:01:22,890 simulation elastic_net linear_weak 002 ok
2026-09-08 09:01:22,923 simulation elastic_net linear_weak 003 ok
2026-09-08 09:01:22,953 simulation elastic_net linear_weak 004 ok
2026-09-08 09:01:22,983 simulation elastic_net linear_weak 005 ok
2026-09-08 09:01:23,014 simulation elastic_net linear_weak 006 ok
2026-09-08 09:01:23,044 simulation elastic_net linear_weak 007 ok
2026-09-08 09:01:23,076 simulation elastic_net linear_weak 008 ok
2026-09-08 09:01:23,106 simulation elastic_net linear_weak 009 ok
2026-09-08 09:01:23,136 simulation elastic_net linear_weak 010 ok
2026-09-08 09:01:23,168 simulation elastic_net linear_weak 011 ok
2026-09-08 09:01:23,199 simulation elastic_net linear_weak 012 ok
2026-09-08 09:01:23,230 simulation elastic_net linear_weak 013 ok
2026-09-08 09:01:23,260 simulation elastic_net linear_weak 014 ok
2026-09-08 09:01:23,289 simulation elastic_net linear_weak 015 ok
2026-09-08 09:01:23,319 simulation elastic_net linear_weak 016 ok
2026-09-08 09:01:23,351 simulation elastic_net linear_weak 017 ok
2026-09-08 09:01:23,382 simulation elastic_net linear_weak 018 ok
2026-09-08 09:01:23,413 simulation elastic_net linear_weak 019 ok
2026-09-08 09:01:23,444 simulation elastic_net linear_weak 020 ok
2026-09-08 09:01:23,474 simulation elastic_net linear_weak 021 ok
2026-09-08 09:01:23,504 simulation elastic_net linear_weak 022 ok
2026-09-08 09:01:23,533 simulation elastic_net linear_weak 023 ok
2026-09-08 09:01:23,563 simulation elastic_net linear_weak 024 ok
2026-09-08 09:01:23,595 simulation elastic_net linear_weak 025 ok
2026-09-08 09:01:23,625 simulation elastic_net linear_weak 026 ok
2026-09-08 09:01:23,656 simulation elastic_net linear_weak 027 ok
2026-09-08 09:01:23,687 simulation elastic_net linear_weak 028 ok
2026-09-08 09:01:23,719 simulation elastic_net linear_weak 029 ok
2026-09-08 09:01:23,752 simulation elastic_net linear_weak 030 ok
2026-09-08 09:01:23,783 simulation elastic_net linear_weak 031 ok
2026-09-08 09:01:23,813 simulation elastic_net linear_weak 032 ok
2026-09-08 09:01:23,844 simulation elastic_net linear_weak 033 ok
2026-09-08 09:01:23,875 simulation elastic_net linear_weak 034 ok
2026-09-08 09:01:23,906 simulation elastic_net linear_weak 035 ok
2026-09-08 09:01:23,938 simulation elastic_net linear_weak 036 ok
2026-09-08 09:01:23,969 simulation elastic_net linear_weak 037 ok
2026-09-08 09:01:24,001 simulation elastic_net linear_weak 038 ok
2026-09-08 09:01:24,032 simulation elastic_net linear_weak 039 ok
2026-09-08 09:01:24,064 simulation elastic_net linear_weak 040 ok
2026-09-08 09:01:24,095 simulation elastic_net linear_weak 041 ok
2026-09-08 09:01:24,125 simulation elastic_net linear_weak 042 ok
2026-09-08 09:01:24,156 simulation elastic_net linear_weak 043 ok
2026-09-08 09:01:24,188 simulation elastic_net linear_weak 044 ok
2026-09-08 09:01:24,218 simulation elastic_net linear_weak 045 ok
2026-09-08 09:01:24,248 simulation elastic_net linear_weak 046 ok
2026-09-08 09:01:24,279 simulation elastic_net linear_weak 047 ok
2026-09-08 09:01:24,307 simulation elastic_net linear_weak 048 ok
2026-09-08 09:01:24,338 simulation elastic_net linear_weak 049 ok
2026-09-08 09:01:24,369 simulation elastic_net linear_weak 050 ok
2026-09-08 09:01:24,401 simulation elastic_net linear_weak 051 ok
2026-09-08 09:01:24,431 simulation elastic_net linear_weak 052 ok
2026-09-08 09:01:24,462 simulation elastic_net linear_weak 053 ok
2026-09-08 09:01:24,493 simulation elastic_net linear_weak 054 ok
2026-09-08 09:01:24,524 simulation elastic_net linear_weak 055 ok
2026-09-08 09:01:24,555 simulation elastic_net linear_weak 056 ok
2026-09-08 09:01:24,586 simulation elastic_net linear_weak 057 ok
2026-09-08 09:01:24,618 simulation elastic_net linear_weak 058 ok
2026-09-08 09:01:24,650 simulation elastic_net linear_weak 059 ok
2026-09-08 09:01:24,680 simulation elastic_net linear_weak 060 ok
2026-09-08 09:01:24,710 simulation elastic_net linear_weak 061 ok
2026-09-08 09:01:24,742 simulation elastic_net linear_weak 062 ok
2026-09-08 09:01:24,771 simulation elastic_net linear_weak 063 ok
2026-09-08 09:01:24,802 simulation elastic_net linear_weak 064 ok
2026-09-08 09:01:24,832 simulation elastic_net linear_weak 065 ok
2026-09-08 09:01:24,864 simulation elastic_net linear_weak 066 ok
2026-09-08 09:01:24,895 simulation elastic_net linear_weak 067 ok
2026-09-08 09:01:24,925 simulation elastic_net linear_weak 068 ok
2026-09-08 09:01:24,955 simulation elastic_net linear_weak 069 ok
2026-09-08 09:01:24,987 simulation elastic_net linear_weak 070 ok
2026-09-08 09:01:25,019 simulation elastic_net linear_weak 071 ok
2026-09-08 09:01:25,050 simulation elastic_net linear_weak 072 ok
2026-09-08 09:01:25,081 simulation elastic_net linear_weak 073 ok
2026-09-08 09:01:25,111 simulation elastic_net linear_weak 074 ok
2026-09-08 09:01:25,141 simulation elastic_net linear_weak 075 ok
2026-09-08 09:01:25,170 simulation elastic_net linear_weak 076 ok
2026-09-08 09:01:25,200 simulation elastic_net linear_weak 077 ok
2026-09-08 09:01:25,229 simulation elastic_net linear_weak 078 ok
2026-09-08 09:01:25,260 simulation elastic_net linear_weak 079 ok
2026-09-08 09:01:25,292 simulation elastic_net linear_weak 080 ok
2026-09-08 09:01:25,322 simulation elastic_net linear_weak 081 ok
2026-09-08 09:01:25,352 simulation elastic_net linear_weak 082 ok
2026-09-08 09:01:25,383 simulation elastic_net linear_weak 083 ok
2026-09-08 09:01:25,413 simulation elastic_net linear_weak 084 ok
2026-09-08 09:01:25,445 simulation elastic_net linear_weak 085 ok
2026-09-08 09:01:25,477 simulation elastic_net linear_weak 086 ok
2026-09-08 09:01:25,508 simulation elastic_net linear_weak 087 ok
2026-09-08 09:01:25,540 simulation elastic_net linear_weak 088 ok
2026-09-08 09:01:25,570 simulation elastic_net linear_weak 089 ok
2026-09-08 09:01:25,600 simulation elastic_net linear_weak 090 ok
2026-09-08 09:01:25,631 simulation elastic_net linear_weak 091 ok
2026-09-08 09:01:25,662 simulation elastic_net linear_weak 092 ok
2026-09-08 09:01:25,693 simulation elastic_net linear_weak 093 ok
2026-09-08 09:01:25,725 simulation elastic_net linear_weak 094 ok
2026-09-08 09:01:25,756 simulation elastic_net linear_weak 095 ok
2026-09-08 09:01:25,787 simulation elastic_net linear_weak 096 ok
2026-09-08 09:01:25,816 simulation elastic_net linear_weak 097 ok
2026-09-08 09:01:25,846 simulation elastic_net linear_weak 098 ok
2026-09-08 09:01:25,879 simulation elastic_net linear_weak 099 ok
2026-09-08 09:01:25,908 simulation elastic_net linear_dense 000 ok
2026-09-08 09:01:25,939 simulation elastic_net linear_dense 001 ok
2026-09-08 09:01:25,971 simulation elastic_net linear_dense 002 ok
2026-09-08 09:01:26,001 simulation elastic_net linear_dense 003 ok
2026-09-08 09:01:26,032 simulation elastic_net linear_dense 004 ok
2026-09-08 09:01:26,062 simulation elastic_net linear_dense 005 ok
2026-09-08 09:01:26,093 simulation elastic_net linear_dense 006 ok
2026-09-08 09:01:26,125 simulation elastic_net linear_dense 007 ok
2026-09-08 09:01:26,156 simulation elastic_net linear_dense 008 ok
2026-09-08 09:01:26,186 simulation elastic_net linear_dense 009 ok
2026-09-08 09:01:26,217 simulation elastic_net linear_dense 010 ok
2026-09-08 09:01:26,251 simulation elastic_net linear_dense 011 ok
2026-09-08 09:01:26,281 simulation elastic_net linear_dense 012 ok
2026-09-08 09:01:26,312 simulation elastic_net linear_dense 013 ok
2026-09-08 09:01:26,343 simulation elastic_net linear_dense 014 ok
2026-09-08 09:01:26,375 simulation elastic_net linear_dense 015 ok
2026-09-08 09:01:26,405 simulation elastic_net linear_dense 016 ok
2026-09-08 09:01:26,436 simulation elastic_net linear_dense 017 ok
2026-09-08 09:01:26,469 simulation elastic_net linear_dense 018 ok
2026-09-08 09:01:26,499 simulation elastic_net linear_dense 019 ok
2026-09-08 09:01:26,531 simulation elastic_net linear_dense 020 ok
2026-09-08 09:01:26,561 simulation elastic_net linear_dense 021 ok
2026-09-08 09:01:26,591 simulation elastic_net linear_dense 022 ok
2026-09-08 09:01:26,623 simulation elastic_net linear_dense 023 ok
2026-09-08 09:01:26,654 simulation elastic_net linear_dense 024 ok
2026-09-08 09:01:26,685 simulation elastic_net linear_dense 025 ok
2026-09-08 09:01:26,716 simulation elastic_net linear_dense 026 ok
2026-09-08 09:01:26,747 simulation elastic_net linear_dense 027 ok
2026-09-08 09:01:26,779 simulation elastic_net linear_dense 028 ok
2026-09-08 09:01:26,810 simulation elastic_net linear_dense 029 ok
2026-09-08 09:01:26,840 simulation elastic_net linear_dense 030 ok
2026-09-08 09:01:26,871 simulation elastic_net linear_dense 031 ok
2026-09-08 09:01:26,902 simulation elastic_net linear_dense 032 ok
2026-09-08 09:01:26,937 simulation elastic_net linear_dense 033 ok
2026-09-08 09:01:26,969 simulation elastic_net linear_dense 034 ok
2026-09-08 09:01:27,000 simulation elastic_net linear_dense 035 ok
2026-09-08 09:01:27,032 simulation elastic_net linear_dense 036 ok
2026-09-08 09:01:27,067 simulation elastic_net linear_dense 037 ok
2026-09-08 09:01:27,100 simulation elastic_net linear_dense 038 ok
2026-09-08 09:01:27,134 simulation elastic_net linear_dense 039 ok
2026-09-08 09:01:27,169 simulation elastic_net linear_dense 040 ok
2026-09-08 09:01:27,200 simulation elastic_net linear_dense 041 ok
2026-09-08 09:01:27,232 simulation elastic_net linear_dense 042 ok
2026-09-08 09:01:27,264 simulation elastic_net linear_dense 043 ok
2026-09-08 09:01:27,296 simulation elastic_net linear_dense 044 ok
2026-09-08 09:01:27,328 simulation elastic_net linear_dense 045 ok
2026-09-08 09:01:27,361 simulation elastic_net linear_dense 046 ok
2026-09-08 09:01:27,394 simulation elastic_net linear_dense 047 ok
2026-09-08 09:01:27,425 simulation elastic_net linear_dense 048 ok
2026-09-08 09:01:27,460 simulation elastic_net linear_dense 049 ok
2026-09-08 09:01:27,492 simulation elastic_net linear_dense 050 ok
2026-09-08 09:01:27,525 simulation elastic_net linear_dense 051 ok
2026-09-08 09:01:27,556 simulation elastic_net linear_dense 052 ok
2026-09-08 09:01:27,589 simulation elastic_net linear_dense 053 ok
2026-09-08 09:01:27,618 simulation elastic_net linear_dense 054 ok
2026-09-08 09:01:27,649 simulation elastic_net linear_dense 055 ok
2026-09-08 09:01:27,680 simulation elastic_net linear_dense 056 ok
2026-09-08 09:01:27,710 simulation elastic_net linear_dense 057 ok
2026-09-08 09:01:27,742 simulation elastic_net linear_dense 058 ok
2026-09-08 09:01:27,769 simulation elastic_net linear_dense 059 ok
2026-09-08 09:01:27,800 simulation elastic_net linear_dense 060 ok
2026-09-08 09:01:27,832 simulation elastic_net linear_dense 061 ok
2026-09-08 09:01:27,864 simulation elastic_net linear_dense 062 ok
2026-09-08 09:01:27,897 simulation elastic_net linear_dense 063 ok
2026-09-08 09:01:27,927 simulation elastic_net linear_dense 064 ok
2026-09-08 09:01:27,957 simulation elastic_net linear_dense 065 ok
2026-09-08 09:01:27,988 simulation elastic_net linear_dense 066 ok
2026-09-08 09:01:28,019 simulation elastic_net linear_dense 067 ok
2026-09-08 09:01:28,049 simulation elastic_net linear_dense 068 ok
2026-09-08 09:01:28,080 simulation elastic_net linear_dense 069 ok
2026-09-08 09:01:28,109 simulation elastic_net linear_dense 070 ok
2026-09-08 09:01:28,139 simulation elastic_net linear_dense 071 ok
2026-09-08 09:01:28,171 simulation elastic_net linear_dense 072 ok
2026-09-08 09:01:28,202 simulation elastic_net linear_dense 073 ok
2026-09-08 09:01:28,233 simulation elastic_net linear_dense 074 ok
2026-09-08 09:01:28,264 simulation elastic_net linear_dense 075 ok
2026-09-08 09:01:28,295 simulation elastic_net linear_dense 076 ok
2026-09-08 09:01:28,325 simulation elastic_net linear_dense 077 ok
2026-09-08 09:01:28,356 simulation elastic_net linear_dense 078 ok
2026-09-08 09:01:28,386 simulation elastic_net linear_dense 079 ok
2026-09-08 09:01:28,417 simulation elastic_net linear_dense 080 ok
2026-09-08 09:01:28,448 simulation elastic_net linear_dense 081 ok
2026-09-08 09:01:28,479 simulation elastic_net linear_dense 082 ok
2026-09-08 09:01:28,510 simulation elastic_net linear_dense 083 ok
2026-09-08 09:01:28,540 simulation elastic_net linear_dense 084 ok
2026-09-08 09:01:28,568 simulation elastic_net linear_dense 085 ok
2026-09-08 09:01:28,597 simulation elastic_net linear_dense 086 ok
2026-09-08 09:01:28,628 simulation elastic_net linear_dense 087 ok
2026-09-08 09:01:28,659 simulation elastic_net linear_dense 088 ok
2026-09-08 09:01:28,691 simulation elastic_net linear_dense 089 ok
2026-09-08 09:01:28,722 simulation elastic_net linear_dense 090 ok
2026-09-08 09:01:28,755 simulation elastic_net linear_dense 091 ok
2026-09-08 09:01:28,786 simulation elastic_net linear_dense 092 ok
2026-09-08 09:01:28,817 simulation elastic_net linear_dense 093 ok
2026-09-08 09:01:28,848 simulation elastic_net linear_dense 094 ok
2026-09-08 09:01:28,878 simulation elastic_net linear_dense 095 ok
2026-09-08 09:01:28,909 simulation elastic_net linear_dense 096 ok
2026-09-08 09:01:28,941 simulation elastic_net linear_dense 097 ok
2026-09-08 09:01:28,973 simulation elastic_net linear_dense 098 ok
2026-09-08 09:01:29,005 simulation elastic_net linear_dense 099 ok
2026-09-08 09:01:29,035 simulation elastic_net nonlinear 000 ok
2026-09-08 09:01:29,064 simulation elastic_net nonlinear 001 ok
2026-09-08 09:01:29,092 simulation elastic_net nonlinear 002 ok
2026-09-08 09:01:29,120 simulation elastic_net nonlinear 003 ok
2026-09-08 09:01:29,149 simulation elastic_net nonlinear 004 ok
2026-09-08 09:01:29,179 simulation elastic_net nonlinear 005 ok
2026-09-08 09:01:29,207 simulation elastic_net nonlinear 006 ok
2026-09-08 09:01:29,238 simulation elastic_net nonlinear 007 ok
2026-09-08 09:01:29,270 simulation elastic_net nonlinear 008 ok
2026-09-08 09:01:29,299 simulation elastic_net nonlinear 009 ok
2026-09-08 09:01:29,328 simulation elastic_net nonlinear 010 ok
2026-09-08 09:01:29,356 simulation elastic_net nonlinear 011 ok
2026-09-08 09:01:29,382 simulation elastic_net nonlinear 012 ok
2026-09-08 09:01:29,411 simulation elastic_net nonlinear 013 ok
2026-09-08 09:01:29,438 simulation elastic_net nonlinear 014 ok
2026-09-08 09:01:29,468 simulation elastic_net nonlinear 015 ok
2026-09-08 09:01:29,497 simulation elastic_net nonlinear 016 ok
2026-09-08 09:01:29,526 simulation elastic_net nonlinear 017 ok
2026-09-08 09:01:29,555 simulation elastic_net nonlinear 018 ok
2026-09-08 09:01:29,583 simulation elastic_net nonlinear 019 ok
2026-09-08 09:01:29,611 simulation elastic_net nonlinear 020 ok
2026-09-08 09:01:29,641 simulation elastic_net nonlinear 021 ok
2026-09-08 09:01:29,668 simulation elastic_net nonlinear 022 ok
2026-09-08 09:01:29,696 simulation elastic_net nonlinear 023 ok
2026-09-08 09:01:29,726 simulation elastic_net nonlinear 024 ok
2026-09-08 09:01:29,754 simulation elastic_net nonlinear 025 ok
2026-09-08 09:01:29,783 simulation elastic_net nonlinear 026 ok
2026-09-08 09:01:29,811 simulation elastic_net nonlinear 027 ok
2026-09-08 09:01:29,840 simulation elastic_net nonlinear 028 ok
2026-09-08 09:01:29,868 simulation elastic_net nonlinear 029 ok
2026-09-08 09:01:29,898 simulation elastic_net nonlinear 030 ok
2026-09-08 09:01:29,930 simulation elastic_net nonlinear 031 ok
2026-09-08 09:01:29,959 simulation elastic_net nonlinear 032 ok
2026-09-08 09:01:29,988 simulation elastic_net nonlinear 033 ok
2026-09-08 09:01:30,018 simulation elastic_net nonlinear 034 ok
2026-09-08 09:01:30,047 simulation elastic_net nonlinear 035 ok
2026-09-08 09:01:30,078 simulation elastic_net nonlinear 036 ok
2026-09-08 09:01:30,106 simulation elastic_net nonlinear 037 ok
2026-09-08 09:01:30,135 simulation elastic_net nonlinear 038 ok
2026-09-08 09:01:30,164 simulation elastic_net nonlinear 039 ok
2026-09-08 09:01:30,193 simulation elastic_net nonlinear 040 ok
2026-09-08 09:01:30,221 simulation elastic_net nonlinear 041 ok
2026-09-08 09:01:30,250 simulation elastic_net nonlinear 042 ok
2026-09-08 09:01:30,281 simulation elastic_net nonlinear 043 ok
2026-09-08 09:01:30,307 simulation elastic_net nonlinear 044 ok
2026-09-08 09:01:30,335 simulation elastic_net nonlinear 045 ok
2026-09-08 09:01:30,363 simulation elastic_net nonlinear 046 ok
2026-09-08 09:01:30,391 simulation elastic_net nonlinear 047 ok
2026-09-08 09:01:30,420 simulation elastic_net nonlinear 048 ok
2026-09-08 09:01:30,448 simulation elastic_net nonlinear 049 ok
2026-09-08 09:01:30,476 simulation elastic_net nonlinear 050 ok
2026-09-08 09:01:30,505 simulation elastic_net nonlinear 051 ok
2026-09-08 09:01:30,535 simulation elastic_net nonlinear 052 ok
2026-09-08 09:01:30,566 simulation elastic_net nonlinear 053 ok
2026-09-08 09:01:30,594 simulation elastic_net nonlinear 054 ok
2026-09-08 09:01:30,625 simulation elastic_net nonlinear 055 ok
2026-09-08 09:01:30,653 simulation elastic_net nonlinear 056 ok
2026-09-08 09:01:30,681 simulation elastic_net nonlinear 057 ok
2026-09-08 09:01:30,710 simulation elastic_net nonlinear 058 ok
2026-09-08 09:01:30,738 simulation elastic_net nonlinear 059 ok
2026-09-08 09:01:30,768 simulation elastic_net nonlinear 060 ok
2026-09-08 09:01:30,798 simulation elastic_net nonlinear 061 ok
2026-09-08 09:01:30,826 simulation elastic_net nonlinear 062 ok
2026-09-08 09:01:30,855 simulation elastic_net nonlinear 063 ok
2026-09-08 09:01:30,885 simulation elastic_net nonlinear 064 ok
2026-09-08 09:01:30,913 simulation elastic_net nonlinear 065 ok
2026-09-08 09:01:30,942 simulation elastic_net nonlinear 066 ok
2026-09-08 09:01:30,973 simulation elastic_net nonlinear 067 ok
2026-09-08 09:01:31,000 simulation elastic_net nonlinear 068 ok
2026-09-08 09:01:31,030 simulation elastic_net nonlinear 069 ok
2026-09-08 09:01:31,056 simulation elastic_net nonlinear 070 ok
2026-09-08 09:01:31,083 simulation elastic_net nonlinear 071 ok
2026-09-08 09:01:31,112 simulation elastic_net nonlinear 072 ok
2026-09-08 09:01:31,140 simulation elastic_net nonlinear 073 ok
2026-09-08 09:01:31,169 simulation elastic_net nonlinear 074 ok
2026-09-08 09:01:31,198 simulation elastic_net nonlinear 075 ok
2026-09-08 09:01:31,225 simulation elastic_net nonlinear 076 ok
2026-09-08 09:01:31,254 simulation elastic_net nonlinear 077 ok
2026-09-08 09:01:31,282 simulation elastic_net nonlinear 078 ok
2026-09-08 09:01:31,311 simulation elastic_net nonlinear 079 ok
2026-09-08 09:01:31,341 simulation elastic_net nonlinear 080 ok
2026-09-08 09:01:31,370 simulation elastic_net nonlinear 081 ok
2026-09-08 09:01:31,400 simulation elastic_net nonlinear 082 ok
2026-09-08 09:01:31,428 simulation elastic_net nonlinear 083 ok
2026-09-08 09:01:31,458 simulation elastic_net nonlinear 084 ok
2026-09-08 09:01:31,485 simulation elastic_net nonlinear 085 ok
2026-09-08 09:01:31,513 simulation elastic_net nonlinear 086 ok
2026-09-08 09:01:31,542 simulation elastic_net nonlinear 087 ok
2026-09-08 09:01:31,572 simulation elastic_net nonlinear 088 ok
2026-09-08 09:01:31,601 simulation elastic_net nonlinear 089 ok
2026-09-08 09:01:31,629 simulation elastic_net nonlinear 090 ok
2026-09-08 09:01:31,659 simulation elastic_net nonlinear 091 ok
2026-09-08 09:01:31,690 simulation elastic_net nonlinear 092 ok
2026-09-08 09:01:31,720 simulation elastic_net nonlinear 093 ok
2026-09-08 09:01:31,749 simulation elastic_net nonlinear 094 ok
2026-09-08 09:01:31,779 simulation elastic_net nonlinear 095 ok
2026-09-08 09:01:31,811 simulation elastic_net nonlinear 096 ok
2026-09-08 09:01:31,841 simulation elastic_net nonlinear 097 ok
2026-09-08 09:01:31,870 simulation elastic_net nonlinear 098 ok
2026-09-08 09:01:31,900 simulation elastic_net nonlinear 099 ok
2026-09-08 09:01:31,931 simulation elastic_net nonlinear_panel 000 ok
2026-09-08 09:01:31,961 simulation elastic_net nonlinear_panel 001 ok
2026-09-08 09:01:31,990 simulation elastic_net nonlinear_panel 002 ok
2026-09-08 09:01:32,019 simulation elastic_net nonlinear_panel 003 ok
2026-09-08 09:01:32,047 simulation elastic_net nonlinear_panel 004 ok
2026-09-08 09:01:32,077 simulation elastic_net nonlinear_panel 005 ok
2026-09-08 09:01:32,107 simulation elastic_net nonlinear_panel 006 ok
2026-09-08 09:01:32,135 simulation elastic_net nonlinear_panel 007 ok
2026-09-08 09:01:32,163 simulation elastic_net nonlinear_panel 008 ok
2026-09-08 09:01:32,194 simulation elastic_net nonlinear_panel 009 ok
2026-09-08 09:01:32,224 simulation elastic_net nonlinear_panel 010 ok
2026-09-08 09:01:32,253 simulation elastic_net nonlinear_panel 011 ok
2026-09-08 09:01:32,281 simulation elastic_net nonlinear_panel 012 ok
2026-09-08 09:01:32,312 simulation elastic_net nonlinear_panel 013 ok
2026-09-08 09:01:32,341 simulation elastic_net nonlinear_panel 014 ok
2026-09-08 09:01:32,368 simulation elastic_net nonlinear_panel 015 ok
2026-09-08 09:01:32,396 simulation elastic_net nonlinear_panel 016 ok
2026-09-08 09:01:32,427 simulation elastic_net nonlinear_panel 017 ok
2026-09-08 09:01:32,458 simulation elastic_net nonlinear_panel 018 ok
2026-09-08 09:01:32,488 simulation elastic_net nonlinear_panel 019 ok
2026-09-08 09:01:32,518 simulation elastic_net nonlinear_panel 020 ok
2026-09-08 09:01:32,549 simulation elastic_net nonlinear_panel 021 ok
2026-09-08 09:01:32,580 simulation elastic_net nonlinear_panel 022 ok
2026-09-08 09:01:32,609 simulation elastic_net nonlinear_panel 023 ok
2026-09-08 09:01:32,640 simulation elastic_net nonlinear_panel 024 ok
2026-09-08 09:01:32,670 simulation elastic_net nonlinear_panel 025 ok
2026-09-08 09:01:32,700 simulation elastic_net nonlinear_panel 026 ok
2026-09-08 09:01:32,731 simulation elastic_net nonlinear_panel 027 ok
2026-09-08 09:01:32,760 simulation elastic_net nonlinear_panel 028 ok
2026-09-08 09:01:32,791 simulation elastic_net nonlinear_panel 029 ok
2026-09-08 09:01:32,820 simulation elastic_net nonlinear_panel 030 ok
2026-09-08 09:01:32,852 simulation elastic_net nonlinear_panel 031 ok
2026-09-08 09:01:32,882 simulation elastic_net nonlinear_panel 032 ok
2026-09-08 09:01:32,912 simulation elastic_net nonlinear_panel 033 ok
2026-09-08 09:01:32,942 simulation elastic_net nonlinear_panel 034 ok
2026-09-08 09:01:32,971 simulation elastic_net nonlinear_panel 035 ok
2026-09-08 09:01:33,001 simulation elastic_net nonlinear_panel 036 ok
2026-09-08 09:01:33,031 simulation elastic_net nonlinear_panel 037 ok
2026-09-08 09:01:33,062 simulation elastic_net nonlinear_panel 038 ok
2026-09-08 09:01:33,094 simulation elastic_net nonlinear_panel 039 ok
2026-09-08 09:01:33,125 simulation elastic_net nonlinear_panel 040 ok
2026-09-08 09:01:33,155 simulation elastic_net nonlinear_panel 041 ok
2026-09-08 09:01:33,185 simulation elastic_net nonlinear_panel 042 ok
2026-09-08 09:01:33,216 simulation elastic_net nonlinear_panel 043 ok
2026-09-08 09:01:33,245 simulation elastic_net nonlinear_panel 044 ok
2026-09-08 09:01:33,276 simulation elastic_net nonlinear_panel 045 ok
2026-09-08 09:01:33,305 simulation elastic_net nonlinear_panel 046 ok
2026-09-08 09:01:33,335 simulation elastic_net nonlinear_panel 047 ok
2026-09-08 09:01:33,364 simulation elastic_net nonlinear_panel 048 ok
2026-09-08 09:01:33,396 simulation elastic_net nonlinear_panel 049 ok
2026-09-08 09:01:33,428 simulation elastic_net nonlinear_panel 050 ok
2026-09-08 09:01:33,459 simulation elastic_net nonlinear_panel 051 ok
2026-09-08 09:01:33,489 simulation elastic_net nonlinear_panel 052 ok
2026-09-08 09:01:33,517 simulation elastic_net nonlinear_panel 053 ok
2026-09-08 09:01:33,544 simulation elastic_net nonlinear_panel 054 ok
2026-09-08 09:01:33,573 simulation elastic_net nonlinear_panel 055 ok
2026-09-08 09:01:33,602 simulation elastic_net nonlinear_panel 056 ok
2026-09-08 09:01:33,632 simulation elastic_net nonlinear_panel 057 ok
2026-09-08 09:01:33,662 simulation elastic_net nonlinear_panel 058 ok
2026-09-08 09:01:33,691 simulation elastic_net nonlinear_panel 059 ok
2026-09-08 09:01:33,719 simulation elastic_net nonlinear_panel 060 ok
2026-09-08 09:01:33,748 simulation elastic_net nonlinear_panel 061 ok
2026-09-08 09:01:33,776 simulation elastic_net nonlinear_panel 062 ok
2026-09-08 09:01:33,805 simulation elastic_net nonlinear_panel 063 ok
2026-09-08 09:01:33,834 simulation elastic_net nonlinear_panel 064 ok
2026-09-08 09:01:33,863 simulation elastic_net nonlinear_panel 065 ok
2026-09-08 09:01:33,890 simulation elastic_net nonlinear_panel 066 ok
2026-09-08 09:01:33,918 simulation elastic_net nonlinear_panel 067 ok
2026-09-08 09:01:33,947 simulation elastic_net nonlinear_panel 068 ok
2026-09-08 09:01:33,977 simulation elastic_net nonlinear_panel 069 ok
2026-09-08 09:01:34,007 simulation elastic_net nonlinear_panel 070 ok
2026-09-08 09:01:34,037 simulation elastic_net nonlinear_panel 071 ok
2026-09-08 09:01:34,067 simulation elastic_net nonlinear_panel 072 ok
2026-09-08 09:01:34,097 simulation elastic_net nonlinear_panel 073 ok
2026-09-08 09:01:34,125 simulation elastic_net nonlinear_panel 074 ok
2026-09-08 09:01:34,154 simulation elastic_net nonlinear_panel 075 ok
2026-09-08 09:01:34,183 simulation elastic_net nonlinear_panel 076 ok
2026-09-08 09:01:34,213 simulation elastic_net nonlinear_panel 077 ok
2026-09-08 09:01:34,241 simulation elastic_net nonlinear_panel 078 ok
2026-09-08 09:01:34,270 simulation elastic_net nonlinear_panel 079 ok
2026-09-08 09:01:34,298 simulation elastic_net nonlinear_panel 080 ok
2026-09-08 09:01:34,328 simulation elastic_net nonlinear_panel 081 ok
2026-09-08 09:01:34,357 simulation elastic_net nonlinear_panel 082 ok
2026-09-08 09:01:34,385 simulation elastic_net nonlinear_panel 083 ok
2026-09-08 09:01:34,414 simulation elastic_net nonlinear_panel 084 ok
2026-09-08 09:01:34,444 simulation elastic_net nonlinear_panel 085 ok
2026-09-08 09:01:34,472 simulation elastic_net nonlinear_panel 086 ok
2026-09-08 09:01:34,501 simulation elastic_net nonlinear_panel 087 ok
2026-09-08 09:01:34,530 simulation elastic_net nonlinear_panel 088 ok
2026-09-08 09:01:34,559 simulation elastic_net nonlinear_panel 089 ok
2026-09-08 09:01:34,586 simulation elastic_net nonlinear_panel 090 ok
2026-09-08 09:01:34,615 simulation elastic_net nonlinear_panel 091 ok
2026-09-08 09:01:34,642 simulation elastic_net nonlinear_panel 092 ok
2026-09-08 09:01:34,669 simulation elastic_net nonlinear_panel 093 ok
2026-09-08 09:01:34,698 simulation elastic_net nonlinear_panel 094 ok
2026-09-08 09:01:34,728 simulation elastic_net nonlinear_panel 095 ok
2026-09-08 09:01:34,756 simulation elastic_net nonlinear_panel 096 ok
2026-09-08 09:01:34,786 simulation elastic_net nonlinear_panel 097 ok
2026-09-08 09:01:34,814 simulation elastic_net nonlinear_panel 098 ok
2026-09-08 09:01:34,843 simulation elastic_net nonlinear_panel 099 ok
