2026-09-08 08:07:39,588 elastic_net tuning 1/12 0.7616
2026-09-08 08:07:39,609 elastic_net tuning 2/12 0.7616
2026-09-08 08:07:39,621 elastic_net tuning 3/12 0.7616
2026-09-08 08:07:39,639 elastic_net tuning 4/12 0.7616
2026-09-08 08:07:39,645 elastic_net tuning 5/12 0.7619
2026-09-08 08:07:39,660 elastic_net tuning 6/12 0.7626
2026-09-08 08:07:39,672 elastic_net tuning 7/12 0.7640
2026-09-08 08:07:39,679 elastic_net tuning 8/12 0.7667
2026-09-08 08:07:39,681 elastic_net tuning 9/12 0.7729
2026-09-08 08:07:39,684 elastic_net tuning 10/12 0.7807
2026-09-08 08:07:39,686 elastic_net tuning 11/12 0.8040
2026-09-08 08:07:39,688 elastic_net tuning 12/12 0.8470
2026-09-08 08:07:39,870 elastic_net reference ok 0.2s
2026-09-08 08:07:40,057 elastic_net half_00_A ok 0.2s
2026-09-08 08:07:40,163 elastic_net half_00_B ok 0.1s
2026-09-08 08:07:40,200 elastic_net half_01_A ok 0.0s
2026-09-08 08:07:40,313 elastic_net half_01_B ok 0.1s
2026-09-08 08:07:40,344 elastic_net half_02_A ok 0.0s
2026-09-08 08:07:40,398 elastic_net half_02_B ok 0.1s
2026-09-08 08:07:40,496 elastic_net half_03_A ok 0.1s
2026-09-08 08:07:40,781 elastic_net half_03_B ok 0.3s
2026-09-08 08:07:41,038 elastic_net half_04_A ok 0.3s
2026-09-08 08:07:41,313 elastic_net half_04_B ok 0.3s
2026-09-08 08:07:41,584 elastic_net half_05_A ok 0.3s
2026-09-08 08:07:41,617 elastic_net half_05_B ok 0.0s
2026-09-08 08:07:41,807 elastic_net half_06_A ok 0.2s
2026-09-08 08:07:41,839 elastic_net half_06_B ok 0.0s
2026-09-08 08:07:41,879 elastic_net half_07_A ok 0.0s
2026-09-08 08:07:41,926 elastic_net half_07_B ok 0.0s
2026-09-08 08:07:42,080 elastic_net half_08_A ok 0.2s
2026-09-08 08:07:42,291 elastic_net half_08_B ok 0.2s
2026-09-08 08:07:42,386 elastic_net half_09_A ok 0.1s
2026-09-08 08:07:42,578 elastic_net half_09_B ok 0.2s
2026-09-08 08:07:42,695 elastic_net half_10_A ok 0.1s
2026-09-08 08:07:42,794 elastic_net half_10_B ok 0.1s
2026-09-08 08:07:42,936 elastic_net half_11_A ok 0.1s
2026-09-08 08:07:43,216 elastic_net half_11_B ok 0.3s
2026-09-08 08:07:43,474 elastic_net half_12_A ok 0.3s
2026-09-08 08:07:43,509 elastic_net half_12_B ok 0.0s
2026-09-08 08:07:43,653 elastic_net half_13_A ok 0.1s
2026-09-08 08:07:43,900 elastic_net half_13_B ok 0.2s
2026-09-08 08:07:43,933 elastic_net half_14_A ok 0.0s
2026-09-08 08:07:43,989 elastic_net half_14_B ok 0.1s
2026-09-08 08:07:44,266 elastic_net half_15_A ok 0.3s
2026-09-08 08:07:44,300 elastic_net half_15_B ok 0.0s
2026-09-08 08:07:44,335 elastic_net half_16_A ok 0.0s
2026-09-08 08:07:44,401 elastic_net half_16_B ok 0.1s
2026-09-08 08:07:44,435 elastic_net half_17_A ok 0.0s
2026-09-08 08:07:44,531 elastic_net half_17_B ok 0.1s
2026-09-08 08:07:44,564 elastic_net half_18_A ok 0.0s
2026-09-08 08:07:44,630 elastic_net half_18_B ok 0.1s
2026-09-08 08:07:44,916 elastic_net half_19_A ok 0.3s
2026-09-08 08:07:45,121 elastic_net half_19_B ok 0.2s
2026-09-08 08:07:45,214 elastic_net half_20_A ok 0.1s
2026-09-08 08:07:45,508 elastic_net half_20_B ok 0.3s
2026-09-08 08:07:45,722 elastic_net half_21_A ok 0.2s
2026-09-08 08:07:45,931 elastic_net half_21_B ok 0.2s
2026-09-08 08:07:45,964 elastic_net half_22_A ok 0.0s
2026-09-08 08:07:46,158 elastic_net half_22_B ok 0.2s
2026-09-08 08:07:46,216 elastic_net half_23_A ok 0.1s
2026-09-08 08:07:46,250 elastic_net half_23_B ok 0.0s
2026-09-08 08:07:46,295 elastic_net half_24_A ok 0.0s
2026-09-08 08:07:46,329 elastic_net half_24_B ok 0.0s
2026-09-08 08:07:46,364 elastic_net half_25_A ok 0.0s
2026-09-08 08:07:46,489 elastic_net half_25_B ok 0.1s
2026-09-08 08:07:46,708 elastic_net half_26_A ok 0.2s
2026-09-08 08:07:46,871 elastic_net half_26_B ok 0.2s
2026-09-08 08:07:46,956 elastic_net half_27_A ok 0.1s
2026-09-08 08:07:46,985 elastic_net half_27_B ok 0.0s
2026-09-08 08:07:47,002 elastic_net half_28_A ok 0.0s
2026-09-08 08:07:47,174 elastic_net half_28_B ok 0.2s
2026-09-08 08:07:47,215 elastic_net half_29_A ok 0.0s
2026-09-08 08:07:47,291 elastic_net half_29_B ok 0.1s
2026-09-08 08:07:47,393 elastic_net f70_00 ok 0.1s
2026-09-08 08:07:47,757 elastic_net f70_01 ok 0.4s
2026-09-08 08:07:47,900 elastic_net f70_02 ok 0.1s
2026-09-08 08:07:48,035 elastic_net f70_03 ok 0.1s
2026-09-08 08:07:48,212 elastic_net f70_04 ok 0.2s
2026-09-08 08:07:48,339 elastic_net f70_05 ok 0.1s
2026-09-08 08:07:48,575 elastic_net f70_06 ok 0.2s
2026-09-08 08:07:48,903 elastic_net f70_07 ok 0.3s
2026-09-08 08:07:49,248 elastic_net f70_08 ok 0.3s
2026-09-08 08:07:49,420 elastic_net f70_09 ok 0.2s
2026-09-08 08:07:49,534 elastic_net f70_10 ok 0.1s
2026-09-08 08:07:49,772 elastic_net f70_11 ok 0.2s
2026-09-08 08:07:49,994 elastic_net f70_12 ok 0.2s
2026-09-08 08:07:50,348 elastic_net f70_13 ok 0.3s
2026-09-08 08:07:50,618 elastic_net f70_14 ok 0.3s
2026-09-08 08:07:50,659 elastic_net f70_15 ok 0.0s
2026-09-08 08:07:50,808 elastic_net f70_16 ok 0.1s
2026-09-08 08:07:50,895 elastic_net f70_17 ok 0.1s
2026-09-08 08:07:51,115 elastic_net f70_18 ok 0.2s
2026-09-08 08:07:51,355 elastic_net f70_19 ok 0.2s
2026-09-08 08:07:51,501 elastic_net f80_00 ok 0.1s
2026-09-08 08:07:51,890 elastic_net f80_01 ok 0.4s
2026-09-08 08:07:52,168 elastic_net f80_02 ok 0.3s
2026-09-08 08:07:52,559 elastic_net f80_03 ok 0.4s
2026-09-08 08:07:52,934 elastic_net f80_04 ok 0.4s
2026-09-08 08:07:53,318 elastic_net f80_05 ok 0.4s
2026-09-08 08:07:53,515 elastic_net f80_06 ok 0.2s
2026-09-08 08:07:53,817 elastic_net f80_07 ok 0.3s
2026-09-08 08:07:54,214 elastic_net f80_08 ok 0.4s
2026-09-08 08:07:54,618 elastic_net f80_09 ok 0.4s
2026-09-08 08:07:54,753 elastic_net f80_10 ok 0.1s
2026-09-08 08:07:55,066 elastic_net f80_11 ok 0.3s
2026-09-08 08:07:55,463 elastic_net f80_12 ok 0.4s
2026-09-08 08:07:55,850 elastic_net f80_13 ok 0.4s
2026-09-08 08:07:56,210 elastic_net f80_14 ok 0.4s
2026-09-08 08:07:56,258 elastic_net f80_15 ok 0.0s
2026-09-08 08:07:56,413 elastic_net f80_16 ok 0.1s
2026-09-08 08:07:56,557 elastic_net f80_17 ok 0.1s
2026-09-08 08:07:56,797 elastic_net f80_18 ok 0.2s
2026-09-08 08:07:57,132 elastic_net f80_19 ok 0.3s
2026-09-08 08:07:57,424 elastic_net seedonly_00 ok 0.3s
2026-09-08 08:07:57,890 elastic_net seedonly_01 ok 0.5s
2026-09-08 08:07:58,354 elastic_net seedonly_02 ok 0.5s
2026-09-08 08:07:58,703 elastic_net seedonly_03 ok 0.3s
2026-09-08 08:07:59,167 elastic_net seedonly_04 ok 0.5s
2026-09-08 08:07:59,605 elastic_net seedonly_05 ok 0.4s
2026-09-08 08:07:59,932 elastic_net seedonly_06 ok 0.3s
2026-09-08 08:08:00,399 elastic_net seedonly_07 ok 0.5s
2026-09-08 08:08:00,742 elastic_net seedonly_08 ok 0.3s
2026-09-08 08:08:01,208 elastic_net seedonly_09 ok 0.5s
