2026-09-08 08:07:40,212 shadow_trees tuning 1/12 0.7093
2026-09-08 08:07:40,724 shadow_trees tuning 2/12 0.7044
2026-09-08 08:07:41,134 shadow_trees tuning 3/12 0.7062
2026-09-08 08:07:41,498 shadow_trees tuning 4/12 0.7061
2026-09-08 08:07:42,783 shadow_trees tuning 5/12 0.7063
2026-09-08 08:07:43,811 shadow_trees tuning 6/12 0.7040
2026-09-08 08:07:44,634 shadow_trees tuning 7/12 0.7057
2026-09-08 08:07:45,374 shadow_trees tuning 8/12 0.7063
2026-09-08 08:07:47,302 shadow_trees tuning 9/12 0.7052
2026-09-08 08:07:48,833 shadow_trees tuning 10/12 0.7035
2026-09-08 08:07:50,075 shadow_trees tuning 11/12 0.7047
2026-09-08 08:07:51,190 shadow_trees tuning 12/12 0.7068
2026-09-08 08:08:22,992 shadow_trees reference ok 31.8s
2026-09-08 08:08:37,948 shadow_trees half_00_A ok 14.9s
2026-09-08 08:08:52,565 shadow_trees half_00_B ok 14.6s
2026-09-08 08:09:06,645 shadow_trees half_01_A ok 14.1s
2026-09-08 08:09:21,416 shadow_trees half_01_B ok 14.8s
2026-09-08 08:09:35,125 shadow_trees half_02_A ok 13.7s
2026-09-08 08:09:50,421 shadow_trees half_02_B ok 15.3s
2026-09-08 08:10:05,179 shadow_trees half_03_A ok 14.8s
2026-09-08 08:10:20,209 shadow_trees half_03_B ok 15.0s
2026-09-08 08:10:34,791 shadow_trees half_04_A ok 14.6s
2026-09-08 08:10:49,964 shadow_trees half_04_B ok 15.2s
2026-09-08 08:11:04,921 shadow_trees half_05_A ok 15.0s
2026-09-08 08:11:19,677 shadow_trees half_05_B ok 14.8s
2026-09-08 08:11:33,697 shadow_trees half_06_A ok 14.0s
2026-09-08 08:11:49,162 shadow_trees half_06_B ok 15.5s
2026-09-08 08:12:04,429 shadow_trees half_07_A ok 15.3s
2026-09-08 08:12:18,972 shadow_trees half_07_B ok 14.5s
2026-09-08 08:12:34,232 shadow_trees half_08_A ok 15.3s
2026-09-08 08:12:48,643 shadow_trees half_08_B ok 14.4s
2026-09-08 08:13:02,885 shadow_trees half_09_A ok 14.2s
2026-09-08 08:13:18,158 shadow_trees half_09_B ok 15.3s
2026-09-08 08:13:33,105 shadow_trees half_10_A ok 14.9s
2026-09-08 08:13:47,793 shadow_trees half_10_B ok 14.7s
2026-09-08 08:14:02,812 shadow_trees half_11_A ok 15.0s
2026-09-08 08:14:17,555 shadow_trees half_11_B ok 14.7s
2026-09-08 08:14:56,939 shadow_trees half_12_A ok 15.7s
2026-09-08 08:14:58,257 shadow_trees half_12_B ok 16.9s
2026-09-08 08:15:13,239 shadow_trees half_13_A ok 16.3s
2026-09-08 08:15:14,896 shadow_trees half_13_B ok 16.6s
2026-09-08 08:15:29,885 shadow_trees half_14_A ok 16.6s
2026-09-08 08:15:31,447 shadow_trees half_14_B ok 16.5s
2026-09-08 08:15:46,025 shadow_trees half_15_A ok 16.1s
2026-09-08 08:15:47,718 shadow_trees half_15_B ok 16.3s
2026-09-08 08:16:02,615 shadow_trees half_16_A ok 16.6s
2026-09-08 08:16:03,716 shadow_trees half_16_B ok 16.0s
2026-09-08 08:16:18,723 shadow_trees half_17_A ok 16.1s
2026-09-08 08:16:20,673 shadow_trees half_17_B ok 17.0s
2026-09-08 08:16:36,443 shadow_trees half_18_A ok 17.7s
2026-09-08 08:16:38,008 shadow_trees half_18_B ok 17.3s
2026-09-08 08:16:55,107 shadow_trees half_19_A ok 18.7s
2026-09-08 08:16:55,622 shadow_trees half_19_B ok 17.6s
2026-09-08 08:17:13,646 shadow_trees half_20_B ok 18.0s
2026-09-08 08:17:13,731 shadow_trees half_20_A ok 18.6s
2026-09-08 08:17:29,042 shadow_trees half_21_B ok 15.4s
2026-09-08 08:17:29,886 shadow_trees half_21_A ok 16.2s
2026-09-08 08:17:44,866 shadow_trees half_22_B ok 15.8s
2026-09-08 08:17:44,965 shadow_trees half_22_A ok 15.1s
2026-09-08 08:17:59,965 shadow_trees half_23_A ok 15.0s
2026-09-08 08:18:00,742 shadow_trees half_23_B ok 15.9s
2026-09-08 08:18:14,821 shadow_trees half_24_A ok 14.9s
2026-09-08 08:18:16,973 shadow_trees half_24_B ok 16.2s
2026-09-08 08:18:30,680 shadow_trees half_25_A ok 15.9s
2026-09-08 08:18:32,320 shadow_trees half_25_B ok 15.3s
2026-09-08 08:18:45,243 shadow_trees half_26_A ok 14.6s
2026-09-08 08:18:47,630 shadow_trees half_26_B ok 15.3s
2026-09-08 08:19:00,313 shadow_trees half_27_A ok 15.1s
2026-09-08 08:19:02,683 shadow_trees half_27_B ok 15.0s
2026-09-08 08:19:16,098 shadow_trees half_28_A ok 15.8s
2026-09-08 08:19:17,670 shadow_trees half_28_B ok 15.0s
2026-09-08 08:19:30,580 shadow_trees half_29_A ok 14.5s
2026-09-08 08:19:33,492 shadow_trees half_29_B ok 15.8s
2026-09-08 08:19:53,316 shadow_trees f70_00 ok 22.7s
2026-09-08 08:19:56,167 shadow_trees f70_01 ok 22.7s
2026-09-08 08:20:16,066 shadow_trees f70_02 ok 22.7s
2026-09-08 08:20:18,585 shadow_trees f70_03 ok 22.4s
2026-09-08 08:20:38,093 shadow_trees f70_04 ok 22.0s
2026-09-08 08:20:42,064 shadow_trees f70_05 ok 23.5s
2026-09-08 08:21:04,935 shadow_trees f70_06 ok 26.8s
2026-09-08 08:21:09,079 shadow_trees f70_07 ok 27.0s
2026-09-08 08:21:31,614 shadow_trees f70_08 ok 26.7s
2026-09-08 08:21:36,451 shadow_trees f70_09 ok 27.4s
2026-09-08 08:21:58,140 shadow_trees f70_10 ok 26.5s
2026-09-08 08:22:03,190 shadow_trees f70_11 ok 26.7s
2026-09-08 08:22:24,930 shadow_trees f70_12 ok 26.8s
2026-09-08 08:22:30,619 shadow_trees f70_13 ok 27.4s
2026-09-08 08:22:51,870 shadow_trees f70_14 ok 26.9s
2026-09-08 08:22:58,042 shadow_trees f70_15 ok 27.4s
2026-09-08 08:23:20,304 shadow_trees f70_16 ok 28.4s
2026-09-08 08:23:26,071 shadow_trees f70_17 ok 28.0s
2026-09-08 08:23:47,130 shadow_trees f70_18 ok 26.8s
2026-09-08 08:23:53,814 shadow_trees f70_19 ok 27.7s
2026-09-08 08:24:20,741 shadow_trees f80_00 ok 33.6s
2026-09-08 08:24:26,911 shadow_trees f80_01 ok 33.1s
2026-09-08 08:24:54,124 shadow_trees f80_02 ok 33.4s
2026-09-08 08:25:00,704 shadow_trees f80_03 ok 33.8s
2026-09-08 08:25:27,047 shadow_trees f80_04 ok 32.9s
2026-09-08 08:25:34,909 shadow_trees f80_05 ok 34.2s
2026-09-08 08:26:01,119 shadow_trees f80_06 ok 34.1s
2026-09-08 08:26:08,969 shadow_trees f80_07 ok 34.0s
2026-09-08 08:26:34,990 shadow_trees f80_08 ok 33.9s
2026-09-08 08:26:43,387 shadow_trees f80_09 ok 34.4s
2026-09-08 08:27:08,969 shadow_trees f80_10 ok 34.0s
2026-09-08 08:27:18,722 shadow_trees f80_11 ok 35.3s
2026-09-08 08:27:44,033 shadow_trees f80_12 ok 35.0s
2026-09-08 08:27:53,626 shadow_trees f80_13 ok 34.9s
2026-09-08 08:28:17,294 shadow_trees f80_14 ok 33.3s
2026-09-08 08:28:26,852 shadow_trees f80_15 ok 33.2s
2026-09-08 08:28:51,503 shadow_trees f80_16 ok 34.2s
2026-09-08 08:29:00,662 shadow_trees f80_17 ok 33.7s
2026-09-08 08:29:25,758 shadow_trees f80_18 ok 34.3s
2026-09-08 08:29:34,614 shadow_trees f80_19 ok 33.9s
2026-09-08 08:30:09,263 shadow_trees seedonly_00 ok 43.5s
2026-09-08 08:30:18,410 shadow_trees seedonly_01 ok 43.7s
2026-09-08 08:30:55,862 shadow_trees seedonly_02 ok 46.5s
2026-09-08 08:31:06,531 shadow_trees seedonly_03 ok 48.1s
2026-09-08 08:31:45,194 shadow_trees seedonly_04 ok 49.3s
2026-09-08 08:31:56,116 shadow_trees seedonly_05 ok 49.4s
2026-09-08 08:32:33,881 shadow_trees seedonly_06 ok 48.7s
2026-09-08 08:32:43,627 shadow_trees seedonly_07 ok 47.5s
2026-09-08 08:33:20,043 shadow_trees seedonly_08 ok 46.1s
2026-09-08 08:33:29,040 shadow_trees seedonly_09 ok 45.4s
