2026-09-08 08:20:46,234 simulation shadow_trees linear_sparse 001 ok
2026-09-08 08:20:46,399 simulation shadow_trees linear_sparse 000 ok
2026-09-08 08:20:51,539 simulation shadow_trees linear_sparse 003 ok
2026-09-08 08:20:51,723 simulation shadow_trees linear_sparse 002 ok
2026-09-08 08:20:56,800 simulation shadow_trees linear_sparse 005 ok
2026-09-08 08:20:56,895 simulation shadow_trees linear_sparse 004 ok
2026-09-08 08:21:02,115 simulation shadow_trees linear_sparse 007 ok
2026-09-08 08:21:02,152 simulation shadow_trees linear_sparse 006 ok
2026-09-08 08:21:07,425 simulation shadow_trees linear_sparse 008 ok
2026-09-08 08:21:07,501 simulation shadow_trees linear_sparse 009 ok
2026-09-08 08:21:12,816 simulation shadow_trees linear_sparse 011 ok
2026-09-08 08:21:12,948 simulation shadow_trees linear_sparse 010 ok
2026-09-08 08:21:18,041 simulation shadow_trees linear_sparse 013 ok
2026-09-08 08:21:18,263 simulation shadow_trees linear_sparse 012 ok
2026-09-08 08:21:23,232 simulation shadow_trees linear_sparse 015 ok
2026-09-08 08:21:23,515 simulation shadow_trees linear_sparse 014 ok
2026-09-08 08:21:28,324 simulation shadow_trees linear_sparse 017 ok
2026-09-08 08:21:28,499 simulation shadow_trees linear_sparse 016 ok
2026-09-08 08:21:33,594 simulation shadow_trees linear_sparse 018 ok
2026-09-08 08:21:33,599 simulation shadow_trees linear_sparse 019 ok
2026-09-08 08:21:38,893 simulation shadow_trees linear_sparse 021 ok
2026-09-08 08:21:38,896 simulation shadow_trees linear_sparse 020 ok
2026-09-08 08:21:44,248 simulation shadow_trees linear_sparse 023 ok
2026-09-08 08:21:44,424 simulation shadow_trees linear_sparse 022 ok
2026-09-08 08:21:49,612 simulation shadow_trees linear_sparse 025 ok
2026-09-08 08:21:49,810 simulation shadow_trees linear_sparse 024 ok
2026-09-08 08:21:55,121 simulation shadow_trees linear_sparse 027 ok
2026-09-08 08:21:55,333 simulation shadow_trees linear_sparse 026 ok
2026-09-08 08:22:00,305 simulation shadow_trees linear_sparse 029 ok
2026-09-08 08:22:00,468 simulation shadow_trees linear_sparse 028 ok
2026-09-08 08:22:05,672 simulation shadow_trees linear_sparse 031 ok
2026-09-08 08:22:05,753 simulation shadow_trees linear_sparse 030 ok
2026-09-08 08:22:10,826 simulation shadow_trees linear_sparse 033 ok
2026-09-08 08:22:11,056 simulation shadow_trees linear_sparse 032 ok
2026-09-08 08:22:16,199 simulation shadow_trees linear_sparse 035 ok
2026-09-08 08:22:16,370 simulation shadow_trees linear_sparse 034 ok
2026-09-08 08:22:21,425 simulation shadow_trees linear_sparse 037 ok
2026-09-08 08:22:21,593 simulation shadow_trees linear_sparse 036 ok
2026-09-08 08:22:26,760 simulation shadow_trees linear_sparse 039 ok
2026-09-08 08:22:26,804 simulation shadow_trees linear_sparse 038 ok
2026-09-08 08:22:32,242 simulation shadow_trees linear_sparse 040 ok
2026-09-08 08:22:32,311 simulation shadow_trees linear_sparse 041 ok
2026-09-08 08:22:37,575 simulation shadow_trees linear_sparse 042 ok
2026-09-08 08:22:38,005 simulation shadow_trees linear_sparse 043 ok
2026-09-08 08:22:42,638 simulation shadow_trees linear_sparse 044 ok
2026-09-08 08:22:43,113 simulation shadow_trees linear_sparse 045 ok
2026-09-08 08:22:47,871 simulation shadow_trees linear_sparse 046 ok
2026-09-08 08:22:48,535 simulation shadow_trees linear_sparse 047 ok
2026-09-08 08:22:53,170 simulation shadow_trees linear_sparse 048 ok
2026-09-08 08:22:53,753 simulation shadow_trees linear_sparse 049 ok
2026-09-08 08:22:58,374 simulation shadow_trees linear_sparse 050 ok
2026-09-08 08:22:59,034 simulation shadow_trees linear_sparse 051 ok
2026-09-08 08:23:03,761 simulation shadow_trees linear_sparse 052 ok
2026-09-08 08:23:04,352 simulation shadow_trees linear_sparse 053 ok
2026-09-08 08:23:09,589 simulation shadow_trees linear_sparse 054 ok
2026-09-08 08:23:09,790 simulation shadow_trees linear_sparse 055 ok
2026-09-08 08:23:15,047 simulation shadow_trees linear_sparse 056 ok
2026-09-08 08:23:15,122 simulation shadow_trees linear_sparse 057 ok
2026-09-08 08:23:20,246 simulation shadow_trees linear_sparse 058 ok
2026-09-08 08:23:20,478 simulation shadow_trees linear_sparse 059 ok
2026-09-08 08:23:25,737 simulation shadow_trees linear_sparse 061 ok
2026-09-08 08:23:25,771 simulation shadow_trees linear_sparse 060 ok
2026-09-08 08:23:31,074 simulation shadow_trees linear_sparse 062 ok
2026-09-08 08:23:31,141 simulation shadow_trees linear_sparse 063 ok
2026-09-08 08:23:36,620 simulation shadow_trees linear_sparse 065 ok
2026-09-08 08:23:36,678 simulation shadow_trees linear_sparse 064 ok
2026-09-08 08:23:42,052 simulation shadow_trees linear_sparse 067 ok
2026-09-08 08:23:42,112 simulation shadow_trees linear_sparse 066 ok
2026-09-08 08:23:47,344 simulation shadow_trees linear_sparse 069 ok
2026-09-08 08:23:47,418 simulation shadow_trees linear_sparse 068 ok
2026-09-08 08:23:52,811 simulation shadow_trees linear_sparse 071 ok
2026-09-08 08:23:53,220 simulation shadow_trees linear_sparse 070 ok
2026-09-08 08:23:58,637 simulation shadow_trees linear_sparse 073 ok
2026-09-08 08:23:58,695 simulation shadow_trees linear_sparse 072 ok
2026-09-08 08:24:04,184 simulation shadow_trees linear_sparse 075 ok
2026-09-08 08:24:04,251 simulation shadow_trees linear_sparse 074 ok
2026-09-08 08:24:09,655 simulation shadow_trees linear_sparse 076 ok
2026-09-08 08:24:09,791 simulation shadow_trees linear_sparse 077 ok
2026-09-08 08:24:15,062 simulation shadow_trees linear_sparse 078 ok
2026-09-08 08:24:15,148 simulation shadow_trees linear_sparse 079 ok
2026-09-08 08:24:20,758 simulation shadow_trees linear_sparse 080 ok
2026-09-08 08:24:20,769 simulation shadow_trees linear_sparse 081 ok
2026-09-08 08:24:26,239 simulation shadow_trees linear_sparse 082 ok
2026-09-08 08:24:26,434 simulation shadow_trees linear_sparse 083 ok
2026-09-08 08:24:31,720 simulation shadow_trees linear_sparse 084 ok
2026-09-08 08:24:32,073 simulation shadow_trees linear_sparse 085 ok
2026-09-08 08:24:37,099 simulation shadow_trees linear_sparse 086 ok
2026-09-08 08:24:37,585 simulation shadow_trees linear_sparse 087 ok
2026-09-08 08:24:42,633 simulation shadow_trees linear_sparse 088 ok
2026-09-08 08:24:43,181 simulation shadow_trees linear_sparse 089 ok
2026-09-08 08:24:48,070 simulation shadow_trees linear_sparse 090 ok
2026-09-08 08:24:48,781 simulation shadow_trees linear_sparse 091 ok
2026-09-08 08:24:53,552 simulation shadow_trees linear_sparse 092 ok
2026-09-08 08:24:54,451 simulation shadow_trees linear_sparse 093 ok
2026-09-08 08:24:58,844 simulation shadow_trees linear_sparse 094 ok
2026-09-08 08:25:00,112 simulation shadow_trees linear_sparse 095 ok
2026-09-08 08:25:04,417 simulation shadow_trees linear_sparse 096 ok
2026-09-08 08:25:05,622 simulation shadow_trees linear_sparse 097 ok
2026-09-08 08:25:09,980 simulation shadow_trees linear_sparse 098 ok
2026-09-08 08:25:11,367 simulation shadow_trees linear_sparse 099 ok
2026-09-08 08:25:15,638 simulation shadow_trees linear_medium 000 ok
2026-09-08 08:25:17,055 simulation shadow_trees linear_medium 001 ok
2026-09-08 08:25:21,170 simulation shadow_trees linear_medium 002 ok
2026-09-08 08:25:22,983 simulation shadow_trees linear_medium 003 ok
2026-09-08 08:25:26,672 simulation shadow_trees linear_medium 004 ok
2026-09-08 08:25:28,794 simulation shadow_trees linear_medium 005 ok
2026-09-08 08:25:32,587 simulation shadow_trees linear_medium 006 ok
2026-09-08 08:25:34,374 simulation shadow_trees linear_medium 007 ok
2026-09-08 08:25:38,207 simulation shadow_trees linear_medium 008 ok
2026-09-08 08:25:39,945 simulation shadow_trees linear_medium 009 ok
2026-09-08 08:25:43,724 simulation shadow_trees linear_medium 010 ok
2026-09-08 08:25:45,463 simulation shadow_trees linear_medium 011 ok
2026-09-08 08:25:49,172 simulation shadow_trees linear_medium 012 ok
2026-09-08 08:25:51,205 simulation shadow_trees linear_medium 013 ok
2026-09-08 08:25:54,829 simulation shadow_trees linear_medium 014 ok
2026-09-08 08:25:57,114 simulation shadow_trees linear_medium 015 ok
2026-09-08 08:26:00,678 simulation shadow_trees linear_medium 016 ok
2026-09-08 08:26:03,004 simulation shadow_trees linear_medium 017 ok
2026-09-08 08:26:06,334 simulation shadow_trees linear_medium 018 ok
2026-09-08 08:26:08,912 simulation shadow_trees linear_medium 019 ok
2026-09-08 08:26:11,922 simulation shadow_trees linear_medium 020 ok
2026-09-08 08:26:14,810 simulation shadow_trees linear_medium 021 ok
2026-09-08 08:26:17,749 simulation shadow_trees linear_medium 022 ok
2026-09-08 08:26:20,955 simulation shadow_trees linear_medium 023 ok
2026-09-08 08:26:23,408 simulation shadow_trees linear_medium 024 ok
2026-09-08 08:26:26,695 simulation shadow_trees linear_medium 025 ok
2026-09-08 08:26:29,047 simulation shadow_trees linear_medium 026 ok
2026-09-08 08:26:32,428 simulation shadow_trees linear_medium 027 ok
2026-09-08 08:26:34,704 simulation shadow_trees linear_medium 028 ok
2026-09-08 08:26:38,140 simulation shadow_trees linear_medium 029 ok
2026-09-08 08:26:40,338 simulation shadow_trees linear_medium 030 ok
2026-09-08 08:26:44,075 simulation shadow_trees linear_medium 031 ok
2026-09-08 08:26:45,935 simulation shadow_trees linear_medium 032 ok
2026-09-08 08:26:49,646 simulation shadow_trees linear_medium 033 ok
2026-09-08 08:26:51,637 simulation shadow_trees linear_medium 034 ok
2026-09-08 08:26:55,540 simulation shadow_trees linear_medium 035 ok
2026-09-08 08:26:57,472 simulation shadow_trees linear_medium 036 ok
2026-09-08 08:27:01,470 simulation shadow_trees linear_medium 037 ok
2026-09-08 08:27:03,117 simulation shadow_trees linear_medium 038 ok
2026-09-08 08:27:07,295 simulation shadow_trees linear_medium 039 ok
2026-09-08 08:27:09,097 simulation shadow_trees linear_medium 040 ok
2026-09-08 08:27:13,280 simulation shadow_trees linear_medium 041 ok
2026-09-08 08:27:15,212 simulation shadow_trees linear_medium 042 ok
2026-09-08 08:27:19,203 simulation shadow_trees linear_medium 043 ok
2026-09-08 08:27:21,283 simulation shadow_trees linear_medium 044 ok
2026-09-08 08:27:25,150 simulation shadow_trees linear_medium 045 ok
2026-09-08 08:27:27,123 simulation shadow_trees linear_medium 046 ok
2026-09-08 08:27:31,093 simulation shadow_trees linear_medium 047 ok
2026-09-08 08:27:33,129 simulation shadow_trees linear_medium 048 ok
2026-09-08 08:27:37,065 simulation shadow_trees linear_medium 049 ok
2026-09-08 08:27:38,793 simulation shadow_trees linear_medium 050 ok
2026-09-08 08:27:42,714 simulation shadow_trees linear_medium 051 ok
2026-09-08 08:27:44,579 simulation shadow_trees linear_medium 052 ok
2026-09-08 08:27:48,218 simulation shadow_trees linear_medium 053 ok
2026-09-08 08:27:50,139 simulation shadow_trees linear_medium 054 ok
2026-09-08 08:27:53,918 simulation shadow_trees linear_medium 055 ok
2026-09-08 08:27:55,788 simulation shadow_trees linear_medium 056 ok
2026-09-08 08:27:59,483 simulation shadow_trees linear_medium 057 ok
2026-09-08 08:28:01,462 simulation shadow_trees linear_medium 058 ok
2026-09-08 08:28:05,019 simulation shadow_trees linear_medium 059 ok
2026-09-08 08:28:06,965 simulation shadow_trees linear_medium 060 ok
2026-09-08 08:28:10,809 simulation shadow_trees linear_medium 061 ok
2026-09-08 08:28:12,917 simulation shadow_trees linear_medium 062 ok
2026-09-08 08:28:16,143 simulation shadow_trees linear_medium 063 ok
2026-09-08 08:28:18,388 simulation shadow_trees linear_medium 064 ok
2026-09-08 08:28:21,747 simulation shadow_trees linear_medium 065 ok
2026-09-08 08:28:23,921 simulation shadow_trees linear_medium 066 ok
2026-09-08 08:28:27,281 simulation shadow_trees linear_medium 067 ok
2026-09-08 08:28:29,370 simulation shadow_trees linear_medium 068 ok
2026-09-08 08:28:32,943 simulation shadow_trees linear_medium 069 ok
2026-09-08 08:28:35,192 simulation shadow_trees linear_medium 070 ok
2026-09-08 08:28:38,431 simulation shadow_trees linear_medium 071 ok
2026-09-08 08:28:41,239 simulation shadow_trees linear_medium 072 ok
2026-09-08 08:28:43,989 simulation shadow_trees linear_medium 073 ok
2026-09-08 08:28:46,865 simulation shadow_trees linear_medium 074 ok
2026-09-08 08:28:49,958 simulation shadow_trees linear_medium 075 ok
2026-09-08 08:28:52,396 simulation shadow_trees linear_medium 076 ok
2026-09-08 08:28:55,477 simulation shadow_trees linear_medium 077 ok
2026-09-08 08:28:57,870 simulation shadow_trees linear_medium 078 ok
2026-09-08 08:29:01,249 simulation shadow_trees linear_medium 079 ok
2026-09-08 08:29:03,592 simulation shadow_trees linear_medium 080 ok
2026-09-08 08:29:07,241 simulation shadow_trees linear_medium 081 ok
2026-09-08 08:29:09,676 simulation shadow_trees linear_medium 082 ok
2026-09-08 08:29:13,173 simulation shadow_trees linear_medium 083 ok
2026-09-08 08:29:15,654 simulation shadow_trees linear_medium 084 ok
2026-09-08 08:29:19,105 simulation shadow_trees linear_medium 085 ok
2026-09-08 08:29:21,350 simulation shadow_trees linear_medium 086 ok
2026-09-08 08:29:25,005 simulation shadow_trees linear_medium 087 ok
2026-09-08 08:29:26,787 simulation shadow_trees linear_medium 088 ok
2026-09-08 08:29:30,809 simulation shadow_trees linear_medium 089 ok
2026-09-08 08:29:32,144 simulation shadow_trees linear_medium 090 ok
2026-09-08 08:29:36,223 simulation shadow_trees linear_medium 091 ok
2026-09-08 08:29:38,071 simulation shadow_trees linear_medium 092 ok
2026-09-08 08:29:41,907 simulation shadow_trees linear_medium 093 ok
2026-09-08 08:29:43,762 simulation shadow_trees linear_medium 094 ok
2026-09-08 08:29:47,621 simulation shadow_trees linear_medium 095 ok
2026-09-08 08:29:49,277 simulation shadow_trees linear_medium 096 ok
2026-09-08 08:29:53,522 simulation shadow_trees linear_medium 097 ok
2026-09-08 08:29:54,967 simulation shadow_trees linear_medium 098 ok
2026-09-08 08:29:59,391 simulation shadow_trees linear_medium 099 ok
2026-09-08 08:30:00,885 simulation shadow_trees linear_weak 000 ok
2026-09-08 08:30:05,212 simulation shadow_trees linear_weak 001 ok
2026-09-08 08:30:06,808 simulation shadow_trees linear_weak 002 ok
2026-09-08 08:30:10,781 simulation shadow_trees linear_weak 003 ok
2026-09-08 08:30:12,469 simulation shadow_trees linear_weak 004 ok
2026-09-08 08:30:16,751 simulation shadow_trees linear_weak 005 ok
2026-09-08 08:30:18,422 simulation shadow_trees linear_weak 006 ok
2026-09-08 08:30:22,791 simulation shadow_trees linear_weak 007 ok
2026-09-08 08:30:24,464 simulation shadow_trees linear_weak 008 ok
2026-09-08 08:30:28,753 simulation shadow_trees linear_weak 009 ok
2026-09-08 08:30:30,408 simulation shadow_trees linear_weak 010 ok
2026-09-08 08:30:34,857 simulation shadow_trees linear_weak 011 ok
2026-09-08 08:30:37,088 simulation shadow_trees linear_weak 012 ok
2026-09-08 08:30:41,370 simulation shadow_trees linear_weak 013 ok
2026-09-08 08:30:43,666 simulation shadow_trees linear_weak 014 ok
2026-09-08 08:30:47,943 simulation shadow_trees linear_weak 015 ok
2026-09-08 08:30:49,867 simulation shadow_trees linear_weak 016 ok
2026-09-08 08:30:54,303 simulation shadow_trees linear_weak 017 ok
2026-09-08 08:30:56,388 simulation shadow_trees linear_weak 018 ok
2026-09-08 08:31:00,707 simulation shadow_trees linear_weak 019 ok
2026-09-08 08:31:02,643 simulation shadow_trees linear_weak 020 ok
2026-09-08 08:31:07,230 simulation shadow_trees linear_weak 021 ok
2026-09-08 08:31:09,022 simulation shadow_trees linear_weak 022 ok
2026-09-08 08:31:14,012 simulation shadow_trees linear_weak 023 ok
2026-09-08 08:31:15,414 simulation shadow_trees linear_weak 024 ok
2026-09-08 08:31:20,573 simulation shadow_trees linear_weak 025 ok
2026-09-08 08:31:21,902 simulation shadow_trees linear_weak 026 ok
2026-09-08 08:31:27,164 simulation shadow_trees linear_weak 027 ok
2026-09-08 08:31:28,135 simulation shadow_trees linear_weak 028 ok
2026-09-08 08:31:34,009 simulation shadow_trees linear_weak 029 ok
2026-09-08 08:31:34,873 simulation shadow_trees linear_weak 030 ok
2026-09-08 08:31:40,248 simulation shadow_trees linear_weak 031 ok
2026-09-08 08:31:41,322 simulation shadow_trees linear_weak 032 ok
2026-09-08 08:31:46,608 simulation shadow_trees linear_weak 033 ok
2026-09-08 08:31:47,831 simulation shadow_trees linear_weak 034 ok
2026-09-08 08:31:53,328 simulation shadow_trees linear_weak 035 ok
2026-09-08 08:31:54,779 simulation shadow_trees linear_weak 036 ok
2026-09-08 08:32:00,294 simulation shadow_trees linear_weak 037 ok
2026-09-08 08:32:01,427 simulation shadow_trees linear_weak 038 ok
2026-09-08 08:32:07,073 simulation shadow_trees linear_weak 039 ok
2026-09-08 08:32:07,825 simulation shadow_trees linear_weak 040 ok
2026-09-08 08:32:13,571 simulation shadow_trees linear_weak 041 ok
2026-09-08 08:32:14,263 simulation shadow_trees linear_weak 042 ok
2026-09-08 08:32:19,836 simulation shadow_trees linear_weak 043 ok
2026-09-08 08:32:20,292 simulation shadow_trees linear_weak 044 ok
2026-09-08 08:32:26,025 simulation shadow_trees linear_weak 045 ok
2026-09-08 08:32:26,459 simulation shadow_trees linear_weak 046 ok
2026-09-08 08:32:32,166 simulation shadow_trees linear_weak 047 ok
2026-09-08 08:32:32,703 simulation shadow_trees linear_weak 048 ok
2026-09-08 08:32:38,598 simulation shadow_trees linear_weak 049 ok
2026-09-08 08:32:38,893 simulation shadow_trees linear_weak 050 ok
2026-09-08 08:32:44,728 simulation shadow_trees linear_weak 051 ok
2026-09-08 08:32:44,957 simulation shadow_trees linear_weak 052 ok
2026-09-08 08:32:50,636 simulation shadow_trees linear_weak 053 ok
2026-09-08 08:32:51,094 simulation shadow_trees linear_weak 054 ok
2026-09-08 08:32:56,733 simulation shadow_trees linear_weak 055 ok
2026-09-08 08:32:57,258 simulation shadow_trees linear_weak 056 ok
2026-09-08 08:33:02,910 simulation shadow_trees linear_weak 057 ok
2026-09-08 08:33:03,238 simulation shadow_trees linear_weak 058 ok
2026-09-08 08:33:09,247 simulation shadow_trees linear_weak 059 ok
2026-09-08 08:33:09,556 simulation shadow_trees linear_weak 060 ok
2026-09-08 08:33:15,168 simulation shadow_trees linear_weak 061 ok
2026-09-08 08:33:15,526 simulation shadow_trees linear_weak 062 ok
2026-09-08 08:33:21,317 simulation shadow_trees linear_weak 063 ok
2026-09-08 08:33:21,407 simulation shadow_trees linear_weak 064 ok
2026-09-08 08:33:27,163 simulation shadow_trees linear_weak 066 ok
2026-09-08 08:33:27,202 simulation shadow_trees linear_weak 065 ok
2026-09-08 08:33:33,042 simulation shadow_trees linear_weak 067 ok
2026-09-08 08:33:33,200 simulation shadow_trees linear_weak 068 ok
2026-09-08 08:33:38,634 simulation shadow_trees linear_weak 069 ok
2026-09-08 08:33:38,656 simulation shadow_trees linear_weak 070 ok
2026-09-08 08:33:43,987 simulation shadow_trees linear_weak 072 ok
2026-09-08 08:33:44,076 simulation shadow_trees linear_weak 071 ok
2026-09-08 08:33:49,557 simulation shadow_trees linear_weak 074 ok
2026-09-08 08:33:49,569 simulation shadow_trees linear_weak 073 ok
2026-09-08 08:33:54,933 simulation shadow_trees linear_weak 076 ok
2026-09-08 08:33:55,046 simulation shadow_trees linear_weak 075 ok
2026-09-08 08:34:00,348 simulation shadow_trees linear_weak 078 ok
2026-09-08 08:34:00,533 simulation shadow_trees linear_weak 077 ok
2026-09-08 08:34:05,610 simulation shadow_trees linear_weak 080 ok
2026-09-08 08:34:05,904 simulation shadow_trees linear_weak 079 ok
2026-09-08 08:34:11,046 simulation shadow_trees linear_weak 082 ok
2026-09-08 08:34:11,337 simulation shadow_trees linear_weak 081 ok
2026-09-08 08:34:16,379 simulation shadow_trees linear_weak 084 ok
2026-09-08 08:34:16,801 simulation shadow_trees linear_weak 083 ok
2026-09-08 08:34:21,697 simulation shadow_trees linear_weak 086 ok
2026-09-08 08:34:22,315 simulation shadow_trees linear_weak 085 ok
2026-09-08 08:34:26,869 simulation shadow_trees linear_weak 088 ok
2026-09-08 08:34:27,836 simulation shadow_trees linear_weak 087 ok
2026-09-08 08:34:32,542 simulation shadow_trees linear_weak 090 ok
2026-09-08 08:34:33,253 simulation shadow_trees linear_weak 089 ok
2026-09-08 08:34:38,063 simulation shadow_trees linear_weak 092 ok
2026-09-08 08:34:38,829 simulation shadow_trees linear_weak 091 ok
2026-09-08 08:34:43,461 simulation shadow_trees linear_weak 094 ok
2026-09-08 08:34:44,173 simulation shadow_trees linear_weak 093 ok
2026-09-08 08:34:48,833 simulation shadow_trees linear_weak 096 ok
2026-09-08 08:34:49,563 simulation shadow_trees linear_weak 095 ok
2026-09-08 08:34:54,271 simulation shadow_trees linear_weak 098 ok
2026-09-08 08:34:55,154 simulation shadow_trees linear_weak 097 ok
2026-09-08 08:34:59,671 simulation shadow_trees linear_dense 000 ok
2026-09-08 08:35:00,670 simulation shadow_trees linear_weak 099 ok
2026-09-08 08:35:04,939 simulation shadow_trees linear_dense 002 ok
2026-09-08 08:35:06,194 simulation shadow_trees linear_dense 001 ok
2026-09-08 08:35:10,262 simulation shadow_trees linear_dense 004 ok
2026-09-08 08:35:11,657 simulation shadow_trees linear_dense 003 ok
2026-09-08 08:35:15,302 simulation shadow_trees linear_dense 006 ok
2026-09-08 08:35:16,818 simulation shadow_trees linear_dense 005 ok
2026-09-08 08:35:20,342 simulation shadow_trees linear_dense 008 ok
2026-09-08 08:35:22,027 simulation shadow_trees linear_dense 007 ok
2026-09-08 08:35:25,481 simulation shadow_trees linear_dense 010 ok
2026-09-08 08:35:27,179 simulation shadow_trees linear_dense 009 ok
2026-09-08 08:35:30,697 simulation shadow_trees linear_dense 012 ok
2026-09-08 08:35:32,311 simulation shadow_trees linear_dense 011 ok
2026-09-08 08:35:35,930 simulation shadow_trees linear_dense 014 ok
2026-09-08 08:35:37,725 simulation shadow_trees linear_dense 013 ok
2026-09-08 08:35:41,213 simulation shadow_trees linear_dense 016 ok
2026-09-08 08:35:42,978 simulation shadow_trees linear_dense 015 ok
2026-09-08 08:35:46,265 simulation shadow_trees linear_dense 018 ok
2026-09-08 08:35:48,296 simulation shadow_trees linear_dense 017 ok
2026-09-08 08:35:51,701 simulation shadow_trees linear_dense 020 ok
2026-09-08 08:35:53,691 simulation shadow_trees linear_dense 019 ok
2026-09-08 08:35:57,098 simulation shadow_trees linear_dense 022 ok
2026-09-08 08:35:59,013 simulation shadow_trees linear_dense 021 ok
2026-09-08 08:36:02,553 simulation shadow_trees linear_dense 024 ok
2026-09-08 08:36:04,213 simulation shadow_trees linear_dense 023 ok
2026-09-08 08:36:07,749 simulation shadow_trees linear_dense 026 ok
2026-09-08 08:36:09,453 simulation shadow_trees linear_dense 025 ok
2026-09-08 08:36:13,015 simulation shadow_trees linear_dense 028 ok
2026-09-08 08:36:14,803 simulation shadow_trees linear_dense 027 ok
2026-09-08 08:36:18,406 simulation shadow_trees linear_dense 030 ok
2026-09-08 08:36:20,281 simulation shadow_trees linear_dense 029 ok
2026-09-08 08:36:23,901 simulation shadow_trees linear_dense 032 ok
2026-09-08 08:36:25,937 simulation shadow_trees linear_dense 031 ok
2026-09-08 08:36:29,480 simulation shadow_trees linear_dense 034 ok
2026-09-08 08:36:31,521 simulation shadow_trees linear_dense 033 ok
2026-09-08 08:36:35,235 simulation shadow_trees linear_dense 036 ok
2026-09-08 08:36:37,161 simulation shadow_trees linear_dense 035 ok
2026-09-08 08:36:41,002 simulation shadow_trees linear_dense 038 ok
2026-09-08 08:36:42,775 simulation shadow_trees linear_dense 037 ok
2026-09-08 08:36:46,578 simulation shadow_trees linear_dense 040 ok
2026-09-08 08:36:48,322 simulation shadow_trees linear_dense 039 ok
2026-09-08 08:36:52,008 simulation shadow_trees linear_dense 042 ok
2026-09-08 08:36:53,925 simulation shadow_trees linear_dense 041 ok
2026-09-08 08:36:57,630 simulation shadow_trees linear_dense 044 ok
2026-09-08 08:36:59,615 simulation shadow_trees linear_dense 043 ok
2026-09-08 08:37:03,401 simulation shadow_trees linear_dense 046 ok
2026-09-08 08:37:05,285 simulation shadow_trees linear_dense 045 ok
2026-09-08 08:37:09,026 simulation shadow_trees linear_dense 048 ok
2026-09-08 08:37:10,861 simulation shadow_trees linear_dense 047 ok
2026-09-08 08:37:14,477 simulation shadow_trees linear_dense 050 ok
2026-09-08 08:37:16,381 simulation shadow_trees linear_dense 049 ok
2026-09-08 08:37:20,042 simulation shadow_trees linear_dense 052 ok
2026-09-08 08:37:22,270 simulation shadow_trees linear_dense 051 ok
2026-09-08 08:37:25,567 simulation shadow_trees linear_dense 054 ok
2026-09-08 08:37:27,878 simulation shadow_trees linear_dense 053 ok
2026-09-08 08:37:31,227 simulation shadow_trees linear_dense 056 ok
2026-09-08 08:37:33,635 simulation shadow_trees linear_dense 055 ok
2026-09-08 08:37:36,954 simulation shadow_trees linear_dense 058 ok
2026-09-08 08:37:39,348 simulation shadow_trees linear_dense 057 ok
2026-09-08 08:37:42,738 simulation shadow_trees linear_dense 060 ok
2026-09-08 08:37:45,057 simulation shadow_trees linear_dense 059 ok
2026-09-08 08:37:48,421 simulation shadow_trees linear_dense 062 ok
2026-09-08 08:37:50,567 simulation shadow_trees linear_dense 061 ok
2026-09-08 08:37:54,004 simulation shadow_trees linear_dense 064 ok
2026-09-08 08:37:56,443 simulation shadow_trees linear_dense 063 ok
2026-09-08 08:37:59,728 simulation shadow_trees linear_dense 066 ok
2026-09-08 08:38:02,214 simulation shadow_trees linear_dense 065 ok
2026-09-08 08:38:05,255 simulation shadow_trees linear_dense 068 ok
2026-09-08 08:38:07,879 simulation shadow_trees linear_dense 067 ok
2026-09-08 08:38:10,854 simulation shadow_trees linear_dense 070 ok
2026-09-08 08:38:13,580 simulation shadow_trees linear_dense 069 ok
2026-09-08 08:38:16,526 simulation shadow_trees linear_dense 072 ok
2026-09-08 08:38:19,159 simulation shadow_trees linear_dense 071 ok
2026-09-08 08:38:22,427 simulation shadow_trees linear_dense 074 ok
2026-09-08 08:38:24,937 simulation shadow_trees linear_dense 073 ok
2026-09-08 08:38:28,088 simulation shadow_trees linear_dense 076 ok
2026-09-08 08:38:30,670 simulation shadow_trees linear_dense 075 ok
2026-09-08 08:38:33,909 simulation shadow_trees linear_dense 078 ok
2026-09-08 08:38:36,312 simulation shadow_trees linear_dense 077 ok
2026-09-08 08:38:39,613 simulation shadow_trees linear_dense 080 ok
2026-09-08 08:38:41,965 simulation shadow_trees linear_dense 079 ok
2026-09-08 08:38:45,339 simulation shadow_trees linear_dense 082 ok
2026-09-08 08:38:47,736 simulation shadow_trees linear_dense 081 ok
2026-09-08 08:38:51,194 simulation shadow_trees linear_dense 084 ok
2026-09-08 08:38:53,443 simulation shadow_trees linear_dense 083 ok
2026-09-08 08:38:56,799 simulation shadow_trees linear_dense 086 ok
2026-09-08 08:38:59,177 simulation shadow_trees linear_dense 085 ok
2026-09-08 08:39:02,585 simulation shadow_trees linear_dense 088 ok
2026-09-08 08:39:05,157 simulation shadow_trees linear_dense 087 ok
2026-09-08 08:39:08,538 simulation shadow_trees linear_dense 090 ok
2026-09-08 08:39:11,192 simulation shadow_trees linear_dense 089 ok
2026-09-08 08:39:14,152 simulation shadow_trees linear_dense 092 ok
2026-09-08 08:39:16,803 simulation shadow_trees linear_dense 091 ok
2026-09-08 08:39:20,167 simulation shadow_trees linear_dense 094 ok
2026-09-08 08:39:22,712 simulation shadow_trees linear_dense 093 ok
2026-09-08 08:39:25,921 simulation shadow_trees linear_dense 096 ok
2026-09-08 08:39:28,584 simulation shadow_trees linear_dense 095 ok
2026-09-08 08:39:31,731 simulation shadow_trees linear_dense 098 ok
2026-09-08 08:39:34,469 simulation shadow_trees linear_dense 097 ok
2026-09-08 08:39:38,914 simulation shadow_trees nonlinear 000 ok
2026-09-08 08:39:40,528 simulation shadow_trees linear_dense 099 ok
2026-09-08 08:39:45,895 simulation shadow_trees nonlinear 002 ok
2026-09-08 08:39:47,072 simulation shadow_trees nonlinear 001 ok
2026-09-08 08:39:52,474 simulation shadow_trees nonlinear 004 ok
2026-09-08 08:39:54,004 simulation shadow_trees nonlinear 003 ok
2026-09-08 08:39:58,939 simulation shadow_trees nonlinear 006 ok
2026-09-08 08:40:00,547 simulation shadow_trees nonlinear 005 ok
2026-09-08 08:40:05,419 simulation shadow_trees nonlinear 008 ok
2026-09-08 08:40:07,209 simulation shadow_trees nonlinear 007 ok
2026-09-08 08:40:12,066 simulation shadow_trees nonlinear 010 ok
2026-09-08 08:40:13,951 simulation shadow_trees nonlinear 009 ok
2026-09-08 08:40:19,023 simulation shadow_trees nonlinear 012 ok
2026-09-08 08:40:20,760 simulation shadow_trees nonlinear 011 ok
2026-09-08 08:40:25,835 simulation shadow_trees nonlinear 014 ok
2026-09-08 08:40:27,861 simulation shadow_trees nonlinear 013 ok
2026-09-08 08:40:32,540 simulation shadow_trees nonlinear 016 ok
2026-09-08 08:40:34,156 simulation shadow_trees nonlinear 015 ok
2026-09-08 08:40:39,523 simulation shadow_trees nonlinear 018 ok
2026-09-08 08:40:40,742 simulation shadow_trees nonlinear 017 ok
2026-09-08 08:40:46,444 simulation shadow_trees nonlinear 020 ok
2026-09-08 08:40:47,704 simulation shadow_trees nonlinear 019 ok
2026-09-08 08:40:53,146 simulation shadow_trees nonlinear 022 ok
2026-09-08 08:40:54,673 simulation shadow_trees nonlinear 021 ok
2026-09-08 08:41:00,081 simulation shadow_trees nonlinear 024 ok
2026-09-08 08:41:01,408 simulation shadow_trees nonlinear 023 ok
2026-09-08 08:41:06,626 simulation shadow_trees nonlinear 026 ok
2026-09-08 08:41:08,672 simulation shadow_trees nonlinear 025 ok
2026-09-08 08:41:13,407 simulation shadow_trees nonlinear 028 ok
2026-09-08 08:41:15,279 simulation shadow_trees nonlinear 027 ok
2026-09-08 08:41:20,002 simulation shadow_trees nonlinear 030 ok
2026-09-08 08:41:22,185 simulation shadow_trees nonlinear 029 ok
2026-09-08 08:41:26,635 simulation shadow_trees nonlinear 032 ok
2026-09-08 08:41:28,739 simulation shadow_trees nonlinear 031 ok
2026-09-08 08:41:33,129 simulation shadow_trees nonlinear 034 ok
2026-09-08 08:41:35,534 simulation shadow_trees nonlinear 033 ok
2026-09-08 08:41:39,603 simulation shadow_trees nonlinear 036 ok
2026-09-08 08:41:42,249 simulation shadow_trees nonlinear 035 ok
2026-09-08 08:41:45,806 simulation shadow_trees nonlinear 038 ok
2026-09-08 08:41:49,387 simulation shadow_trees nonlinear 037 ok
2026-09-08 08:41:52,347 simulation shadow_trees nonlinear 040 ok
2026-09-08 08:41:56,053 simulation shadow_trees nonlinear 039 ok
2026-09-08 08:41:59,374 simulation shadow_trees nonlinear 042 ok
2026-09-08 08:42:02,982 simulation shadow_trees nonlinear 041 ok
2026-09-08 08:42:06,443 simulation shadow_trees nonlinear 044 ok
2026-09-08 08:42:09,938 simulation shadow_trees nonlinear 043 ok
2026-09-08 08:42:13,276 simulation shadow_trees nonlinear 046 ok
2026-09-08 08:42:16,844 simulation shadow_trees nonlinear 045 ok
2026-09-08 08:42:20,334 simulation shadow_trees nonlinear 048 ok
2026-09-08 08:42:23,440 simulation shadow_trees nonlinear 047 ok
2026-09-08 08:42:27,448 simulation shadow_trees nonlinear 050 ok
2026-09-08 08:42:30,114 simulation shadow_trees nonlinear 049 ok
2026-09-08 08:42:34,480 simulation shadow_trees nonlinear 052 ok
2026-09-08 08:42:37,178 simulation shadow_trees nonlinear 051 ok
2026-09-08 08:42:41,383 simulation shadow_trees nonlinear 054 ok
2026-09-08 08:42:44,486 simulation shadow_trees nonlinear 053 ok
2026-09-08 08:42:48,268 simulation shadow_trees nonlinear 056 ok
2026-09-08 08:42:51,128 simulation shadow_trees nonlinear 055 ok
2026-09-08 08:42:55,298 simulation shadow_trees nonlinear 058 ok
2026-09-08 08:42:57,710 simulation shadow_trees nonlinear 057 ok
2026-09-08 08:43:02,379 simulation shadow_trees nonlinear 060 ok
2026-09-08 08:43:04,573 simulation shadow_trees nonlinear 059 ok
2026-09-08 08:43:09,292 simulation shadow_trees nonlinear 062 ok
2026-09-08 08:43:11,445 simulation shadow_trees nonlinear 061 ok
2026-09-08 08:43:15,816 simulation shadow_trees nonlinear 064 ok
2026-09-08 08:43:18,054 simulation shadow_trees nonlinear 063 ok
2026-09-08 08:43:22,726 simulation shadow_trees nonlinear 066 ok
2026-09-08 08:43:24,839 simulation shadow_trees nonlinear 065 ok
2026-09-08 08:43:29,899 simulation shadow_trees nonlinear 068 ok
2026-09-08 08:43:31,213 simulation shadow_trees nonlinear 067 ok
2026-09-08 08:43:36,935 simulation shadow_trees nonlinear 070 ok
2026-09-08 08:43:37,916 simulation shadow_trees nonlinear 069 ok
2026-09-08 08:43:43,834 simulation shadow_trees nonlinear 072 ok
2026-09-08 08:43:44,711 simulation shadow_trees nonlinear 071 ok
2026-09-08 08:43:50,766 simulation shadow_trees nonlinear 074 ok
2026-09-08 08:43:51,500 simulation shadow_trees nonlinear 073 ok
2026-09-08 08:43:57,401 simulation shadow_trees nonlinear 076 ok
2026-09-08 08:43:58,816 simulation shadow_trees nonlinear 075 ok
2026-09-08 08:44:03,931 simulation shadow_trees nonlinear 078 ok
2026-09-08 08:44:05,570 simulation shadow_trees nonlinear 077 ok
2026-09-08 08:44:10,512 simulation shadow_trees nonlinear 080 ok
2026-09-08 08:44:12,241 simulation shadow_trees nonlinear 079 ok
2026-09-08 08:44:16,952 simulation shadow_trees nonlinear 082 ok
2026-09-08 08:44:18,994 simulation shadow_trees nonlinear 081 ok
2026-09-08 08:44:24,014 simulation shadow_trees nonlinear 084 ok
2026-09-08 08:44:25,860 simulation shadow_trees nonlinear 083 ok
2026-09-08 08:44:31,112 simulation shadow_trees nonlinear 086 ok
2026-09-08 08:44:32,786 simulation shadow_trees nonlinear 085 ok
2026-09-08 08:44:38,511 simulation shadow_trees nonlinear 088 ok
2026-09-08 08:44:39,902 simulation shadow_trees nonlinear 087 ok
2026-09-08 08:44:45,224 simulation shadow_trees nonlinear 090 ok
2026-09-08 08:44:47,095 simulation shadow_trees nonlinear 089 ok
2026-09-08 08:44:51,733 simulation shadow_trees nonlinear 092 ok
2026-09-08 08:44:54,086 simulation shadow_trees nonlinear 091 ok
2026-09-08 08:44:58,611 simulation shadow_trees nonlinear 094 ok
2026-09-08 08:45:01,049 simulation shadow_trees nonlinear 093 ok
2026-09-08 08:45:05,693 simulation shadow_trees nonlinear 096 ok
2026-09-08 08:45:08,110 simulation shadow_trees nonlinear 095 ok
2026-09-08 08:45:12,985 simulation shadow_trees nonlinear 098 ok
2026-09-08 08:45:14,863 simulation shadow_trees nonlinear 097 ok
2026-09-08 08:45:19,719 simulation shadow_trees nonlinear_panel 000 ok
2026-09-08 08:45:21,767 simulation shadow_trees nonlinear 099 ok
2026-09-08 08:45:26,151 simulation shadow_trees nonlinear_panel 002 ok
2026-09-08 08:45:28,624 simulation shadow_trees nonlinear_panel 001 ok
2026-09-08 08:45:32,814 simulation shadow_trees nonlinear_panel 004 ok
2026-09-08 08:45:35,795 simulation shadow_trees nonlinear_panel 003 ok
2026-09-08 08:45:39,398 simulation shadow_trees nonlinear_panel 006 ok
2026-09-08 08:45:42,653 simulation shadow_trees nonlinear_panel 005 ok
2026-09-08 08:45:46,174 simulation shadow_trees nonlinear_panel 008 ok
2026-09-08 08:45:48,996 simulation shadow_trees nonlinear_panel 007 ok
2026-09-08 08:45:53,287 simulation shadow_trees nonlinear_panel 010 ok
2026-09-08 08:45:55,519 simulation shadow_trees nonlinear_panel 009 ok
2026-09-08 08:45:59,814 simulation shadow_trees nonlinear_panel 012 ok
2026-09-08 08:46:02,638 simulation shadow_trees nonlinear_panel 011 ok
2026-09-08 08:46:06,654 simulation shadow_trees nonlinear_panel 014 ok
2026-09-08 08:46:09,353 simulation shadow_trees nonlinear_panel 013 ok
2026-09-08 08:46:13,357 simulation shadow_trees nonlinear_panel 016 ok
2026-09-08 08:46:16,223 simulation shadow_trees nonlinear_panel 015 ok
2026-09-08 08:46:20,301 simulation shadow_trees nonlinear_panel 018 ok
2026-09-08 08:46:23,112 simulation shadow_trees nonlinear_panel 017 ok
2026-09-08 08:46:26,600 simulation shadow_trees nonlinear_panel 020 ok
2026-09-08 08:46:30,091 simulation shadow_trees nonlinear_panel 019 ok
2026-09-08 08:46:33,514 simulation shadow_trees nonlinear_panel 022 ok
2026-09-08 08:46:36,848 simulation shadow_trees nonlinear_panel 021 ok
2026-09-08 08:46:39,813 simulation shadow_trees nonlinear_panel 024 ok
2026-09-08 08:46:43,691 simulation shadow_trees nonlinear_panel 023 ok
2026-09-08 08:46:46,473 simulation shadow_trees nonlinear_panel 026 ok
2026-09-08 08:46:50,500 simulation shadow_trees nonlinear_panel 025 ok
2026-09-08 08:46:52,918 simulation shadow_trees nonlinear_panel 028 ok
2026-09-08 08:46:57,443 simulation shadow_trees nonlinear_panel 027 ok
2026-09-08 08:46:59,674 simulation shadow_trees nonlinear_panel 030 ok
2026-09-08 08:47:04,171 simulation shadow_trees nonlinear_panel 029 ok
2026-09-08 08:47:06,767 simulation shadow_trees nonlinear_panel 032 ok
2026-09-08 08:47:10,697 simulation shadow_trees nonlinear_panel 031 ok
2026-09-08 08:47:13,547 simulation shadow_trees nonlinear_panel 034 ok
2026-09-08 08:47:17,433 simulation shadow_trees nonlinear_panel 033 ok
2026-09-08 08:47:19,685 simulation shadow_trees nonlinear_panel 036 ok
2026-09-08 08:47:24,185 simulation shadow_trees nonlinear_panel 035 ok
2026-09-08 08:47:26,354 simulation shadow_trees nonlinear_panel 038 ok
2026-09-08 08:47:30,986 simulation shadow_trees nonlinear_panel 037 ok
2026-09-08 08:47:33,266 simulation shadow_trees nonlinear_panel 040 ok
2026-09-08 08:47:37,485 simulation shadow_trees nonlinear_panel 039 ok
2026-09-08 08:47:40,047 simulation shadow_trees nonlinear_panel 042 ok
2026-09-08 08:47:44,513 simulation shadow_trees nonlinear_panel 041 ok
2026-09-08 08:47:47,052 simulation shadow_trees nonlinear_panel 044 ok
2026-09-08 08:47:51,542 simulation shadow_trees nonlinear_panel 043 ok
2026-09-08 08:47:54,035 simulation shadow_trees nonlinear_panel 046 ok
2026-09-08 08:47:58,132 simulation shadow_trees nonlinear_panel 045 ok
2026-09-08 08:48:01,029 simulation shadow_trees nonlinear_panel 048 ok
2026-09-08 08:48:05,363 simulation shadow_trees nonlinear_panel 047 ok
2026-09-08 08:48:07,954 simulation shadow_trees nonlinear_panel 050 ok
2026-09-08 08:48:11,754 simulation shadow_trees nonlinear_panel 049 ok
2026-09-08 08:48:14,768 simulation shadow_trees nonlinear_panel 052 ok
2026-09-08 08:48:18,091 simulation shadow_trees nonlinear_panel 051 ok
2026-09-08 08:48:21,493 simulation shadow_trees nonlinear_panel 054 ok
2026-09-08 08:48:24,420 simulation shadow_trees nonlinear_panel 053 ok
2026-09-08 08:48:28,134 simulation shadow_trees nonlinear_panel 056 ok
2026-09-08 08:48:31,049 simulation shadow_trees nonlinear_panel 055 ok
2026-09-08 08:48:34,349 simulation shadow_trees nonlinear_panel 058 ok
2026-09-08 08:48:37,579 simulation shadow_trees nonlinear_panel 057 ok
2026-09-08 08:48:41,148 simulation shadow_trees nonlinear_panel 060 ok
2026-09-08 08:48:43,907 simulation shadow_trees nonlinear_panel 059 ok
2026-09-08 08:48:47,728 simulation shadow_trees nonlinear_panel 062 ok
2026-09-08 08:48:50,504 simulation shadow_trees nonlinear_panel 061 ok
2026-09-08 08:48:53,723 simulation shadow_trees nonlinear_panel 064 ok
2026-09-08 08:48:56,884 simulation shadow_trees nonlinear_panel 063 ok
2026-09-08 08:49:00,575 simulation shadow_trees nonlinear_panel 066 ok
2026-09-08 08:49:03,647 simulation shadow_trees nonlinear_panel 065 ok
2026-09-08 08:49:07,120 simulation shadow_trees nonlinear_panel 068 ok
2026-09-08 08:49:10,278 simulation shadow_trees nonlinear_panel 067 ok
2026-09-08 08:49:13,164 simulation shadow_trees nonlinear_panel 070 ok
2026-09-08 08:49:16,561 simulation shadow_trees nonlinear_panel 069 ok
2026-09-08 08:49:19,454 simulation shadow_trees nonlinear_panel 072 ok
2026-09-08 08:49:23,082 simulation shadow_trees nonlinear_panel 071 ok
2026-09-08 08:49:25,148 simulation shadow_trees nonlinear_panel 074 ok
2026-09-08 08:49:29,561 simulation shadow_trees nonlinear_panel 073 ok
2026-09-08 08:49:31,591 simulation shadow_trees nonlinear_panel 076 ok
2026-09-08 08:49:35,546 simulation shadow_trees nonlinear_panel 075 ok
2026-09-08 08:49:37,642 simulation shadow_trees nonlinear_panel 078 ok
2026-09-08 08:49:41,976 simulation shadow_trees nonlinear_panel 077 ok
2026-09-08 08:49:43,942 simulation shadow_trees nonlinear_panel 080 ok
2026-09-08 08:49:48,172 simulation shadow_trees nonlinear_panel 079 ok
2026-09-08 08:49:50,258 simulation shadow_trees nonlinear_panel 082 ok
2026-09-08 08:49:54,504 simulation shadow_trees nonlinear_panel 081 ok
2026-09-08 08:49:56,440 simulation shadow_trees nonlinear_panel 084 ok
2026-09-08 08:50:00,884 simulation shadow_trees nonlinear_panel 083 ok
2026-09-08 08:50:02,897 simulation shadow_trees nonlinear_panel 086 ok
2026-09-08 08:50:07,224 simulation shadow_trees nonlinear_panel 085 ok
2026-09-08 08:50:08,770 simulation shadow_trees nonlinear_panel 088 ok
2026-09-08 08:50:13,299 simulation shadow_trees nonlinear_panel 087 ok
2026-09-08 08:50:14,642 simulation shadow_trees nonlinear_panel 090 ok
2026-09-08 08:50:19,239 simulation shadow_trees nonlinear_panel 089 ok
2026-09-08 08:50:20,687 simulation shadow_trees nonlinear_panel 092 ok
2026-09-08 08:50:25,047 simulation shadow_trees nonlinear_panel 091 ok
2026-09-08 08:50:26,522 simulation shadow_trees nonlinear_panel 094 ok
2026-09-08 08:50:31,159 simulation shadow_trees nonlinear_panel 093 ok
2026-09-08 08:50:32,404 simulation shadow_trees nonlinear_panel 096 ok
2026-09-08 08:50:36,855 simulation shadow_trees nonlinear_panel 095 ok
2026-09-08 08:50:38,399 simulation shadow_trees nonlinear_panel 098 ok
2026-09-08 08:50:42,714 simulation shadow_trees nonlinear_panel 097 ok
2026-09-08 08:50:48,353 simulation shadow_trees nonlinear_panel 099 ok
