2026-09-08 08:09:38,420 simulation stability_selection linear_sparse 000 ok
2026-09-08 08:09:38,469 simulation stability_selection linear_sparse 001 ok
2026-09-08 08:09:38,513 simulation stability_selection linear_sparse 002 ok
2026-09-08 08:09:38,556 simulation stability_selection linear_sparse 003 ok
2026-09-08 08:09:38,600 simulation stability_selection linear_sparse 004 ok
2026-09-08 08:09:38,646 simulation stability_selection linear_sparse 005 ok
2026-09-08 08:09:38,697 simulation stability_selection linear_sparse 006 ok
2026-09-08 08:09:38,741 simulation stability_selection linear_sparse 007 ok
2026-09-08 08:09:38,785 simulation stability_selection linear_sparse 008 ok
2026-09-08 08:09:38,831 simulation stability_selection linear_sparse 009 ok
2026-09-08 08:09:38,877 simulation stability_selection linear_sparse 010 ok
2026-09-08 08:09:38,920 simulation stability_selection linear_sparse 011 ok
2026-09-08 08:09:38,967 simulation stability_selection linear_sparse 012 ok
2026-09-08 08:09:39,013 simulation stability_selection linear_sparse 013 ok
2026-09-08 08:09:39,059 simulation stability_selection linear_sparse 014 ok
2026-09-08 08:09:39,106 simulation stability_selection linear_sparse 015 ok
2026-09-08 08:09:39,151 simulation stability_selection linear_sparse 016 ok
2026-09-08 08:09:39,196 simulation stability_selection linear_sparse 017 ok
2026-09-08 08:09:39,242 simulation stability_selection linear_sparse 018 ok
2026-09-08 08:09:39,288 simulation stability_selection linear_sparse 019 ok
2026-09-08 08:09:39,334 simulation stability_selection linear_sparse 020 ok
2026-09-08 08:09:39,378 simulation stability_selection linear_sparse 021 ok
2026-09-08 08:09:39,424 simulation stability_selection linear_sparse 022 ok
2026-09-08 08:09:39,470 simulation stability_selection linear_sparse 023 ok
2026-09-08 08:09:39,516 simulation stability_selection linear_sparse 024 ok
2026-09-08 08:09:39,562 simulation stability_selection linear_sparse 025 ok
2026-09-08 08:09:39,609 simulation stability_selection linear_sparse 026 ok
2026-09-08 08:09:39,655 simulation stability_selection linear_sparse 027 ok
2026-09-08 08:09:39,707 simulation stability_selection linear_sparse 028 ok
2026-09-08 08:09:39,752 simulation stability_selection linear_sparse 029 ok
2026-09-08 08:09:39,797 simulation stability_selection linear_sparse 030 ok
2026-09-08 08:09:39,841 simulation stability_selection linear_sparse 031 ok
2026-09-08 08:09:39,885 simulation stability_selection linear_sparse 032 ok
2026-09-08 08:09:39,929 simulation stability_selection linear_sparse 033 ok
2026-09-08 08:09:39,974 simulation stability_selection linear_sparse 034 ok
2026-09-08 08:09:40,019 simulation stability_selection linear_sparse 035 ok
2026-09-08 08:09:40,064 simulation stability_selection linear_sparse 036 ok
2026-09-08 08:09:40,110 simulation stability_selection linear_sparse 037 ok
2026-09-08 08:09:40,154 simulation stability_selection linear_sparse 038 ok
2026-09-08 08:09:40,197 simulation stability_selection linear_sparse 039 ok
2026-09-08 08:09:40,243 simulation stability_selection linear_sparse 040 ok
2026-09-08 08:09:40,287 simulation stability_selection linear_sparse 041 ok
2026-09-08 08:09:40,333 simulation stability_selection linear_sparse 042 ok
2026-09-08 08:09:40,382 simulation stability_selection linear_sparse 043 ok
2026-09-08 08:09:40,430 simulation stability_selection linear_sparse 044 ok
2026-09-08 08:09:40,476 simulation stability_selection linear_sparse 045 ok
2026-09-08 08:09:40,517 simulation stability_selection linear_sparse 046 ok
2026-09-08 08:09:40,562 simulation stability_selection linear_sparse 047 ok
2026-09-08 08:09:40,607 simulation stability_selection linear_sparse 048 ok
2026-09-08 08:09:40,654 simulation stability_selection linear_sparse 049 ok
2026-09-08 08:09:40,709 simulation stability_selection linear_sparse 050 ok
2026-09-08 08:09:40,753 simulation stability_selection linear_sparse 051 ok
2026-09-08 08:09:40,796 simulation stability_selection linear_sparse 052 ok
2026-09-08 08:09:40,841 simulation stability_selection linear_sparse 053 ok
2026-09-08 08:09:40,886 simulation stability_selection linear_sparse 054 ok
2026-09-08 08:09:40,932 simulation stability_selection linear_sparse 055 ok
2026-09-08 08:09:40,977 simulation stability_selection linear_sparse 056 ok
2026-09-08 08:09:41,023 simulation stability_selection linear_sparse 057 ok
2026-09-08 08:09:41,069 simulation stability_selection linear_sparse 058 ok
2026-09-08 08:09:41,114 simulation stability_selection linear_sparse 059 ok
2026-09-08 08:09:41,160 simulation stability_selection linear_sparse 060 ok
2026-09-08 08:09:41,204 simulation stability_selection linear_sparse 061 ok
2026-09-08 08:09:41,251 simulation stability_selection linear_sparse 062 ok
2026-09-08 08:09:41,296 simulation stability_selection linear_sparse 063 ok
2026-09-08 08:09:41,342 simulation stability_selection linear_sparse 064 ok
2026-09-08 08:09:41,388 simulation stability_selection linear_sparse 065 ok
2026-09-08 08:09:41,432 simulation stability_selection linear_sparse 066 ok
2026-09-08 08:09:41,479 simulation stability_selection linear_sparse 067 ok
2026-09-08 08:09:41,525 simulation stability_selection linear_sparse 068 ok
2026-09-08 08:09:41,570 simulation stability_selection linear_sparse 069 ok
2026-09-08 08:09:41,616 simulation stability_selection linear_sparse 070 ok
2026-09-08 08:09:41,661 simulation stability_selection linear_sparse 071 ok
2026-09-08 08:09:41,716 simulation stability_selection linear_sparse 072 ok
2026-09-08 08:09:41,758 simulation stability_selection linear_sparse 073 ok
2026-09-08 08:09:41,803 simulation stability_selection linear_sparse 074 ok
2026-09-08 08:09:41,849 simulation stability_selection linear_sparse 075 ok
2026-09-08 08:09:41,894 simulation stability_selection linear_sparse 076 ok
2026-09-08 08:09:41,938 simulation stability_selection linear_sparse 077 ok
2026-09-08 08:09:41,984 simulation stability_selection linear_sparse 078 ok
2026-09-08 08:09:42,030 simulation stability_selection linear_sparse 079 ok
2026-09-08 08:09:42,075 simulation stability_selection linear_sparse 080 ok
2026-09-08 08:09:42,120 simulation stability_selection linear_sparse 081 ok
2026-09-08 08:09:42,167 simulation stability_selection linear_sparse 082 ok
2026-09-08 08:09:42,211 simulation stability_selection linear_sparse 083 ok
2026-09-08 08:09:42,255 simulation stability_selection linear_sparse 084 ok
2026-09-08 08:09:42,300 simulation stability_selection linear_sparse 085 ok
2026-09-08 08:09:42,345 simulation stability_selection linear_sparse 086 ok
2026-09-08 08:09:42,391 simulation stability_selection linear_sparse 087 ok
2026-09-08 08:09:42,438 simulation stability_selection linear_sparse 088 ok
2026-09-08 08:09:42,482 simulation stability_selection linear_sparse 089 ok
2026-09-08 08:09:42,527 simulation stability_selection linear_sparse 090 ok
2026-09-08 08:09:42,571 simulation stability_selection linear_sparse 091 ok
2026-09-08 08:09:42,616 simulation stability_selection linear_sparse 092 ok
2026-09-08 08:09:42,661 simulation stability_selection linear_sparse 093 ok
2026-09-08 08:09:42,715 simulation stability_selection linear_sparse 094 ok
2026-09-08 08:09:42,760 simulation stability_selection linear_sparse 095 ok
2026-09-08 08:09:42,806 simulation stability_selection linear_sparse 096 ok
2026-09-08 08:09:42,852 simulation stability_selection linear_sparse 097 ok
2026-09-08 08:09:42,897 simulation stability_selection linear_sparse 098 ok
2026-09-08 08:09:42,943 simulation stability_selection linear_sparse 099 ok
2026-09-08 08:09:42,988 simulation stability_selection linear_medium 000 ok
2026-09-08 08:09:43,034 simulation stability_selection linear_medium 001 ok
2026-09-08 08:09:43,079 simulation stability_selection linear_medium 002 ok
2026-09-08 08:09:43,125 simulation stability_selection linear_medium 003 ok
2026-09-08 08:09:43,170 simulation stability_selection linear_medium 004 ok
2026-09-08 08:09:43,215 simulation stability_selection linear_medium 005 ok
2026-09-08 08:09:43,259 simulation stability_selection linear_medium 006 ok
2026-09-08 08:09:43,306 simulation stability_selection linear_medium 007 ok
2026-09-08 08:09:43,349 simulation stability_selection linear_medium 008 ok
2026-09-08 08:09:43,394 simulation stability_selection linear_medium 009 ok
2026-09-08 08:09:43,440 simulation stability_selection linear_medium 010 ok
2026-09-08 08:09:43,486 simulation stability_selection linear_medium 011 ok
2026-09-08 08:09:43,532 simulation stability_selection linear_medium 012 ok
2026-09-08 08:09:43,577 simulation stability_selection linear_medium 013 ok
2026-09-08 08:09:43,624 simulation stability_selection linear_medium 014 ok
2026-09-08 08:09:43,669 simulation stability_selection linear_medium 015 ok
2026-09-08 08:09:43,715 simulation stability_selection linear_medium 016 ok
2026-09-08 08:09:43,762 simulation stability_selection linear_medium 017 ok
2026-09-08 08:09:43,808 simulation stability_selection linear_medium 018 ok
2026-09-08 08:09:43,852 simulation stability_selection linear_medium 019 ok
2026-09-08 08:09:43,899 simulation stability_selection linear_medium 020 ok
2026-09-08 08:09:43,944 simulation stability_selection linear_medium 021 ok
2026-09-08 08:09:43,990 simulation stability_selection linear_medium 022 ok
2026-09-08 08:09:44,038 simulation stability_selection linear_medium 023 ok
2026-09-08 08:09:44,083 simulation stability_selection linear_medium 024 ok
2026-09-08 08:09:44,129 simulation stability_selection linear_medium 025 ok
2026-09-08 08:09:44,175 simulation stability_selection linear_medium 026 ok
2026-09-08 08:09:44,220 simulation stability_selection linear_medium 027 ok
2026-09-08 08:09:44,265 simulation stability_selection linear_medium 028 ok
2026-09-08 08:09:44,311 simulation stability_selection linear_medium 029 ok
2026-09-08 08:09:44,357 simulation stability_selection linear_medium 030 ok
2026-09-08 08:09:44,405 simulation stability_selection linear_medium 031 ok
2026-09-08 08:09:44,450 simulation stability_selection linear_medium 032 ok
2026-09-08 08:09:44,495 simulation stability_selection linear_medium 033 ok
2026-09-08 08:09:44,540 simulation stability_selection linear_medium 034 ok
2026-09-08 08:09:44,585 simulation stability_selection linear_medium 035 ok
2026-09-08 08:09:44,629 simulation stability_selection linear_medium 036 ok
2026-09-08 08:09:44,675 simulation stability_selection linear_medium 037 ok
2026-09-08 08:09:44,719 simulation stability_selection linear_medium 038 ok
2026-09-08 08:09:44,763 simulation stability_selection linear_medium 039 ok
2026-09-08 08:09:44,808 simulation stability_selection linear_medium 040 ok
2026-09-08 08:09:44,853 simulation stability_selection linear_medium 041 ok
2026-09-08 08:09:44,898 simulation stability_selection linear_medium 042 ok
2026-09-08 08:09:44,944 simulation stability_selection linear_medium 043 ok
2026-09-08 08:09:44,991 simulation stability_selection linear_medium 044 ok
2026-09-08 08:09:45,035 simulation stability_selection linear_medium 045 ok
2026-09-08 08:09:45,080 simulation stability_selection linear_medium 046 ok
2026-09-08 08:09:45,126 simulation stability_selection linear_medium 047 ok
2026-09-08 08:09:45,172 simulation stability_selection linear_medium 048 ok
2026-09-08 08:09:45,218 simulation stability_selection linear_medium 049 ok
2026-09-08 08:09:45,263 simulation stability_selection linear_medium 050 ok
2026-09-08 08:09:45,308 simulation stability_selection linear_medium 051 ok
2026-09-08 08:09:45,354 simulation stability_selection linear_medium 052 ok
2026-09-08 08:09:45,408 simulation stability_selection linear_medium 053 ok
2026-09-08 08:09:45,456 simulation stability_selection linear_medium 054 ok
2026-09-08 08:09:45,503 simulation stability_selection linear_medium 055 ok
2026-09-08 08:09:45,548 simulation stability_selection linear_medium 056 ok
2026-09-08 08:09:45,593 simulation stability_selection linear_medium 057 ok
2026-09-08 08:09:45,638 simulation stability_selection linear_medium 058 ok
2026-09-08 08:09:45,684 simulation stability_selection linear_medium 059 ok
2026-09-08 08:09:45,731 simulation stability_selection linear_medium 060 ok
2026-09-08 08:09:45,777 simulation stability_selection linear_medium 061 ok
2026-09-08 08:09:45,822 simulation stability_selection linear_medium 062 ok
2026-09-08 08:09:45,867 simulation stability_selection linear_medium 063 ok
2026-09-08 08:09:45,913 simulation stability_selection linear_medium 064 ok
2026-09-08 08:09:45,958 simulation stability_selection linear_medium 065 ok
2026-09-08 08:09:46,004 simulation stability_selection linear_medium 066 ok
2026-09-08 08:09:46,049 simulation stability_selection linear_medium 067 ok
2026-09-08 08:09:46,095 simulation stability_selection linear_medium 068 ok
2026-09-08 08:09:46,142 simulation stability_selection linear_medium 069 ok
2026-09-08 08:09:46,189 simulation stability_selection linear_medium 070 ok
2026-09-08 08:09:46,235 simulation stability_selection linear_medium 071 ok
2026-09-08 08:09:46,280 simulation stability_selection linear_medium 072 ok
2026-09-08 08:09:46,326 simulation stability_selection linear_medium 073 ok
2026-09-08 08:09:46,374 simulation stability_selection linear_medium 074 ok
2026-09-08 08:09:46,419 simulation stability_selection linear_medium 075 ok
2026-09-08 08:09:46,465 simulation stability_selection linear_medium 076 ok
2026-09-08 08:09:46,511 simulation stability_selection linear_medium 077 ok
2026-09-08 08:09:46,557 simulation stability_selection linear_medium 078 ok
2026-09-08 08:09:46,603 simulation stability_selection linear_medium 079 ok
2026-09-08 08:09:46,649 simulation stability_selection linear_medium 080 ok
2026-09-08 08:09:46,695 simulation stability_selection linear_medium 081 ok
2026-09-08 08:09:46,742 simulation stability_selection linear_medium 082 ok
2026-09-08 08:09:46,788 simulation stability_selection linear_medium 083 ok
2026-09-08 08:09:46,833 simulation stability_selection linear_medium 084 ok
2026-09-08 08:09:46,879 simulation stability_selection linear_medium 085 ok
2026-09-08 08:09:46,924 simulation stability_selection linear_medium 086 ok
2026-09-08 08:09:46,972 simulation stability_selection linear_medium 087 ok
2026-09-08 08:09:47,019 simulation stability_selection linear_medium 088 ok
2026-09-08 08:09:47,067 simulation stability_selection linear_medium 089 ok
2026-09-08 08:09:47,114 simulation stability_selection linear_medium 090 ok
2026-09-08 08:09:47,161 simulation stability_selection linear_medium 091 ok
2026-09-08 08:09:47,208 simulation stability_selection linear_medium 092 ok
2026-09-08 08:09:47,255 simulation stability_selection linear_medium 093 ok
2026-09-08 08:09:47,302 simulation stability_selection linear_medium 094 ok
2026-09-08 08:09:47,350 simulation stability_selection linear_medium 095 ok
2026-09-08 08:09:47,398 simulation stability_selection linear_medium 096 ok
2026-09-08 08:09:47,444 simulation stability_selection linear_medium 097 ok
2026-09-08 08:09:47,488 simulation stability_selection linear_medium 098 ok
2026-09-08 08:09:47,532 simulation stability_selection linear_medium 099 ok
2026-09-08 08:09:47,577 simulation stability_selection linear_weak 000 ok
2026-09-08 08:09:47,622 simulation stability_selection linear_weak 001 ok
2026-09-08 08:09:47,666 simulation stability_selection linear_weak 002 ok
2026-09-08 08:09:47,713 simulation stability_selection linear_weak 003 ok
2026-09-08 08:09:47,758 simulation stability_selection linear_weak 004 ok
2026-09-08 08:09:47,804 simulation stability_selection linear_weak 005 ok
2026-09-08 08:09:47,849 simulation stability_selection linear_weak 006 ok
2026-09-08 08:09:47,895 simulation stability_selection linear_weak 007 ok
2026-09-08 08:09:47,941 simulation stability_selection linear_weak 008 ok
2026-09-08 08:09:47,987 simulation stability_selection linear_weak 009 ok
2026-09-08 08:09:48,032 simulation stability_selection linear_weak 010 ok
2026-09-08 08:09:48,077 simulation stability_selection linear_weak 011 ok
2026-09-08 08:09:48,123 simulation stability_selection linear_weak 012 ok
2026-09-08 08:09:48,167 simulation stability_selection linear_weak 013 ok
2026-09-08 08:09:48,214 simulation stability_selection linear_weak 014 ok
2026-09-08 08:09:48,260 simulation stability_selection linear_weak 015 ok
2026-09-08 08:09:48,306 simulation stability_selection linear_weak 016 ok
2026-09-08 08:09:48,352 simulation stability_selection linear_weak 017 ok
2026-09-08 08:09:48,396 simulation stability_selection linear_weak 018 ok
2026-09-08 08:09:48,440 simulation stability_selection linear_weak 019 ok
2026-09-08 08:09:48,485 simulation stability_selection linear_weak 020 ok
2026-09-08 08:09:48,529 simulation stability_selection linear_weak 021 ok
2026-09-08 08:09:48,574 simulation stability_selection linear_weak 022 ok
2026-09-08 08:09:48,618 simulation stability_selection linear_weak 023 ok
2026-09-08 08:09:48,663 simulation stability_selection linear_weak 024 ok
2026-09-08 08:09:48,708 simulation stability_selection linear_weak 025 ok
2026-09-08 08:09:48,755 simulation stability_selection linear_weak 026 ok
2026-09-08 08:09:48,800 simulation stability_selection linear_weak 027 ok
2026-09-08 08:09:48,846 simulation stability_selection linear_weak 028 ok
2026-09-08 08:09:48,892 simulation stability_selection linear_weak 029 ok
2026-09-08 08:09:48,939 simulation stability_selection linear_weak 030 ok
2026-09-08 08:09:48,983 simulation stability_selection linear_weak 031 ok
2026-09-08 08:09:49,028 simulation stability_selection linear_weak 032 ok
2026-09-08 08:09:49,073 simulation stability_selection linear_weak 033 ok
2026-09-08 08:09:49,119 simulation stability_selection linear_weak 034 ok
2026-09-08 08:09:49,166 simulation stability_selection linear_weak 035 ok
2026-09-08 08:09:49,214 simulation stability_selection linear_weak 036 ok
2026-09-08 08:09:49,260 simulation stability_selection linear_weak 037 ok
2026-09-08 08:09:49,305 simulation stability_selection linear_weak 038 ok
2026-09-08 08:09:49,352 simulation stability_selection linear_weak 039 ok
2026-09-08 08:09:49,398 simulation stability_selection linear_weak 040 ok
2026-09-08 08:09:49,443 simulation stability_selection linear_weak 041 ok
2026-09-08 08:09:49,487 simulation stability_selection linear_weak 042 ok
2026-09-08 08:09:49,535 simulation stability_selection linear_weak 043 ok
2026-09-08 08:09:49,580 simulation stability_selection linear_weak 044 ok
2026-09-08 08:09:49,625 simulation stability_selection linear_weak 045 ok
2026-09-08 08:09:49,671 simulation stability_selection linear_weak 046 ok
2026-09-08 08:09:49,717 simulation stability_selection linear_weak 047 ok
2026-09-08 08:09:49,761 simulation stability_selection linear_weak 048 ok
2026-09-08 08:09:49,806 simulation stability_selection linear_weak 049 ok
2026-09-08 08:09:49,852 simulation stability_selection linear_weak 050 ok
2026-09-08 08:09:49,898 simulation stability_selection linear_weak 051 ok
2026-09-08 08:09:49,943 simulation stability_selection linear_weak 052 ok
2026-09-08 08:09:49,988 simulation stability_selection linear_weak 053 ok
2026-09-08 08:09:50,032 simulation stability_selection linear_weak 054 ok
2026-09-08 08:09:50,077 simulation stability_selection linear_weak 055 ok
2026-09-08 08:09:50,121 simulation stability_selection linear_weak 056 ok
2026-09-08 08:09:50,166 simulation stability_selection linear_weak 057 ok
2026-09-08 08:09:50,212 simulation stability_selection linear_weak 058 ok
2026-09-08 08:09:50,258 simulation stability_selection linear_weak 059 ok
2026-09-08 08:09:50,304 simulation stability_selection linear_weak 060 ok
2026-09-08 08:09:50,349 simulation stability_selection linear_weak 061 ok
2026-09-08 08:09:50,396 simulation stability_selection linear_weak 062 ok
2026-09-08 08:09:50,443 simulation stability_selection linear_weak 063 ok
2026-09-08 08:09:50,488 simulation stability_selection linear_weak 064 ok
2026-09-08 08:09:50,534 simulation stability_selection linear_weak 065 ok
2026-09-08 08:09:50,580 simulation stability_selection linear_weak 066 ok
2026-09-08 08:09:50,624 simulation stability_selection linear_weak 067 ok
2026-09-08 08:09:50,668 simulation stability_selection linear_weak 068 ok
2026-09-08 08:09:50,713 simulation stability_selection linear_weak 069 ok
2026-09-08 08:09:50,757 simulation stability_selection linear_weak 070 ok
2026-09-08 08:09:50,803 simulation stability_selection linear_weak 071 ok
2026-09-08 08:09:50,849 simulation stability_selection linear_weak 072 ok
2026-09-08 08:09:50,894 simulation stability_selection linear_weak 073 ok
2026-09-08 08:09:50,940 simulation stability_selection linear_weak 074 ok
2026-09-08 08:09:50,988 simulation stability_selection linear_weak 075 ok
2026-09-08 08:09:51,041 simulation stability_selection linear_weak 076 ok
2026-09-08 08:09:51,087 simulation stability_selection linear_weak 077 ok
2026-09-08 08:09:51,134 simulation stability_selection linear_weak 078 ok
2026-09-08 08:09:51,180 simulation stability_selection linear_weak 079 ok
2026-09-08 08:09:51,226 simulation stability_selection linear_weak 080 ok
2026-09-08 08:09:51,272 simulation stability_selection linear_weak 081 ok
2026-09-08 08:09:51,316 simulation stability_selection linear_weak 082 ok
2026-09-08 08:09:51,363 simulation stability_selection linear_weak 083 ok
2026-09-08 08:09:51,410 simulation stability_selection linear_weak 084 ok
2026-09-08 08:09:51,456 simulation stability_selection linear_weak 085 ok
2026-09-08 08:09:51,503 simulation stability_selection linear_weak 086 ok
2026-09-08 08:09:51,549 simulation stability_selection linear_weak 087 ok
2026-09-08 08:09:51,596 simulation stability_selection linear_weak 088 ok
2026-09-08 08:09:51,643 simulation stability_selection linear_weak 089 ok
2026-09-08 08:09:51,688 simulation stability_selection linear_weak 090 ok
2026-09-08 08:09:51,734 simulation stability_selection linear_weak 091 ok
2026-09-08 08:09:51,780 simulation stability_selection linear_weak 092 ok
2026-09-08 08:09:51,826 simulation stability_selection linear_weak 093 ok
2026-09-08 08:09:51,881 simulation stability_selection linear_weak 094 ok
2026-09-08 08:09:51,925 simulation stability_selection linear_weak 095 ok
2026-09-08 08:09:51,969 simulation stability_selection linear_weak 096 ok
2026-09-08 08:09:52,014 simulation stability_selection linear_weak 097 ok
2026-09-08 08:09:52,060 simulation stability_selection linear_weak 098 ok
2026-09-08 08:09:52,104 simulation stability_selection linear_weak 099 ok
2026-09-08 08:09:52,150 simulation stability_selection linear_dense 000 ok
2026-09-08 08:09:52,195 simulation stability_selection linear_dense 001 ok
2026-09-08 08:09:52,239 simulation stability_selection linear_dense 002 ok
2026-09-08 08:09:52,286 simulation stability_selection linear_dense 003 ok
2026-09-08 08:09:52,330 simulation stability_selection linear_dense 004 ok
2026-09-08 08:09:52,375 simulation stability_selection linear_dense 005 ok
2026-09-08 08:09:52,420 simulation stability_selection linear_dense 006 ok
2026-09-08 08:09:52,465 simulation stability_selection linear_dense 007 ok
2026-09-08 08:09:52,510 simulation stability_selection linear_dense 008 ok
2026-09-08 08:09:52,556 simulation stability_selection linear_dense 009 ok
2026-09-08 08:09:52,602 simulation stability_selection linear_dense 010 ok
2026-09-08 08:09:52,649 simulation stability_selection linear_dense 011 ok
2026-09-08 08:09:52,695 simulation stability_selection linear_dense 012 ok
2026-09-08 08:09:52,741 simulation stability_selection linear_dense 013 ok
2026-09-08 08:09:52,788 simulation stability_selection linear_dense 014 ok
2026-09-08 08:09:52,834 simulation stability_selection linear_dense 015 ok
2026-09-08 08:09:52,880 simulation stability_selection linear_dense 016 ok
2026-09-08 08:09:52,925 simulation stability_selection linear_dense 017 ok
2026-09-08 08:09:52,973 simulation stability_selection linear_dense 018 ok
2026-09-08 08:09:53,019 simulation stability_selection linear_dense 019 ok
2026-09-08 08:09:53,064 simulation stability_selection linear_dense 020 ok
2026-09-08 08:09:53,110 simulation stability_selection linear_dense 021 ok
2026-09-08 08:09:53,155 simulation stability_selection linear_dense 022 ok
2026-09-08 08:09:53,203 simulation stability_selection linear_dense 023 ok
2026-09-08 08:09:53,249 simulation stability_selection linear_dense 024 ok
2026-09-08 08:09:53,296 simulation stability_selection linear_dense 025 ok
2026-09-08 08:09:53,343 simulation stability_selection linear_dense 026 ok
2026-09-08 08:09:53,388 simulation stability_selection linear_dense 027 ok
2026-09-08 08:09:53,434 simulation stability_selection linear_dense 028 ok
2026-09-08 08:09:53,480 simulation stability_selection linear_dense 029 ok
2026-09-08 08:09:53,526 simulation stability_selection linear_dense 030 ok
2026-09-08 08:09:53,573 simulation stability_selection linear_dense 031 ok
2026-09-08 08:09:53,618 simulation stability_selection linear_dense 032 ok
2026-09-08 08:09:53,665 simulation stability_selection linear_dense 033 ok
2026-09-08 08:09:53,712 simulation stability_selection linear_dense 034 ok
2026-09-08 08:09:53,758 simulation stability_selection linear_dense 035 ok
2026-09-08 08:09:53,804 simulation stability_selection linear_dense 036 ok
2026-09-08 08:09:53,851 simulation stability_selection linear_dense 037 ok
2026-09-08 08:09:53,897 simulation stability_selection linear_dense 038 ok
2026-09-08 08:09:53,943 simulation stability_selection linear_dense 039 ok
2026-09-08 08:09:53,988 simulation stability_selection linear_dense 040 ok
2026-09-08 08:09:54,033 simulation stability_selection linear_dense 041 ok
2026-09-08 08:09:54,077 simulation stability_selection linear_dense 042 ok
2026-09-08 08:09:54,123 simulation stability_selection linear_dense 043 ok
2026-09-08 08:09:54,170 simulation stability_selection linear_dense 044 ok
2026-09-08 08:09:54,218 simulation stability_selection linear_dense 045 ok
2026-09-08 08:09:54,265 simulation stability_selection linear_dense 046 ok
2026-09-08 08:09:54,310 simulation stability_selection linear_dense 047 ok
2026-09-08 08:09:54,356 simulation stability_selection linear_dense 048 ok
2026-09-08 08:09:54,401 simulation stability_selection linear_dense 049 ok
2026-09-08 08:09:54,447 simulation stability_selection linear_dense 050 ok
2026-09-08 08:09:54,493 simulation stability_selection linear_dense 051 ok
2026-09-08 08:09:54,540 simulation stability_selection linear_dense 052 ok
2026-09-08 08:09:54,586 simulation stability_selection linear_dense 053 ok
2026-09-08 08:09:54,634 simulation stability_selection linear_dense 054 ok
2026-09-08 08:09:54,681 simulation stability_selection linear_dense 055 ok
2026-09-08 08:09:54,728 simulation stability_selection linear_dense 056 ok
2026-09-08 08:09:54,774 simulation stability_selection linear_dense 057 ok
2026-09-08 08:09:54,819 simulation stability_selection linear_dense 058 ok
2026-09-08 08:09:54,865 simulation stability_selection linear_dense 059 ok
2026-09-08 08:09:54,912 simulation stability_selection linear_dense 060 ok
2026-09-08 08:09:54,958 simulation stability_selection linear_dense 061 ok
2026-09-08 08:09:55,006 simulation stability_selection linear_dense 062 ok
2026-09-08 08:09:55,052 simulation stability_selection linear_dense 063 ok
2026-09-08 08:09:55,098 simulation stability_selection linear_dense 064 ok
2026-09-08 08:09:55,143 simulation stability_selection linear_dense 065 ok
2026-09-08 08:09:55,188 simulation stability_selection linear_dense 066 ok
2026-09-08 08:09:55,235 simulation stability_selection linear_dense 067 ok
2026-09-08 08:09:55,280 simulation stability_selection linear_dense 068 ok
2026-09-08 08:09:55,326 simulation stability_selection linear_dense 069 ok
2026-09-08 08:09:55,371 simulation stability_selection linear_dense 070 ok
2026-09-08 08:09:55,416 simulation stability_selection linear_dense 071 ok
2026-09-08 08:09:55,460 simulation stability_selection linear_dense 072 ok
2026-09-08 08:09:55,506 simulation stability_selection linear_dense 073 ok
2026-09-08 08:09:55,555 simulation stability_selection linear_dense 074 ok
2026-09-08 08:09:55,599 simulation stability_selection linear_dense 075 ok
2026-09-08 08:09:55,643 simulation stability_selection linear_dense 076 ok
2026-09-08 08:09:55,690 simulation stability_selection linear_dense 077 ok
2026-09-08 08:09:55,764 simulation stability_selection linear_dense 078 ok
2026-09-08 08:09:55,812 simulation stability_selection linear_dense 079 ok
2026-09-08 08:09:55,859 simulation stability_selection linear_dense 080 ok
2026-09-08 08:09:55,906 simulation stability_selection linear_dense 081 ok
2026-09-08 08:09:55,951 simulation stability_selection linear_dense 082 ok
2026-09-08 08:09:55,998 simulation stability_selection linear_dense 083 ok
2026-09-08 08:09:56,046 simulation stability_selection linear_dense 084 ok
2026-09-08 08:09:56,091 simulation stability_selection linear_dense 085 ok
2026-09-08 08:09:56,137 simulation stability_selection linear_dense 086 ok
2026-09-08 08:09:56,184 simulation stability_selection linear_dense 087 ok
2026-09-08 08:09:56,231 simulation stability_selection linear_dense 088 ok
2026-09-08 08:09:56,280 simulation stability_selection linear_dense 089 ok
2026-09-08 08:09:56,326 simulation stability_selection linear_dense 090 ok
2026-09-08 08:09:56,372 simulation stability_selection linear_dense 091 ok
2026-09-08 08:09:56,420 simulation stability_selection linear_dense 092 ok
2026-09-08 08:09:56,481 simulation stability_selection linear_dense 093 ok
2026-09-08 08:09:56,531 simulation stability_selection linear_dense 094 ok
2026-09-08 08:09:56,578 simulation stability_selection linear_dense 095 ok
2026-09-08 08:09:56,626 simulation stability_selection linear_dense 096 ok
2026-09-08 08:09:56,674 simulation stability_selection linear_dense 097 ok
2026-09-08 08:09:56,719 simulation stability_selection linear_dense 098 ok
2026-09-08 08:09:56,766 simulation stability_selection linear_dense 099 ok
2026-09-08 08:09:56,810 simulation stability_selection nonlinear 000 ok
2026-09-08 08:09:56,856 simulation stability_selection nonlinear 001 ok
2026-09-08 08:09:56,899 simulation stability_selection nonlinear 002 ok
2026-09-08 08:09:56,945 simulation stability_selection nonlinear 003 ok
2026-09-08 08:09:56,991 simulation stability_selection nonlinear 004 ok
2026-09-08 08:09:57,037 simulation stability_selection nonlinear 005 ok
2026-09-08 08:09:57,084 simulation stability_selection nonlinear 006 ok
2026-09-08 08:09:57,128 simulation stability_selection nonlinear 007 ok
2026-09-08 08:09:57,173 simulation stability_selection nonlinear 008 ok
2026-09-08 08:09:57,218 simulation stability_selection nonlinear 009 ok
2026-09-08 08:09:57,262 simulation stability_selection nonlinear 010 ok
2026-09-08 08:09:57,306 simulation stability_selection nonlinear 011 ok
2026-09-08 08:09:57,348 simulation stability_selection nonlinear 012 ok
2026-09-08 08:09:57,403 simulation stability_selection nonlinear 013 ok
2026-09-08 08:09:57,445 simulation stability_selection nonlinear 014 ok
2026-09-08 08:09:57,493 simulation stability_selection nonlinear 015 ok
2026-09-08 08:09:57,540 simulation stability_selection nonlinear 016 ok
2026-09-08 08:09:57,587 simulation stability_selection nonlinear 017 ok
2026-09-08 08:09:57,629 simulation stability_selection nonlinear 018 ok
2026-09-08 08:09:57,675 simulation stability_selection nonlinear 019 ok
2026-09-08 08:09:57,717 simulation stability_selection nonlinear 020 ok
2026-09-08 08:09:57,764 simulation stability_selection nonlinear 021 ok
2026-09-08 08:09:57,808 simulation stability_selection nonlinear 022 ok
2026-09-08 08:09:57,851 simulation stability_selection nonlinear 023 ok
2026-09-08 08:09:57,894 simulation stability_selection nonlinear 024 ok
2026-09-08 08:09:57,937 simulation stability_selection nonlinear 025 ok
2026-09-08 08:09:57,980 simulation stability_selection nonlinear 026 ok
2026-09-08 08:09:58,023 simulation stability_selection nonlinear 027 ok
2026-09-08 08:09:58,066 simulation stability_selection nonlinear 028 ok
2026-09-08 08:09:58,110 simulation stability_selection nonlinear 029 ok
2026-09-08 08:09:58,154 simulation stability_selection nonlinear 030 ok
2026-09-08 08:09:58,198 simulation stability_selection nonlinear 031 ok
2026-09-08 08:09:58,239 simulation stability_selection nonlinear 032 ok
2026-09-08 08:09:58,289 simulation stability_selection nonlinear 033 ok
2026-09-08 08:09:58,339 simulation stability_selection nonlinear 034 ok
2026-09-08 08:09:58,383 simulation stability_selection nonlinear 035 ok
2026-09-08 08:09:58,428 simulation stability_selection nonlinear 036 ok
2026-09-08 08:09:58,472 simulation stability_selection nonlinear 037 ok
2026-09-08 08:09:58,514 simulation stability_selection nonlinear 038 ok
2026-09-08 08:09:58,557 simulation stability_selection nonlinear 039 ok
2026-09-08 08:09:58,607 simulation stability_selection nonlinear 040 ok
2026-09-08 08:09:58,653 simulation stability_selection nonlinear 041 ok
2026-09-08 08:09:58,718 simulation stability_selection nonlinear 042 ok
2026-09-08 08:09:58,762 simulation stability_selection nonlinear 043 ok
2026-09-08 08:09:58,804 simulation stability_selection nonlinear 044 ok
2026-09-08 08:09:58,847 simulation stability_selection nonlinear 045 ok
2026-09-08 08:09:58,889 simulation stability_selection nonlinear 046 ok
2026-09-08 08:09:58,936 simulation stability_selection nonlinear 047 ok
2026-09-08 08:09:58,978 simulation stability_selection nonlinear 048 ok
2026-09-08 08:09:59,020 simulation stability_selection nonlinear 049 ok
2026-09-08 08:09:59,062 simulation stability_selection nonlinear 050 ok
2026-09-08 08:09:59,106 simulation stability_selection nonlinear 051 ok
2026-09-08 08:09:59,152 simulation stability_selection nonlinear 052 ok
2026-09-08 08:09:59,198 simulation stability_selection nonlinear 053 ok
2026-09-08 08:09:59,243 simulation stability_selection nonlinear 054 ok
2026-09-08 08:09:59,289 simulation stability_selection nonlinear 055 ok
2026-09-08 08:09:59,333 simulation stability_selection nonlinear 056 ok
2026-09-08 08:09:59,390 simulation stability_selection nonlinear 057 ok
2026-09-08 08:09:59,435 simulation stability_selection nonlinear 058 ok
2026-09-08 08:09:59,480 simulation stability_selection nonlinear 059 ok
2026-09-08 08:09:59,525 simulation stability_selection nonlinear 060 ok
2026-09-08 08:09:59,569 simulation stability_selection nonlinear 061 ok
2026-09-08 08:09:59,612 simulation stability_selection nonlinear 062 ok
2026-09-08 08:09:59,657 simulation stability_selection nonlinear 063 ok
2026-09-08 08:09:59,702 simulation stability_selection nonlinear 064 ok
2026-09-08 08:09:59,744 simulation stability_selection nonlinear 065 ok
2026-09-08 08:09:59,789 simulation stability_selection nonlinear 066 ok
2026-09-08 08:09:59,837 simulation stability_selection nonlinear 067 ok
2026-09-08 08:09:59,879 simulation stability_selection nonlinear 068 ok
2026-09-08 08:09:59,926 simulation stability_selection nonlinear 069 ok
2026-09-08 08:09:59,968 simulation stability_selection nonlinear 070 ok
2026-09-08 08:10:00,011 simulation stability_selection nonlinear 071 ok
2026-09-08 08:10:00,056 simulation stability_selection nonlinear 072 ok
2026-09-08 08:10:00,099 simulation stability_selection nonlinear 073 ok
2026-09-08 08:10:00,144 simulation stability_selection nonlinear 074 ok
2026-09-08 08:10:00,187 simulation stability_selection nonlinear 075 ok
2026-09-08 08:10:00,232 simulation stability_selection nonlinear 076 ok
2026-09-08 08:10:00,274 simulation stability_selection nonlinear 077 ok
2026-09-08 08:10:00,318 simulation stability_selection nonlinear 078 ok
2026-09-08 08:10:00,362 simulation stability_selection nonlinear 079 ok
2026-09-08 08:10:00,408 simulation stability_selection nonlinear 080 ok
2026-09-08 08:10:00,453 simulation stability_selection nonlinear 081 ok
2026-09-08 08:10:00,496 simulation stability_selection nonlinear 082 ok
2026-09-08 08:10:00,541 simulation stability_selection nonlinear 083 ok
2026-09-08 08:10:00,586 simulation stability_selection nonlinear 084 ok
2026-09-08 08:10:00,630 simulation stability_selection nonlinear 085 ok
2026-09-08 08:10:00,674 simulation stability_selection nonlinear 086 ok
2026-09-08 08:10:00,718 simulation stability_selection nonlinear 087 ok
2026-09-08 08:10:00,764 simulation stability_selection nonlinear 088 ok
2026-09-08 08:10:00,810 simulation stability_selection nonlinear 089 ok
2026-09-08 08:10:00,856 simulation stability_selection nonlinear 090 ok
2026-09-08 08:10:00,903 simulation stability_selection nonlinear 091 ok
2026-09-08 08:10:00,949 simulation stability_selection nonlinear 092 ok
2026-09-08 08:10:00,994 simulation stability_selection nonlinear 093 ok
2026-09-08 08:10:01,041 simulation stability_selection nonlinear 094 ok
2026-09-08 08:10:01,085 simulation stability_selection nonlinear 095 ok
2026-09-08 08:10:01,130 simulation stability_selection nonlinear 096 ok
2026-09-08 08:10:01,176 simulation stability_selection nonlinear 097 ok
2026-09-08 08:10:01,223 simulation stability_selection nonlinear 098 ok
2026-09-08 08:10:01,269 simulation stability_selection nonlinear 099 ok
2026-09-08 08:10:01,313 simulation stability_selection nonlinear_panel 000 ok
2026-09-08 08:10:01,357 simulation stability_selection nonlinear_panel 001 ok
2026-09-08 08:10:01,401 simulation stability_selection nonlinear_panel 002 ok
2026-09-08 08:10:01,445 simulation stability_selection nonlinear_panel 003 ok
2026-09-08 08:10:01,489 simulation stability_selection nonlinear_panel 004 ok
2026-09-08 08:10:01,534 simulation stability_selection nonlinear_panel 005 ok
2026-09-08 08:10:01,578 simulation stability_selection nonlinear_panel 006 ok
2026-09-08 08:10:01,621 simulation stability_selection nonlinear_panel 007 ok
2026-09-08 08:10:01,665 simulation stability_selection nonlinear_panel 008 ok
2026-09-08 08:10:01,707 simulation stability_selection nonlinear_panel 009 ok
2026-09-08 08:10:01,751 simulation stability_selection nonlinear_panel 010 ok
2026-09-08 08:10:01,794 simulation stability_selection nonlinear_panel 011 ok
2026-09-08 08:10:01,838 simulation stability_selection nonlinear_panel 012 ok
2026-09-08 08:10:01,883 simulation stability_selection nonlinear_panel 013 ok
2026-09-08 08:10:01,930 simulation stability_selection nonlinear_panel 014 ok
2026-09-08 08:10:01,972 simulation stability_selection nonlinear_panel 015 ok
2026-09-08 08:10:02,015 simulation stability_selection nonlinear_panel 016 ok
2026-09-08 08:10:02,058 simulation stability_selection nonlinear_panel 017 ok
2026-09-08 08:10:02,102 simulation stability_selection nonlinear_panel 018 ok
2026-09-08 08:10:02,147 simulation stability_selection nonlinear_panel 019 ok
2026-09-08 08:10:02,193 simulation stability_selection nonlinear_panel 020 ok
2026-09-08 08:10:02,238 simulation stability_selection nonlinear_panel 021 ok
2026-09-08 08:10:02,282 simulation stability_selection nonlinear_panel 022 ok
2026-09-08 08:10:02,325 simulation stability_selection nonlinear_panel 023 ok
2026-09-08 08:10:02,374 simulation stability_selection nonlinear_panel 024 ok
2026-09-08 08:10:02,422 simulation stability_selection nonlinear_panel 025 ok
2026-09-08 08:10:02,467 simulation stability_selection nonlinear_panel 026 ok
2026-09-08 08:10:02,511 simulation stability_selection nonlinear_panel 027 ok
2026-09-08 08:10:02,557 simulation stability_selection nonlinear_panel 028 ok
2026-09-08 08:10:02,601 simulation stability_selection nonlinear_panel 029 ok
2026-09-08 08:10:02,644 simulation stability_selection nonlinear_panel 030 ok
2026-09-08 08:10:02,688 simulation stability_selection nonlinear_panel 031 ok
2026-09-08 08:10:02,732 simulation stability_selection nonlinear_panel 032 ok
2026-09-08 08:10:02,774 simulation stability_selection nonlinear_panel 033 ok
2026-09-08 08:10:02,817 simulation stability_selection nonlinear_panel 034 ok
2026-09-08 08:10:02,862 simulation stability_selection nonlinear_panel 035 ok
2026-09-08 08:10:02,908 simulation stability_selection nonlinear_panel 036 ok
2026-09-08 08:10:02,953 simulation stability_selection nonlinear_panel 037 ok
2026-09-08 08:10:02,998 simulation stability_selection nonlinear_panel 038 ok
2026-09-08 08:10:03,043 simulation stability_selection nonlinear_panel 039 ok
2026-09-08 08:10:03,089 simulation stability_selection nonlinear_panel 040 ok
2026-09-08 08:10:03,134 simulation stability_selection nonlinear_panel 041 ok
2026-09-08 08:10:03,178 simulation stability_selection nonlinear_panel 042 ok
2026-09-08 08:10:03,224 simulation stability_selection nonlinear_panel 043 ok
2026-09-08 08:10:03,268 simulation stability_selection nonlinear_panel 044 ok
2026-09-08 08:10:03,314 simulation stability_selection nonlinear_panel 045 ok
2026-09-08 08:10:03,359 simulation stability_selection nonlinear_panel 046 ok
2026-09-08 08:10:03,404 simulation stability_selection nonlinear_panel 047 ok
2026-09-08 08:10:03,448 simulation stability_selection nonlinear_panel 048 ok
2026-09-08 08:10:03,494 simulation stability_selection nonlinear_panel 049 ok
2026-09-08 08:10:03,539 simulation stability_selection nonlinear_panel 050 ok
2026-09-08 08:10:03,584 simulation stability_selection nonlinear_panel 051 ok
2026-09-08 08:10:03,630 simulation stability_selection nonlinear_panel 052 ok
2026-09-08 08:10:03,675 simulation stability_selection nonlinear_panel 053 ok
2026-09-08 08:10:03,720 simulation stability_selection nonlinear_panel 054 ok
2026-09-08 08:10:03,767 simulation stability_selection nonlinear_panel 055 ok
2026-09-08 08:10:03,810 simulation stability_selection nonlinear_panel 056 ok
2026-09-08 08:10:03,854 simulation stability_selection nonlinear_panel 057 ok
2026-09-08 08:10:03,899 simulation stability_selection nonlinear_panel 058 ok
2026-09-08 08:10:03,945 simulation stability_selection nonlinear_panel 059 ok
2026-09-08 08:10:03,989 simulation stability_selection nonlinear_panel 060 ok
2026-09-08 08:10:04,032 simulation stability_selection nonlinear_panel 061 ok
2026-09-08 08:10:04,077 simulation stability_selection nonlinear_panel 062 ok
2026-09-08 08:10:04,121 simulation stability_selection nonlinear_panel 063 ok
2026-09-08 08:10:04,165 simulation stability_selection nonlinear_panel 064 ok
2026-09-08 08:10:04,207 simulation stability_selection nonlinear_panel 065 ok
2026-09-08 08:10:04,251 simulation stability_selection nonlinear_panel 066 ok
2026-09-08 08:10:04,294 simulation stability_selection nonlinear_panel 067 ok
2026-09-08 08:10:04,339 simulation stability_selection nonlinear_panel 068 ok
2026-09-08 08:10:04,384 simulation stability_selection nonlinear_panel 069 ok
2026-09-08 08:10:04,430 simulation stability_selection nonlinear_panel 070 ok
2026-09-08 08:10:04,473 simulation stability_selection nonlinear_panel 071 ok
2026-09-08 08:10:04,517 simulation stability_selection nonlinear_panel 072 ok
2026-09-08 08:10:04,564 simulation stability_selection nonlinear_panel 073 ok
2026-09-08 08:10:04,610 simulation stability_selection nonlinear_panel 074 ok
2026-09-08 08:10:04,654 simulation stability_selection nonlinear_panel 075 ok
2026-09-08 08:10:04,698 simulation stability_selection nonlinear_panel 076 ok
2026-09-08 08:10:04,742 simulation stability_selection nonlinear_panel 077 ok
2026-09-08 08:10:04,785 simulation stability_selection nonlinear_panel 078 ok
2026-09-08 08:10:04,830 simulation stability_selection nonlinear_panel 079 ok
2026-09-08 08:10:04,876 simulation stability_selection nonlinear_panel 080 ok
2026-09-08 08:10:04,922 simulation stability_selection nonlinear_panel 081 ok
2026-09-08 08:10:04,966 simulation stability_selection nonlinear_panel 082 ok
2026-09-08 08:10:05,010 simulation stability_selection nonlinear_panel 083 ok
2026-09-08 08:10:05,054 simulation stability_selection nonlinear_panel 084 ok
2026-09-08 08:10:05,099 simulation stability_selection nonlinear_panel 085 ok
2026-09-08 08:10:05,144 simulation stability_selection nonlinear_panel 086 ok
2026-09-08 08:10:05,188 simulation stability_selection nonlinear_panel 087 ok
2026-09-08 08:10:05,232 simulation stability_selection nonlinear_panel 088 ok
2026-09-08 08:10:05,277 simulation stability_selection nonlinear_panel 089 ok
2026-09-08 08:10:05,322 simulation stability_selection nonlinear_panel 090 ok
2026-09-08 08:10:05,367 simulation stability_selection nonlinear_panel 091 ok
2026-09-08 08:10:05,413 simulation stability_selection nonlinear_panel 092 ok
2026-09-08 08:10:05,457 simulation stability_selection nonlinear_panel 093 ok
2026-09-08 08:10:05,502 simulation stability_selection nonlinear_panel 094 ok
2026-09-08 08:10:05,547 simulation stability_selection nonlinear_panel 095 ok
2026-09-08 08:10:05,592 simulation stability_selection nonlinear_panel 096 ok
2026-09-08 08:10:05,636 simulation stability_selection nonlinear_panel 097 ok
2026-09-08 08:10:05,680 simulation stability_selection nonlinear_panel 098 ok
2026-09-08 08:10:05,725 simulation stability_selection nonlinear_panel 099 ok
2026-09-08 09:01:16,703 simulation stability_selection linear_sparse 000 ok
2026-09-08 09:01:16,705 simulation stability_selection linear_sparse 001 ok
2026-09-08 09:01:16,750 simulation stability_selection linear_sparse 002 ok
2026-09-08 09:01:16,752 simulation stability_selection linear_sparse 003 ok
2026-09-08 09:01:16,800 simulation stability_selection linear_sparse 004 ok
2026-09-08 09:01:16,801 simulation stability_selection linear_sparse 005 ok
2026-09-08 09:01:16,847 simulation stability_selection linear_sparse 006 ok
2026-09-08 09:01:16,849 simulation stability_selection linear_sparse 007 ok
2026-09-08 09:01:16,895 simulation stability_selection linear_sparse 008 ok
2026-09-08 09:01:16,900 simulation stability_selection linear_sparse 009 ok
2026-09-08 09:01:16,945 simulation stability_selection linear_sparse 010 ok
2026-09-08 09:01:16,947 simulation stability_selection linear_sparse 011 ok
2026-09-08 09:01:16,993 simulation stability_selection linear_sparse 012 ok
2026-09-08 09:01:16,995 simulation stability_selection linear_sparse 013 ok
2026-09-08 09:01:17,043 simulation stability_selection linear_sparse 014 ok
2026-09-08 09:01:17,043 simulation stability_selection linear_sparse 015 ok
2026-09-08 09:01:17,093 simulation stability_selection linear_sparse 016 ok
2026-09-08 09:01:17,094 simulation stability_selection linear_sparse 017 ok
2026-09-08 09:01:17,141 simulation stability_selection linear_sparse 018 ok
2026-09-08 09:01:17,143 simulation stability_selection linear_sparse 019 ok
2026-09-08 09:01:17,191 simulation stability_selection linear_sparse 020 ok
2026-09-08 09:01:17,192 simulation stability_selection linear_sparse 021 ok
2026-09-08 09:01:17,240 simulation stability_selection linear_sparse 022 ok
2026-09-08 09:01:17,244 simulation stability_selection linear_sparse 023 ok
2026-09-08 09:01:17,294 simulation stability_selection linear_sparse 024 ok
2026-09-08 09:01:17,295 simulation stability_selection linear_sparse 025 ok
2026-09-08 09:01:17,343 simulation stability_selection linear_sparse 027 ok
2026-09-08 09:01:17,343 simulation stability_selection linear_sparse 026 ok
2026-09-08 09:01:17,390 simulation stability_selection linear_sparse 029 ok
2026-09-08 09:01:17,390 simulation stability_selection linear_sparse 028 ok
2026-09-08 09:01:17,440 simulation stability_selection linear_sparse 031 ok
2026-09-08 09:01:17,445 simulation stability_selection linear_sparse 030 ok
2026-09-08 09:01:17,486 simulation stability_selection linear_sparse 033 ok
2026-09-08 09:01:17,493 simulation stability_selection linear_sparse 032 ok
2026-09-08 09:01:17,535 simulation stability_selection linear_sparse 035 ok
2026-09-08 09:01:17,543 simulation stability_selection linear_sparse 034 ok
2026-09-08 09:01:17,585 simulation stability_selection linear_sparse 037 ok
2026-09-08 09:01:17,594 simulation stability_selection linear_sparse 036 ok
2026-09-08 09:01:17,637 simulation stability_selection linear_sparse 039 ok
2026-09-08 09:01:17,643 simulation stability_selection linear_sparse 038 ok
2026-09-08 09:01:17,687 simulation stability_selection linear_sparse 041 ok
2026-09-08 09:01:17,691 simulation stability_selection linear_sparse 040 ok
2026-09-08 09:01:17,736 simulation stability_selection linear_sparse 043 ok
2026-09-08 09:01:17,740 simulation stability_selection linear_sparse 042 ok
2026-09-08 09:01:17,795 simulation stability_selection linear_sparse 045 ok
2026-09-08 09:01:17,796 simulation stability_selection linear_sparse 044 ok
2026-09-08 09:01:17,856 simulation stability_selection linear_sparse 047 ok
2026-09-08 09:01:17,861 simulation stability_selection linear_sparse 046 ok
2026-09-08 09:01:17,909 simulation stability_selection linear_sparse 049 ok
2026-09-08 09:01:17,915 simulation stability_selection linear_sparse 048 ok
2026-09-08 09:01:17,955 simulation stability_selection linear_sparse 051 ok
2026-09-08 09:01:17,964 simulation stability_selection linear_sparse 050 ok
2026-09-08 09:01:18,002 simulation stability_selection linear_sparse 053 ok
2026-09-08 09:01:18,011 simulation stability_selection linear_sparse 052 ok
2026-09-08 09:01:18,052 simulation stability_selection linear_sparse 055 ok
2026-09-08 09:01:18,060 simulation stability_selection linear_sparse 054 ok
2026-09-08 09:01:18,100 simulation stability_selection linear_sparse 057 ok
2026-09-08 09:01:18,107 simulation stability_selection linear_sparse 056 ok
2026-09-08 09:01:18,149 simulation stability_selection linear_sparse 059 ok
2026-09-08 09:01:18,156 simulation stability_selection linear_sparse 058 ok
2026-09-08 09:01:18,197 simulation stability_selection linear_sparse 061 ok
2026-09-08 09:01:18,204 simulation stability_selection linear_sparse 060 ok
2026-09-08 09:01:18,247 simulation stability_selection linear_sparse 063 ok
2026-09-08 09:01:18,252 simulation stability_selection linear_sparse 062 ok
2026-09-08 09:01:18,296 simulation stability_selection linear_sparse 065 ok
2026-09-08 09:01:18,300 simulation stability_selection linear_sparse 064 ok
2026-09-08 09:01:18,347 simulation stability_selection linear_sparse 067 ok
2026-09-08 09:01:18,347 simulation stability_selection linear_sparse 066 ok
2026-09-08 09:01:18,395 simulation stability_selection linear_sparse 069 ok
2026-09-08 09:01:18,397 simulation stability_selection linear_sparse 068 ok
2026-09-08 09:01:18,444 simulation stability_selection linear_sparse 071 ok
2026-09-08 09:01:18,447 simulation stability_selection linear_sparse 070 ok
2026-09-08 09:01:18,488 simulation stability_selection linear_sparse 073 ok
2026-09-08 09:01:18,493 simulation stability_selection linear_sparse 072 ok
2026-09-08 09:01:18,535 simulation stability_selection linear_sparse 075 ok
2026-09-08 09:01:18,540 simulation stability_selection linear_sparse 074 ok
2026-09-08 09:01:18,586 simulation stability_selection linear_sparse 077 ok
2026-09-08 09:01:18,590 simulation stability_selection linear_sparse 076 ok
2026-09-08 09:01:18,636 simulation stability_selection linear_sparse 079 ok
2026-09-08 09:01:18,641 simulation stability_selection linear_sparse 078 ok
2026-09-08 09:01:18,687 simulation stability_selection linear_sparse 081 ok
2026-09-08 09:01:18,694 simulation stability_selection linear_sparse 080 ok
2026-09-08 09:01:18,731 simulation stability_selection linear_sparse 083 ok
2026-09-08 09:01:18,739 simulation stability_selection linear_sparse 082 ok
2026-09-08 09:01:18,785 simulation stability_selection linear_sparse 085 ok
2026-09-08 09:01:18,802 simulation stability_selection linear_sparse 084 ok
2026-09-08 09:01:18,834 simulation stability_selection linear_sparse 087 ok
2026-09-08 09:01:18,850 simulation stability_selection linear_sparse 086 ok
2026-09-08 09:01:18,882 simulation stability_selection linear_sparse 089 ok
2026-09-08 09:01:18,899 simulation stability_selection linear_sparse 088 ok
2026-09-08 09:01:18,931 simulation stability_selection linear_sparse 091 ok
2026-09-08 09:01:18,947 simulation stability_selection linear_sparse 090 ok
2026-09-08 09:01:18,980 simulation stability_selection linear_sparse 093 ok
2026-09-08 09:01:18,996 simulation stability_selection linear_sparse 092 ok
2026-09-08 09:01:19,030 simulation stability_selection linear_sparse 095 ok
2026-09-08 09:01:19,043 simulation stability_selection linear_sparse 094 ok
2026-09-08 09:01:19,079 simulation stability_selection linear_sparse 097 ok
2026-09-08 09:01:19,094 simulation stability_selection linear_sparse 096 ok
2026-09-08 09:01:19,127 simulation stability_selection linear_sparse 099 ok
2026-09-08 09:01:19,142 simulation stability_selection linear_sparse 098 ok
2026-09-08 09:01:19,174 simulation stability_selection linear_medium 001 ok
2026-09-08 09:01:19,189 simulation stability_selection linear_medium 000 ok
2026-09-08 09:01:19,222 simulation stability_selection linear_medium 003 ok
2026-09-08 09:01:19,239 simulation stability_selection linear_medium 002 ok
2026-09-08 09:01:19,272 simulation stability_selection linear_medium 005 ok
2026-09-08 09:01:19,288 simulation stability_selection linear_medium 004 ok
2026-09-08 09:01:19,322 simulation stability_selection linear_medium 007 ok
2026-09-08 09:01:19,336 simulation stability_selection linear_medium 006 ok
2026-09-08 09:01:19,371 simulation stability_selection linear_medium 009 ok
2026-09-08 09:01:19,383 simulation stability_selection linear_medium 008 ok
2026-09-08 09:01:19,420 simulation stability_selection linear_medium 011 ok
2026-09-08 09:01:19,434 simulation stability_selection linear_medium 010 ok
2026-09-08 09:01:19,467 simulation stability_selection linear_medium 013 ok
2026-09-08 09:01:19,480 simulation stability_selection linear_medium 012 ok
2026-09-08 09:01:19,515 simulation stability_selection linear_medium 015 ok
2026-09-08 09:01:19,530 simulation stability_selection linear_medium 014 ok
2026-09-08 09:01:19,566 simulation stability_selection linear_medium 017 ok
2026-09-08 09:01:19,581 simulation stability_selection linear_medium 016 ok
2026-09-08 09:01:19,616 simulation stability_selection linear_medium 019 ok
2026-09-08 09:01:19,631 simulation stability_selection linear_medium 018 ok
2026-09-08 09:01:19,664 simulation stability_selection linear_medium 021 ok
2026-09-08 09:01:19,681 simulation stability_selection linear_medium 020 ok
2026-09-08 09:01:19,716 simulation stability_selection linear_medium 023 ok
2026-09-08 09:01:19,730 simulation stability_selection linear_medium 022 ok
2026-09-08 09:01:19,766 simulation stability_selection linear_medium 025 ok
2026-09-08 09:01:19,779 simulation stability_selection linear_medium 024 ok
2026-09-08 09:01:19,813 simulation stability_selection linear_medium 027 ok
2026-09-08 09:01:19,829 simulation stability_selection linear_medium 026 ok
2026-09-08 09:01:19,863 simulation stability_selection linear_medium 029 ok
2026-09-08 09:01:19,877 simulation stability_selection linear_medium 028 ok
2026-09-08 09:01:19,914 simulation stability_selection linear_medium 031 ok
2026-09-08 09:01:19,925 simulation stability_selection linear_medium 030 ok
2026-09-08 09:01:19,965 simulation stability_selection linear_medium 033 ok
2026-09-08 09:01:19,972 simulation stability_selection linear_medium 032 ok
2026-09-08 09:01:20,015 simulation stability_selection linear_medium 035 ok
2026-09-08 09:01:20,017 simulation stability_selection linear_medium 034 ok
2026-09-08 09:01:20,065 simulation stability_selection linear_medium 037 ok
2026-09-08 09:01:20,065 simulation stability_selection linear_medium 036 ok
2026-09-08 09:01:20,113 simulation stability_selection linear_medium 039 ok
2026-09-08 09:01:20,114 simulation stability_selection linear_medium 038 ok
2026-09-08 09:01:20,162 simulation stability_selection linear_medium 041 ok
2026-09-08 09:01:20,163 simulation stability_selection linear_medium 040 ok
2026-09-08 09:01:20,212 simulation stability_selection linear_medium 042 ok
2026-09-08 09:01:20,213 simulation stability_selection linear_medium 043 ok
2026-09-08 09:01:20,261 simulation stability_selection linear_medium 044 ok
2026-09-08 09:01:20,262 simulation stability_selection linear_medium 045 ok
2026-09-08 09:01:20,312 simulation stability_selection linear_medium 046 ok
2026-09-08 09:01:20,313 simulation stability_selection linear_medium 047 ok
2026-09-08 09:01:20,361 simulation stability_selection linear_medium 049 ok
2026-09-08 09:01:20,361 simulation stability_selection linear_medium 048 ok
2026-09-08 09:01:20,411 simulation stability_selection linear_medium 050 ok
2026-09-08 09:01:20,411 simulation stability_selection linear_medium 051 ok
2026-09-08 09:01:20,460 simulation stability_selection linear_medium 052 ok
2026-09-08 09:01:20,462 simulation stability_selection linear_medium 053 ok
2026-09-08 09:01:20,508 simulation stability_selection linear_medium 054 ok
2026-09-08 09:01:20,509 simulation stability_selection linear_medium 055 ok
2026-09-08 09:01:20,554 simulation stability_selection linear_medium 057 ok
2026-09-08 09:01:20,561 simulation stability_selection linear_medium 056 ok
2026-09-08 09:01:20,603 simulation stability_selection linear_medium 059 ok
2026-09-08 09:01:20,609 simulation stability_selection linear_medium 058 ok
2026-09-08 09:01:20,653 simulation stability_selection linear_medium 061 ok
2026-09-08 09:01:20,657 simulation stability_selection linear_medium 060 ok
2026-09-08 09:01:20,698 simulation stability_selection linear_medium 063 ok
2026-09-08 09:01:20,705 simulation stability_selection linear_medium 062 ok
2026-09-08 09:01:20,745 simulation stability_selection linear_medium 065 ok
2026-09-08 09:01:20,753 simulation stability_selection linear_medium 064 ok
2026-09-08 09:01:20,793 simulation stability_selection linear_medium 067 ok
2026-09-08 09:01:20,802 simulation stability_selection linear_medium 066 ok
2026-09-08 09:01:20,840 simulation stability_selection linear_medium 069 ok
2026-09-08 09:01:20,848 simulation stability_selection linear_medium 068 ok
2026-09-08 09:01:20,889 simulation stability_selection linear_medium 071 ok
2026-09-08 09:01:20,896 simulation stability_selection linear_medium 070 ok
2026-09-08 09:01:20,937 simulation stability_selection linear_medium 073 ok
2026-09-08 09:01:20,945 simulation stability_selection linear_medium 072 ok
2026-09-08 09:01:20,985 simulation stability_selection linear_medium 075 ok
2026-09-08 09:01:20,993 simulation stability_selection linear_medium 074 ok
2026-09-08 09:01:21,032 simulation stability_selection linear_medium 077 ok
2026-09-08 09:01:21,040 simulation stability_selection linear_medium 076 ok
2026-09-08 09:01:21,081 simulation stability_selection linear_medium 079 ok
2026-09-08 09:01:21,087 simulation stability_selection linear_medium 078 ok
2026-09-08 09:01:21,127 simulation stability_selection linear_medium 081 ok
2026-09-08 09:01:21,133 simulation stability_selection linear_medium 080 ok
2026-09-08 09:01:21,173 simulation stability_selection linear_medium 083 ok
2026-09-08 09:01:21,182 simulation stability_selection linear_medium 082 ok
2026-09-08 09:01:21,221 simulation stability_selection linear_medium 085 ok
2026-09-08 09:01:21,228 simulation stability_selection linear_medium 084 ok
2026-09-08 09:01:21,270 simulation stability_selection linear_medium 087 ok
2026-09-08 09:01:21,277 simulation stability_selection linear_medium 086 ok
2026-09-08 09:01:21,318 simulation stability_selection linear_medium 089 ok
2026-09-08 09:01:21,324 simulation stability_selection linear_medium 088 ok
2026-09-08 09:01:21,368 simulation stability_selection linear_medium 091 ok
2026-09-08 09:01:21,370 simulation stability_selection linear_medium 090 ok
2026-09-08 09:01:21,415 simulation stability_selection linear_medium 093 ok
2026-09-08 09:01:21,420 simulation stability_selection linear_medium 092 ok
2026-09-08 09:01:21,463 simulation stability_selection linear_medium 095 ok
2026-09-08 09:01:21,466 simulation stability_selection linear_medium 094 ok
2026-09-08 09:01:21,511 simulation stability_selection linear_medium 097 ok
2026-09-08 09:01:21,515 simulation stability_selection linear_medium 096 ok
2026-09-08 09:01:21,556 simulation stability_selection linear_medium 099 ok
2026-09-08 09:01:21,562 simulation stability_selection linear_medium 098 ok
2026-09-08 09:01:21,604 simulation stability_selection linear_weak 001 ok
2026-09-08 09:01:21,610 simulation stability_selection linear_weak 000 ok
2026-09-08 09:01:21,651 simulation stability_selection linear_weak 003 ok
2026-09-08 09:01:21,657 simulation stability_selection linear_weak 002 ok
2026-09-08 09:01:21,701 simulation stability_selection linear_weak 005 ok
2026-09-08 09:01:21,703 simulation stability_selection linear_weak 004 ok
2026-09-08 09:01:21,747 simulation stability_selection linear_weak 007 ok
2026-09-08 09:01:21,751 simulation stability_selection linear_weak 006 ok
2026-09-08 09:01:21,794 simulation stability_selection linear_weak 009 ok
2026-09-08 09:01:21,798 simulation stability_selection linear_weak 008 ok
2026-09-08 09:01:21,841 simulation stability_selection linear_weak 011 ok
2026-09-08 09:01:21,846 simulation stability_selection linear_weak 010 ok
2026-09-08 09:01:21,889 simulation stability_selection linear_weak 013 ok
2026-09-08 09:01:21,894 simulation stability_selection linear_weak 012 ok
2026-09-08 09:01:21,938 simulation stability_selection linear_weak 015 ok
2026-09-08 09:01:21,943 simulation stability_selection linear_weak 014 ok
2026-09-08 09:01:21,985 simulation stability_selection linear_weak 017 ok
2026-09-08 09:01:21,989 simulation stability_selection linear_weak 016 ok
2026-09-08 09:01:22,033 simulation stability_selection linear_weak 019 ok
2026-09-08 09:01:22,038 simulation stability_selection linear_weak 018 ok
2026-09-08 09:01:22,082 simulation stability_selection linear_weak 021 ok
2026-09-08 09:01:22,087 simulation stability_selection linear_weak 020 ok
2026-09-08 09:01:22,130 simulation stability_selection linear_weak 023 ok
2026-09-08 09:01:22,135 simulation stability_selection linear_weak 022 ok
2026-09-08 09:01:22,177 simulation stability_selection linear_weak 025 ok
2026-09-08 09:01:22,182 simulation stability_selection linear_weak 024 ok
2026-09-08 09:01:22,224 simulation stability_selection linear_weak 027 ok
2026-09-08 09:01:22,231 simulation stability_selection linear_weak 026 ok
2026-09-08 09:01:22,270 simulation stability_selection linear_weak 029 ok
2026-09-08 09:01:22,277 simulation stability_selection linear_weak 028 ok
2026-09-08 09:01:22,319 simulation stability_selection linear_weak 031 ok
2026-09-08 09:01:22,327 simulation stability_selection linear_weak 030 ok
2026-09-08 09:01:22,367 simulation stability_selection linear_weak 033 ok
2026-09-08 09:01:22,374 simulation stability_selection linear_weak 032 ok
2026-09-08 09:01:22,414 simulation stability_selection linear_weak 035 ok
2026-09-08 09:01:22,421 simulation stability_selection linear_weak 034 ok
2026-09-08 09:01:22,462 simulation stability_selection linear_weak 037 ok
2026-09-08 09:01:22,467 simulation stability_selection linear_weak 036 ok
2026-09-08 09:01:22,511 simulation stability_selection linear_weak 039 ok
2026-09-08 09:01:22,514 simulation stability_selection linear_weak 038 ok
2026-09-08 09:01:22,557 simulation stability_selection linear_weak 041 ok
2026-09-08 09:01:22,562 simulation stability_selection linear_weak 040 ok
2026-09-08 09:01:22,605 simulation stability_selection linear_weak 043 ok
2026-09-08 09:01:22,609 simulation stability_selection linear_weak 042 ok
2026-09-08 09:01:22,655 simulation stability_selection linear_weak 045 ok
2026-09-08 09:01:22,657 simulation stability_selection linear_weak 044 ok
2026-09-08 09:01:22,703 simulation stability_selection linear_weak 047 ok
2026-09-08 09:01:22,705 simulation stability_selection linear_weak 046 ok
2026-09-08 09:01:22,751 simulation stability_selection linear_weak 048 ok
2026-09-08 09:01:22,753 simulation stability_selection linear_weak 049 ok
2026-09-08 09:01:22,800 simulation stability_selection linear_weak 050 ok
2026-09-08 09:01:22,802 simulation stability_selection linear_weak 051 ok
2026-09-08 09:01:22,850 simulation stability_selection linear_weak 052 ok
2026-09-08 09:01:22,850 simulation stability_selection linear_weak 053 ok
2026-09-08 09:01:22,896 simulation stability_selection linear_weak 054 ok
2026-09-08 09:01:22,900 simulation stability_selection linear_weak 055 ok
2026-09-08 09:01:22,945 simulation stability_selection linear_weak 056 ok
2026-09-08 09:01:22,950 simulation stability_selection linear_weak 057 ok
2026-09-08 09:01:22,994 simulation stability_selection linear_weak 058 ok
2026-09-08 09:01:22,999 simulation stability_selection linear_weak 059 ok
2026-09-08 09:01:23,043 simulation stability_selection linear_weak 060 ok
2026-09-08 09:01:23,048 simulation stability_selection linear_weak 061 ok
2026-09-08 09:01:23,090 simulation stability_selection linear_weak 062 ok
2026-09-08 09:01:23,098 simulation stability_selection linear_weak 063 ok
2026-09-08 09:01:23,137 simulation stability_selection linear_weak 064 ok
2026-09-08 09:01:23,147 simulation stability_selection linear_weak 065 ok
2026-09-08 09:01:23,187 simulation stability_selection linear_weak 066 ok
2026-09-08 09:01:23,193 simulation stability_selection linear_weak 067 ok
2026-09-08 09:01:23,237 simulation stability_selection linear_weak 068 ok
2026-09-08 09:01:23,243 simulation stability_selection linear_weak 069 ok
2026-09-08 09:01:23,287 simulation stability_selection linear_weak 070 ok
2026-09-08 09:01:23,291 simulation stability_selection linear_weak 071 ok
2026-09-08 09:01:23,337 simulation stability_selection linear_weak 072 ok
2026-09-08 09:01:23,339 simulation stability_selection linear_weak 073 ok
2026-09-08 09:01:23,388 simulation stability_selection linear_weak 074 ok
2026-09-08 09:01:23,389 simulation stability_selection linear_weak 075 ok
2026-09-08 09:01:23,439 simulation stability_selection linear_weak 077 ok
2026-09-08 09:01:23,440 simulation stability_selection linear_weak 076 ok
2026-09-08 09:01:23,488 simulation stability_selection linear_weak 079 ok
2026-09-08 09:01:23,488 simulation stability_selection linear_weak 078 ok
2026-09-08 09:01:23,535 simulation stability_selection linear_weak 080 ok
2026-09-08 09:01:23,535 simulation stability_selection linear_weak 081 ok
2026-09-08 09:01:23,583 simulation stability_selection linear_weak 082 ok
2026-09-08 09:01:23,585 simulation stability_selection linear_weak 083 ok
2026-09-08 09:01:23,632 simulation stability_selection linear_weak 084 ok
2026-09-08 09:01:23,634 simulation stability_selection linear_weak 085 ok
2026-09-08 09:01:23,683 simulation stability_selection linear_weak 087 ok
2026-09-08 09:01:23,684 simulation stability_selection linear_weak 086 ok
2026-09-08 09:01:23,734 simulation stability_selection linear_weak 089 ok
2026-09-08 09:01:23,736 simulation stability_selection linear_weak 088 ok
2026-09-08 09:01:23,783 simulation stability_selection linear_weak 091 ok
2026-09-08 09:01:23,785 simulation stability_selection linear_weak 090 ok
2026-09-08 09:01:23,832 simulation stability_selection linear_weak 093 ok
2026-09-08 09:01:23,834 simulation stability_selection linear_weak 092 ok
2026-09-08 09:01:23,881 simulation stability_selection linear_weak 095 ok
2026-09-08 09:01:23,882 simulation stability_selection linear_weak 094 ok
2026-09-08 09:01:23,930 simulation stability_selection linear_weak 097 ok
2026-09-08 09:01:23,931 simulation stability_selection linear_weak 096 ok
2026-09-08 09:01:23,979 simulation stability_selection linear_weak 098 ok
2026-09-08 09:01:23,979 simulation stability_selection linear_weak 099 ok
2026-09-08 09:01:24,029 simulation stability_selection linear_dense 000 ok
2026-09-08 09:01:24,030 simulation stability_selection linear_dense 001 ok
2026-09-08 09:01:24,077 simulation stability_selection linear_dense 002 ok
2026-09-08 09:01:24,081 simulation stability_selection linear_dense 003 ok
2026-09-08 09:01:24,125 simulation stability_selection linear_dense 004 ok
2026-09-08 09:01:24,130 simulation stability_selection linear_dense 005 ok
2026-09-08 09:01:24,176 simulation stability_selection linear_dense 006 ok
2026-09-08 09:01:24,179 simulation stability_selection linear_dense 007 ok
2026-09-08 09:01:24,225 simulation stability_selection linear_dense 008 ok
2026-09-08 09:01:24,230 simulation stability_selection linear_dense 009 ok
2026-09-08 09:01:24,274 simulation stability_selection linear_dense 010 ok
2026-09-08 09:01:24,278 simulation stability_selection linear_dense 011 ok
2026-09-08 09:01:24,324 simulation stability_selection linear_dense 012 ok
2026-09-08 09:01:24,330 simulation stability_selection linear_dense 013 ok
2026-09-08 09:01:24,376 simulation stability_selection linear_dense 014 ok
2026-09-08 09:01:24,381 simulation stability_selection linear_dense 015 ok
2026-09-08 09:01:24,423 simulation stability_selection linear_dense 016 ok
2026-09-08 09:01:24,431 simulation stability_selection linear_dense 017 ok
2026-09-08 09:01:24,473 simulation stability_selection linear_dense 018 ok
2026-09-08 09:01:24,481 simulation stability_selection linear_dense 019 ok
2026-09-08 09:01:24,522 simulation stability_selection linear_dense 020 ok
2026-09-08 09:01:24,529 simulation stability_selection linear_dense 021 ok
2026-09-08 09:01:24,571 simulation stability_selection linear_dense 022 ok
2026-09-08 09:01:24,580 simulation stability_selection linear_dense 023 ok
2026-09-08 09:01:24,622 simulation stability_selection linear_dense 024 ok
2026-09-08 09:01:24,629 simulation stability_selection linear_dense 025 ok
2026-09-08 09:01:24,671 simulation stability_selection linear_dense 026 ok
2026-09-08 09:01:24,679 simulation stability_selection linear_dense 027 ok
2026-09-08 09:01:24,722 simulation stability_selection linear_dense 028 ok
2026-09-08 09:01:24,729 simulation stability_selection linear_dense 029 ok
2026-09-08 09:01:24,771 simulation stability_selection linear_dense 030 ok
2026-09-08 09:01:24,780 simulation stability_selection linear_dense 031 ok
2026-09-08 09:01:24,821 simulation stability_selection linear_dense 032 ok
2026-09-08 09:01:24,828 simulation stability_selection linear_dense 033 ok
2026-09-08 09:01:24,872 simulation stability_selection linear_dense 034 ok
2026-09-08 09:01:24,877 simulation stability_selection linear_dense 035 ok
2026-09-08 09:01:24,922 simulation stability_selection linear_dense 036 ok
2026-09-08 09:01:24,925 simulation stability_selection linear_dense 037 ok
2026-09-08 09:01:24,971 simulation stability_selection linear_dense 038 ok
2026-09-08 09:01:24,977 simulation stability_selection linear_dense 039 ok
2026-09-08 09:01:25,020 simulation stability_selection linear_dense 040 ok
2026-09-08 09:01:25,025 simulation stability_selection linear_dense 041 ok
2026-09-08 09:01:25,071 simulation stability_selection linear_dense 042 ok
2026-09-08 09:01:25,076 simulation stability_selection linear_dense 043 ok
2026-09-08 09:01:25,123 simulation stability_selection linear_dense 044 ok
2026-09-08 09:01:25,124 simulation stability_selection linear_dense 045 ok
2026-09-08 09:01:25,172 simulation stability_selection linear_dense 046 ok
2026-09-08 09:01:25,175 simulation stability_selection linear_dense 047 ok
2026-09-08 09:01:25,222 simulation stability_selection linear_dense 048 ok
2026-09-08 09:01:25,223 simulation stability_selection linear_dense 049 ok
2026-09-08 09:01:25,273 simulation stability_selection linear_dense 051 ok
2026-09-08 09:01:25,273 simulation stability_selection linear_dense 050 ok
2026-09-08 09:01:25,323 simulation stability_selection linear_dense 052 ok
2026-09-08 09:01:25,323 simulation stability_selection linear_dense 053 ok
2026-09-08 09:01:25,372 simulation stability_selection linear_dense 054 ok
2026-09-08 09:01:25,374 simulation stability_selection linear_dense 055 ok
2026-09-08 09:01:25,422 simulation stability_selection linear_dense 056 ok
2026-09-08 09:01:25,422 simulation stability_selection linear_dense 057 ok
2026-09-08 09:01:25,472 simulation stability_selection linear_dense 058 ok
2026-09-08 09:01:25,473 simulation stability_selection linear_dense 059 ok
2026-09-08 09:01:25,522 simulation stability_selection linear_dense 060 ok
2026-09-08 09:01:25,523 simulation stability_selection linear_dense 061 ok
2026-09-08 09:01:25,572 simulation stability_selection linear_dense 062 ok
2026-09-08 09:01:25,575 simulation stability_selection linear_dense 063 ok
2026-09-08 09:01:25,621 simulation stability_selection linear_dense 064 ok
2026-09-08 09:01:25,624 simulation stability_selection linear_dense 065 ok
2026-09-08 09:01:25,670 simulation stability_selection linear_dense 066 ok
2026-09-08 09:01:25,676 simulation stability_selection linear_dense 067 ok
2026-09-08 09:01:25,720 simulation stability_selection linear_dense 068 ok
2026-09-08 09:01:25,725 simulation stability_selection linear_dense 069 ok
2026-09-08 09:01:25,770 simulation stability_selection linear_dense 070 ok
2026-09-08 09:01:25,775 simulation stability_selection linear_dense 071 ok
2026-09-08 09:01:25,820 simulation stability_selection linear_dense 072 ok
2026-09-08 09:01:25,824 simulation stability_selection linear_dense 073 ok
2026-09-08 09:01:25,872 simulation stability_selection linear_dense 074 ok
2026-09-08 09:01:25,876 simulation stability_selection linear_dense 075 ok
2026-09-08 09:01:25,922 simulation stability_selection linear_dense 076 ok
2026-09-08 09:01:25,926 simulation stability_selection linear_dense 077 ok
2026-09-08 09:01:25,971 simulation stability_selection linear_dense 078 ok
2026-09-08 09:01:25,975 simulation stability_selection linear_dense 079 ok
2026-09-08 09:01:26,021 simulation stability_selection linear_dense 080 ok
2026-09-08 09:01:26,027 simulation stability_selection linear_dense 081 ok
2026-09-08 09:01:26,071 simulation stability_selection linear_dense 082 ok
2026-09-08 09:01:26,076 simulation stability_selection linear_dense 083 ok
2026-09-08 09:01:26,121 simulation stability_selection linear_dense 084 ok
2026-09-08 09:01:26,125 simulation stability_selection linear_dense 085 ok
2026-09-08 09:01:26,171 simulation stability_selection linear_dense 086 ok
2026-09-08 09:01:26,174 simulation stability_selection linear_dense 087 ok
2026-09-08 09:01:26,221 simulation stability_selection linear_dense 088 ok
2026-09-08 09:01:26,222 simulation stability_selection linear_dense 089 ok
2026-09-08 09:01:26,271 simulation stability_selection linear_dense 090 ok
2026-09-08 09:01:26,271 simulation stability_selection linear_dense 091 ok
2026-09-08 09:01:26,321 simulation stability_selection linear_dense 092 ok
2026-09-08 09:01:26,323 simulation stability_selection linear_dense 093 ok
2026-09-08 09:01:26,373 simulation stability_selection linear_dense 094 ok
2026-09-08 09:01:26,374 simulation stability_selection linear_dense 095 ok
2026-09-08 09:01:26,422 simulation stability_selection linear_dense 096 ok
2026-09-08 09:01:26,424 simulation stability_selection linear_dense 097 ok
2026-09-08 09:01:26,469 simulation stability_selection linear_dense 098 ok
2026-09-08 09:01:26,471 simulation stability_selection linear_dense 099 ok
2026-09-08 09:01:26,517 simulation stability_selection nonlinear 000 ok
2026-09-08 09:01:26,520 simulation stability_selection nonlinear 001 ok
2026-09-08 09:01:26,563 simulation stability_selection nonlinear 002 ok
2026-09-08 09:01:26,567 simulation stability_selection nonlinear 003 ok
2026-09-08 09:01:26,611 simulation stability_selection nonlinear 004 ok
2026-09-08 09:01:26,615 simulation stability_selection nonlinear 005 ok
2026-09-08 09:01:26,659 simulation stability_selection nonlinear 006 ok
2026-09-08 09:01:26,662 simulation stability_selection nonlinear 007 ok
2026-09-08 09:01:26,710 simulation stability_selection nonlinear 008 ok
2026-09-08 09:01:26,711 simulation stability_selection nonlinear 009 ok
2026-09-08 09:01:26,757 simulation stability_selection nonlinear 010 ok
2026-09-08 09:01:26,757 simulation stability_selection nonlinear 011 ok
2026-09-08 09:01:26,803 simulation stability_selection nonlinear 012 ok
2026-09-08 09:01:26,805 simulation stability_selection nonlinear 013 ok
2026-09-08 09:01:26,849 simulation stability_selection nonlinear 014 ok
2026-09-08 09:01:26,855 simulation stability_selection nonlinear 015 ok
2026-09-08 09:01:26,896 simulation stability_selection nonlinear 016 ok
2026-09-08 09:01:26,902 simulation stability_selection nonlinear 017 ok
2026-09-08 09:01:26,942 simulation stability_selection nonlinear 018 ok
2026-09-08 09:01:26,947 simulation stability_selection nonlinear 019 ok
2026-09-08 09:01:26,988 simulation stability_selection nonlinear 020 ok
2026-09-08 09:01:26,996 simulation stability_selection nonlinear 021 ok
2026-09-08 09:01:27,037 simulation stability_selection nonlinear 022 ok
2026-09-08 09:01:27,043 simulation stability_selection nonlinear 023 ok
2026-09-08 09:01:27,088 simulation stability_selection nonlinear 024 ok
2026-09-08 09:01:27,093 simulation stability_selection nonlinear 025 ok
2026-09-08 09:01:27,139 simulation stability_selection nonlinear 026 ok
2026-09-08 09:01:27,144 simulation stability_selection nonlinear 027 ok
2026-09-08 09:01:27,189 simulation stability_selection nonlinear 028 ok
2026-09-08 09:01:27,194 simulation stability_selection nonlinear 029 ok
2026-09-08 09:01:27,238 simulation stability_selection nonlinear 030 ok
2026-09-08 09:01:27,245 simulation stability_selection nonlinear 031 ok
2026-09-08 09:01:27,287 simulation stability_selection nonlinear 032 ok
2026-09-08 09:01:27,294 simulation stability_selection nonlinear 033 ok
2026-09-08 09:01:27,337 simulation stability_selection nonlinear 034 ok
2026-09-08 09:01:27,344 simulation stability_selection nonlinear 035 ok
2026-09-08 09:01:27,387 simulation stability_selection nonlinear 036 ok
2026-09-08 09:01:27,392 simulation stability_selection nonlinear 037 ok
2026-09-08 09:01:27,437 simulation stability_selection nonlinear 038 ok
2026-09-08 09:01:27,440 simulation stability_selection nonlinear 039 ok
2026-09-08 09:01:27,487 simulation stability_selection nonlinear 040 ok
2026-09-08 09:01:27,490 simulation stability_selection nonlinear 041 ok
2026-09-08 09:01:27,537 simulation stability_selection nonlinear 042 ok
2026-09-08 09:01:27,539 simulation stability_selection nonlinear 043 ok
2026-09-08 09:01:27,583 simulation stability_selection nonlinear 044 ok
2026-09-08 09:01:27,585 simulation stability_selection nonlinear 045 ok
2026-09-08 09:01:27,630 simulation stability_selection nonlinear 046 ok
2026-09-08 09:01:27,630 simulation stability_selection nonlinear 047 ok
2026-09-08 09:01:27,676 simulation stability_selection nonlinear 049 ok
2026-09-08 09:01:27,677 simulation stability_selection nonlinear 048 ok
2026-09-08 09:01:27,723 simulation stability_selection nonlinear 050 ok
2026-09-08 09:01:27,725 simulation stability_selection nonlinear 051 ok
2026-09-08 09:01:27,769 simulation stability_selection nonlinear 053 ok
2026-09-08 09:01:27,772 simulation stability_selection nonlinear 052 ok
2026-09-08 09:01:27,818 simulation stability_selection nonlinear 055 ok
2026-09-08 09:01:27,819 simulation stability_selection nonlinear 054 ok
2026-09-08 09:01:27,866 simulation stability_selection nonlinear 057 ok
2026-09-08 09:01:27,866 simulation stability_selection nonlinear 056 ok
2026-09-08 09:01:27,911 simulation stability_selection nonlinear 058 ok
2026-09-08 09:01:27,912 simulation stability_selection nonlinear 059 ok
2026-09-08 09:01:27,955 simulation stability_selection nonlinear 061 ok
2026-09-08 09:01:27,957 simulation stability_selection nonlinear 060 ok
2026-09-08 09:01:28,009 simulation stability_selection nonlinear 062 ok
2026-09-08 09:01:28,009 simulation stability_selection nonlinear 063 ok
2026-09-08 09:01:28,055 simulation stability_selection nonlinear 065 ok
2026-09-08 09:01:28,057 simulation stability_selection nonlinear 064 ok
2026-09-08 09:01:28,101 simulation stability_selection nonlinear 067 ok
2026-09-08 09:01:28,102 simulation stability_selection nonlinear 066 ok
2026-09-08 09:01:28,149 simulation stability_selection nonlinear 068 ok
2026-09-08 09:01:28,149 simulation stability_selection nonlinear 069 ok
2026-09-08 09:01:28,194 simulation stability_selection nonlinear 070 ok
2026-09-08 09:01:28,195 simulation stability_selection nonlinear 071 ok
2026-09-08 09:01:28,242 simulation stability_selection nonlinear 072 ok
2026-09-08 09:01:28,242 simulation stability_selection nonlinear 073 ok
2026-09-08 09:01:28,288 simulation stability_selection nonlinear 074 ok
2026-09-08 09:01:28,289 simulation stability_selection nonlinear 075 ok
2026-09-08 09:01:28,334 simulation stability_selection nonlinear 076 ok
2026-09-08 09:01:28,334 simulation stability_selection nonlinear 077 ok
2026-09-08 09:01:28,379 simulation stability_selection nonlinear 079 ok
2026-09-08 09:01:28,380 simulation stability_selection nonlinear 078 ok
2026-09-08 09:01:28,427 simulation stability_selection nonlinear 081 ok
2026-09-08 09:01:28,427 simulation stability_selection nonlinear 080 ok
2026-09-08 09:01:28,473 simulation stability_selection nonlinear 082 ok
2026-09-08 09:01:28,473 simulation stability_selection nonlinear 083 ok
2026-09-08 09:01:28,517 simulation stability_selection nonlinear 085 ok
2026-09-08 09:01:28,521 simulation stability_selection nonlinear 084 ok
2026-09-08 09:01:28,557 simulation stability_selection nonlinear 087 ok
2026-09-08 09:01:28,564 simulation stability_selection nonlinear 086 ok
2026-09-08 09:01:28,603 simulation stability_selection nonlinear 089 ok
2026-09-08 09:01:28,609 simulation stability_selection nonlinear 088 ok
2026-09-08 09:01:28,650 simulation stability_selection nonlinear 091 ok
2026-09-08 09:01:28,656 simulation stability_selection nonlinear 090 ok
2026-09-08 09:01:28,698 simulation stability_selection nonlinear 093 ok
2026-09-08 09:01:28,704 simulation stability_selection nonlinear 092 ok
2026-09-08 09:01:28,746 simulation stability_selection nonlinear 095 ok
2026-09-08 09:01:28,751 simulation stability_selection nonlinear 094 ok
2026-09-08 09:01:28,793 simulation stability_selection nonlinear 097 ok
2026-09-08 09:01:28,801 simulation stability_selection nonlinear 096 ok
2026-09-08 09:01:28,839 simulation stability_selection nonlinear 099 ok
2026-09-08 09:01:28,847 simulation stability_selection nonlinear 098 ok
2026-09-08 09:01:28,886 simulation stability_selection nonlinear_panel 001 ok
2026-09-08 09:01:28,895 simulation stability_selection nonlinear_panel 000 ok
2026-09-08 09:01:28,932 simulation stability_selection nonlinear_panel 003 ok
2026-09-08 09:01:28,942 simulation stability_selection nonlinear_panel 002 ok
2026-09-08 09:01:28,979 simulation stability_selection nonlinear_panel 005 ok
2026-09-08 09:01:28,989 simulation stability_selection nonlinear_panel 004 ok
2026-09-08 09:01:29,026 simulation stability_selection nonlinear_panel 007 ok
2026-09-08 09:01:29,037 simulation stability_selection nonlinear_panel 006 ok
2026-09-08 09:01:29,072 simulation stability_selection nonlinear_panel 009 ok
2026-09-08 09:01:29,083 simulation stability_selection nonlinear_panel 008 ok
2026-09-08 09:01:29,120 simulation stability_selection nonlinear_panel 011 ok
2026-09-08 09:01:29,132 simulation stability_selection nonlinear_panel 010 ok
2026-09-08 09:01:29,164 simulation stability_selection nonlinear_panel 013 ok
2026-09-08 09:01:29,175 simulation stability_selection nonlinear_panel 012 ok
2026-09-08 09:01:29,207 simulation stability_selection nonlinear_panel 015 ok
2026-09-08 09:01:29,220 simulation stability_selection nonlinear_panel 014 ok
2026-09-08 09:01:29,254 simulation stability_selection nonlinear_panel 017 ok
2026-09-08 09:01:29,264 simulation stability_selection nonlinear_panel 016 ok
2026-09-08 09:01:29,302 simulation stability_selection nonlinear_panel 019 ok
2026-09-08 09:01:29,311 simulation stability_selection nonlinear_panel 018 ok
2026-09-08 09:01:29,348 simulation stability_selection nonlinear_panel 021 ok
2026-09-08 09:01:29,356 simulation stability_selection nonlinear_panel 020 ok
2026-09-08 09:01:29,395 simulation stability_selection nonlinear_panel 023 ok
2026-09-08 09:01:29,400 simulation stability_selection nonlinear_panel 022 ok
2026-09-08 09:01:29,445 simulation stability_selection nonlinear_panel 025 ok
2026-09-08 09:01:29,447 simulation stability_selection nonlinear_panel 024 ok
2026-09-08 09:01:29,489 simulation stability_selection nonlinear_panel 027 ok
2026-09-08 09:01:29,493 simulation stability_selection nonlinear_panel 026 ok
2026-09-08 09:01:29,536 simulation stability_selection nonlinear_panel 029 ok
2026-09-08 09:01:29,539 simulation stability_selection nonlinear_panel 028 ok
2026-09-08 09:01:29,582 simulation stability_selection nonlinear_panel 031 ok
2026-09-08 09:01:29,584 simulation stability_selection nonlinear_panel 030 ok
2026-09-08 09:01:29,627 simulation stability_selection nonlinear_panel 033 ok
2026-09-08 09:01:29,630 simulation stability_selection nonlinear_panel 032 ok
2026-09-08 09:01:29,672 simulation stability_selection nonlinear_panel 035 ok
2026-09-08 09:01:29,676 simulation stability_selection nonlinear_panel 034 ok
2026-09-08 09:01:29,718 simulation stability_selection nonlinear_panel 037 ok
2026-09-08 09:01:29,723 simulation stability_selection nonlinear_panel 036 ok
2026-09-08 09:01:29,767 simulation stability_selection nonlinear_panel 039 ok
2026-09-08 09:01:29,771 simulation stability_selection nonlinear_panel 038 ok
2026-09-08 09:01:29,813 simulation stability_selection nonlinear_panel 041 ok
2026-09-08 09:01:29,818 simulation stability_selection nonlinear_panel 040 ok
2026-09-08 09:01:29,862 simulation stability_selection nonlinear_panel 043 ok
2026-09-08 09:01:29,864 simulation stability_selection nonlinear_panel 042 ok
2026-09-08 09:01:29,910 simulation stability_selection nonlinear_panel 044 ok
2026-09-08 09:01:29,910 simulation stability_selection nonlinear_panel 045 ok
2026-09-08 09:01:29,956 simulation stability_selection nonlinear_panel 047 ok
2026-09-08 09:01:29,958 simulation stability_selection nonlinear_panel 046 ok
2026-09-08 09:01:30,003 simulation stability_selection nonlinear_panel 049 ok
2026-09-08 09:01:30,003 simulation stability_selection nonlinear_panel 048 ok
2026-09-08 09:01:30,048 simulation stability_selection nonlinear_panel 051 ok
2026-09-08 09:01:30,048 simulation stability_selection nonlinear_panel 050 ok
2026-09-08 09:01:30,093 simulation stability_selection nonlinear_panel 053 ok
2026-09-08 09:01:30,094 simulation stability_selection nonlinear_panel 052 ok
2026-09-08 09:01:30,139 simulation stability_selection nonlinear_panel 054 ok
2026-09-08 09:01:30,140 simulation stability_selection nonlinear_panel 055 ok
2026-09-08 09:01:30,186 simulation stability_selection nonlinear_panel 056 ok
2026-09-08 09:01:30,188 simulation stability_selection nonlinear_panel 057 ok
2026-09-08 09:01:30,231 simulation stability_selection nonlinear_panel 058 ok
2026-09-08 09:01:30,234 simulation stability_selection nonlinear_panel 059 ok
2026-09-08 09:01:30,277 simulation stability_selection nonlinear_panel 060 ok
2026-09-08 09:01:30,280 simulation stability_selection nonlinear_panel 061 ok
2026-09-08 09:01:30,324 simulation stability_selection nonlinear_panel 062 ok
2026-09-08 09:01:30,325 simulation stability_selection nonlinear_panel 063 ok
2026-09-08 09:01:30,368 simulation stability_selection nonlinear_panel 064 ok
2026-09-08 09:01:30,370 simulation stability_selection nonlinear_panel 065 ok
2026-09-08 09:01:30,416 simulation stability_selection nonlinear_panel 066 ok
2026-09-08 09:01:30,416 simulation stability_selection nonlinear_panel 067 ok
2026-09-08 09:01:30,463 simulation stability_selection nonlinear_panel 069 ok
2026-09-08 09:01:30,464 simulation stability_selection nonlinear_panel 068 ok
2026-09-08 09:01:30,508 simulation stability_selection nonlinear_panel 071 ok
2026-09-08 09:01:30,510 simulation stability_selection nonlinear_panel 070 ok
2026-09-08 09:01:30,554 simulation stability_selection nonlinear_panel 073 ok
2026-09-08 09:01:30,559 simulation stability_selection nonlinear_panel 072 ok
2026-09-08 09:01:30,602 simulation stability_selection nonlinear_panel 075 ok
2026-09-08 09:01:30,609 simulation stability_selection nonlinear_panel 074 ok
2026-09-08 09:01:30,649 simulation stability_selection nonlinear_panel 077 ok
2026-09-08 09:01:30,654 simulation stability_selection nonlinear_panel 076 ok
2026-09-08 09:01:30,696 simulation stability_selection nonlinear_panel 079 ok
2026-09-08 09:01:30,699 simulation stability_selection nonlinear_panel 078 ok
2026-09-08 09:01:30,742 simulation stability_selection nonlinear_panel 081 ok
2026-09-08 09:01:30,747 simulation stability_selection nonlinear_panel 080 ok
2026-09-08 09:01:30,790 simulation stability_selection nonlinear_panel 083 ok
2026-09-08 09:01:30,793 simulation stability_selection nonlinear_panel 082 ok
2026-09-08 09:01:30,833 simulation stability_selection nonlinear_panel 085 ok
2026-09-08 09:01:30,838 simulation stability_selection nonlinear_panel 084 ok
2026-09-08 09:01:30,879 simulation stability_selection nonlinear_panel 087 ok
2026-09-08 09:01:30,882 simulation stability_selection nonlinear_panel 086 ok
2026-09-08 09:01:30,924 simulation stability_selection nonlinear_panel 089 ok
2026-09-08 09:01:30,928 simulation stability_selection nonlinear_panel 088 ok
2026-09-08 09:01:30,972 simulation stability_selection nonlinear_panel 091 ok
2026-09-08 09:01:30,974 simulation stability_selection nonlinear_panel 090 ok
2026-09-08 09:01:31,017 simulation stability_selection nonlinear_panel 093 ok
2026-09-08 09:01:31,018 simulation stability_selection nonlinear_panel 092 ok
2026-09-08 09:01:31,065 simulation stability_selection nonlinear_panel 094 ok
2026-09-08 09:01:31,067 simulation stability_selection nonlinear_panel 095 ok
2026-09-08 09:01:31,110 simulation stability_selection nonlinear_panel 096 ok
2026-09-08 09:01:31,115 simulation stability_selection nonlinear_panel 097 ok
2026-09-08 09:01:31,157 simulation stability_selection nonlinear_panel 098 ok
2026-09-08 09:01:31,159 simulation stability_selection nonlinear_panel 099 ok
