2026-09-08 08:07:39,588 stability_selection tuning 1/12 0.7616
2026-09-08 08:07:39,606 stability_selection tuning 2/12 0.7616
2026-09-08 08:07:39,624 stability_selection tuning 3/12 0.7617
2026-09-08 08:07:39,643 stability_selection tuning 4/12 0.7621
2026-09-08 08:07:39,673 stability_selection tuning 5/12 0.7632
2026-09-08 08:07:39,690 stability_selection tuning 6/12 0.7651
2026-09-08 08:07:39,708 stability_selection tuning 7/12 0.7696
2026-09-08 08:07:39,727 stability_selection tuning 8/12 0.7752
2026-09-08 08:07:39,745 stability_selection tuning 9/12 0.7911
2026-09-08 08:07:39,754 stability_selection tuning 10/12 0.8355
2026-09-08 08:07:39,759 stability_selection tuning 11/12 0.9135
2026-09-08 08:07:39,760 stability_selection tuning 12/12 0.9932
2026-09-08 08:07:43,452 stability_selection reference ok 3.7s
2026-09-08 08:07:44,494 stability_selection half_00_A ok 1.0s
2026-09-08 08:07:45,898 stability_selection half_00_B ok 1.4s
2026-09-08 08:07:46,897 stability_selection half_01_A ok 1.0s
2026-09-08 08:07:47,973 stability_selection half_01_B ok 1.1s
2026-09-08 08:07:49,314 stability_selection half_02_A ok 1.3s
2026-09-08 08:07:50,575 stability_selection half_02_B ok 1.3s
2026-09-08 08:07:51,886 stability_selection half_03_A ok 1.3s
2026-09-08 08:07:53,415 stability_selection half_03_B ok 1.5s
2026-09-08 08:07:55,013 stability_selection half_04_A ok 1.6s
2026-09-08 08:07:56,283 stability_selection half_04_B ok 1.3s
2026-09-08 08:07:57,355 stability_selection half_05_A ok 1.1s
2026-09-08 08:07:58,639 stability_selection half_05_B ok 1.3s
2026-09-08 08:07:59,875 stability_selection half_06_A ok 1.2s
2026-09-08 08:08:01,223 stability_selection half_06_B ok 1.3s
2026-09-08 08:08:02,043 stability_selection half_07_A ok 0.8s
2026-09-08 08:08:03,059 stability_selection half_07_B ok 1.0s
2026-09-08 08:08:04,050 stability_selection half_08_A ok 1.0s
2026-09-08 08:08:05,125 stability_selection half_08_B ok 1.1s
2026-09-08 08:08:06,693 stability_selection half_09_A ok 1.6s
2026-09-08 08:08:08,068 stability_selection half_09_B ok 1.4s
2026-09-08 08:08:09,382 stability_selection half_10_A ok 1.3s
2026-09-08 08:08:10,325 stability_selection half_10_B ok 0.9s
2026-09-08 08:08:11,623 stability_selection half_11_A ok 1.3s
2026-09-08 08:08:12,706 stability_selection half_11_B ok 1.1s
2026-09-08 08:08:13,959 stability_selection half_12_A ok 1.3s
2026-09-08 08:08:14,923 stability_selection half_12_B ok 1.0s
2026-09-08 08:08:16,147 stability_selection half_13_A ok 1.2s
2026-09-08 08:08:17,781 stability_selection half_13_B ok 1.6s
2026-09-08 08:08:18,695 stability_selection half_14_A ok 0.9s
2026-09-08 08:08:19,728 stability_selection half_14_B ok 1.0s
2026-09-08 08:08:21,077 stability_selection half_15_A ok 1.3s
2026-09-08 08:08:22,201 stability_selection half_15_B ok 1.1s
2026-09-08 08:08:23,162 stability_selection half_16_A ok 1.0s
2026-09-08 08:08:24,471 stability_selection half_16_B ok 1.3s
2026-09-08 08:08:25,577 stability_selection half_17_A ok 1.1s
2026-09-08 08:08:27,071 stability_selection half_17_B ok 1.5s
2026-09-08 08:08:28,593 stability_selection half_18_A ok 1.5s
2026-09-08 08:08:29,599 stability_selection half_18_B ok 1.0s
2026-09-08 08:08:31,044 stability_selection half_19_A ok 1.4s
2026-09-08 08:08:32,133 stability_selection half_19_B ok 1.1s
2026-09-08 08:08:33,284 stability_selection half_20_A ok 1.1s
2026-09-08 08:08:34,874 stability_selection half_20_B ok 1.6s
2026-09-08 08:08:36,063 stability_selection half_21_A ok 1.2s
2026-09-08 08:08:37,848 stability_selection half_21_B ok 1.8s
2026-09-08 08:08:38,949 stability_selection half_22_A ok 1.1s
2026-09-08 08:08:40,433 stability_selection half_22_B ok 1.5s
2026-09-08 08:08:41,501 stability_selection half_23_A ok 1.1s
2026-09-08 08:08:42,463 stability_selection half_23_B ok 1.0s
2026-09-08 08:08:43,443 stability_selection half_24_A ok 1.0s
2026-09-08 08:08:44,162 stability_selection half_24_B ok 0.7s
2026-09-08 08:08:45,343 stability_selection half_25_A ok 1.2s
2026-09-08 08:08:46,662 stability_selection half_25_B ok 1.3s
2026-09-08 08:08:47,780 stability_selection half_26_A ok 1.1s
2026-09-08 08:08:48,902 stability_selection half_26_B ok 1.1s
2026-09-08 08:08:50,053 stability_selection half_27_A ok 1.1s
2026-09-08 08:08:51,319 stability_selection half_27_B ok 1.3s
2026-09-08 08:08:52,427 stability_selection half_28_A ok 1.1s
2026-09-08 08:08:53,546 stability_selection half_28_B ok 1.1s
2026-09-08 08:08:54,895 stability_selection half_29_A ok 1.3s
2026-09-08 08:08:56,052 stability_selection half_29_B ok 1.2s
2026-09-08 08:08:57,976 stability_selection f70_00 ok 1.9s
2026-09-08 08:09:00,045 stability_selection f70_01 ok 2.1s
2026-09-08 08:09:02,249 stability_selection f70_02 ok 2.2s
2026-09-08 08:09:04,158 stability_selection f70_03 ok 1.9s
2026-09-08 08:09:05,910 stability_selection f70_04 ok 1.8s
2026-09-08 08:09:08,021 stability_selection f70_05 ok 2.1s
2026-09-08 08:09:09,780 stability_selection f70_06 ok 1.8s
2026-09-08 08:09:11,627 stability_selection f70_07 ok 1.8s
2026-09-08 08:09:13,427 stability_selection f70_08 ok 1.8s
2026-09-08 08:09:15,145 stability_selection f70_09 ok 1.7s
2026-09-08 08:09:16,910 stability_selection f70_10 ok 1.8s
2026-09-08 08:09:18,912 stability_selection f70_11 ok 2.0s
2026-09-08 08:09:20,709 stability_selection f70_12 ok 1.8s
2026-09-08 08:09:22,946 stability_selection f70_13 ok 2.2s
2026-09-08 08:09:25,313 stability_selection f70_14 ok 2.4s
2026-09-08 08:09:27,077 stability_selection f70_15 ok 1.8s
2026-09-08 08:09:29,149 stability_selection f70_16 ok 2.1s
2026-09-08 08:09:31,014 stability_selection f70_17 ok 1.9s
2026-09-08 08:09:32,618 stability_selection f70_18 ok 1.6s
2026-09-08 08:09:34,656 stability_selection f70_19 ok 2.0s
2026-09-08 08:09:37,182 stability_selection f80_00 ok 2.5s
2026-09-08 08:09:40,255 stability_selection f80_01 ok 3.1s
2026-09-08 08:09:42,709 stability_selection f80_02 ok 2.5s
2026-09-08 08:09:45,236 stability_selection f80_03 ok 2.5s
2026-09-08 08:09:47,812 stability_selection f80_04 ok 2.6s
2026-09-08 08:09:50,503 stability_selection f80_05 ok 2.7s
2026-09-08 08:09:52,963 stability_selection f80_06 ok 2.5s
2026-09-08 08:09:55,202 stability_selection f80_07 ok 2.2s
2026-09-08 08:09:58,077 stability_selection f80_08 ok 2.9s
2026-09-08 08:10:00,520 stability_selection f80_09 ok 2.4s
2026-09-08 08:10:02,937 stability_selection f80_10 ok 2.4s
2026-09-08 08:10:05,715 stability_selection f80_11 ok 2.8s
2026-09-08 08:10:08,452 stability_selection f80_12 ok 2.7s
2026-09-08 08:10:11,280 stability_selection f80_13 ok 2.8s
2026-09-08 08:10:14,050 stability_selection f80_14 ok 2.8s
2026-09-08 08:10:16,347 stability_selection f80_15 ok 2.3s
2026-09-08 08:10:18,848 stability_selection f80_16 ok 2.5s
2026-09-08 08:10:21,389 stability_selection f80_17 ok 2.5s
2026-09-08 08:10:24,175 stability_selection f80_18 ok 2.8s
2026-09-08 08:10:26,864 stability_selection f80_19 ok 2.7s
2026-09-08 08:10:30,545 stability_selection seedonly_00 ok 3.7s
2026-09-08 08:10:35,131 stability_selection seedonly_01 ok 4.6s
2026-09-08 08:10:39,775 stability_selection seedonly_02 ok 4.6s
2026-09-08 08:10:43,395 stability_selection seedonly_03 ok 3.6s
2026-09-08 08:10:47,216 stability_selection seedonly_04 ok 3.8s
2026-09-08 08:10:51,563 stability_selection seedonly_05 ok 4.3s
2026-09-08 08:10:55,014 stability_selection seedonly_06 ok 3.4s
2026-09-08 08:10:59,226 stability_selection seedonly_07 ok 4.2s
2026-09-08 08:11:03,566 stability_selection seedonly_08 ok 4.3s
2026-09-08 08:11:07,707 stability_selection seedonly_09 ok 4.1s
