2026-09-08 08:20:44,261 simulation tabm linear_sparse 001 ok
2026-09-08 08:20:45,201 simulation tabm linear_sparse 000 ok
2026-09-08 08:20:49,679 simulation tabm linear_sparse 003 ok
2026-09-08 08:20:51,210 simulation tabm linear_sparse 002 ok
2026-09-08 08:20:56,127 simulation tabm linear_sparse 005 ok
2026-09-08 08:20:56,377 simulation tabm linear_sparse 004 ok
2026-09-08 08:21:01,382 simulation tabm linear_sparse 006 ok
2026-09-08 08:21:02,849 simulation tabm linear_sparse 007 ok
2026-09-08 08:21:07,933 simulation tabm linear_sparse 008 ok
2026-09-08 08:21:08,579 simulation tabm linear_sparse 009 ok
2026-09-08 08:21:13,930 simulation tabm linear_sparse 010 ok
2026-09-08 08:21:14,010 simulation tabm linear_sparse 011 ok
2026-09-08 08:21:18,840 simulation tabm linear_sparse 013 ok
2026-09-08 08:21:20,457 simulation tabm linear_sparse 012 ok
2026-09-08 08:21:24,013 simulation tabm linear_sparse 015 ok
2026-09-08 08:21:26,557 simulation tabm linear_sparse 014 ok
2026-09-08 08:21:30,330 simulation tabm linear_sparse 017 ok
2026-09-08 08:21:32,208 simulation tabm linear_sparse 016 ok
2026-09-08 08:21:36,896 simulation tabm linear_sparse 019 ok
2026-09-08 08:21:38,163 simulation tabm linear_sparse 018 ok
2026-09-08 08:21:42,949 simulation tabm linear_sparse 021 ok
2026-09-08 08:21:44,145 simulation tabm linear_sparse 020 ok
2026-09-08 08:21:49,597 simulation tabm linear_sparse 023 ok
2026-09-08 08:21:50,130 simulation tabm linear_sparse 022 ok
2026-09-08 08:21:55,136 simulation tabm linear_sparse 025 ok
2026-09-08 08:21:56,328 simulation tabm linear_sparse 024 ok
2026-09-08 08:22:00,593 simulation tabm linear_sparse 027 ok
2026-09-08 08:22:02,431 simulation tabm linear_sparse 026 ok
2026-09-08 08:22:06,528 simulation tabm linear_sparse 029 ok
2026-09-08 08:22:06,915 simulation tabm linear_sparse 028 ok
2026-09-08 08:22:13,368 simulation tabm linear_sparse 031 ok
2026-09-08 08:22:13,376 simulation tabm linear_sparse 030 ok
2026-09-08 08:22:18,572 simulation tabm linear_sparse 033 ok
2026-09-08 08:22:19,672 simulation tabm linear_sparse 032 ok
2026-09-08 08:22:23,596 simulation tabm linear_sparse 035 ok
2026-09-08 08:22:26,515 simulation tabm linear_sparse 034 ok
2026-09-08 08:22:28,857 simulation tabm linear_sparse 037 ok
2026-09-08 08:22:31,019 simulation tabm linear_sparse 036 ok
2026-09-08 08:22:34,924 simulation tabm linear_sparse 039 ok
2026-09-08 08:22:36,483 simulation tabm linear_sparse 038 ok
2026-09-08 08:22:40,426 simulation tabm linear_sparse 040 ok
2026-09-08 08:22:41,071 simulation tabm linear_sparse 041 ok
2026-09-08 08:22:45,451 simulation tabm linear_sparse 043 ok
2026-09-08 08:22:46,582 simulation tabm linear_sparse 042 ok
2026-09-08 08:22:51,514 simulation tabm linear_sparse 045 ok
2026-09-08 08:22:52,752 simulation tabm linear_sparse 044 ok
2026-09-08 08:22:57,321 simulation tabm linear_sparse 047 ok
2026-09-08 08:22:59,179 simulation tabm linear_sparse 046 ok
2026-09-08 08:23:02,832 simulation tabm linear_sparse 049 ok
2026-09-08 08:23:05,423 simulation tabm linear_sparse 048 ok
2026-09-08 08:23:07,762 simulation tabm linear_sparse 051 ok
2026-09-08 08:23:11,524 simulation tabm linear_sparse 050 ok
2026-09-08 08:23:13,862 simulation tabm linear_sparse 053 ok
2026-09-08 08:23:16,909 simulation tabm linear_sparse 052 ok
2026-09-08 08:23:20,447 simulation tabm linear_sparse 055 ok
2026-09-08 08:23:23,925 simulation tabm linear_sparse 054 ok
2026-09-08 08:23:25,761 simulation tabm linear_sparse 057 ok
2026-09-08 08:23:30,279 simulation tabm linear_sparse 056 ok
2026-09-08 08:23:31,961 simulation tabm linear_sparse 059 ok
2026-09-08 08:23:36,149 simulation tabm linear_sparse 058 ok
2026-09-08 08:23:38,643 simulation tabm linear_sparse 061 ok
2026-09-08 08:23:41,850 simulation tabm linear_sparse 060 ok
2026-09-08 08:23:44,511 simulation tabm linear_sparse 063 ok
2026-09-08 08:23:47,119 simulation tabm linear_sparse 062 ok
2026-09-08 08:23:50,484 simulation tabm linear_sparse 065 ok
2026-09-08 08:23:54,282 simulation tabm linear_sparse 064 ok
2026-09-08 08:23:57,137 simulation tabm linear_sparse 067 ok
2026-09-08 08:24:00,856 simulation tabm linear_sparse 066 ok
2026-09-08 08:24:04,180 simulation tabm linear_sparse 069 ok
2026-09-08 08:24:07,110 simulation tabm linear_sparse 068 ok
2026-09-08 08:24:10,978 simulation tabm linear_sparse 071 ok
2026-09-08 08:24:14,353 simulation tabm linear_sparse 070 ok
2026-09-08 08:24:17,305 simulation tabm linear_sparse 073 ok
2026-09-08 08:24:21,270 simulation tabm linear_sparse 072 ok
2026-09-08 08:24:23,272 simulation tabm linear_sparse 075 ok
2026-09-08 08:24:27,614 simulation tabm linear_sparse 074 ok
2026-09-08 08:24:30,214 simulation tabm linear_sparse 077 ok
2026-09-08 08:24:33,080 simulation tabm linear_sparse 076 ok
2026-09-08 08:24:36,399 simulation tabm linear_sparse 079 ok
2026-09-08 08:24:39,938 simulation tabm linear_sparse 078 ok
2026-09-08 08:24:42,515 simulation tabm linear_sparse 081 ok
2026-09-08 08:24:45,789 simulation tabm linear_sparse 080 ok
2026-09-08 08:24:46,705 simulation tabm linear_sparse 083 ok
2026-09-08 08:24:52,121 simulation tabm linear_sparse 082 ok
2026-09-08 08:24:53,856 simulation tabm linear_sparse 085 ok
2026-09-08 08:24:59,197 simulation tabm linear_sparse 084 ok
2026-09-08 08:25:00,051 simulation tabm linear_sparse 087 ok
2026-09-08 08:25:05,301 simulation tabm linear_sparse 089 ok
2026-09-08 08:25:06,073 simulation tabm linear_sparse 086 ok
2026-09-08 08:25:12,245 simulation tabm linear_sparse 091 ok
2026-09-08 08:25:12,540 simulation tabm linear_sparse 088 ok
2026-09-08 08:25:17,410 simulation tabm linear_sparse 090 ok
2026-09-08 08:25:18,004 simulation tabm linear_sparse 093 ok
2026-09-08 08:25:23,113 simulation tabm linear_sparse 092 ok
2026-09-08 08:25:24,581 simulation tabm linear_sparse 095 ok
2026-09-08 08:25:29,048 simulation tabm linear_sparse 094 ok
2026-09-08 08:25:31,113 simulation tabm linear_sparse 097 ok
2026-09-08 08:25:36,143 simulation tabm linear_sparse 099 ok
2026-09-08 08:25:36,189 simulation tabm linear_sparse 096 ok
2026-09-08 08:25:40,694 simulation tabm linear_medium 001 ok
2026-09-08 08:25:42,340 simulation tabm linear_sparse 098 ok
2026-09-08 08:25:47,005 simulation tabm linear_medium 003 ok
2026-09-08 08:25:47,612 simulation tabm linear_medium 000 ok
2026-09-08 08:25:53,052 simulation tabm linear_medium 002 ok
2026-09-08 08:25:53,137 simulation tabm linear_medium 005 ok
2026-09-08 08:25:58,189 simulation tabm linear_medium 007 ok
2026-09-08 08:26:00,064 simulation tabm linear_medium 004 ok
2026-09-08 08:26:03,125 simulation tabm linear_medium 009 ok
2026-09-08 08:26:06,097 simulation tabm linear_medium 006 ok
2026-09-08 08:26:06,529 simulation tabm linear_medium 011 ok
2026-09-08 08:26:10,414 simulation tabm linear_medium 008 ok
2026-09-08 08:26:12,994 simulation tabm linear_medium 013 ok
2026-09-08 08:26:15,499 simulation tabm linear_medium 010 ok
2026-09-08 08:26:17,793 simulation tabm linear_medium 015 ok
2026-09-08 08:26:19,717 simulation tabm linear_medium 012 ok
2026-09-08 08:26:23,059 simulation tabm linear_medium 017 ok
2026-09-08 08:26:26,214 simulation tabm linear_medium 014 ok
2026-09-08 08:26:26,725 simulation tabm linear_medium 019 ok
2026-09-08 08:26:31,552 simulation tabm linear_medium 016 ok
2026-09-08 08:26:32,172 simulation tabm linear_medium 021 ok
2026-09-08 08:26:36,076 simulation tabm linear_medium 018 ok
2026-09-08 08:26:37,525 simulation tabm linear_medium 023 ok
2026-09-08 08:26:41,873 simulation tabm linear_medium 025 ok
2026-09-08 08:26:43,043 simulation tabm linear_medium 020 ok
2026-09-08 08:26:47,083 simulation tabm linear_medium 027 ok
2026-09-08 08:26:49,834 simulation tabm linear_medium 022 ok
2026-09-08 08:26:52,760 simulation tabm linear_medium 029 ok
2026-09-08 08:26:57,029 simulation tabm linear_medium 024 ok
2026-09-08 08:26:58,163 simulation tabm linear_medium 031 ok
2026-09-08 08:27:03,551 simulation tabm linear_medium 026 ok
2026-09-08 08:27:04,285 simulation tabm linear_medium 033 ok
2026-09-08 08:27:09,094 simulation tabm linear_medium 035 ok
2026-09-08 08:27:10,924 simulation tabm linear_medium 028 ok
2026-09-08 08:27:16,214 simulation tabm linear_medium 030 ok
2026-09-08 08:27:16,880 simulation tabm linear_medium 037 ok
2026-09-08 08:27:21,258 simulation tabm linear_medium 032 ok
2026-09-08 08:27:21,422 simulation tabm linear_medium 039 ok
2026-09-08 08:27:25,879 simulation tabm linear_medium 041 ok
2026-09-08 08:27:26,242 simulation tabm linear_medium 034 ok
2026-09-08 08:27:30,609 simulation tabm linear_medium 036 ok
2026-09-08 08:27:32,088 simulation tabm linear_medium 043 ok
2026-09-08 08:27:36,504 simulation tabm linear_medium 045 ok
2026-09-08 08:27:37,189 simulation tabm linear_medium 038 ok
2026-09-08 08:27:41,950 simulation tabm linear_medium 040 ok
2026-09-08 08:27:42,349 simulation tabm linear_medium 047 ok
2026-09-08 08:27:46,217 simulation tabm linear_medium 042 ok
2026-09-08 08:27:48,682 simulation tabm linear_medium 049 ok
2026-09-08 08:27:50,529 simulation tabm linear_medium 044 ok
2026-09-08 08:27:52,930 simulation tabm linear_medium 051 ok
2026-09-08 08:27:55,515 simulation tabm linear_medium 046 ok
2026-09-08 08:27:58,227 simulation tabm linear_medium 053 ok
2026-09-08 08:28:00,084 simulation tabm linear_medium 048 ok
2026-09-08 08:28:03,886 simulation tabm linear_medium 055 ok
2026-09-08 08:28:05,166 simulation tabm linear_medium 050 ok
2026-09-08 08:28:08,371 simulation tabm linear_medium 057 ok
2026-09-08 08:28:10,997 simulation tabm linear_medium 052 ok
2026-09-08 08:28:14,095 simulation tabm linear_medium 059 ok
2026-09-08 08:28:15,786 simulation tabm linear_medium 054 ok
2026-09-08 08:28:19,048 simulation tabm linear_medium 061 ok
2026-09-08 08:28:21,366 simulation tabm linear_medium 056 ok
2026-09-08 08:28:24,488 simulation tabm linear_medium 063 ok
2026-09-08 08:28:27,480 simulation tabm linear_medium 058 ok
2026-09-08 08:28:29,854 simulation tabm linear_medium 065 ok
2026-09-08 08:28:33,538 simulation tabm linear_medium 060 ok
2026-09-08 08:28:35,963 simulation tabm linear_medium 067 ok
2026-09-08 08:28:38,871 simulation tabm linear_medium 062 ok
2026-09-08 08:28:41,231 simulation tabm linear_medium 069 ok
2026-09-08 08:28:44,993 simulation tabm linear_medium 064 ok
2026-09-08 08:28:47,022 simulation tabm linear_medium 071 ok
2026-09-08 08:28:50,091 simulation tabm linear_medium 066 ok
2026-09-08 08:28:51,516 simulation tabm linear_medium 073 ok
2026-09-08 08:28:55,669 simulation tabm linear_medium 068 ok
2026-09-08 08:28:56,937 simulation tabm linear_medium 075 ok
2026-09-08 08:29:01,235 simulation tabm linear_medium 070 ok
2026-09-08 08:29:01,547 simulation tabm linear_medium 077 ok
2026-09-08 08:29:07,833 simulation tabm linear_medium 079 ok
2026-09-08 08:29:08,102 simulation tabm linear_medium 072 ok
2026-09-08 08:29:13,363 simulation tabm linear_medium 081 ok
2026-09-08 08:29:13,435 simulation tabm linear_medium 074 ok
2026-09-08 08:29:18,338 simulation tabm linear_medium 083 ok
2026-09-08 08:29:19,945 simulation tabm linear_medium 076 ok
2026-09-08 08:29:25,736 simulation tabm linear_medium 085 ok
2026-09-08 08:29:25,958 simulation tabm linear_medium 078 ok
2026-09-08 08:29:30,097 simulation tabm linear_medium 080 ok
2026-09-08 08:29:30,788 simulation tabm linear_medium 087 ok
2026-09-08 08:29:35,548 simulation tabm linear_medium 082 ok
2026-09-08 08:29:35,731 simulation tabm linear_medium 089 ok
2026-09-08 08:29:41,527 simulation tabm linear_medium 091 ok
2026-09-08 08:29:41,728 simulation tabm linear_medium 084 ok
2026-09-08 08:29:46,884 simulation tabm linear_medium 093 ok
2026-09-08 08:29:47,993 simulation tabm linear_medium 086 ok
2026-09-08 08:29:52,101 simulation tabm linear_medium 095 ok
2026-09-08 08:29:52,913 simulation tabm linear_medium 088 ok
2026-09-08 08:29:57,065 simulation tabm linear_medium 097 ok
2026-09-08 08:29:58,743 simulation tabm linear_medium 090 ok
2026-09-08 08:30:03,858 simulation tabm linear_medium 099 ok
2026-09-08 08:30:04,872 simulation tabm linear_medium 092 ok
2026-09-08 08:30:08,492 simulation tabm linear_weak 001 ok
2026-09-08 08:30:10,942 simulation tabm linear_medium 094 ok
2026-09-08 08:30:12,136 simulation tabm linear_weak 003 ok
2026-09-08 08:30:15,130 simulation tabm linear_weak 005 ok
2026-09-08 08:30:16,506 simulation tabm linear_medium 096 ok
2026-09-08 08:30:18,239 simulation tabm linear_weak 007 ok
2026-09-08 08:30:21,839 simulation tabm linear_weak 009 ok
2026-09-08 08:30:22,595 simulation tabm linear_medium 098 ok
2026-09-08 08:30:27,276 simulation tabm linear_weak 011 ok
2026-09-08 08:30:28,542 simulation tabm linear_weak 000 ok
2026-09-08 08:30:31,252 simulation tabm linear_weak 013 ok
2026-09-08 08:30:34,651 simulation tabm linear_weak 002 ok
2026-09-08 08:30:36,082 simulation tabm linear_weak 015 ok
2026-09-08 08:30:38,182 simulation tabm linear_weak 004 ok
2026-09-08 08:30:40,382 simulation tabm linear_weak 017 ok
2026-09-08 08:30:43,591 simulation tabm linear_weak 006 ok
2026-09-08 08:30:45,833 simulation tabm linear_weak 019 ok
2026-09-08 08:30:49,020 simulation tabm linear_weak 008 ok
2026-09-08 08:30:49,057 simulation tabm linear_weak 021 ok
2026-09-08 08:30:54,206 simulation tabm linear_weak 023 ok
2026-09-08 08:30:55,183 simulation tabm linear_weak 010 ok
2026-09-08 08:30:59,574 simulation tabm linear_weak 025 ok
2026-09-08 08:30:59,831 simulation tabm linear_weak 012 ok
2026-09-08 08:31:03,354 simulation tabm linear_weak 027 ok
2026-09-08 08:31:05,264 simulation tabm linear_weak 014 ok
2026-09-08 08:31:07,491 simulation tabm linear_weak 029 ok
2026-09-08 08:31:10,914 simulation tabm linear_weak 016 ok
2026-09-08 08:31:13,061 simulation tabm linear_weak 031 ok
2026-09-08 08:31:16,812 simulation tabm linear_weak 018 ok
2026-09-08 08:31:17,595 simulation tabm linear_weak 033 ok
2026-09-08 08:31:21,867 simulation tabm linear_weak 020 ok
2026-09-08 08:31:22,149 simulation tabm linear_weak 035 ok
2026-09-08 08:31:25,529 simulation tabm linear_weak 037 ok
2026-09-08 08:31:26,083 simulation tabm linear_weak 022 ok
2026-09-08 08:31:29,761 simulation tabm linear_weak 039 ok
2026-09-08 08:31:30,111 simulation tabm linear_weak 024 ok
2026-09-08 08:31:34,623 simulation tabm linear_weak 041 ok
2026-09-08 08:31:37,246 simulation tabm linear_weak 026 ok
2026-09-08 08:31:40,145 simulation tabm linear_weak 043 ok
2026-09-08 08:31:43,520 simulation tabm linear_weak 028 ok
2026-09-08 08:31:45,330 simulation tabm linear_weak 045 ok
2026-09-08 08:31:48,916 simulation tabm linear_weak 030 ok
2026-09-08 08:31:51,113 simulation tabm linear_weak 047 ok
2026-09-08 08:31:53,023 simulation tabm linear_weak 032 ok
2026-09-08 08:31:56,399 simulation tabm linear_weak 049 ok
2026-09-08 08:31:57,571 simulation tabm linear_weak 034 ok
2026-09-08 08:32:00,358 simulation tabm linear_weak 051 ok
2026-09-08 08:32:01,503 simulation tabm linear_weak 036 ok
2026-09-08 08:32:04,880 simulation tabm linear_weak 053 ok
2026-09-08 08:32:05,031 simulation tabm linear_weak 038 ok
2026-09-08 08:32:08,836 simulation tabm linear_weak 055 ok
2026-09-08 08:32:09,973 simulation tabm linear_weak 040 ok
2026-09-08 08:32:13,213 simulation tabm linear_weak 057 ok
2026-09-08 08:32:15,641 simulation tabm linear_weak 042 ok
2026-09-08 08:32:16,895 simulation tabm linear_weak 059 ok
2026-09-08 08:32:18,697 simulation tabm linear_weak 044 ok
2026-09-08 08:32:21,313 simulation tabm linear_weak 061 ok
2026-09-08 08:32:22,781 simulation tabm linear_weak 046 ok
2026-09-08 08:32:25,497 simulation tabm linear_weak 063 ok
2026-09-08 08:32:26,989 simulation tabm linear_weak 048 ok
2026-09-08 08:32:31,406 simulation tabm linear_weak 065 ok
2026-09-08 08:32:32,233 simulation tabm linear_weak 050 ok
2026-09-08 08:32:35,966 simulation tabm linear_weak 067 ok
2026-09-08 08:32:36,641 simulation tabm linear_weak 052 ok
2026-09-08 08:32:41,226 simulation tabm linear_weak 069 ok
2026-09-08 08:32:42,539 simulation tabm linear_weak 054 ok
2026-09-08 08:32:46,177 simulation tabm linear_weak 071 ok
2026-09-08 08:32:46,480 simulation tabm linear_weak 056 ok
2026-09-08 08:32:49,300 simulation tabm linear_weak 073 ok
2026-09-08 08:32:50,698 simulation tabm linear_weak 058 ok
2026-09-08 08:32:52,831 simulation tabm linear_weak 075 ok
2026-09-08 08:32:53,782 simulation tabm linear_weak 060 ok
2026-09-08 08:32:56,660 simulation tabm linear_weak 077 ok
2026-09-08 08:32:58,375 simulation tabm linear_weak 062 ok
2026-09-08 08:33:01,264 simulation tabm linear_weak 079 ok
2026-09-08 08:33:04,847 simulation tabm linear_weak 064 ok
2026-09-08 08:33:06,375 simulation tabm linear_weak 081 ok
2026-09-08 08:33:09,200 simulation tabm linear_weak 066 ok
2026-09-08 08:33:10,479 simulation tabm linear_weak 083 ok
2026-09-08 08:33:14,898 simulation tabm linear_weak 068 ok
2026-09-08 08:33:15,903 simulation tabm linear_weak 085 ok
2026-09-08 08:33:18,860 simulation tabm linear_weak 070 ok
2026-09-08 08:33:20,769 simulation tabm linear_weak 087 ok
2026-09-08 08:33:23,604 simulation tabm linear_weak 072 ok
2026-09-08 08:33:24,268 simulation tabm linear_weak 089 ok
2026-09-08 08:33:28,201 simulation tabm linear_weak 091 ok
2026-09-08 08:33:28,305 simulation tabm linear_weak 074 ok
2026-09-08 08:33:31,463 simulation tabm linear_weak 076 ok
2026-09-08 08:33:31,871 simulation tabm linear_weak 093 ok
2026-09-08 08:33:35,182 simulation tabm linear_weak 095 ok
2026-09-08 08:33:35,603 simulation tabm linear_weak 078 ok
2026-09-08 08:33:38,309 simulation tabm linear_weak 080 ok
2026-09-08 08:33:39,066 simulation tabm linear_weak 097 ok
2026-09-08 08:33:43,242 simulation tabm linear_weak 082 ok
2026-09-08 08:33:44,089 simulation tabm linear_weak 099 ok
2026-09-08 08:33:47,257 simulation tabm linear_weak 084 ok
2026-09-08 08:33:50,323 simulation tabm linear_dense 001 ok
2026-09-08 08:33:52,011 simulation tabm linear_weak 086 ok
2026-09-08 08:33:55,093 simulation tabm linear_dense 003 ok
2026-09-08 08:33:55,881 simulation tabm linear_weak 088 ok
2026-09-08 08:34:00,645 simulation tabm linear_weak 090 ok
2026-09-08 08:34:00,909 simulation tabm linear_dense 005 ok
2026-09-08 08:34:04,660 simulation tabm linear_weak 092 ok
2026-09-08 08:34:04,897 simulation tabm linear_dense 007 ok
2026-09-08 08:34:08,283 simulation tabm linear_dense 009 ok
2026-09-08 08:34:09,118 simulation tabm linear_weak 094 ok
2026-09-08 08:34:11,287 simulation tabm linear_weak 096 ok
2026-09-08 08:34:13,419 simulation tabm linear_dense 011 ok
2026-09-08 08:34:15,076 simulation tabm linear_weak 098 ok
2026-09-08 08:34:19,939 simulation tabm linear_dense 013 ok
2026-09-08 08:34:21,616 simulation tabm linear_dense 000 ok
2026-09-08 08:34:25,742 simulation tabm linear_dense 002 ok
2026-09-08 08:34:25,748 simulation tabm linear_dense 015 ok
2026-09-08 08:34:30,787 simulation tabm linear_dense 004 ok
2026-09-08 08:34:31,216 simulation tabm linear_dense 017 ok
2026-09-08 08:34:34,925 simulation tabm linear_dense 006 ok
2026-09-08 08:34:35,402 simulation tabm linear_dense 019 ok
2026-09-08 08:34:39,168 simulation tabm linear_dense 008 ok
2026-09-08 08:34:40,619 simulation tabm linear_dense 021 ok
2026-09-08 08:34:45,683 simulation tabm linear_dense 010 ok
2026-09-08 08:34:46,255 simulation tabm linear_dense 023 ok
2026-09-08 08:34:50,697 simulation tabm linear_dense 025 ok
2026-09-08 08:34:51,997 simulation tabm linear_dense 012 ok
2026-09-08 08:34:56,856 simulation tabm linear_dense 027 ok
2026-09-08 08:34:57,251 simulation tabm linear_dense 014 ok
2026-09-08 08:35:01,373 simulation tabm linear_dense 029 ok
2026-09-08 08:35:01,799 simulation tabm linear_dense 016 ok
2026-09-08 08:35:06,033 simulation tabm linear_dense 018 ok
2026-09-08 08:35:07,371 simulation tabm linear_dense 031 ok
2026-09-08 08:35:10,295 simulation tabm linear_dense 020 ok
2026-09-08 08:35:10,907 simulation tabm linear_dense 033 ok
2026-09-08 08:35:14,581 simulation tabm linear_dense 035 ok
2026-09-08 08:35:16,392 simulation tabm linear_dense 022 ok
2026-09-08 08:35:18,897 simulation tabm linear_dense 037 ok
2026-09-08 08:35:20,028 simulation tabm linear_dense 024 ok
2026-09-08 08:35:24,246 simulation tabm linear_dense 039 ok
2026-09-08 08:35:25,474 simulation tabm linear_dense 026 ok
2026-09-08 08:35:27,849 simulation tabm linear_dense 041 ok
2026-09-08 08:35:31,070 simulation tabm linear_dense 028 ok
2026-09-08 08:35:32,733 simulation tabm linear_dense 043 ok
2026-09-08 08:35:35,527 simulation tabm linear_dense 030 ok
2026-09-08 08:35:38,963 simulation tabm linear_dense 045 ok
2026-09-08 08:35:41,235 simulation tabm linear_dense 032 ok
2026-09-08 08:35:44,646 simulation tabm linear_dense 047 ok
2026-09-08 08:35:45,847 simulation tabm linear_dense 034 ok
2026-09-08 08:35:49,867 simulation tabm linear_dense 049 ok
2026-09-08 08:35:50,720 simulation tabm linear_dense 036 ok
2026-09-08 08:35:54,683 simulation tabm linear_dense 051 ok
2026-09-08 08:35:56,566 simulation tabm linear_dense 038 ok
2026-09-08 08:35:59,493 simulation tabm linear_dense 053 ok
2026-09-08 08:36:02,587 simulation tabm linear_dense 040 ok
2026-09-08 08:36:04,316 simulation tabm linear_dense 055 ok
2026-09-08 08:36:06,926 simulation tabm linear_dense 042 ok
2026-09-08 08:36:09,351 simulation tabm linear_dense 057 ok
2026-09-08 08:36:12,056 simulation tabm linear_dense 044 ok
2026-09-08 08:36:15,770 simulation tabm linear_dense 059 ok
2026-09-08 08:36:18,079 simulation tabm linear_dense 046 ok
2026-09-08 08:36:22,146 simulation tabm linear_dense 061 ok
2026-09-08 08:36:23,374 simulation tabm linear_dense 048 ok
2026-09-08 08:36:26,998 simulation tabm linear_dense 050 ok
2026-09-08 08:36:27,884 simulation tabm linear_dense 063 ok
2026-09-08 08:36:32,223 simulation tabm linear_dense 052 ok
2026-09-08 08:36:35,235 simulation tabm linear_dense 065 ok
2026-09-08 08:36:36,669 simulation tabm linear_dense 054 ok
2026-09-08 08:36:39,749 simulation tabm linear_dense 067 ok
2026-09-08 08:36:44,008 simulation tabm linear_dense 056 ok
2026-09-08 08:36:46,982 simulation tabm linear_dense 069 ok
2026-09-08 08:36:48,240 simulation tabm linear_dense 058 ok
2026-09-08 08:36:52,963 simulation tabm linear_dense 071 ok
2026-09-08 08:36:53,843 simulation tabm linear_dense 060 ok
2026-09-08 08:36:58,563 simulation tabm linear_dense 073 ok
2026-09-08 08:36:58,843 simulation tabm linear_dense 062 ok
2026-09-08 08:37:03,712 simulation tabm linear_dense 064 ok
2026-09-08 08:37:05,504 simulation tabm linear_dense 075 ok
2026-09-08 08:37:09,512 simulation tabm linear_dense 066 ok
2026-09-08 08:37:10,847 simulation tabm linear_dense 077 ok
2026-09-08 08:37:15,098 simulation tabm linear_dense 068 ok
2026-09-08 08:37:16,219 simulation tabm linear_dense 079 ok
2026-09-08 08:37:19,885 simulation tabm linear_dense 070 ok
2026-09-08 08:37:21,076 simulation tabm linear_dense 081 ok
2026-09-08 08:37:25,857 simulation tabm linear_dense 072 ok
2026-09-08 08:37:26,722 simulation tabm linear_dense 083 ok
2026-09-08 08:37:32,434 simulation tabm linear_dense 074 ok
2026-09-08 08:37:33,972 simulation tabm linear_dense 085 ok
2026-09-08 08:37:36,448 simulation tabm linear_dense 076 ok
2026-09-08 08:37:39,390 simulation tabm linear_dense 087 ok
2026-09-08 08:37:42,119 simulation tabm linear_dense 078 ok
2026-09-08 08:37:44,261 simulation tabm linear_dense 089 ok
2026-09-08 08:37:46,515 simulation tabm linear_dense 080 ok
2026-09-08 08:37:48,054 simulation tabm linear_dense 091 ok
2026-09-08 08:37:52,764 simulation tabm linear_dense 082 ok
2026-09-08 08:37:54,328 simulation tabm linear_dense 093 ok
2026-09-08 08:37:59,210 simulation tabm linear_dense 084 ok
2026-09-08 08:38:01,044 simulation tabm linear_dense 095 ok
2026-09-08 08:38:04,244 simulation tabm linear_dense 086 ok
2026-09-08 08:38:05,913 simulation tabm linear_dense 097 ok
2026-09-08 08:38:09,052 simulation tabm linear_dense 088 ok
2026-09-08 08:38:12,507 simulation tabm linear_dense 099 ok
2026-09-08 08:38:16,903 simulation tabm linear_dense 090 ok
2026-09-08 08:38:19,952 simulation tabm nonlinear 001 ok
2026-09-08 08:38:23,269 simulation tabm linear_dense 092 ok
2026-09-08 08:38:26,818 simulation tabm nonlinear 003 ok
2026-09-08 08:38:29,100 simulation tabm linear_dense 094 ok
2026-09-08 08:38:34,223 simulation tabm nonlinear 005 ok
2026-09-08 08:38:35,290 simulation tabm linear_dense 096 ok
2026-09-08 08:38:40,013 simulation tabm linear_dense 098 ok
2026-09-08 08:38:42,010 simulation tabm nonlinear 007 ok
2026-09-08 08:38:47,191 simulation tabm nonlinear 000 ok
2026-09-08 08:38:49,617 simulation tabm nonlinear 009 ok
2026-09-08 08:38:53,575 simulation tabm nonlinear 002 ok
2026-09-08 08:38:57,334 simulation tabm nonlinear 011 ok
2026-09-08 08:38:59,651 simulation tabm nonlinear 004 ok
2026-09-08 08:39:05,196 simulation tabm nonlinear 013 ok
2026-09-08 08:39:07,565 simulation tabm nonlinear 006 ok
2026-09-08 08:39:12,944 simulation tabm nonlinear 015 ok
2026-09-08 08:39:15,440 simulation tabm nonlinear 008 ok
2026-09-08 08:39:20,835 simulation tabm nonlinear 017 ok
2026-09-08 08:39:23,221 simulation tabm nonlinear 010 ok
2026-09-08 08:39:28,609 simulation tabm nonlinear 019 ok
2026-09-08 08:39:30,576 simulation tabm nonlinear 012 ok
2026-09-08 08:39:36,379 simulation tabm nonlinear 021 ok
2026-09-08 08:39:36,853 simulation tabm nonlinear 014 ok
2026-09-08 08:39:44,596 simulation tabm nonlinear 023 ok
2026-09-08 08:39:45,385 simulation tabm nonlinear 016 ok
2026-09-08 08:39:51,429 simulation tabm nonlinear 025 ok
2026-09-08 08:39:53,196 simulation tabm nonlinear 018 ok
2026-09-08 08:39:59,270 simulation tabm nonlinear 027 ok
2026-09-08 08:39:59,675 simulation tabm nonlinear 020 ok
2026-09-08 08:40:06,805 simulation tabm nonlinear 029 ok
2026-09-08 08:40:07,494 simulation tabm nonlinear 022 ok
2026-09-08 08:40:13,198 simulation tabm nonlinear 024 ok
2026-09-08 08:40:14,527 simulation tabm nonlinear 031 ok
2026-09-08 08:40:21,024 simulation tabm nonlinear 026 ok
2026-09-08 08:40:21,473 simulation tabm nonlinear 033 ok
2026-09-08 08:40:28,730 simulation tabm nonlinear 028 ok
2026-09-08 08:40:29,188 simulation tabm nonlinear 035 ok
2026-09-08 08:40:36,204 simulation tabm nonlinear 037 ok
2026-09-08 08:40:36,555 simulation tabm nonlinear 030 ok
2026-09-08 08:40:44,149 simulation tabm nonlinear 039 ok
2026-09-08 08:40:44,253 simulation tabm nonlinear 032 ok
2026-09-08 08:40:51,492 simulation tabm nonlinear 041 ok
2026-09-08 08:40:51,717 simulation tabm nonlinear 034 ok
2026-09-08 08:40:58,986 simulation tabm nonlinear 043 ok
2026-09-08 08:40:59,704 simulation tabm nonlinear 036 ok
2026-09-08 08:41:05,418 simulation tabm nonlinear 045 ok
2026-09-08 08:41:07,043 simulation tabm nonlinear 038 ok
2026-09-08 08:41:13,089 simulation tabm nonlinear 047 ok
2026-09-08 08:41:14,995 simulation tabm nonlinear 040 ok
2026-09-08 08:41:20,957 simulation tabm nonlinear 049 ok
2026-09-08 08:41:22,915 simulation tabm nonlinear 042 ok
2026-09-08 08:41:28,694 simulation tabm nonlinear 051 ok
2026-09-08 08:41:29,166 simulation tabm nonlinear 044 ok
2026-09-08 08:41:35,532 simulation tabm nonlinear 053 ok
2026-09-08 08:41:36,029 simulation tabm nonlinear 046 ok
2026-09-08 08:41:43,005 simulation tabm nonlinear 055 ok
2026-09-08 08:41:43,252 simulation tabm nonlinear 048 ok
2026-09-08 08:41:50,853 simulation tabm nonlinear 057 ok
2026-09-08 08:41:51,250 simulation tabm nonlinear 050 ok
2026-09-08 08:41:57,028 simulation tabm nonlinear 059 ok
2026-09-08 08:41:59,291 simulation tabm nonlinear 052 ok
2026-09-08 08:42:05,258 simulation tabm nonlinear 061 ok
2026-09-08 08:42:07,447 simulation tabm nonlinear 054 ok
2026-09-08 08:42:12,158 simulation tabm nonlinear 063 ok
2026-09-08 08:42:15,066 simulation tabm nonlinear 056 ok
2026-09-08 08:42:19,890 simulation tabm nonlinear 065 ok
2026-09-08 08:42:22,167 simulation tabm nonlinear 058 ok
2026-09-08 08:42:27,665 simulation tabm nonlinear 067 ok
2026-09-08 08:42:28,339 simulation tabm nonlinear 060 ok
2026-09-08 08:42:35,484 simulation tabm nonlinear 069 ok
2026-09-08 08:42:35,899 simulation tabm nonlinear 062 ok
2026-09-08 08:42:41,595 simulation tabm nonlinear 071 ok
2026-09-08 08:42:43,784 simulation tabm nonlinear 064 ok
2026-09-08 08:42:49,193 simulation tabm nonlinear 073 ok
2026-09-08 08:42:50,414 simulation tabm nonlinear 066 ok
2026-09-08 08:42:56,425 simulation tabm nonlinear 075 ok
2026-09-08 08:42:57,628 simulation tabm nonlinear 068 ok
2026-09-08 08:43:04,093 simulation tabm nonlinear 077 ok
2026-09-08 08:43:04,829 simulation tabm nonlinear 070 ok
2026-09-08 08:43:11,274 simulation tabm nonlinear 079 ok
2026-09-08 08:43:12,566 simulation tabm nonlinear 072 ok
2026-09-08 08:43:19,152 simulation tabm nonlinear 081 ok
2026-09-08 08:43:20,441 simulation tabm nonlinear 074 ok
2026-09-08 08:43:26,921 simulation tabm nonlinear 083 ok
2026-09-08 08:43:27,956 simulation tabm nonlinear 076 ok
2026-09-08 08:43:34,831 simulation tabm nonlinear 085 ok
2026-09-08 08:43:35,589 simulation tabm nonlinear 078 ok
2026-09-08 08:43:41,153 simulation tabm nonlinear 087 ok
2026-09-08 08:43:43,462 simulation tabm nonlinear 080 ok
2026-09-08 08:43:48,751 simulation tabm nonlinear 089 ok
2026-09-08 08:43:51,252 simulation tabm nonlinear 082 ok
2026-09-08 08:43:56,676 simulation tabm nonlinear 091 ok
2026-09-08 08:43:59,066 simulation tabm nonlinear 084 ok
2026-09-08 08:44:04,543 simulation tabm nonlinear 093 ok
2026-09-08 08:44:06,883 simulation tabm nonlinear 086 ok
2026-09-08 08:44:12,303 simulation tabm nonlinear 095 ok
2026-09-08 08:44:13,751 simulation tabm nonlinear 088 ok
2026-09-08 08:44:20,216 simulation tabm nonlinear 097 ok
2026-09-08 08:44:21,441 simulation tabm nonlinear 090 ok
2026-09-08 08:44:27,591 simulation tabm nonlinear 099 ok
2026-09-08 08:44:29,124 simulation tabm nonlinear 092 ok
2026-09-08 08:44:34,976 simulation tabm nonlinear_panel 001 ok
2026-09-08 08:44:36,385 simulation tabm nonlinear 094 ok
2026-09-08 08:44:42,287 simulation tabm nonlinear 096 ok
2026-09-08 08:44:42,915 simulation tabm nonlinear_panel 003 ok
2026-09-08 08:44:49,645 simulation tabm nonlinear 098 ok
2026-09-08 08:44:50,823 simulation tabm nonlinear_panel 005 ok
2026-09-08 08:44:57,156 simulation tabm nonlinear_panel 000 ok
2026-09-08 08:44:58,260 simulation tabm nonlinear_panel 007 ok
2026-09-08 08:45:05,040 simulation tabm nonlinear_panel 002 ok
2026-09-08 08:45:05,305 simulation tabm nonlinear_panel 009 ok
2026-09-08 08:45:12,353 simulation tabm nonlinear_panel 004 ok
2026-09-08 08:45:12,948 simulation tabm nonlinear_panel 011 ok
2026-09-08 08:45:19,515 simulation tabm nonlinear_panel 013 ok
2026-09-08 08:45:19,884 simulation tabm nonlinear_panel 006 ok
2026-09-08 08:45:24,549 simulation tabm nonlinear_panel 015 ok
2026-09-08 08:45:27,468 simulation tabm nonlinear_panel 008 ok
2026-09-08 08:45:31,876 simulation tabm nonlinear_panel 017 ok
2026-09-08 08:45:33,060 simulation tabm nonlinear_panel 010 ok
2026-09-08 08:45:37,508 simulation tabm nonlinear_panel 019 ok
2026-09-08 08:45:39,829 simulation tabm nonlinear_panel 012 ok
2026-09-08 08:45:45,220 simulation tabm nonlinear_panel 021 ok
2026-09-08 08:45:45,873 simulation tabm nonlinear_panel 014 ok
2026-09-08 08:45:52,537 simulation tabm nonlinear_panel 016 ok
2026-09-08 08:45:53,094 simulation tabm nonlinear_panel 023 ok
2026-09-08 08:45:59,169 simulation tabm nonlinear_panel 018 ok
2026-09-08 08:46:00,815 simulation tabm nonlinear_panel 025 ok
2026-09-08 08:46:06,889 simulation tabm nonlinear_panel 020 ok
2026-09-08 08:46:07,444 simulation tabm nonlinear_panel 027 ok
2026-09-08 08:46:14,673 simulation tabm nonlinear_panel 022 ok
2026-09-08 08:46:14,977 simulation tabm nonlinear_panel 029 ok
2026-09-08 08:46:22,339 simulation tabm nonlinear_panel 031 ok
2026-09-08 08:46:22,491 simulation tabm nonlinear_panel 024 ok
2026-09-08 08:46:30,136 simulation tabm nonlinear_panel 033 ok
2026-09-08 08:46:30,307 simulation tabm nonlinear_panel 026 ok
2026-09-08 08:46:37,635 simulation tabm nonlinear_panel 028 ok
2026-09-08 08:46:37,709 simulation tabm nonlinear_panel 035 ok
2026-09-08 08:46:43,953 simulation tabm nonlinear_panel 030 ok
2026-09-08 08:46:44,810 simulation tabm nonlinear_panel 037 ok
2026-09-08 08:46:49,835 simulation tabm nonlinear_panel 032 ok
2026-09-08 08:46:52,369 simulation tabm nonlinear_panel 039 ok
2026-09-08 08:46:57,544 simulation tabm nonlinear_panel 034 ok
2026-09-08 08:46:59,789 simulation tabm nonlinear_panel 041 ok
2026-09-08 08:47:05,178 simulation tabm nonlinear_panel 036 ok
2026-09-08 08:47:07,105 simulation tabm nonlinear_panel 043 ok
2026-09-08 08:47:12,953 simulation tabm nonlinear_panel 038 ok
2026-09-08 08:47:15,062 simulation tabm nonlinear_panel 045 ok
2026-09-08 08:47:20,527 simulation tabm nonlinear_panel 040 ok
2026-09-08 08:47:22,414 simulation tabm nonlinear_panel 047 ok
2026-09-08 08:47:27,830 simulation tabm nonlinear_panel 042 ok
2026-09-08 08:47:30,144 simulation tabm nonlinear_panel 049 ok
2026-09-08 08:47:35,676 simulation tabm nonlinear_panel 044 ok
2026-09-08 08:47:37,295 simulation tabm nonlinear_panel 051 ok
2026-09-08 08:47:42,718 simulation tabm nonlinear_panel 046 ok
2026-09-08 08:47:45,061 simulation tabm nonlinear_panel 053 ok
2026-09-08 08:47:49,647 simulation tabm nonlinear_panel 048 ok
2026-09-08 08:47:52,237 simulation tabm nonlinear_panel 055 ok
2026-09-08 08:47:56,745 simulation tabm nonlinear_panel 050 ok
2026-09-08 08:47:59,069 simulation tabm nonlinear_panel 057 ok
2026-09-08 08:48:03,973 simulation tabm nonlinear_panel 052 ok
2026-09-08 08:48:05,547 simulation tabm nonlinear_panel 059 ok
2026-09-08 08:48:10,950 simulation tabm nonlinear_panel 054 ok
2026-09-08 08:48:12,273 simulation tabm nonlinear_panel 061 ok
2026-09-08 08:48:17,876 simulation tabm nonlinear_panel 056 ok
2026-09-08 08:48:19,264 simulation tabm nonlinear_panel 063 ok
2026-09-08 08:48:24,633 simulation tabm nonlinear_panel 065 ok
2026-09-08 08:48:25,107 simulation tabm nonlinear_panel 058 ok
2026-09-08 08:48:31,060 simulation tabm nonlinear_panel 067 ok
2026-09-08 08:48:32,267 simulation tabm nonlinear_panel 060 ok
2026-09-08 08:48:37,124 simulation tabm nonlinear_panel 069 ok
2026-09-08 08:48:39,463 simulation tabm nonlinear_panel 062 ok
2026-09-08 08:48:44,217 simulation tabm nonlinear_panel 071 ok
2026-09-08 08:48:46,515 simulation tabm nonlinear_panel 064 ok
2026-09-08 08:48:51,212 simulation tabm nonlinear_panel 073 ok
2026-09-08 08:48:52,737 simulation tabm nonlinear_panel 066 ok
2026-09-08 08:48:57,794 simulation tabm nonlinear_panel 075 ok
2026-09-08 08:48:59,971 simulation tabm nonlinear_panel 068 ok
2026-09-08 08:49:05,138 simulation tabm nonlinear_panel 077 ok
2026-09-08 08:49:07,318 simulation tabm nonlinear_panel 070 ok
2026-09-08 08:49:10,764 simulation tabm nonlinear_panel 079 ok
2026-09-08 08:49:14,851 simulation tabm nonlinear_panel 072 ok
2026-09-08 08:49:17,830 simulation tabm nonlinear_panel 081 ok
2026-09-08 08:49:21,827 simulation tabm nonlinear_panel 074 ok
2026-09-08 08:49:24,575 simulation tabm nonlinear_panel 083 ok
2026-09-08 08:49:28,612 simulation tabm nonlinear_panel 076 ok
2026-09-08 08:49:30,422 simulation tabm nonlinear_panel 085 ok
2026-09-08 08:49:33,655 simulation tabm nonlinear_panel 078 ok
2026-09-08 08:49:36,634 simulation tabm nonlinear_panel 087 ok
2026-09-08 08:49:39,246 simulation tabm nonlinear_panel 080 ok
2026-09-08 08:49:42,276 simulation tabm nonlinear_panel 089 ok
2026-09-08 08:49:45,143 simulation tabm nonlinear_panel 082 ok
2026-09-08 08:49:48,343 simulation tabm nonlinear_panel 091 ok
2026-09-08 08:49:50,065 simulation tabm nonlinear_panel 084 ok
2026-09-08 08:49:54,871 simulation tabm nonlinear_panel 093 ok
2026-09-08 08:49:56,608 simulation tabm nonlinear_panel 086 ok
2026-09-08 08:50:01,442 simulation tabm nonlinear_panel 095 ok
2026-09-08 08:50:03,114 simulation tabm nonlinear_panel 088 ok
2026-09-08 08:50:07,348 simulation tabm nonlinear_panel 097 ok
2026-09-08 08:50:09,295 simulation tabm nonlinear_panel 090 ok
2026-09-08 08:50:11,971 simulation tabm nonlinear_panel 099 ok
2026-09-08 08:50:15,043 simulation tabm nonlinear_panel 092 ok
2026-09-08 08:50:18,904 simulation tabm nonlinear_panel 094 ok
2026-09-08 08:50:24,881 simulation tabm nonlinear_panel 096 ok
2026-09-08 08:50:30,481 simulation tabm nonlinear_panel 098 ok
