2026-09-08 08:21:18,021 simulation vtfs linear_sparse 000 ok
2026-09-08 08:21:18,196 simulation vtfs linear_sparse 001 ok
2026-09-08 08:21:18,703 simulation vtfs linear_sparse 002 ok
2026-09-08 08:21:21,457 simulation vtfs linear_sparse 003 ok
2026-09-08 08:21:57,064 simulation vtfs linear_sparse 004 ok
2026-09-08 08:21:57,518 simulation vtfs linear_sparse 006 ok
2026-09-08 08:21:57,895 simulation vtfs linear_sparse 005 ok
2026-09-08 08:22:00,465 simulation vtfs linear_sparse 007 ok
2026-09-08 08:22:36,294 simulation vtfs linear_sparse 008 ok
2026-09-08 08:22:36,731 simulation vtfs linear_sparse 009 ok
2026-09-08 08:22:36,758 simulation vtfs linear_sparse 010 ok
2026-09-08 08:22:39,090 simulation vtfs linear_sparse 011 ok
2026-09-08 08:23:15,362 simulation vtfs linear_sparse 012 ok
2026-09-08 08:23:16,902 simulation vtfs linear_sparse 013 ok
2026-09-08 08:23:17,041 simulation vtfs linear_sparse 014 ok
2026-09-08 08:23:18,404 simulation vtfs linear_sparse 015 ok
2026-09-08 08:23:56,174 simulation vtfs linear_sparse 016 ok
2026-09-08 08:23:57,727 simulation vtfs linear_sparse 017 ok
2026-09-08 08:23:57,790 simulation vtfs linear_sparse 018 ok
2026-09-08 08:23:58,726 simulation vtfs linear_sparse 019 ok
2026-09-08 08:24:36,543 simulation vtfs linear_sparse 020 ok
2026-09-08 08:24:38,124 simulation vtfs linear_sparse 021 ok
2026-09-08 08:24:39,611 simulation vtfs linear_sparse 022 ok
2026-09-08 08:24:39,768 simulation vtfs linear_sparse 023 ok
2026-09-08 08:25:17,377 simulation vtfs linear_sparse 024 ok
2026-09-08 08:25:18,656 simulation vtfs linear_sparse 025 ok
2026-09-08 08:25:20,718 simulation vtfs linear_sparse 027 ok
2026-09-08 08:25:21,015 simulation vtfs linear_sparse 026 ok
2026-09-08 08:25:58,943 simulation vtfs linear_sparse 028 ok
2026-09-08 08:25:59,319 simulation vtfs linear_sparse 029 ok
2026-09-08 08:26:01,961 simulation vtfs linear_sparse 031 ok
2026-09-08 08:26:02,768 simulation vtfs linear_sparse 030 ok
2026-09-08 08:26:41,634 simulation vtfs linear_sparse 033 ok
2026-09-08 08:26:41,838 simulation vtfs linear_sparse 032 ok
2026-09-08 08:26:43,983 simulation vtfs linear_sparse 035 ok
2026-09-08 08:26:44,498 simulation vtfs linear_sparse 034 ok
2026-09-08 08:27:25,664 simulation vtfs linear_sparse 037 ok
2026-09-08 08:27:27,120 simulation vtfs linear_sparse 036 ok
2026-09-08 08:27:29,227 simulation vtfs linear_sparse 039 ok
2026-09-08 08:27:29,762 simulation vtfs linear_sparse 038 ok
2026-09-08 08:28:07,908 simulation vtfs linear_sparse 041 ok
2026-09-08 08:28:08,744 simulation vtfs linear_sparse 040 ok
2026-09-08 08:28:10,948 simulation vtfs linear_sparse 043 ok
2026-09-08 08:28:11,510 simulation vtfs linear_sparse 042 ok
2026-09-08 08:28:48,777 simulation vtfs linear_sparse 045 ok
2026-09-08 08:28:50,718 simulation vtfs linear_sparse 044 ok
2026-09-08 08:28:51,263 simulation vtfs linear_sparse 047 ok
2026-09-08 08:28:52,325 simulation vtfs linear_sparse 046 ok
2026-09-08 08:29:31,133 simulation vtfs linear_sparse 049 ok
2026-09-08 08:29:33,084 simulation vtfs linear_sparse 048 ok
2026-09-08 08:29:34,295 simulation vtfs linear_sparse 051 ok
2026-09-08 08:29:34,859 simulation vtfs linear_sparse 050 ok
2026-09-08 08:30:12,840 simulation vtfs linear_sparse 053 ok
2026-09-08 08:30:14,674 simulation vtfs linear_sparse 052 ok
2026-09-08 08:30:15,984 simulation vtfs linear_sparse 055 ok
2026-09-08 08:30:17,002 simulation vtfs linear_sparse 054 ok
2026-09-08 08:30:59,190 simulation vtfs linear_sparse 057 ok
2026-09-08 08:31:01,178 simulation vtfs linear_sparse 056 ok
2026-09-08 08:31:03,530 simulation vtfs linear_sparse 059 ok
2026-09-08 08:31:04,776 simulation vtfs linear_sparse 058 ok
2026-09-08 08:31:47,688 simulation vtfs linear_sparse 061 ok
2026-09-08 08:31:49,798 simulation vtfs linear_sparse 060 ok
2026-09-08 08:31:51,958 simulation vtfs linear_sparse 063 ok
2026-09-08 08:31:53,769 simulation vtfs linear_sparse 062 ok
2026-09-08 08:32:34,606 simulation vtfs linear_sparse 065 ok
2026-09-08 08:32:37,108 simulation vtfs linear_sparse 064 ok
2026-09-08 08:32:40,380 simulation vtfs linear_sparse 067 ok
2026-09-08 08:32:40,980 simulation vtfs linear_sparse 066 ok
2026-09-08 08:33:20,460 simulation vtfs linear_sparse 069 ok
2026-09-08 08:33:22,408 simulation vtfs linear_sparse 068 ok
2026-09-08 08:33:25,348 simulation vtfs linear_sparse 071 ok
2026-09-08 08:33:26,161 simulation vtfs linear_sparse 070 ok
2026-09-08 08:33:58,835 simulation vtfs linear_sparse 073 ok
2026-09-08 08:34:01,256 simulation vtfs linear_sparse 072 ok
2026-09-08 08:34:03,312 simulation vtfs linear_sparse 075 ok
2026-09-08 08:34:04,311 simulation vtfs linear_sparse 074 ok
2026-09-08 08:34:35,464 simulation vtfs linear_sparse 077 ok
2026-09-08 08:34:38,278 simulation vtfs linear_sparse 076 ok
2026-09-08 08:34:40,203 simulation vtfs linear_sparse 079 ok
2026-09-08 08:34:41,535 simulation vtfs linear_sparse 078 ok
2026-09-08 08:35:12,507 simulation vtfs linear_sparse 081 ok
2026-09-08 08:35:15,584 simulation vtfs linear_sparse 080 ok
2026-09-08 08:35:17,286 simulation vtfs linear_sparse 083 ok
2026-09-08 08:35:17,921 simulation vtfs linear_sparse 082 ok
2026-09-08 08:35:48,102 simulation vtfs linear_sparse 085 ok
2026-09-08 08:35:52,180 simulation vtfs linear_sparse 084 ok
2026-09-08 08:35:54,069 simulation vtfs linear_sparse 087 ok
2026-09-08 08:35:54,862 simulation vtfs linear_sparse 086 ok
2026-09-08 08:36:26,432 simulation vtfs linear_sparse 089 ok
2026-09-08 08:36:31,152 simulation vtfs linear_sparse 088 ok
2026-09-08 08:36:32,676 simulation vtfs linear_sparse 091 ok
2026-09-08 08:36:34,416 simulation vtfs linear_sparse 090 ok
2026-09-08 08:37:09,231 simulation vtfs linear_sparse 093 ok
2026-09-08 08:37:13,730 simulation vtfs linear_sparse 092 ok
2026-09-08 08:37:15,718 simulation vtfs linear_sparse 095 ok
2026-09-08 08:37:17,284 simulation vtfs linear_sparse 094 ok
2026-09-08 08:37:52,168 simulation vtfs linear_sparse 097 ok
2026-09-08 08:37:57,087 simulation vtfs linear_sparse 096 ok
2026-09-08 08:37:58,778 simulation vtfs linear_sparse 099 ok
2026-09-08 08:38:00,274 simulation vtfs linear_sparse 098 ok
2026-09-08 08:38:34,727 simulation vtfs linear_medium 001 ok
2026-09-08 08:38:41,104 simulation vtfs linear_medium 000 ok
2026-09-08 08:38:42,152 simulation vtfs linear_medium 003 ok
2026-09-08 08:38:43,340 simulation vtfs linear_medium 002 ok
2026-09-08 08:39:18,561 simulation vtfs linear_medium 005 ok
2026-09-08 08:39:25,728 simulation vtfs linear_medium 007 ok
2026-09-08 08:39:25,739 simulation vtfs linear_medium 004 ok
2026-09-08 08:39:27,764 simulation vtfs linear_medium 006 ok
2026-09-08 08:40:03,287 simulation vtfs linear_medium 009 ok
2026-09-08 08:40:10,073 simulation vtfs linear_medium 011 ok
2026-09-08 08:40:11,080 simulation vtfs linear_medium 008 ok
2026-09-08 08:40:12,262 simulation vtfs linear_medium 010 ok
2026-09-08 08:40:47,258 simulation vtfs linear_medium 013 ok
2026-09-08 08:40:53,909 simulation vtfs linear_medium 015 ok
2026-09-08 08:40:54,776 simulation vtfs linear_medium 012 ok
2026-09-08 08:40:55,952 simulation vtfs linear_medium 014 ok
2026-09-08 08:41:30,737 simulation vtfs linear_medium 017 ok
2026-09-08 08:41:38,464 simulation vtfs linear_medium 019 ok
2026-09-08 08:41:39,438 simulation vtfs linear_medium 016 ok
2026-09-08 08:41:40,851 simulation vtfs linear_medium 018 ok
2026-09-08 08:42:15,866 simulation vtfs linear_medium 021 ok
2026-09-08 08:42:23,161 simulation vtfs linear_medium 023 ok
2026-09-08 08:42:24,444 simulation vtfs linear_medium 020 ok
2026-09-08 08:42:25,640 simulation vtfs linear_medium 022 ok
2026-09-08 08:42:59,619 simulation vtfs linear_medium 025 ok
2026-09-08 08:43:07,771 simulation vtfs linear_medium 027 ok
2026-09-08 08:43:08,011 simulation vtfs linear_medium 024 ok
2026-09-08 08:43:10,481 simulation vtfs linear_medium 026 ok
2026-09-08 08:43:42,967 simulation vtfs linear_medium 029 ok
2026-09-08 08:43:51,108 simulation vtfs linear_medium 031 ok
2026-09-08 08:43:52,155 simulation vtfs linear_medium 028 ok
2026-09-08 08:43:54,004 simulation vtfs linear_medium 030 ok
2026-09-08 08:44:27,612 simulation vtfs linear_medium 033 ok
2026-09-08 08:44:34,408 simulation vtfs linear_medium 035 ok
2026-09-08 08:44:35,936 simulation vtfs linear_medium 032 ok
2026-09-08 08:44:37,526 simulation vtfs linear_medium 034 ok
2026-09-08 08:45:11,934 simulation vtfs linear_medium 037 ok
2026-09-08 08:45:17,856 simulation vtfs linear_medium 039 ok
2026-09-08 08:45:19,776 simulation vtfs linear_medium 036 ok
2026-09-08 08:45:21,261 simulation vtfs linear_medium 038 ok
2026-09-08 08:45:54,437 simulation vtfs linear_medium 041 ok
2026-09-08 08:46:01,054 simulation vtfs linear_medium 043 ok
2026-09-08 08:46:03,249 simulation vtfs linear_medium 040 ok
2026-09-08 08:46:03,768 simulation vtfs linear_medium 042 ok
2026-09-08 08:46:36,986 simulation vtfs linear_medium 045 ok
2026-09-08 08:46:43,935 simulation vtfs linear_medium 047 ok
2026-09-08 08:46:45,998 simulation vtfs linear_medium 044 ok
2026-09-08 08:46:46,951 simulation vtfs linear_medium 046 ok
2026-09-08 08:47:20,121 simulation vtfs linear_medium 049 ok
2026-09-08 08:47:26,316 simulation vtfs linear_medium 051 ok
2026-09-08 08:47:29,113 simulation vtfs linear_medium 048 ok
2026-09-08 08:47:30,679 simulation vtfs linear_medium 050 ok
2026-09-08 08:48:03,237 simulation vtfs linear_medium 053 ok
2026-09-08 08:48:09,836 simulation vtfs linear_medium 055 ok
2026-09-08 08:48:11,952 simulation vtfs linear_medium 052 ok
2026-09-08 08:48:14,526 simulation vtfs linear_medium 054 ok
2026-09-08 08:48:43,192 simulation vtfs linear_medium 057 ok
2026-09-08 08:48:49,444 simulation vtfs linear_medium 059 ok
2026-09-08 08:48:52,013 simulation vtfs linear_medium 056 ok
2026-09-08 08:48:53,933 simulation vtfs linear_medium 058 ok
2026-09-08 08:49:23,055 simulation vtfs linear_medium 061 ok
2026-09-08 08:49:29,349 simulation vtfs linear_medium 063 ok
2026-09-08 08:49:31,885 simulation vtfs linear_medium 060 ok
2026-09-08 08:49:33,069 simulation vtfs linear_medium 062 ok
2026-09-08 08:49:59,377 simulation vtfs linear_medium 065 ok
2026-09-08 08:50:05,456 simulation vtfs linear_medium 067 ok
2026-09-08 08:50:07,849 simulation vtfs linear_medium 064 ok
2026-09-08 08:50:08,974 simulation vtfs linear_medium 066 ok
2026-09-08 08:50:33,010 simulation vtfs linear_medium 069 ok
2026-09-08 08:50:38,156 simulation vtfs linear_medium 071 ok
2026-09-08 08:50:40,532 simulation vtfs linear_medium 068 ok
2026-09-08 08:50:41,489 simulation vtfs linear_medium 070 ok
2026-09-08 08:51:04,325 simulation vtfs linear_medium 073 ok
2026-09-08 08:51:09,142 simulation vtfs linear_medium 075 ok
2026-09-08 08:51:11,531 simulation vtfs linear_medium 072 ok
2026-09-08 08:51:13,032 simulation vtfs linear_medium 074 ok
2026-09-08 08:51:35,126 simulation vtfs linear_medium 077 ok
2026-09-08 08:51:40,468 simulation vtfs linear_medium 079 ok
2026-09-08 08:51:42,509 simulation vtfs linear_medium 076 ok
2026-09-08 08:51:44,519 simulation vtfs linear_medium 078 ok
2026-09-08 08:52:05,988 simulation vtfs linear_medium 081 ok
2026-09-08 08:52:11,744 simulation vtfs linear_medium 083 ok
2026-09-08 08:52:13,566 simulation vtfs linear_medium 080 ok
2026-09-08 08:52:15,979 simulation vtfs linear_medium 082 ok
2026-09-08 08:52:37,243 simulation vtfs linear_medium 085 ok
2026-09-08 08:52:43,522 simulation vtfs linear_medium 087 ok
2026-09-08 08:52:45,175 simulation vtfs linear_medium 084 ok
2026-09-08 08:52:47,552 simulation vtfs linear_medium 086 ok
2026-09-08 08:53:08,283 simulation vtfs linear_medium 089 ok
2026-09-08 08:53:14,834 simulation vtfs linear_medium 091 ok
2026-09-08 08:53:16,288 simulation vtfs linear_medium 088 ok
2026-09-08 08:53:18,972 simulation vtfs linear_medium 090 ok
2026-09-08 08:53:38,565 simulation vtfs linear_medium 093 ok
2026-09-08 08:53:45,289 simulation vtfs linear_medium 095 ok
2026-09-08 08:53:46,683 simulation vtfs linear_medium 092 ok
2026-09-08 08:53:49,801 simulation vtfs linear_medium 094 ok
2026-09-08 08:54:08,306 simulation vtfs linear_medium 097 ok
2026-09-08 08:54:15,688 simulation vtfs linear_medium 099 ok
2026-09-08 08:54:16,994 simulation vtfs linear_medium 096 ok
2026-09-08 08:54:20,332 simulation vtfs linear_medium 098 ok
2026-09-08 08:54:38,481 simulation vtfs linear_weak 001 ok
2026-09-08 08:54:45,898 simulation vtfs linear_weak 003 ok
2026-09-08 08:54:47,215 simulation vtfs linear_weak 000 ok
2026-09-08 08:54:50,789 simulation vtfs linear_weak 002 ok
2026-09-08 08:55:08,778 simulation vtfs linear_weak 005 ok
2026-09-08 08:55:15,851 simulation vtfs linear_weak 007 ok
2026-09-08 08:55:17,209 simulation vtfs linear_weak 004 ok
2026-09-08 08:55:20,975 simulation vtfs linear_weak 006 ok
2026-09-08 08:55:38,272 simulation vtfs linear_weak 009 ok
2026-09-08 08:55:45,815 simulation vtfs linear_weak 011 ok
2026-09-08 08:55:46,791 simulation vtfs linear_weak 008 ok
2026-09-08 08:55:51,152 simulation vtfs linear_weak 010 ok
2026-09-08 08:56:07,724 simulation vtfs linear_weak 013 ok
2026-09-08 08:56:15,582 simulation vtfs linear_weak 015 ok
2026-09-08 08:56:16,782 simulation vtfs linear_weak 012 ok
2026-09-08 08:56:21,268 simulation vtfs linear_weak 014 ok
2026-09-08 08:56:37,217 simulation vtfs linear_weak 017 ok
2026-09-08 08:56:44,996 simulation vtfs linear_weak 019 ok
2026-09-08 08:56:46,143 simulation vtfs linear_weak 016 ok
2026-09-08 08:56:50,998 simulation vtfs linear_weak 018 ok
2026-09-08 08:57:06,668 simulation vtfs linear_weak 021 ok
2026-09-08 08:57:14,421 simulation vtfs linear_weak 023 ok
2026-09-08 08:57:15,897 simulation vtfs linear_weak 020 ok
2026-09-08 08:57:20,676 simulation vtfs linear_weak 022 ok
2026-09-08 08:57:36,113 simulation vtfs linear_weak 025 ok
2026-09-08 08:57:44,277 simulation vtfs linear_weak 027 ok
2026-09-08 08:57:45,740 simulation vtfs linear_weak 024 ok
2026-09-08 08:57:50,944 simulation vtfs linear_weak 026 ok
2026-09-08 08:58:05,562 simulation vtfs linear_weak 029 ok
2026-09-08 08:58:13,902 simulation vtfs linear_weak 031 ok
2026-09-08 08:58:15,434 simulation vtfs linear_weak 028 ok
2026-09-08 08:58:20,781 simulation vtfs linear_weak 030 ok
2026-09-08 08:58:34,948 simulation vtfs linear_weak 033 ok
2026-09-08 08:58:43,601 simulation vtfs linear_weak 035 ok
2026-09-08 08:58:45,304 simulation vtfs linear_weak 032 ok
2026-09-08 08:58:50,856 simulation vtfs linear_weak 034 ok
2026-09-08 08:59:04,846 simulation vtfs linear_weak 037 ok
2026-09-08 08:59:13,335 simulation vtfs linear_weak 039 ok
2026-09-08 08:59:15,216 simulation vtfs linear_weak 036 ok
2026-09-08 08:59:20,895 simulation vtfs linear_weak 038 ok
2026-09-08 08:59:34,578 simulation vtfs linear_weak 041 ok
2026-09-08 08:59:43,253 simulation vtfs linear_weak 043 ok
2026-09-08 08:59:45,074 simulation vtfs linear_weak 040 ok
2026-09-08 08:59:50,784 simulation vtfs linear_weak 042 ok
2026-09-08 09:00:04,540 simulation vtfs linear_weak 045 ok
2026-09-08 09:00:13,132 simulation vtfs linear_weak 047 ok
2026-09-08 09:00:15,039 simulation vtfs linear_weak 044 ok
2026-09-08 09:00:20,696 simulation vtfs linear_weak 046 ok
2026-09-08 09:00:34,278 simulation vtfs linear_weak 049 ok
2026-09-08 09:00:42,864 simulation vtfs linear_weak 051 ok
2026-09-08 09:00:44,876 simulation vtfs linear_weak 048 ok
2026-09-08 09:00:50,548 simulation vtfs linear_weak 050 ok
2026-09-08 09:01:04,045 simulation vtfs linear_weak 053 ok
2026-09-08 09:01:12,744 simulation vtfs linear_weak 055 ok
2026-09-08 09:01:14,824 simulation vtfs linear_weak 052 ok
2026-09-08 09:01:20,775 simulation vtfs linear_weak 054 ok
2026-09-08 09:01:33,785 simulation vtfs linear_weak 057 ok
2026-09-08 09:01:42,616 simulation vtfs linear_weak 059 ok
2026-09-08 09:01:44,448 simulation vtfs linear_weak 056 ok
2026-09-08 09:01:50,626 simulation vtfs linear_weak 058 ok
2026-09-08 09:02:03,383 simulation vtfs linear_weak 061 ok
2026-09-08 09:02:12,552 simulation vtfs linear_weak 063 ok
2026-09-08 09:02:14,581 simulation vtfs linear_weak 060 ok
2026-09-08 09:02:20,261 simulation vtfs linear_weak 062 ok
2026-09-08 09:03:17,797 simulation vtfs linear_weak 068 ok
2026-09-08 09:03:17,883 simulation vtfs linear_weak 065 ok
2026-09-08 09:03:17,943 simulation vtfs linear_weak 064 ok
2026-09-08 09:03:18,172 simulation vtfs linear_weak 067 ok
2026-09-08 09:03:18,199 simulation vtfs linear_weak 066 ok
2026-09-08 09:03:19,427 simulation vtfs linear_weak 070 ok
2026-09-08 09:03:19,433 simulation vtfs linear_weak 069 ok
2026-09-08 09:03:19,980 simulation vtfs linear_weak 071 ok
2026-09-08 09:03:47,974 simulation vtfs linear_weak 076 ok
2026-09-08 09:03:48,114 simulation vtfs linear_weak 072 ok
2026-09-08 09:03:48,323 simulation vtfs linear_weak 073 ok
2026-09-08 09:03:48,604 simulation vtfs linear_weak 075 ok
2026-09-08 09:03:48,795 simulation vtfs linear_weak 074 ok
2026-09-08 09:03:50,077 simulation vtfs linear_weak 077 ok
2026-09-08 09:03:50,175 simulation vtfs linear_weak 078 ok
2026-09-08 09:03:51,057 simulation vtfs linear_weak 079 ok
2026-09-08 09:04:18,735 simulation vtfs linear_weak 084 ok
2026-09-08 09:04:19,075 simulation vtfs linear_weak 080 ok
2026-09-08 09:04:19,443 simulation vtfs linear_weak 081 ok
2026-09-08 09:04:19,816 simulation vtfs linear_weak 083 ok
2026-09-08 09:04:19,928 simulation vtfs linear_weak 082 ok
2026-09-08 09:04:21,322 simulation vtfs linear_weak 086 ok
2026-09-08 09:04:21,426 simulation vtfs linear_weak 085 ok
2026-09-08 09:04:22,768 simulation vtfs linear_weak 087 ok
2026-09-08 09:04:49,797 simulation vtfs linear_weak 092 ok
2026-09-08 09:04:50,413 simulation vtfs linear_weak 088 ok
2026-09-08 09:04:50,845 simulation vtfs linear_weak 089 ok
2026-09-08 09:04:51,366 simulation vtfs linear_weak 091 ok
2026-09-08 09:04:51,421 simulation vtfs linear_weak 090 ok
2026-09-08 09:04:53,152 simulation vtfs linear_weak 094 ok
2026-09-08 09:04:53,206 simulation vtfs linear_weak 093 ok
2026-09-08 09:04:54,935 simulation vtfs linear_weak 095 ok
2026-09-08 09:05:20,292 simulation vtfs linear_dense 004 ok
2026-09-08 09:05:21,094 simulation vtfs linear_weak 096 ok
2026-09-08 09:05:21,610 simulation vtfs linear_weak 097 ok
2026-09-08 09:05:22,187 simulation vtfs linear_weak 098 ok
2026-09-08 09:05:22,395 simulation vtfs linear_weak 099 ok
2026-09-08 09:05:23,824 simulation vtfs linear_dense 006 ok
2026-09-08 09:05:23,941 simulation vtfs linear_dense 005 ok
2026-09-08 09:05:26,135 simulation vtfs linear_dense 007 ok
2026-09-08 09:05:50,549 simulation vtfs linear_dense 012 ok
2026-09-08 09:05:51,490 simulation vtfs linear_dense 000 ok
2026-09-08 09:05:52,176 simulation vtfs linear_dense 001 ok
2026-09-08 09:05:52,506 simulation vtfs linear_dense 002 ok
2026-09-08 09:05:53,390 simulation vtfs linear_dense 003 ok
2026-09-08 09:05:54,291 simulation vtfs linear_dense 014 ok
2026-09-08 09:05:54,788 simulation vtfs linear_dense 013 ok
2026-09-08 09:05:57,473 simulation vtfs linear_dense 015 ok
2026-09-08 09:06:20,763 simulation vtfs linear_dense 020 ok
2026-09-08 09:06:21,715 simulation vtfs linear_dense 008 ok
2026-09-08 09:06:22,395 simulation vtfs linear_dense 009 ok
2026-09-08 09:06:22,943 simulation vtfs linear_dense 010 ok
2026-09-08 09:06:23,986 simulation vtfs linear_dense 011 ok
2026-09-08 09:06:24,816 simulation vtfs linear_dense 022 ok
2026-09-08 09:06:25,419 simulation vtfs linear_dense 021 ok
2026-09-08 09:06:28,466 simulation vtfs linear_dense 023 ok
2026-09-08 09:06:51,142 simulation vtfs linear_dense 028 ok
2026-09-08 09:06:52,375 simulation vtfs linear_dense 016 ok
2026-09-08 09:06:53,098 simulation vtfs linear_dense 017 ok
2026-09-08 09:06:53,788 simulation vtfs linear_dense 018 ok
2026-09-08 09:06:55,052 simulation vtfs linear_dense 019 ok
2026-09-08 09:06:55,400 simulation vtfs linear_dense 030 ok
2026-09-08 09:06:56,261 simulation vtfs linear_dense 029 ok
2026-09-08 09:06:59,988 simulation vtfs linear_dense 031 ok
2026-09-08 09:07:21,665 simulation vtfs linear_dense 036 ok
2026-09-08 09:07:23,019 simulation vtfs linear_dense 024 ok
2026-09-08 09:07:23,874 simulation vtfs linear_dense 025 ok
2026-09-08 09:07:24,583 simulation vtfs linear_dense 026 ok
2026-09-08 09:07:25,821 simulation vtfs linear_dense 027 ok
2026-09-08 09:07:26,029 simulation vtfs linear_dense 038 ok
2026-09-08 09:07:26,959 simulation vtfs linear_dense 037 ok
2026-09-08 09:07:31,155 simulation vtfs linear_dense 039 ok
2026-09-08 09:07:52,401 simulation vtfs linear_dense 044 ok
2026-09-08 09:07:53,601 simulation vtfs linear_dense 032 ok
2026-09-08 09:07:54,328 simulation vtfs linear_dense 033 ok
2026-09-08 09:07:55,322 simulation vtfs linear_dense 034 ok
2026-09-08 09:07:56,500 simulation vtfs linear_dense 035 ok
2026-09-08 09:07:56,959 simulation vtfs linear_dense 046 ok
2026-09-08 09:07:57,947 simulation vtfs linear_dense 045 ok
2026-09-08 09:08:02,319 simulation vtfs linear_dense 047 ok
2026-09-08 09:08:22,682 simulation vtfs linear_dense 052 ok
2026-09-08 09:08:23,997 simulation vtfs linear_dense 040 ok
2026-09-08 09:08:25,132 simulation vtfs linear_dense 041 ok
2026-09-08 09:08:25,915 simulation vtfs linear_dense 042 ok
2026-09-08 09:08:27,115 simulation vtfs linear_dense 043 ok
2026-09-08 09:08:27,509 simulation vtfs linear_dense 054 ok
2026-09-08 09:08:28,819 simulation vtfs linear_dense 053 ok
2026-09-08 09:08:33,617 simulation vtfs linear_dense 055 ok
2026-09-08 09:08:53,198 simulation vtfs linear_dense 060 ok
2026-09-08 09:08:54,391 simulation vtfs linear_dense 048 ok
2026-09-08 09:08:55,776 simulation vtfs linear_dense 049 ok
2026-09-08 09:08:56,501 simulation vtfs linear_dense 050 ok
2026-09-08 09:08:57,975 simulation vtfs linear_dense 051 ok
2026-09-08 09:08:58,243 simulation vtfs linear_dense 062 ok
2026-09-08 09:08:59,749 simulation vtfs linear_dense 061 ok
2026-09-08 09:09:04,766 simulation vtfs linear_dense 063 ok
2026-09-08 09:09:23,622 simulation vtfs linear_dense 068 ok
2026-09-08 09:09:24,876 simulation vtfs linear_dense 056 ok
2026-09-08 09:09:26,303 simulation vtfs linear_dense 057 ok
2026-09-08 09:09:27,453 simulation vtfs linear_dense 058 ok
2026-09-08 09:09:28,662 simulation vtfs linear_dense 059 ok
2026-09-08 09:09:29,056 simulation vtfs linear_dense 070 ok
2026-09-08 09:09:30,560 simulation vtfs linear_dense 069 ok
2026-09-08 09:09:36,218 simulation vtfs linear_dense 071 ok
2026-09-08 09:09:53,991 simulation vtfs linear_dense 076 ok
2026-09-08 09:09:55,186 simulation vtfs linear_dense 064 ok
2026-09-08 09:09:56,846 simulation vtfs linear_dense 065 ok
2026-09-08 09:09:58,243 simulation vtfs linear_dense 066 ok
2026-09-08 09:09:59,537 simulation vtfs linear_dense 067 ok
2026-09-08 09:09:59,743 simulation vtfs linear_dense 078 ok
2026-09-08 09:10:01,232 simulation vtfs linear_dense 077 ok
2026-09-08 09:10:07,330 simulation vtfs linear_dense 079 ok
2026-09-08 09:10:24,443 simulation vtfs linear_dense 084 ok
2026-09-08 09:10:25,538 simulation vtfs linear_dense 072 ok
2026-09-08 09:10:27,449 simulation vtfs linear_dense 073 ok
2026-09-08 09:10:28,839 simulation vtfs linear_dense 074 ok
2026-09-08 09:10:30,238 simulation vtfs linear_dense 086 ok
2026-09-08 09:10:30,307 simulation vtfs linear_dense 075 ok
2026-09-08 09:10:32,109 simulation vtfs linear_dense 085 ok
2026-09-08 09:10:38,631 simulation vtfs linear_dense 087 ok
2026-09-08 09:10:54,652 simulation vtfs linear_dense 092 ok
2026-09-08 09:10:56,071 simulation vtfs linear_dense 080 ok
2026-09-08 09:10:58,037 simulation vtfs linear_dense 081 ok
2026-09-08 09:10:59,496 simulation vtfs linear_dense 082 ok
2026-09-08 09:11:00,814 simulation vtfs linear_dense 094 ok
2026-09-08 09:11:00,964 simulation vtfs linear_dense 083 ok
2026-09-08 09:11:02,838 simulation vtfs linear_dense 093 ok
2026-09-08 09:11:09,702 simulation vtfs linear_dense 095 ok
2026-09-08 09:11:24,883 simulation vtfs nonlinear 004 ok
2026-09-08 09:11:26,511 simulation vtfs linear_dense 088 ok
2026-09-08 09:11:28,807 simulation vtfs linear_dense 089 ok
2026-09-08 09:11:30,352 simulation vtfs linear_dense 090 ok
2026-09-08 09:11:31,287 simulation vtfs nonlinear 006 ok
2026-09-08 09:11:31,658 simulation vtfs linear_dense 091 ok
2026-09-08 09:11:33,524 simulation vtfs nonlinear 005 ok
2026-09-08 09:11:40,956 simulation vtfs nonlinear 007 ok
2026-09-08 09:11:54,901 simulation vtfs nonlinear 012 ok
2026-09-08 09:11:56,954 simulation vtfs linear_dense 096 ok
2026-09-08 09:11:59,417 simulation vtfs linear_dense 097 ok
2026-09-08 09:12:01,053 simulation vtfs linear_dense 098 ok
2026-09-08 09:12:01,752 simulation vtfs nonlinear 014 ok
2026-09-08 09:12:02,430 simulation vtfs linear_dense 099 ok
2026-09-08 09:12:04,161 simulation vtfs nonlinear 013 ok
2026-09-08 09:12:12,078 simulation vtfs nonlinear 015 ok
2026-09-08 09:12:25,060 simulation vtfs nonlinear 020 ok
2026-09-08 09:12:27,239 simulation vtfs nonlinear 000 ok
2026-09-08 09:12:29,690 simulation vtfs nonlinear 001 ok
2026-09-08 09:12:31,551 simulation vtfs nonlinear 002 ok
2026-09-08 09:12:32,368 simulation vtfs nonlinear 022 ok
2026-09-08 09:12:33,293 simulation vtfs nonlinear 003 ok
2026-09-08 09:12:35,076 simulation vtfs nonlinear 021 ok
2026-09-08 09:12:43,323 simulation vtfs nonlinear 023 ok
2026-09-08 09:12:55,326 simulation vtfs nonlinear 028 ok
2026-09-08 09:12:57,818 simulation vtfs nonlinear 008 ok
2026-09-08 09:13:00,263 simulation vtfs nonlinear 009 ok
2026-09-08 09:13:02,327 simulation vtfs nonlinear 010 ok
2026-09-08 09:13:03,030 simulation vtfs nonlinear 030 ok
2026-09-08 09:13:04,036 simulation vtfs nonlinear 011 ok
2026-09-08 09:13:05,643 simulation vtfs nonlinear 029 ok
2026-09-08 09:13:14,461 simulation vtfs nonlinear 031 ok
2026-09-08 09:13:25,533 simulation vtfs nonlinear 036 ok
2026-09-08 09:13:28,191 simulation vtfs nonlinear 016 ok
2026-09-08 09:13:30,583 simulation vtfs nonlinear 017 ok
2026-09-08 09:13:32,959 simulation vtfs nonlinear 018 ok
2026-09-08 09:13:33,448 simulation vtfs nonlinear 038 ok
2026-09-08 09:13:34,672 simulation vtfs nonlinear 019 ok
2026-09-08 09:13:36,234 simulation vtfs nonlinear 037 ok
2026-09-08 09:13:45,483 simulation vtfs nonlinear 039 ok
2026-09-08 09:13:55,770 simulation vtfs nonlinear 044 ok
2026-09-08 09:13:58,470 simulation vtfs nonlinear 024 ok
2026-09-08 09:14:00,971 simulation vtfs nonlinear 025 ok
2026-09-08 09:14:03,681 simulation vtfs nonlinear 026 ok
2026-09-08 09:14:04,196 simulation vtfs nonlinear 046 ok
2026-09-08 09:14:05,433 simulation vtfs nonlinear 027 ok
2026-09-08 09:14:06,986 simulation vtfs nonlinear 045 ok
2026-09-08 09:14:16,844 simulation vtfs nonlinear 047 ok
2026-09-08 09:14:25,925 simulation vtfs nonlinear 052 ok
2026-09-08 09:14:28,745 simulation vtfs nonlinear 032 ok
2026-09-08 09:14:31,432 simulation vtfs nonlinear 033 ok
2026-09-08 09:14:34,336 simulation vtfs nonlinear 034 ok
2026-09-08 09:14:34,697 simulation vtfs nonlinear 054 ok
2026-09-08 09:14:36,169 simulation vtfs nonlinear 035 ok
2026-09-08 09:14:37,400 simulation vtfs nonlinear 053 ok
2026-09-08 09:14:48,164 simulation vtfs nonlinear 055 ok
2026-09-08 09:14:56,120 simulation vtfs nonlinear 060 ok
2026-09-08 09:14:59,031 simulation vtfs nonlinear 040 ok
2026-09-08 09:15:01,937 simulation vtfs nonlinear 041 ok
2026-09-08 09:15:04,825 simulation vtfs nonlinear 042 ok
2026-09-08 09:15:05,255 simulation vtfs nonlinear 062 ok
2026-09-08 09:15:06,661 simulation vtfs nonlinear 043 ok
2026-09-08 09:15:07,958 simulation vtfs nonlinear 061 ok
2026-09-08 09:15:19,482 simulation vtfs nonlinear 063 ok
2026-09-08 09:15:26,183 simulation vtfs nonlinear 068 ok
2026-09-08 09:15:29,288 simulation vtfs nonlinear 048 ok
2026-09-08 09:15:32,189 simulation vtfs nonlinear 049 ok
2026-09-08 09:15:35,420 simulation vtfs nonlinear 050 ok
2026-09-08 09:15:35,625 simulation vtfs nonlinear 070 ok
2026-09-08 09:15:37,285 simulation vtfs nonlinear 051 ok
2026-09-08 09:15:38,928 simulation vtfs nonlinear 069 ok
2026-09-08 09:15:51,234 simulation vtfs nonlinear 071 ok
2026-09-08 09:15:56,965 simulation vtfs nonlinear 076 ok
2026-09-08 09:16:00,421 simulation vtfs nonlinear 056 ok
2026-09-08 09:16:03,216 simulation vtfs nonlinear 057 ok
2026-09-08 09:16:06,597 simulation vtfs nonlinear 058 ok
2026-09-08 09:16:07,023 simulation vtfs nonlinear 078 ok
2026-09-08 09:16:08,841 simulation vtfs nonlinear 059 ok
2026-09-08 09:16:10,578 simulation vtfs nonlinear 077 ok
2026-09-08 09:16:23,169 simulation vtfs nonlinear 079 ok
2026-09-08 09:16:28,164 simulation vtfs nonlinear 084 ok
2026-09-08 09:16:31,671 simulation vtfs nonlinear 064 ok
2026-09-08 09:16:34,507 simulation vtfs nonlinear 065 ok
2026-09-08 09:16:38,361 simulation vtfs nonlinear 066 ok
2026-09-08 09:16:38,690 simulation vtfs nonlinear 086 ok
2026-09-08 09:16:40,574 simulation vtfs nonlinear 067 ok
2026-09-08 09:16:42,168 simulation vtfs nonlinear 085 ok
2026-09-08 09:16:55,827 simulation vtfs nonlinear 087 ok
2026-09-08 09:16:59,906 simulation vtfs nonlinear 092 ok
2026-09-08 09:17:03,432 simulation vtfs nonlinear 072 ok
2026-09-08 09:17:06,346 simulation vtfs nonlinear 073 ok
2026-09-08 09:17:10,015 simulation vtfs nonlinear 074 ok
2026-09-08 09:17:10,521 simulation vtfs nonlinear 094 ok
2026-09-08 09:17:12,335 simulation vtfs nonlinear 075 ok
2026-09-08 09:17:14,003 simulation vtfs nonlinear 093 ok
2026-09-08 09:17:27,443 simulation vtfs nonlinear 095 ok
2026-09-08 09:17:30,751 simulation vtfs nonlinear_panel 004 ok
2026-09-08 09:17:34,456 simulation vtfs nonlinear 080 ok
2026-09-08 09:17:37,576 simulation vtfs nonlinear 081 ok
2026-09-08 09:17:41,400 simulation vtfs nonlinear 082 ok
2026-09-08 09:17:41,927 simulation vtfs nonlinear_panel 006 ok
2026-09-08 09:17:43,873 simulation vtfs nonlinear 083 ok
2026-09-08 09:17:45,537 simulation vtfs nonlinear_panel 005 ok
2026-09-08 09:17:59,495 simulation vtfs nonlinear_panel 007 ok
2026-09-08 09:18:01,507 simulation vtfs nonlinear_panel 012 ok
2026-09-08 09:18:05,027 simulation vtfs nonlinear 088 ok
2026-09-08 09:18:08,234 simulation vtfs nonlinear 089 ok
2026-09-08 09:18:12,243 simulation vtfs nonlinear 090 ok
2026-09-08 09:18:12,792 simulation vtfs nonlinear_panel 014 ok
2026-09-08 09:18:14,697 simulation vtfs nonlinear 091 ok
2026-09-08 09:18:16,322 simulation vtfs nonlinear_panel 013 ok
2026-09-08 09:18:30,508 simulation vtfs nonlinear_panel 015 ok
2026-09-08 09:18:31,881 simulation vtfs nonlinear_panel 020 ok
2026-09-08 09:18:35,304 simulation vtfs nonlinear 096 ok
2026-09-08 09:18:38,481 simulation vtfs nonlinear 097 ok
2026-09-08 09:18:42,686 simulation vtfs nonlinear 098 ok
2026-09-08 09:18:43,272 simulation vtfs nonlinear_panel 022 ok
2026-09-08 09:18:45,445 simulation vtfs nonlinear 099 ok
2026-09-08 09:18:46,949 simulation vtfs nonlinear_panel 021 ok
2026-09-08 09:19:01,426 simulation vtfs nonlinear_panel 023 ok
2026-09-08 09:19:02,199 simulation vtfs nonlinear_panel 028 ok
2026-09-08 09:19:05,578 simulation vtfs nonlinear_panel 000 ok
2026-09-08 09:19:08,916 simulation vtfs nonlinear_panel 001 ok
2026-09-08 09:19:13,128 simulation vtfs nonlinear_panel 002 ok
2026-09-08 09:19:13,723 simulation vtfs nonlinear_panel 030 ok
2026-09-08 09:19:15,881 simulation vtfs nonlinear_panel 003 ok
2026-09-08 09:19:17,368 simulation vtfs nonlinear_panel 029 ok
2026-09-08 09:19:32,409 simulation vtfs nonlinear_panel 036 ok
2026-09-08 09:19:32,518 simulation vtfs nonlinear_panel 031 ok
2026-09-08 09:19:35,924 simulation vtfs nonlinear_panel 008 ok
2026-09-08 09:19:39,330 simulation vtfs nonlinear_panel 009 ok
2026-09-08 09:19:43,712 simulation vtfs nonlinear_panel 010 ok
2026-09-08 09:19:44,256 simulation vtfs nonlinear_panel 038 ok
2026-09-08 09:19:46,384 simulation vtfs nonlinear_panel 011 ok
2026-09-08 09:19:48,047 simulation vtfs nonlinear_panel 037 ok
2026-09-08 09:20:02,671 simulation vtfs nonlinear_panel 044 ok
2026-09-08 09:20:03,460 simulation vtfs nonlinear_panel 039 ok
2026-09-08 09:20:06,247 simulation vtfs nonlinear_panel 016 ok
2026-09-08 09:20:09,655 simulation vtfs nonlinear_panel 017 ok
2026-09-08 09:20:14,102 simulation vtfs nonlinear_panel 018 ok
2026-09-08 09:20:14,679 simulation vtfs nonlinear_panel 046 ok
2026-09-08 09:20:17,083 simulation vtfs nonlinear_panel 019 ok
2026-09-08 09:20:18,566 simulation vtfs nonlinear_panel 045 ok
2026-09-08 09:20:32,739 simulation vtfs nonlinear_panel 052 ok
2026-09-08 09:20:34,448 simulation vtfs nonlinear_panel 047 ok
2026-09-08 09:20:36,446 simulation vtfs nonlinear_panel 024 ok
2026-09-08 09:20:39,786 simulation vtfs nonlinear_panel 025 ok
2026-09-08 09:20:44,647 simulation vtfs nonlinear_panel 026 ok
2026-09-08 09:20:44,823 simulation vtfs nonlinear_panel 054 ok
2026-09-08 09:20:47,650 simulation vtfs nonlinear_panel 027 ok
2026-09-08 09:20:49,208 simulation vtfs nonlinear_panel 053 ok
2026-09-08 09:21:02,881 simulation vtfs nonlinear_panel 060 ok
2026-09-08 09:21:05,627 simulation vtfs nonlinear_panel 055 ok
2026-09-08 09:21:06,876 simulation vtfs nonlinear_panel 032 ok
2026-09-08 09:21:10,163 simulation vtfs nonlinear_panel 033 ok
2026-09-08 09:21:15,260 simulation vtfs nonlinear_panel 034 ok
2026-09-08 09:21:15,295 simulation vtfs nonlinear_panel 062 ok
2026-09-08 09:21:18,242 simulation vtfs nonlinear_panel 035 ok
2026-09-08 09:21:19,843 simulation vtfs nonlinear_panel 061 ok
2026-09-08 09:21:33,487 simulation vtfs nonlinear_panel 068 ok
2026-09-08 09:21:36,553 simulation vtfs nonlinear_panel 063 ok
2026-09-08 09:21:37,225 simulation vtfs nonlinear_panel 040 ok
2026-09-08 09:21:40,744 simulation vtfs nonlinear_panel 041 ok
2026-09-08 09:21:46,076 simulation vtfs nonlinear_panel 070 ok
2026-09-08 09:21:46,192 simulation vtfs nonlinear_panel 042 ok
2026-09-08 09:21:48,961 simulation vtfs nonlinear_panel 043 ok
2026-09-08 09:21:50,802 simulation vtfs nonlinear_panel 069 ok
2026-09-08 09:22:03,955 simulation vtfs nonlinear_panel 076 ok
2026-09-08 09:22:07,919 simulation vtfs nonlinear_panel 071 ok
2026-09-08 09:22:07,958 simulation vtfs nonlinear_panel 048 ok
2026-09-08 09:22:11,551 simulation vtfs nonlinear_panel 049 ok
2026-09-08 09:22:16,817 simulation vtfs nonlinear_panel 078 ok
2026-09-08 09:22:17,107 simulation vtfs nonlinear_panel 050 ok
2026-09-08 09:22:19,730 simulation vtfs nonlinear_panel 051 ok
2026-09-08 09:22:21,778 simulation vtfs nonlinear_panel 077 ok
2026-09-08 09:22:34,634 simulation vtfs nonlinear_panel 084 ok
2026-09-08 09:22:38,726 simulation vtfs nonlinear_panel 056 ok
2026-09-08 09:22:39,685 simulation vtfs nonlinear_panel 079 ok
2026-09-08 09:22:42,276 simulation vtfs nonlinear_panel 057 ok
2026-09-08 09:22:47,499 simulation vtfs nonlinear_panel 086 ok
2026-09-08 09:22:47,988 simulation vtfs nonlinear_panel 058 ok
2026-09-08 09:22:50,880 simulation vtfs nonlinear_panel 059 ok
2026-09-08 09:22:52,616 simulation vtfs nonlinear_panel 085 ok
2026-09-08 09:23:05,138 simulation vtfs nonlinear_panel 092 ok
2026-09-08 09:23:09,305 simulation vtfs nonlinear_panel 064 ok
2026-09-08 09:23:11,090 simulation vtfs nonlinear_panel 087 ok
2026-09-08 09:23:12,984 simulation vtfs nonlinear_panel 065 ok
2026-09-08 09:23:18,189 simulation vtfs nonlinear_panel 094 ok
2026-09-08 09:23:18,732 simulation vtfs nonlinear_panel 066 ok
2026-09-08 09:23:21,617 simulation vtfs nonlinear_panel 067 ok
2026-09-08 09:23:23,318 simulation vtfs nonlinear_panel 093 ok
2026-09-08 09:23:38,774 simulation vtfs nonlinear_panel 072 ok
2026-09-08 09:23:41,237 simulation vtfs nonlinear_panel 095 ok
2026-09-08 09:23:42,526 simulation vtfs nonlinear_panel 073 ok
2026-09-08 09:23:48,438 simulation vtfs nonlinear_panel 074 ok
2026-09-08 09:23:51,057 simulation vtfs nonlinear_panel 075 ok
2026-09-08 09:24:07,758 simulation vtfs nonlinear_panel 080 ok
2026-09-08 09:24:11,756 simulation vtfs nonlinear_panel 081 ok
2026-09-08 09:24:17,580 simulation vtfs nonlinear_panel 082 ok
2026-09-08 09:24:20,272 simulation vtfs nonlinear_panel 083 ok
2026-09-08 09:24:36,457 simulation vtfs nonlinear_panel 088 ok
2026-09-08 09:24:40,737 simulation vtfs nonlinear_panel 089 ok
2026-09-08 09:24:46,228 simulation vtfs nonlinear_panel 090 ok
2026-09-08 09:24:49,359 simulation vtfs nonlinear_panel 091 ok
2026-09-08 09:25:05,252 simulation vtfs nonlinear_panel 096 ok
2026-09-08 09:25:09,808 simulation vtfs nonlinear_panel 097 ok
2026-09-08 09:25:14,628 simulation vtfs nonlinear_panel 098 ok
2026-09-08 09:25:17,052 simulation vtfs nonlinear_panel 099 ok
