2026-09-08 08:09:38,990 simulation xgboost_shap linear_sparse 000 ok
2026-09-08 08:09:39,583 simulation xgboost_shap linear_sparse 001 ok
2026-09-08 08:09:40,182 simulation xgboost_shap linear_sparse 002 ok
2026-09-08 08:09:40,774 simulation xgboost_shap linear_sparse 003 ok
2026-09-08 08:09:41,368 simulation xgboost_shap linear_sparse 004 ok
2026-09-08 08:09:41,994 simulation xgboost_shap linear_sparse 005 ok
2026-09-08 08:09:42,566 simulation xgboost_shap linear_sparse 006 ok
2026-09-08 08:09:43,170 simulation xgboost_shap linear_sparse 007 ok
2026-09-08 08:09:43,758 simulation xgboost_shap linear_sparse 008 ok
2026-09-08 08:09:44,359 simulation xgboost_shap linear_sparse 009 ok
2026-09-08 08:09:44,956 simulation xgboost_shap linear_sparse 010 ok
2026-09-08 08:09:45,547 simulation xgboost_shap linear_sparse 011 ok
2026-09-08 08:09:46,138 simulation xgboost_shap linear_sparse 012 ok
2026-09-08 08:09:46,743 simulation xgboost_shap linear_sparse 013 ok
2026-09-08 08:09:47,354 simulation xgboost_shap linear_sparse 014 ok
2026-09-08 08:09:47,961 simulation xgboost_shap linear_sparse 015 ok
2026-09-08 08:09:48,544 simulation xgboost_shap linear_sparse 016 ok
2026-09-08 08:09:49,130 simulation xgboost_shap linear_sparse 017 ok
2026-09-08 08:09:49,727 simulation xgboost_shap linear_sparse 018 ok
2026-09-08 08:09:50,322 simulation xgboost_shap linear_sparse 019 ok
2026-09-08 08:09:50,912 simulation xgboost_shap linear_sparse 020 ok
2026-09-08 08:09:51,513 simulation xgboost_shap linear_sparse 021 ok
2026-09-08 08:09:52,112 simulation xgboost_shap linear_sparse 022 ok
2026-09-08 08:09:52,712 simulation xgboost_shap linear_sparse 023 ok
2026-09-08 08:09:53,330 simulation xgboost_shap linear_sparse 024 ok
2026-09-08 08:09:53,923 simulation xgboost_shap linear_sparse 025 ok
2026-09-08 08:09:54,513 simulation xgboost_shap linear_sparse 026 ok
2026-09-08 08:09:55,117 simulation xgboost_shap linear_sparse 027 ok
2026-09-08 08:09:55,760 simulation xgboost_shap linear_sparse 028 ok
2026-09-08 08:09:56,362 simulation xgboost_shap linear_sparse 029 ok
2026-09-08 08:09:56,971 simulation xgboost_shap linear_sparse 030 ok
2026-09-08 08:09:57,578 simulation xgboost_shap linear_sparse 031 ok
2026-09-08 08:09:58,172 simulation xgboost_shap linear_sparse 032 ok
2026-09-08 08:09:58,778 simulation xgboost_shap linear_sparse 033 ok
2026-09-08 08:09:59,388 simulation xgboost_shap linear_sparse 034 ok
2026-09-08 08:09:59,994 simulation xgboost_shap linear_sparse 035 ok
2026-09-08 08:10:00,591 simulation xgboost_shap linear_sparse 036 ok
2026-09-08 08:10:01,184 simulation xgboost_shap linear_sparse 037 ok
2026-09-08 08:10:01,804 simulation xgboost_shap linear_sparse 038 ok
2026-09-08 08:10:02,431 simulation xgboost_shap linear_sparse 039 ok
2026-09-08 08:10:03,044 simulation xgboost_shap linear_sparse 040 ok
2026-09-08 08:10:03,645 simulation xgboost_shap linear_sparse 041 ok
2026-09-08 08:10:04,252 simulation xgboost_shap linear_sparse 042 ok
2026-09-08 08:10:04,853 simulation xgboost_shap linear_sparse 043 ok
2026-09-08 08:10:05,456 simulation xgboost_shap linear_sparse 044 ok
2026-09-08 08:10:06,049 simulation xgboost_shap linear_sparse 045 ok
2026-09-08 08:10:06,640 simulation xgboost_shap linear_sparse 046 ok
2026-09-08 08:10:07,237 simulation xgboost_shap linear_sparse 047 ok
2026-09-08 08:10:07,846 simulation xgboost_shap linear_sparse 048 ok
2026-09-08 08:10:08,478 simulation xgboost_shap linear_sparse 049 ok
2026-09-08 08:10:09,097 simulation xgboost_shap linear_sparse 050 ok
2026-09-08 08:10:09,694 simulation xgboost_shap linear_sparse 051 ok
2026-09-08 08:10:10,296 simulation xgboost_shap linear_sparse 052 ok
2026-09-08 08:10:10,918 simulation xgboost_shap linear_sparse 053 ok
2026-09-08 08:10:11,513 simulation xgboost_shap linear_sparse 054 ok
2026-09-08 08:10:12,124 simulation xgboost_shap linear_sparse 055 ok
2026-09-08 08:10:12,739 simulation xgboost_shap linear_sparse 056 ok
2026-09-08 08:10:13,343 simulation xgboost_shap linear_sparse 057 ok
2026-09-08 08:10:13,936 simulation xgboost_shap linear_sparse 058 ok
2026-09-08 08:10:14,546 simulation xgboost_shap linear_sparse 059 ok
2026-09-08 08:10:15,161 simulation xgboost_shap linear_sparse 060 ok
2026-09-08 08:10:15,769 simulation xgboost_shap linear_sparse 061 ok
2026-09-08 08:10:16,382 simulation xgboost_shap linear_sparse 062 ok
2026-09-08 08:10:16,997 simulation xgboost_shap linear_sparse 063 ok
2026-09-08 08:10:17,610 simulation xgboost_shap linear_sparse 064 ok
2026-09-08 08:10:18,194 simulation xgboost_shap linear_sparse 065 ok
2026-09-08 08:10:18,791 simulation xgboost_shap linear_sparse 066 ok
2026-09-08 08:10:19,399 simulation xgboost_shap linear_sparse 067 ok
2026-09-08 08:10:20,004 simulation xgboost_shap linear_sparse 068 ok
2026-09-08 08:10:20,623 simulation xgboost_shap linear_sparse 069 ok
2026-09-08 08:10:21,210 simulation xgboost_shap linear_sparse 070 ok
2026-09-08 08:10:21,816 simulation xgboost_shap linear_sparse 071 ok
2026-09-08 08:10:22,425 simulation xgboost_shap linear_sparse 072 ok
2026-09-08 08:10:23,029 simulation xgboost_shap linear_sparse 073 ok
2026-09-08 08:10:23,640 simulation xgboost_shap linear_sparse 074 ok
2026-09-08 08:10:24,271 simulation xgboost_shap linear_sparse 075 ok
2026-09-08 08:10:24,889 simulation xgboost_shap linear_sparse 076 ok
2026-09-08 08:10:25,485 simulation xgboost_shap linear_sparse 077 ok
2026-09-08 08:10:26,074 simulation xgboost_shap linear_sparse 078 ok
2026-09-08 08:10:26,680 simulation xgboost_shap linear_sparse 079 ok
2026-09-08 08:10:27,277 simulation xgboost_shap linear_sparse 080 ok
2026-09-08 08:10:27,892 simulation xgboost_shap linear_sparse 081 ok
2026-09-08 08:10:28,501 simulation xgboost_shap linear_sparse 082 ok
2026-09-08 08:10:29,108 simulation xgboost_shap linear_sparse 083 ok
2026-09-08 08:10:29,711 simulation xgboost_shap linear_sparse 084 ok
2026-09-08 08:10:30,303 simulation xgboost_shap linear_sparse 085 ok
2026-09-08 08:10:30,928 simulation xgboost_shap linear_sparse 086 ok
2026-09-08 08:10:31,546 simulation xgboost_shap linear_sparse 087 ok
2026-09-08 08:10:32,152 simulation xgboost_shap linear_sparse 088 ok
2026-09-08 08:10:32,761 simulation xgboost_shap linear_sparse 089 ok
2026-09-08 08:10:33,360 simulation xgboost_shap linear_sparse 090 ok
2026-09-08 08:10:33,951 simulation xgboost_shap linear_sparse 091 ok
2026-09-08 08:10:34,562 simulation xgboost_shap linear_sparse 092 ok
2026-09-08 08:10:35,187 simulation xgboost_shap linear_sparse 093 ok
2026-09-08 08:10:35,789 simulation xgboost_shap linear_sparse 094 ok
2026-09-08 08:10:36,396 simulation xgboost_shap linear_sparse 095 ok
2026-09-08 08:10:37,022 simulation xgboost_shap linear_sparse 096 ok
2026-09-08 08:10:37,629 simulation xgboost_shap linear_sparse 097 ok
2026-09-08 08:10:38,263 simulation xgboost_shap linear_sparse 098 ok
2026-09-08 08:10:38,876 simulation xgboost_shap linear_sparse 099 ok
2026-09-08 08:10:39,480 simulation xgboost_shap linear_medium 000 ok
2026-09-08 08:10:40,089 simulation xgboost_shap linear_medium 001 ok
2026-09-08 08:10:40,710 simulation xgboost_shap linear_medium 002 ok
2026-09-08 08:10:41,319 simulation xgboost_shap linear_medium 003 ok
2026-09-08 08:10:41,921 simulation xgboost_shap linear_medium 004 ok
2026-09-08 08:10:42,547 simulation xgboost_shap linear_medium 005 ok
2026-09-08 08:10:43,152 simulation xgboost_shap linear_medium 006 ok
2026-09-08 08:10:43,769 simulation xgboost_shap linear_medium 007 ok
2026-09-08 08:10:44,373 simulation xgboost_shap linear_medium 008 ok
2026-09-08 08:10:44,992 simulation xgboost_shap linear_medium 009 ok
2026-09-08 08:10:45,599 simulation xgboost_shap linear_medium 010 ok
2026-09-08 08:10:46,211 simulation xgboost_shap linear_medium 011 ok
2026-09-08 08:10:46,825 simulation xgboost_shap linear_medium 012 ok
2026-09-08 08:10:47,454 simulation xgboost_shap linear_medium 013 ok
2026-09-08 08:10:48,083 simulation xgboost_shap linear_medium 014 ok
2026-09-08 08:10:48,699 simulation xgboost_shap linear_medium 015 ok
2026-09-08 08:10:49,316 simulation xgboost_shap linear_medium 016 ok
2026-09-08 08:10:49,951 simulation xgboost_shap linear_medium 017 ok
2026-09-08 08:10:50,558 simulation xgboost_shap linear_medium 018 ok
2026-09-08 08:10:51,164 simulation xgboost_shap linear_medium 019 ok
2026-09-08 08:10:51,775 simulation xgboost_shap linear_medium 020 ok
2026-09-08 08:10:52,384 simulation xgboost_shap linear_medium 021 ok
2026-09-08 08:10:52,997 simulation xgboost_shap linear_medium 022 ok
2026-09-08 08:10:53,617 simulation xgboost_shap linear_medium 023 ok
2026-09-08 08:10:54,239 simulation xgboost_shap linear_medium 024 ok
2026-09-08 08:10:54,836 simulation xgboost_shap linear_medium 025 ok
2026-09-08 08:10:55,450 simulation xgboost_shap linear_medium 026 ok
2026-09-08 08:10:56,107 simulation xgboost_shap linear_medium 027 ok
2026-09-08 08:10:56,724 simulation xgboost_shap linear_medium 028 ok
2026-09-08 08:10:57,373 simulation xgboost_shap linear_medium 029 ok
2026-09-08 08:10:57,971 simulation xgboost_shap linear_medium 030 ok
2026-09-08 08:10:58,595 simulation xgboost_shap linear_medium 031 ok
2026-09-08 08:10:59,210 simulation xgboost_shap linear_medium 032 ok
2026-09-08 08:10:59,817 simulation xgboost_shap linear_medium 033 ok
2026-09-08 08:11:00,424 simulation xgboost_shap linear_medium 034 ok
2026-09-08 08:11:01,036 simulation xgboost_shap linear_medium 035 ok
2026-09-08 08:11:01,658 simulation xgboost_shap linear_medium 036 ok
2026-09-08 08:11:02,261 simulation xgboost_shap linear_medium 037 ok
2026-09-08 08:11:02,882 simulation xgboost_shap linear_medium 038 ok
2026-09-08 08:11:03,481 simulation xgboost_shap linear_medium 039 ok
2026-09-08 08:11:04,088 simulation xgboost_shap linear_medium 040 ok
2026-09-08 08:11:04,706 simulation xgboost_shap linear_medium 041 ok
2026-09-08 08:11:05,325 simulation xgboost_shap linear_medium 042 ok
2026-09-08 08:11:05,931 simulation xgboost_shap linear_medium 043 ok
2026-09-08 08:11:06,528 simulation xgboost_shap linear_medium 044 ok
2026-09-08 08:11:07,141 simulation xgboost_shap linear_medium 045 ok
2026-09-08 08:11:07,755 simulation xgboost_shap linear_medium 046 ok
2026-09-08 08:11:08,390 simulation xgboost_shap linear_medium 047 ok
2026-09-08 08:11:08,976 simulation xgboost_shap linear_medium 048 ok
2026-09-08 08:11:09,564 simulation xgboost_shap linear_medium 049 ok
2026-09-08 08:11:10,173 simulation xgboost_shap linear_medium 050 ok
2026-09-08 08:11:10,762 simulation xgboost_shap linear_medium 051 ok
2026-09-08 08:11:11,367 simulation xgboost_shap linear_medium 052 ok
2026-09-08 08:11:11,981 simulation xgboost_shap linear_medium 053 ok
2026-09-08 08:11:12,592 simulation xgboost_shap linear_medium 054 ok
2026-09-08 08:11:13,192 simulation xgboost_shap linear_medium 055 ok
2026-09-08 08:11:13,805 simulation xgboost_shap linear_medium 056 ok
2026-09-08 08:11:14,396 simulation xgboost_shap linear_medium 057 ok
2026-09-08 08:11:15,018 simulation xgboost_shap linear_medium 058 ok
2026-09-08 08:11:15,616 simulation xgboost_shap linear_medium 059 ok
2026-09-08 08:11:16,234 simulation xgboost_shap linear_medium 060 ok
2026-09-08 08:11:16,848 simulation xgboost_shap linear_medium 061 ok
2026-09-08 08:11:17,477 simulation xgboost_shap linear_medium 062 ok
2026-09-08 08:11:18,071 simulation xgboost_shap linear_medium 063 ok
2026-09-08 08:11:18,679 simulation xgboost_shap linear_medium 064 ok
2026-09-08 08:11:19,296 simulation xgboost_shap linear_medium 065 ok
2026-09-08 08:11:19,926 simulation xgboost_shap linear_medium 066 ok
2026-09-08 08:11:20,538 simulation xgboost_shap linear_medium 067 ok
2026-09-08 08:11:21,152 simulation xgboost_shap linear_medium 068 ok
2026-09-08 08:11:21,786 simulation xgboost_shap linear_medium 069 ok
2026-09-08 08:11:22,400 simulation xgboost_shap linear_medium 070 ok
2026-09-08 08:11:23,021 simulation xgboost_shap linear_medium 071 ok
2026-09-08 08:11:23,627 simulation xgboost_shap linear_medium 072 ok
2026-09-08 08:11:24,221 simulation xgboost_shap linear_medium 073 ok
2026-09-08 08:11:24,828 simulation xgboost_shap linear_medium 074 ok
2026-09-08 08:11:25,435 simulation xgboost_shap linear_medium 075 ok
2026-09-08 08:11:26,006 simulation xgboost_shap linear_medium 076 ok
2026-09-08 08:11:26,602 simulation xgboost_shap linear_medium 077 ok
2026-09-08 08:11:27,209 simulation xgboost_shap linear_medium 078 ok
2026-09-08 08:11:27,826 simulation xgboost_shap linear_medium 079 ok
2026-09-08 08:11:28,421 simulation xgboost_shap linear_medium 080 ok
2026-09-08 08:11:29,030 simulation xgboost_shap linear_medium 081 ok
2026-09-08 08:11:29,658 simulation xgboost_shap linear_medium 082 ok
2026-09-08 08:11:30,274 simulation xgboost_shap linear_medium 083 ok
2026-09-08 08:11:30,891 simulation xgboost_shap linear_medium 084 ok
2026-09-08 08:11:31,504 simulation xgboost_shap linear_medium 085 ok
2026-09-08 08:11:32,090 simulation xgboost_shap linear_medium 086 ok
2026-09-08 08:11:32,691 simulation xgboost_shap linear_medium 087 ok
2026-09-08 08:11:33,296 simulation xgboost_shap linear_medium 088 ok
2026-09-08 08:11:33,898 simulation xgboost_shap linear_medium 089 ok
2026-09-08 08:11:34,487 simulation xgboost_shap linear_medium 090 ok
2026-09-08 08:11:35,108 simulation xgboost_shap linear_medium 091 ok
2026-09-08 08:11:35,708 simulation xgboost_shap linear_medium 092 ok
2026-09-08 08:11:36,338 simulation xgboost_shap linear_medium 093 ok
2026-09-08 08:11:36,951 simulation xgboost_shap linear_medium 094 ok
2026-09-08 08:11:37,607 simulation xgboost_shap linear_medium 095 ok
2026-09-08 08:11:38,228 simulation xgboost_shap linear_medium 096 ok
2026-09-08 08:11:38,871 simulation xgboost_shap linear_medium 097 ok
2026-09-08 08:11:39,484 simulation xgboost_shap linear_medium 098 ok
2026-09-08 08:11:40,088 simulation xgboost_shap linear_medium 099 ok
2026-09-08 08:11:40,681 simulation xgboost_shap linear_weak 000 ok
2026-09-08 08:11:41,265 simulation xgboost_shap linear_weak 001 ok
2026-09-08 08:11:41,869 simulation xgboost_shap linear_weak 002 ok
2026-09-08 08:11:42,470 simulation xgboost_shap linear_weak 003 ok
2026-09-08 08:11:43,063 simulation xgboost_shap linear_weak 004 ok
2026-09-08 08:11:43,642 simulation xgboost_shap linear_weak 005 ok
2026-09-08 08:11:44,248 simulation xgboost_shap linear_weak 006 ok
2026-09-08 08:11:44,815 simulation xgboost_shap linear_weak 007 ok
2026-09-08 08:11:45,407 simulation xgboost_shap linear_weak 008 ok
2026-09-08 08:11:46,003 simulation xgboost_shap linear_weak 009 ok
2026-09-08 08:11:46,604 simulation xgboost_shap linear_weak 010 ok
2026-09-08 08:11:47,197 simulation xgboost_shap linear_weak 011 ok
2026-09-08 08:11:47,793 simulation xgboost_shap linear_weak 012 ok
2026-09-08 08:11:48,370 simulation xgboost_shap linear_weak 013 ok
2026-09-08 08:11:48,971 simulation xgboost_shap linear_weak 014 ok
2026-09-08 08:11:49,562 simulation xgboost_shap linear_weak 015 ok
2026-09-08 08:11:50,170 simulation xgboost_shap linear_weak 016 ok
2026-09-08 08:11:50,760 simulation xgboost_shap linear_weak 017 ok
2026-09-08 08:11:51,373 simulation xgboost_shap linear_weak 018 ok
2026-09-08 08:11:51,964 simulation xgboost_shap linear_weak 019 ok
2026-09-08 08:11:52,583 simulation xgboost_shap linear_weak 020 ok
2026-09-08 08:11:53,180 simulation xgboost_shap linear_weak 021 ok
2026-09-08 08:11:53,784 simulation xgboost_shap linear_weak 022 ok
2026-09-08 08:11:54,364 simulation xgboost_shap linear_weak 023 ok
2026-09-08 08:11:54,946 simulation xgboost_shap linear_weak 024 ok
2026-09-08 08:11:55,571 simulation xgboost_shap linear_weak 025 ok
2026-09-08 08:11:56,184 simulation xgboost_shap linear_weak 026 ok
2026-09-08 08:11:56,808 simulation xgboost_shap linear_weak 027 ok
2026-09-08 08:11:57,428 simulation xgboost_shap linear_weak 028 ok
2026-09-08 08:11:58,057 simulation xgboost_shap linear_weak 029 ok
2026-09-08 08:11:58,718 simulation xgboost_shap linear_weak 030 ok
2026-09-08 08:11:59,339 simulation xgboost_shap linear_weak 031 ok
2026-09-08 08:11:59,943 simulation xgboost_shap linear_weak 032 ok
2026-09-08 08:12:00,559 simulation xgboost_shap linear_weak 033 ok
2026-09-08 08:12:01,175 simulation xgboost_shap linear_weak 034 ok
2026-09-08 08:12:01,763 simulation xgboost_shap linear_weak 035 ok
2026-09-08 08:12:02,377 simulation xgboost_shap linear_weak 036 ok
2026-09-08 08:12:02,965 simulation xgboost_shap linear_weak 037 ok
2026-09-08 08:12:03,582 simulation xgboost_shap linear_weak 038 ok
2026-09-08 08:12:04,153 simulation xgboost_shap linear_weak 039 ok
2026-09-08 08:12:04,749 simulation xgboost_shap linear_weak 040 ok
2026-09-08 08:12:05,349 simulation xgboost_shap linear_weak 041 ok
2026-09-08 08:12:05,950 simulation xgboost_shap linear_weak 042 ok
2026-09-08 08:12:06,542 simulation xgboost_shap linear_weak 043 ok
2026-09-08 08:12:07,142 simulation xgboost_shap linear_weak 044 ok
2026-09-08 08:12:07,759 simulation xgboost_shap linear_weak 045 ok
2026-09-08 08:12:08,370 simulation xgboost_shap linear_weak 046 ok
2026-09-08 08:12:08,956 simulation xgboost_shap linear_weak 047 ok
2026-09-08 08:12:09,544 simulation xgboost_shap linear_weak 048 ok
2026-09-08 08:12:10,164 simulation xgboost_shap linear_weak 049 ok
2026-09-08 08:12:10,776 simulation xgboost_shap linear_weak 050 ok
2026-09-08 08:12:11,392 simulation xgboost_shap linear_weak 051 ok
2026-09-08 08:12:12,003 simulation xgboost_shap linear_weak 052 ok
2026-09-08 08:12:12,623 simulation xgboost_shap linear_weak 053 ok
2026-09-08 08:12:13,211 simulation xgboost_shap linear_weak 054 ok
2026-09-08 08:12:13,821 simulation xgboost_shap linear_weak 055 ok
2026-09-08 08:12:14,399 simulation xgboost_shap linear_weak 056 ok
2026-09-08 08:12:14,996 simulation xgboost_shap linear_weak 057 ok
2026-09-08 08:12:15,588 simulation xgboost_shap linear_weak 058 ok
2026-09-08 08:12:16,200 simulation xgboost_shap linear_weak 059 ok
2026-09-08 08:12:16,784 simulation xgboost_shap linear_weak 060 ok
2026-09-08 08:12:17,386 simulation xgboost_shap linear_weak 061 ok
2026-09-08 08:12:17,975 simulation xgboost_shap linear_weak 062 ok
2026-09-08 08:12:18,564 simulation xgboost_shap linear_weak 063 ok
2026-09-08 08:12:19,161 simulation xgboost_shap linear_weak 064 ok
2026-09-08 08:12:19,758 simulation xgboost_shap linear_weak 065 ok
2026-09-08 08:12:20,344 simulation xgboost_shap linear_weak 066 ok
2026-09-08 08:12:20,923 simulation xgboost_shap linear_weak 067 ok
2026-09-08 08:12:21,517 simulation xgboost_shap linear_weak 068 ok
2026-09-08 08:12:22,129 simulation xgboost_shap linear_weak 069 ok
2026-09-08 08:12:22,733 simulation xgboost_shap linear_weak 070 ok
2026-09-08 08:12:23,313 simulation xgboost_shap linear_weak 071 ok
2026-09-08 08:12:23,917 simulation xgboost_shap linear_weak 072 ok
2026-09-08 08:12:24,510 simulation xgboost_shap linear_weak 073 ok
2026-09-08 08:12:25,091 simulation xgboost_shap linear_weak 074 ok
2026-09-08 08:12:25,715 simulation xgboost_shap linear_weak 075 ok
2026-09-08 08:12:26,305 simulation xgboost_shap linear_weak 076 ok
2026-09-08 08:12:26,890 simulation xgboost_shap linear_weak 077 ok
2026-09-08 08:12:27,496 simulation xgboost_shap linear_weak 078 ok
2026-09-08 08:12:28,087 simulation xgboost_shap linear_weak 079 ok
2026-09-08 08:12:28,695 simulation xgboost_shap linear_weak 080 ok
2026-09-08 08:12:29,290 simulation xgboost_shap linear_weak 081 ok
2026-09-08 08:12:29,880 simulation xgboost_shap linear_weak 082 ok
2026-09-08 08:12:30,491 simulation xgboost_shap linear_weak 083 ok
2026-09-08 08:12:31,096 simulation xgboost_shap linear_weak 084 ok
2026-09-08 08:12:31,695 simulation xgboost_shap linear_weak 085 ok
2026-09-08 08:12:32,305 simulation xgboost_shap linear_weak 086 ok
2026-09-08 08:12:33,011 simulation xgboost_shap linear_weak 087 ok
2026-09-08 08:12:33,622 simulation xgboost_shap linear_weak 088 ok
2026-09-08 08:12:34,226 simulation xgboost_shap linear_weak 089 ok
2026-09-08 08:12:34,820 simulation xgboost_shap linear_weak 090 ok
2026-09-08 08:12:35,399 simulation xgboost_shap linear_weak 091 ok
2026-09-08 08:12:36,005 simulation xgboost_shap linear_weak 092 ok
2026-09-08 08:12:36,617 simulation xgboost_shap linear_weak 093 ok
2026-09-08 08:12:37,223 simulation xgboost_shap linear_weak 094 ok
2026-09-08 08:12:37,810 simulation xgboost_shap linear_weak 095 ok
2026-09-08 08:12:38,382 simulation xgboost_shap linear_weak 096 ok
2026-09-08 08:12:38,966 simulation xgboost_shap linear_weak 097 ok
2026-09-08 08:12:39,560 simulation xgboost_shap linear_weak 098 ok
2026-09-08 08:12:40,154 simulation xgboost_shap linear_weak 099 ok
2026-09-08 08:12:40,763 simulation xgboost_shap linear_dense 000 ok
2026-09-08 08:12:41,393 simulation xgboost_shap linear_dense 001 ok
2026-09-08 08:12:42,003 simulation xgboost_shap linear_dense 002 ok
2026-09-08 08:12:42,618 simulation xgboost_shap linear_dense 003 ok
2026-09-08 08:12:43,224 simulation xgboost_shap linear_dense 004 ok
2026-09-08 08:12:43,825 simulation xgboost_shap linear_dense 005 ok
2026-09-08 08:12:44,435 simulation xgboost_shap linear_dense 006 ok
2026-09-08 08:12:45,059 simulation xgboost_shap linear_dense 007 ok
2026-09-08 08:12:45,654 simulation xgboost_shap linear_dense 008 ok
2026-09-08 08:12:46,243 simulation xgboost_shap linear_dense 009 ok
2026-09-08 08:12:46,851 simulation xgboost_shap linear_dense 010 ok
2026-09-08 08:12:47,449 simulation xgboost_shap linear_dense 011 ok
2026-09-08 08:12:48,068 simulation xgboost_shap linear_dense 012 ok
2026-09-08 08:12:48,679 simulation xgboost_shap linear_dense 013 ok
2026-09-08 08:12:49,295 simulation xgboost_shap linear_dense 014 ok
2026-09-08 08:12:49,919 simulation xgboost_shap linear_dense 015 ok
2026-09-08 08:12:50,532 simulation xgboost_shap linear_dense 016 ok
2026-09-08 08:12:51,147 simulation xgboost_shap linear_dense 017 ok
2026-09-08 08:12:51,776 simulation xgboost_shap linear_dense 018 ok
2026-09-08 08:12:52,400 simulation xgboost_shap linear_dense 019 ok
2026-09-08 08:12:53,005 simulation xgboost_shap linear_dense 020 ok
2026-09-08 08:12:53,605 simulation xgboost_shap linear_dense 021 ok
2026-09-08 08:12:54,215 simulation xgboost_shap linear_dense 022 ok
2026-09-08 08:12:54,851 simulation xgboost_shap linear_dense 023 ok
2026-09-08 08:12:55,483 simulation xgboost_shap linear_dense 024 ok
2026-09-08 08:12:56,086 simulation xgboost_shap linear_dense 025 ok
2026-09-08 08:12:56,711 simulation xgboost_shap linear_dense 026 ok
2026-09-08 08:12:57,352 simulation xgboost_shap linear_dense 027 ok
2026-09-08 08:12:57,959 simulation xgboost_shap linear_dense 028 ok
2026-09-08 08:12:58,549 simulation xgboost_shap linear_dense 029 ok
2026-09-08 08:12:59,168 simulation xgboost_shap linear_dense 030 ok
2026-09-08 08:12:59,790 simulation xgboost_shap linear_dense 031 ok
2026-09-08 08:13:00,420 simulation xgboost_shap linear_dense 032 ok
2026-09-08 08:13:01,050 simulation xgboost_shap linear_dense 033 ok
2026-09-08 08:13:01,683 simulation xgboost_shap linear_dense 034 ok
2026-09-08 08:13:02,304 simulation xgboost_shap linear_dense 035 ok
2026-09-08 08:13:02,932 simulation xgboost_shap linear_dense 036 ok
2026-09-08 08:13:03,563 simulation xgboost_shap linear_dense 037 ok
2026-09-08 08:13:04,200 simulation xgboost_shap linear_dense 038 ok
2026-09-08 08:13:04,796 simulation xgboost_shap linear_dense 039 ok
2026-09-08 08:13:05,417 simulation xgboost_shap linear_dense 040 ok
2026-09-08 08:13:06,040 simulation xgboost_shap linear_dense 041 ok
2026-09-08 08:13:06,664 simulation xgboost_shap linear_dense 042 ok
2026-09-08 08:13:07,306 simulation xgboost_shap linear_dense 043 ok
2026-09-08 08:13:07,939 simulation xgboost_shap linear_dense 044 ok
2026-09-08 08:13:08,555 simulation xgboost_shap linear_dense 045 ok
2026-09-08 08:13:09,164 simulation xgboost_shap linear_dense 046 ok
2026-09-08 08:13:09,764 simulation xgboost_shap linear_dense 047 ok
2026-09-08 08:13:10,366 simulation xgboost_shap linear_dense 048 ok
2026-09-08 08:13:10,954 simulation xgboost_shap linear_dense 049 ok
2026-09-08 08:13:11,571 simulation xgboost_shap linear_dense 050 ok
2026-09-08 08:13:12,207 simulation xgboost_shap linear_dense 051 ok
2026-09-08 08:13:12,841 simulation xgboost_shap linear_dense 052 ok
2026-09-08 08:13:13,462 simulation xgboost_shap linear_dense 053 ok
2026-09-08 08:13:14,082 simulation xgboost_shap linear_dense 054 ok
2026-09-08 08:13:14,699 simulation xgboost_shap linear_dense 055 ok
2026-09-08 08:13:15,297 simulation xgboost_shap linear_dense 056 ok
2026-09-08 08:13:15,907 simulation xgboost_shap linear_dense 057 ok
2026-09-08 08:13:16,496 simulation xgboost_shap linear_dense 058 ok
2026-09-08 08:13:17,103 simulation xgboost_shap linear_dense 059 ok
2026-09-08 08:13:17,734 simulation xgboost_shap linear_dense 060 ok
2026-09-08 08:13:18,340 simulation xgboost_shap linear_dense 061 ok
2026-09-08 08:13:18,957 simulation xgboost_shap linear_dense 062 ok
2026-09-08 08:13:19,564 simulation xgboost_shap linear_dense 063 ok
2026-09-08 08:13:20,175 simulation xgboost_shap linear_dense 064 ok
2026-09-08 08:13:20,806 simulation xgboost_shap linear_dense 065 ok
2026-09-08 08:13:21,395 simulation xgboost_shap linear_dense 066 ok
2026-09-08 08:13:22,027 simulation xgboost_shap linear_dense 067 ok
2026-09-08 08:13:22,623 simulation xgboost_shap linear_dense 068 ok
2026-09-08 08:13:23,238 simulation xgboost_shap linear_dense 069 ok
2026-09-08 08:13:23,854 simulation xgboost_shap linear_dense 070 ok
2026-09-08 08:13:24,455 simulation xgboost_shap linear_dense 071 ok
2026-09-08 08:13:25,063 simulation xgboost_shap linear_dense 072 ok
2026-09-08 08:13:25,665 simulation xgboost_shap linear_dense 073 ok
2026-09-08 08:13:26,289 simulation xgboost_shap linear_dense 074 ok
2026-09-08 08:13:26,907 simulation xgboost_shap linear_dense 075 ok
2026-09-08 08:13:27,499 simulation xgboost_shap linear_dense 076 ok
2026-09-08 08:13:28,102 simulation xgboost_shap linear_dense 077 ok
2026-09-08 08:13:28,697 simulation xgboost_shap linear_dense 078 ok
2026-09-08 08:13:29,293 simulation xgboost_shap linear_dense 079 ok
2026-09-08 08:13:29,882 simulation xgboost_shap linear_dense 080 ok
2026-09-08 08:13:30,504 simulation xgboost_shap linear_dense 081 ok
2026-09-08 08:13:31,130 simulation xgboost_shap linear_dense 082 ok
2026-09-08 08:13:31,744 simulation xgboost_shap linear_dense 083 ok
2026-09-08 08:13:32,382 simulation xgboost_shap linear_dense 084 ok
2026-09-08 08:13:33,016 simulation xgboost_shap linear_dense 085 ok
2026-09-08 08:13:33,624 simulation xgboost_shap linear_dense 086 ok
2026-09-08 08:13:34,222 simulation xgboost_shap linear_dense 087 ok
2026-09-08 08:13:34,852 simulation xgboost_shap linear_dense 088 ok
2026-09-08 08:13:35,480 simulation xgboost_shap linear_dense 089 ok
2026-09-08 08:13:36,108 simulation xgboost_shap linear_dense 090 ok
2026-09-08 08:13:36,718 simulation xgboost_shap linear_dense 091 ok
2026-09-08 08:13:37,346 simulation xgboost_shap linear_dense 092 ok
2026-09-08 08:13:37,956 simulation xgboost_shap linear_dense 093 ok
2026-09-08 08:13:38,558 simulation xgboost_shap linear_dense 094 ok
2026-09-08 08:13:39,171 simulation xgboost_shap linear_dense 095 ok
2026-09-08 08:13:39,797 simulation xgboost_shap linear_dense 096 ok
2026-09-08 08:13:40,394 simulation xgboost_shap linear_dense 097 ok
2026-09-08 08:13:41,014 simulation xgboost_shap linear_dense 098 ok
2026-09-08 08:13:41,627 simulation xgboost_shap linear_dense 099 ok
2026-09-08 08:13:42,191 simulation xgboost_shap nonlinear 000 ok
2026-09-08 08:13:42,725 simulation xgboost_shap nonlinear 001 ok
2026-09-08 08:13:43,192 simulation xgboost_shap nonlinear 002 ok
2026-09-08 08:13:43,734 simulation xgboost_shap nonlinear 003 ok
2026-09-08 08:13:44,200 simulation xgboost_shap nonlinear 004 ok
2026-09-08 08:13:44,747 simulation xgboost_shap nonlinear 005 ok
2026-09-08 08:13:45,261 simulation xgboost_shap nonlinear 006 ok
2026-09-08 08:13:45,809 simulation xgboost_shap nonlinear 007 ok
2026-09-08 08:13:46,343 simulation xgboost_shap nonlinear 008 ok
2026-09-08 08:13:46,853 simulation xgboost_shap nonlinear 009 ok
2026-09-08 08:13:47,388 simulation xgboost_shap nonlinear 010 ok
2026-09-08 08:13:47,955 simulation xgboost_shap nonlinear 011 ok
2026-09-08 08:13:48,429 simulation xgboost_shap nonlinear 012 ok
2026-09-08 08:13:48,965 simulation xgboost_shap nonlinear 013 ok
2026-09-08 08:13:49,480 simulation xgboost_shap nonlinear 014 ok
2026-09-08 08:13:50,031 simulation xgboost_shap nonlinear 015 ok
2026-09-08 08:13:50,559 simulation xgboost_shap nonlinear 016 ok
2026-09-08 08:13:51,119 simulation xgboost_shap nonlinear 017 ok
2026-09-08 08:13:51,647 simulation xgboost_shap nonlinear 018 ok
2026-09-08 08:13:52,178 simulation xgboost_shap nonlinear 019 ok
2026-09-08 08:13:52,704 simulation xgboost_shap nonlinear 020 ok
2026-09-08 08:13:53,246 simulation xgboost_shap nonlinear 021 ok
2026-09-08 08:13:53,780 simulation xgboost_shap nonlinear 022 ok
2026-09-08 08:13:54,289 simulation xgboost_shap nonlinear 023 ok
2026-09-08 08:13:54,815 simulation xgboost_shap nonlinear 024 ok
2026-09-08 08:13:55,353 simulation xgboost_shap nonlinear 025 ok
2026-09-08 08:13:55,895 simulation xgboost_shap nonlinear 026 ok
2026-09-08 08:13:56,458 simulation xgboost_shap nonlinear 027 ok
2026-09-08 08:13:56,966 simulation xgboost_shap nonlinear 028 ok
2026-09-08 08:13:57,527 simulation xgboost_shap nonlinear 029 ok
2026-09-08 08:13:58,067 simulation xgboost_shap nonlinear 030 ok
2026-09-08 08:13:58,608 simulation xgboost_shap nonlinear 031 ok
2026-09-08 08:13:59,135 simulation xgboost_shap nonlinear 032 ok
2026-09-08 08:13:59,679 simulation xgboost_shap nonlinear 033 ok
2026-09-08 08:14:00,240 simulation xgboost_shap nonlinear 034 ok
2026-09-08 08:14:00,777 simulation xgboost_shap nonlinear 035 ok
2026-09-08 08:14:01,319 simulation xgboost_shap nonlinear 036 ok
2026-09-08 08:14:01,848 simulation xgboost_shap nonlinear 037 ok
2026-09-08 08:14:02,361 simulation xgboost_shap nonlinear 038 ok
2026-09-08 08:14:02,875 simulation xgboost_shap nonlinear 039 ok
2026-09-08 08:14:03,419 simulation xgboost_shap nonlinear 040 ok
2026-09-08 08:14:03,967 simulation xgboost_shap nonlinear 041 ok
2026-09-08 08:14:04,494 simulation xgboost_shap nonlinear 042 ok
2026-09-08 08:14:05,032 simulation xgboost_shap nonlinear 043 ok
2026-09-08 08:14:05,528 simulation xgboost_shap nonlinear 044 ok
2026-09-08 08:14:06,025 simulation xgboost_shap nonlinear 045 ok
2026-09-08 08:14:06,543 simulation xgboost_shap nonlinear 046 ok
2026-09-08 08:14:07,092 simulation xgboost_shap nonlinear 047 ok
2026-09-08 08:14:07,618 simulation xgboost_shap nonlinear 048 ok
2026-09-08 08:14:08,140 simulation xgboost_shap nonlinear 049 ok
2026-09-08 08:14:08,637 simulation xgboost_shap nonlinear 050 ok
2026-09-08 08:14:09,178 simulation xgboost_shap nonlinear 051 ok
2026-09-08 08:14:09,702 simulation xgboost_shap nonlinear 052 ok
2026-09-08 08:14:10,223 simulation xgboost_shap nonlinear 053 ok
2026-09-08 08:14:10,761 simulation xgboost_shap nonlinear 054 ok
2026-09-08 08:14:11,305 simulation xgboost_shap nonlinear 055 ok
2026-09-08 08:14:11,829 simulation xgboost_shap nonlinear 056 ok
2026-09-08 08:14:12,378 simulation xgboost_shap nonlinear 057 ok
2026-09-08 08:14:12,911 simulation xgboost_shap nonlinear 058 ok
2026-09-08 08:14:13,418 simulation xgboost_shap nonlinear 059 ok
2026-09-08 08:14:13,944 simulation xgboost_shap nonlinear 060 ok
2026-09-08 08:14:14,466 simulation xgboost_shap nonlinear 061 ok
2026-09-08 08:14:14,967 simulation xgboost_shap nonlinear 062 ok
2026-09-08 08:14:15,474 simulation xgboost_shap nonlinear 063 ok
2026-09-08 08:14:16,008 simulation xgboost_shap nonlinear 064 ok
2026-09-08 08:14:16,544 simulation xgboost_shap nonlinear 065 ok
2026-09-08 08:14:17,075 simulation xgboost_shap nonlinear 066 ok
2026-09-08 08:14:17,646 simulation xgboost_shap nonlinear 067 ok
2026-09-08 08:14:18,166 simulation xgboost_shap nonlinear 068 ok
2026-09-08 08:14:18,700 simulation xgboost_shap nonlinear 069 ok
2026-09-08 08:14:19,197 simulation xgboost_shap nonlinear 070 ok
2026-09-08 08:14:19,678 simulation xgboost_shap nonlinear 071 ok
2026-09-08 08:14:20,207 simulation xgboost_shap nonlinear 072 ok
2026-09-08 08:14:20,734 simulation xgboost_shap nonlinear 073 ok
2026-09-08 08:14:21,291 simulation xgboost_shap nonlinear 074 ok
2026-09-08 08:14:21,829 simulation xgboost_shap nonlinear 075 ok
2026-09-08 08:14:22,347 simulation xgboost_shap nonlinear 076 ok
2026-09-08 08:14:22,883 simulation xgboost_shap nonlinear 077 ok
2026-09-08 08:14:23,419 simulation xgboost_shap nonlinear 078 ok
2026-09-08 08:14:23,965 simulation xgboost_shap nonlinear 079 ok
2026-09-08 08:14:24,511 simulation xgboost_shap nonlinear 080 ok
2026-09-08 08:14:25,073 simulation xgboost_shap nonlinear 081 ok
2026-09-08 08:14:25,641 simulation xgboost_shap nonlinear 082 ok
2026-09-08 08:14:26,155 simulation xgboost_shap nonlinear 083 ok
2026-09-08 08:14:26,671 simulation xgboost_shap nonlinear 084 ok
2026-09-08 08:14:27,192 simulation xgboost_shap nonlinear 085 ok
2026-09-08 08:14:27,714 simulation xgboost_shap nonlinear 086 ok
2026-09-08 08:14:28,233 simulation xgboost_shap nonlinear 087 ok
2026-09-08 08:14:28,724 simulation xgboost_shap nonlinear 088 ok
2026-09-08 08:14:29,240 simulation xgboost_shap nonlinear 089 ok
2026-09-08 08:14:29,769 simulation xgboost_shap nonlinear 090 ok
2026-09-08 08:14:30,322 simulation xgboost_shap nonlinear 091 ok
2026-09-08 08:14:30,850 simulation xgboost_shap nonlinear 092 ok
2026-09-08 08:14:31,378 simulation xgboost_shap nonlinear 093 ok
2026-09-08 08:14:31,937 simulation xgboost_shap nonlinear 094 ok
2026-09-08 08:14:32,483 simulation xgboost_shap nonlinear 095 ok
2026-09-08 08:14:33,041 simulation xgboost_shap nonlinear 096 ok
2026-09-08 08:14:33,545 simulation xgboost_shap nonlinear 097 ok
2026-09-08 08:14:34,077 simulation xgboost_shap nonlinear 098 ok
2026-09-08 08:14:34,610 simulation xgboost_shap nonlinear 099 ok
2026-09-08 08:14:35,144 simulation xgboost_shap nonlinear_panel 000 ok
2026-09-08 08:14:35,696 simulation xgboost_shap nonlinear_panel 001 ok
2026-09-08 08:14:36,225 simulation xgboost_shap nonlinear_panel 002 ok
2026-09-08 08:14:36,731 simulation xgboost_shap nonlinear_panel 003 ok
2026-09-08 08:14:37,291 simulation xgboost_shap nonlinear_panel 004 ok
2026-09-08 08:14:37,898 simulation xgboost_shap nonlinear_panel 005 ok
2026-09-08 08:14:38,442 simulation xgboost_shap nonlinear_panel 006 ok
2026-09-08 08:14:39,021 simulation xgboost_shap nonlinear_panel 007 ok
2026-09-08 08:14:39,591 simulation xgboost_shap nonlinear_panel 008 ok
2026-09-08 08:14:40,152 simulation xgboost_shap nonlinear_panel 009 ok
2026-09-08 08:14:40,693 simulation xgboost_shap nonlinear_panel 010 ok
2026-09-08 08:14:41,258 simulation xgboost_shap nonlinear_panel 011 ok
2026-09-08 08:14:41,841 simulation xgboost_shap nonlinear_panel 012 ok
2026-09-08 08:14:42,439 simulation xgboost_shap nonlinear_panel 013 ok
2026-09-08 08:14:42,998 simulation xgboost_shap nonlinear_panel 014 ok
2026-09-08 08:14:43,505 simulation xgboost_shap nonlinear_panel 015 ok
2026-09-08 08:14:44,037 simulation xgboost_shap nonlinear_panel 016 ok
2026-09-08 08:14:44,624 simulation xgboost_shap nonlinear_panel 017 ok
2026-09-08 08:14:45,200 simulation xgboost_shap nonlinear_panel 018 ok
2026-09-08 08:14:45,823 simulation xgboost_shap nonlinear_panel 019 ok
2026-09-08 08:14:46,433 simulation xgboost_shap nonlinear_panel 020 ok
2026-09-08 08:14:47,025 simulation xgboost_shap nonlinear_panel 021 ok
2026-09-08 08:14:47,649 simulation xgboost_shap nonlinear_panel 022 ok
2026-09-08 08:14:48,268 simulation xgboost_shap nonlinear_panel 023 ok
2026-09-08 08:14:48,913 simulation xgboost_shap nonlinear_panel 024 ok
2026-09-08 08:14:49,594 simulation xgboost_shap nonlinear_panel 025 ok
2026-09-08 08:14:50,204 simulation xgboost_shap nonlinear_panel 026 ok
2026-09-08 08:14:50,795 simulation xgboost_shap nonlinear_panel 027 ok
2026-09-08 08:14:51,421 simulation xgboost_shap nonlinear_panel 028 ok
2026-09-08 08:14:51,999 simulation xgboost_shap nonlinear_panel 029 ok
2026-09-08 08:14:52,552 simulation xgboost_shap nonlinear_panel 030 ok
2026-09-08 08:14:53,145 simulation xgboost_shap nonlinear_panel 031 ok
2026-09-08 08:14:53,724 simulation xgboost_shap nonlinear_panel 032 ok
2026-09-08 08:14:54,304 simulation xgboost_shap nonlinear_panel 033 ok
2026-09-08 08:14:54,908 simulation xgboost_shap nonlinear_panel 034 ok
2026-09-08 08:14:55,520 simulation xgboost_shap nonlinear_panel 035 ok
2026-09-08 08:14:56,138 simulation xgboost_shap nonlinear_panel 036 ok
2026-09-08 08:14:56,734 simulation xgboost_shap nonlinear_panel 037 ok
2026-09-08 08:14:57,320 simulation xgboost_shap nonlinear_panel 038 ok
2026-09-08 08:14:57,964 simulation xgboost_shap nonlinear_panel 039 ok
2026-09-08 08:14:58,574 simulation xgboost_shap nonlinear_panel 040 ok
2026-09-08 08:14:59,136 simulation xgboost_shap nonlinear_panel 041 ok
2026-09-08 08:14:59,682 simulation xgboost_shap nonlinear_panel 042 ok
2026-09-08 08:15:00,237 simulation xgboost_shap nonlinear_panel 043 ok
2026-09-08 08:15:00,836 simulation xgboost_shap nonlinear_panel 044 ok
2026-09-08 08:15:01,423 simulation xgboost_shap nonlinear_panel 045 ok
2026-09-08 08:15:02,021 simulation xgboost_shap nonlinear_panel 046 ok
2026-09-08 08:15:02,613 simulation xgboost_shap nonlinear_panel 047 ok
2026-09-08 08:15:03,207 simulation xgboost_shap nonlinear_panel 048 ok
2026-09-08 08:15:03,848 simulation xgboost_shap nonlinear_panel 049 ok
2026-09-08 08:15:04,458 simulation xgboost_shap nonlinear_panel 050 ok
2026-09-08 08:15:05,035 simulation xgboost_shap nonlinear_panel 051 ok
2026-09-08 08:15:05,631 simulation xgboost_shap nonlinear_panel 052 ok
2026-09-08 08:15:06,212 simulation xgboost_shap nonlinear_panel 053 ok
2026-09-08 08:15:06,803 simulation xgboost_shap nonlinear_panel 054 ok
2026-09-08 08:15:07,454 simulation xgboost_shap nonlinear_panel 055 ok
2026-09-08 08:15:08,053 simulation xgboost_shap nonlinear_panel 056 ok
2026-09-08 08:15:08,663 simulation xgboost_shap nonlinear_panel 057 ok
2026-09-08 08:15:09,308 simulation xgboost_shap nonlinear_panel 058 ok
2026-09-08 08:15:09,900 simulation xgboost_shap nonlinear_panel 059 ok
2026-09-08 08:15:10,493 simulation xgboost_shap nonlinear_panel 060 ok
2026-09-08 08:15:11,063 simulation xgboost_shap nonlinear_panel 061 ok
2026-09-08 08:15:11,668 simulation xgboost_shap nonlinear_panel 062 ok
2026-09-08 08:15:12,272 simulation xgboost_shap nonlinear_panel 063 ok
2026-09-08 08:15:12,877 simulation xgboost_shap nonlinear_panel 064 ok
2026-09-08 08:15:13,391 simulation xgboost_shap nonlinear_panel 065 ok
2026-09-08 08:15:13,989 simulation xgboost_shap nonlinear_panel 066 ok
2026-09-08 08:15:14,563 simulation xgboost_shap nonlinear_panel 067 ok
2026-09-08 08:15:15,177 simulation xgboost_shap nonlinear_panel 068 ok
2026-09-08 08:15:15,806 simulation xgboost_shap nonlinear_panel 069 ok
2026-09-08 08:15:16,405 simulation xgboost_shap nonlinear_panel 070 ok
2026-09-08 08:15:16,989 simulation xgboost_shap nonlinear_panel 071 ok
2026-09-08 08:15:17,628 simulation xgboost_shap nonlinear_panel 072 ok
2026-09-08 08:15:18,228 simulation xgboost_shap nonlinear_panel 073 ok
2026-09-08 08:15:18,871 simulation xgboost_shap nonlinear_panel 074 ok
2026-09-08 08:15:19,516 simulation xgboost_shap nonlinear_panel 075 ok
2026-09-08 08:15:20,133 simulation xgboost_shap nonlinear_panel 076 ok
2026-09-08 08:15:20,720 simulation xgboost_shap nonlinear_panel 077 ok
2026-09-08 08:15:21,268 simulation xgboost_shap nonlinear_panel 078 ok
2026-09-08 08:15:21,844 simulation xgboost_shap nonlinear_panel 079 ok
2026-09-08 08:15:22,460 simulation xgboost_shap nonlinear_panel 080 ok
2026-09-08 08:15:23,082 simulation xgboost_shap nonlinear_panel 081 ok
2026-09-08 08:15:23,672 simulation xgboost_shap nonlinear_panel 082 ok
2026-09-08 08:15:24,263 simulation xgboost_shap nonlinear_panel 083 ok
2026-09-08 08:15:24,807 simulation xgboost_shap nonlinear_panel 084 ok
2026-09-08 08:15:25,384 simulation xgboost_shap nonlinear_panel 085 ok
2026-09-08 08:15:25,955 simulation xgboost_shap nonlinear_panel 086 ok
2026-09-08 08:15:26,537 simulation xgboost_shap nonlinear_panel 087 ok
2026-09-08 08:15:27,159 simulation xgboost_shap nonlinear_panel 088 ok
2026-09-08 08:15:27,718 simulation xgboost_shap nonlinear_panel 089 ok
2026-09-08 08:15:28,334 simulation xgboost_shap nonlinear_panel 090 ok
2026-09-08 08:15:28,928 simulation xgboost_shap nonlinear_panel 091 ok
2026-09-08 08:15:29,533 simulation xgboost_shap nonlinear_panel 092 ok
2026-09-08 08:15:30,118 simulation xgboost_shap nonlinear_panel 093 ok
2026-09-08 08:15:30,708 simulation xgboost_shap nonlinear_panel 094 ok
2026-09-08 08:15:31,338 simulation xgboost_shap nonlinear_panel 095 ok
2026-09-08 08:15:31,928 simulation xgboost_shap nonlinear_panel 096 ok
2026-09-08 08:15:32,533 simulation xgboost_shap nonlinear_panel 097 ok
2026-09-08 08:15:33,111 simulation xgboost_shap nonlinear_panel 098 ok
2026-09-08 08:15:33,703 simulation xgboost_shap nonlinear_panel 099 ok
