2026-09-08 08:07:39,610 xgboost_shap tuning 1/12 0.7316
2026-09-08 08:07:39,692 xgboost_shap tuning 2/12 0.7119
2026-09-08 08:07:39,738 xgboost_shap tuning 3/12 0.7066
2026-09-08 08:07:39,815 xgboost_shap tuning 4/12 0.7046
2026-09-08 08:07:39,902 xgboost_shap tuning 5/12 0.7018
2026-09-08 08:07:40,058 xgboost_shap tuning 6/12 0.7009
2026-09-08 08:07:40,142 xgboost_shap tuning 7/12 0.7049
2026-09-08 08:07:40,292 xgboost_shap tuning 8/12 0.7121
2026-09-08 08:07:40,474 xgboost_shap tuning 9/12 0.7026
2026-09-08 08:07:40,789 xgboost_shap tuning 10/12 0.7083
2026-09-08 08:07:40,963 xgboost_shap tuning 11/12 0.7145
2026-09-08 08:07:41,262 xgboost_shap tuning 12/12 0.7244
2026-09-08 08:07:42,742 xgboost_shap reference ok 1.5s
2026-09-08 08:07:43,626 xgboost_shap half_00_A ok 0.9s
2026-09-08 08:07:44,457 xgboost_shap half_00_B ok 0.8s
2026-09-08 08:07:45,292 xgboost_shap half_01_A ok 0.8s
2026-09-08 08:07:46,154 xgboost_shap half_01_B ok 0.9s
2026-09-08 08:07:47,003 xgboost_shap half_02_A ok 0.8s
2026-09-08 08:07:47,859 xgboost_shap half_02_B ok 0.9s
2026-09-08 08:07:48,727 xgboost_shap half_03_A ok 0.9s
2026-09-08 08:07:49,575 xgboost_shap half_03_B ok 0.8s
2026-09-08 08:07:50,436 xgboost_shap half_04_A ok 0.9s
2026-09-08 08:07:51,277 xgboost_shap half_04_B ok 0.8s
2026-09-08 08:07:52,110 xgboost_shap half_05_A ok 0.8s
2026-09-08 08:07:52,973 xgboost_shap half_05_B ok 0.9s
2026-09-08 08:07:53,829 xgboost_shap half_06_A ok 0.9s
2026-09-08 08:07:54,669 xgboost_shap half_06_B ok 0.8s
2026-09-08 08:07:55,539 xgboost_shap half_07_A ok 0.9s
2026-09-08 08:07:56,370 xgboost_shap half_07_B ok 0.8s
2026-09-08 08:07:57,226 xgboost_shap half_08_A ok 0.9s
2026-09-08 08:07:58,071 xgboost_shap half_08_B ok 0.8s
2026-09-08 08:07:58,927 xgboost_shap half_09_A ok 0.9s
2026-09-08 08:07:59,780 xgboost_shap half_09_B ok 0.9s
2026-09-08 08:08:00,635 xgboost_shap half_10_A ok 0.9s
2026-09-08 08:08:01,482 xgboost_shap half_10_B ok 0.8s
2026-09-08 08:08:02,338 xgboost_shap half_11_A ok 0.9s
2026-09-08 08:08:03,187 xgboost_shap half_11_B ok 0.8s
2026-09-08 08:08:04,032 xgboost_shap half_12_A ok 0.8s
2026-09-08 08:08:04,903 xgboost_shap half_12_B ok 0.9s
2026-09-08 08:08:05,753 xgboost_shap half_13_A ok 0.8s
2026-09-08 08:08:06,637 xgboost_shap half_13_B ok 0.9s
2026-09-08 08:08:07,490 xgboost_shap half_14_A ok 0.9s
2026-09-08 08:08:08,362 xgboost_shap half_14_B ok 0.9s
2026-09-08 08:08:09,233 xgboost_shap half_15_A ok 0.9s
2026-09-08 08:08:10,095 xgboost_shap half_15_B ok 0.9s
2026-09-08 08:08:10,963 xgboost_shap half_16_A ok 0.9s
2026-09-08 08:08:11,804 xgboost_shap half_16_B ok 0.8s
2026-09-08 08:08:12,645 xgboost_shap half_17_A ok 0.8s
2026-09-08 08:08:13,509 xgboost_shap half_17_B ok 0.9s
2026-09-08 08:08:14,357 xgboost_shap half_18_A ok 0.8s
2026-09-08 08:08:15,200 xgboost_shap half_18_B ok 0.8s
2026-09-08 08:08:16,078 xgboost_shap half_19_A ok 0.9s
2026-09-08 08:08:16,895 xgboost_shap half_19_B ok 0.8s
2026-09-08 08:08:17,781 xgboost_shap half_20_A ok 0.9s
2026-09-08 08:08:18,625 xgboost_shap half_20_B ok 0.8s
2026-09-08 08:08:19,465 xgboost_shap half_21_A ok 0.8s
2026-09-08 08:08:20,321 xgboost_shap half_21_B ok 0.9s
2026-09-08 08:08:21,173 xgboost_shap half_22_A ok 0.8s
2026-09-08 08:08:22,029 xgboost_shap half_22_B ok 0.9s
2026-09-08 08:08:22,862 xgboost_shap half_23_A ok 0.8s
2026-09-08 08:08:23,726 xgboost_shap half_23_B ok 0.9s
2026-09-08 08:08:24,557 xgboost_shap half_24_A ok 0.8s
2026-09-08 08:08:25,419 xgboost_shap half_24_B ok 0.9s
2026-09-08 08:08:26,306 xgboost_shap half_25_A ok 0.9s
2026-09-08 08:08:27,165 xgboost_shap half_25_B ok 0.9s
2026-09-08 08:08:28,056 xgboost_shap half_26_A ok 0.9s
2026-09-08 08:08:28,940 xgboost_shap half_26_B ok 0.9s
2026-09-08 08:08:29,798 xgboost_shap half_27_A ok 0.9s
2026-09-08 08:08:30,662 xgboost_shap half_27_B ok 0.9s
2026-09-08 08:08:31,568 xgboost_shap half_28_A ok 0.9s
2026-09-08 08:08:32,414 xgboost_shap half_28_B ok 0.8s
2026-09-08 08:08:33,306 xgboost_shap half_29_A ok 0.9s
2026-09-08 08:08:34,178 xgboost_shap half_29_B ok 0.9s
2026-09-08 08:08:35,330 xgboost_shap f70_00 ok 1.1s
2026-09-08 08:08:36,472 xgboost_shap f70_01 ok 1.1s
2026-09-08 08:08:37,609 xgboost_shap f70_02 ok 1.1s
2026-09-08 08:08:38,741 xgboost_shap f70_03 ok 1.1s
2026-09-08 08:08:39,883 xgboost_shap f70_04 ok 1.1s
2026-09-08 08:08:41,038 xgboost_shap f70_05 ok 1.2s
2026-09-08 08:08:42,175 xgboost_shap f70_06 ok 1.1s
2026-09-08 08:08:43,322 xgboost_shap f70_07 ok 1.1s
2026-09-08 08:08:44,461 xgboost_shap f70_08 ok 1.1s
2026-09-08 08:08:45,585 xgboost_shap f70_09 ok 1.1s
2026-09-08 08:08:46,703 xgboost_shap f70_10 ok 1.1s
2026-09-08 08:08:47,842 xgboost_shap f70_11 ok 1.1s
2026-09-08 08:08:48,972 xgboost_shap f70_12 ok 1.1s
2026-09-08 08:08:50,095 xgboost_shap f70_13 ok 1.1s
2026-09-08 08:08:51,241 xgboost_shap f70_14 ok 1.1s
2026-09-08 08:08:52,359 xgboost_shap f70_15 ok 1.1s
2026-09-08 08:08:53,505 xgboost_shap f70_16 ok 1.1s
2026-09-08 08:08:54,636 xgboost_shap f70_17 ok 1.1s
2026-09-08 08:08:55,770 xgboost_shap f70_18 ok 1.1s
2026-09-08 08:08:56,898 xgboost_shap f70_19 ok 1.1s
2026-09-08 08:08:58,130 xgboost_shap f80_00 ok 1.2s
2026-09-08 08:08:59,373 xgboost_shap f80_01 ok 1.2s
2026-09-08 08:09:00,608 xgboost_shap f80_02 ok 1.2s
2026-09-08 08:09:01,844 xgboost_shap f80_03 ok 1.2s
2026-09-08 08:09:03,092 xgboost_shap f80_04 ok 1.2s
2026-09-08 08:09:04,332 xgboost_shap f80_05 ok 1.2s
2026-09-08 08:09:05,567 xgboost_shap f80_06 ok 1.2s
2026-09-08 08:09:06,794 xgboost_shap f80_07 ok 1.2s
2026-09-08 08:09:08,034 xgboost_shap f80_08 ok 1.2s
2026-09-08 08:09:09,247 xgboost_shap f80_09 ok 1.2s
2026-09-08 08:09:10,478 xgboost_shap f80_10 ok 1.2s
2026-09-08 08:09:11,715 xgboost_shap f80_11 ok 1.2s
2026-09-08 08:09:12,941 xgboost_shap f80_12 ok 1.2s
2026-09-08 08:09:14,168 xgboost_shap f80_13 ok 1.2s
2026-09-08 08:09:15,413 xgboost_shap f80_14 ok 1.2s
2026-09-08 08:09:16,623 xgboost_shap f80_15 ok 1.2s
2026-09-08 08:09:17,879 xgboost_shap f80_16 ok 1.3s
2026-09-08 08:09:19,107 xgboost_shap f80_17 ok 1.2s
2026-09-08 08:09:20,334 xgboost_shap f80_18 ok 1.2s
2026-09-08 08:09:21,572 xgboost_shap f80_19 ok 1.2s
2026-09-08 08:09:23,044 xgboost_shap seedonly_00 ok 1.5s
2026-09-08 08:09:24,518 xgboost_shap seedonly_01 ok 1.5s
2026-09-08 08:09:25,998 xgboost_shap seedonly_02 ok 1.5s
2026-09-08 08:09:27,478 xgboost_shap seedonly_03 ok 1.5s
2026-09-08 08:09:28,961 xgboost_shap seedonly_04 ok 1.5s
2026-09-08 08:09:30,433 xgboost_shap seedonly_05 ok 1.5s
2026-09-08 08:09:31,902 xgboost_shap seedonly_06 ok 1.5s
2026-09-08 08:09:33,382 xgboost_shap seedonly_07 ok 1.5s
2026-09-08 08:09:34,847 xgboost_shap seedonly_08 ok 1.5s
2026-09-08 08:09:36,320 xgboost_shap seedonly_09 ok 1.5s
