entry half_00_A finished 1.4
entry half_01_A finished 0.92
entry half_02_A finished 0.91
entry half_03_A finished 0.89
entry half_04_A finished 0.95
entry half_05_A finished 0.94
entry half_06_A finished 0.93
entry half_07_A finished 0.92
entry half_08_A finished 0.92
entry half_09_A finished 0.95
entry half_10_A finished 0.92
entry half_11_A finished 0.93
entry half_12_A finished 0.93
entry half_13_A finished 0.98
entry half_14_A finished 1.07
entry half_15_A finished 1.2
entry half_16_A finished 1.11
entry half_17_A finished 1.33
entry half_18_A finished 1.14
entry half_19_A finished 1.18
entry half_20_A finished 1.08
entry half_21_A finished 1.22
entry half_22_A finished 1.11
entry half_23_A finished 1.12
entry half_24_A finished 1.19
entry half_25_A finished 1.49
entry half_26_A finished 1.31
entry half_27_A finished 1.28
entry half_28_A finished 1.19
entry half_29_A finished 1.34
entry f70_00 finished 1.17
entry f70_02 finished 1.24
entry f70_04 finished 1.19
entry f70_06 finished 1.16
entry f70_08 finished 1.15
entry f70_10 finished 1.1
entry f70_12 finished 1.18
entry f70_14 finished 1.18
entry f70_16 finished 1.15
entry f70_18 finished 1.24
entry f80_00 finished 1.24
entry f80_02 finished 1.24
entry f80_04 finished 1.17
entry f80_06 finished 1.66
entry f80_08 finished 1.28
entry f80_10 finished 1.16
entry f80_12 finished 1.16
entry f80_14 finished 1.38
entry f80_16 finished 1.19
entry f80_18 finished 1.11
entry seedonly_00 finished 1.2
entry seedonly_02 finished 1.24
entry seedonly_04 finished 1.24
entry seedonly_06 finished 1.4
entry seedonly_08 finished 1.29
entry reference_k8 finished 1.56
entry linear_sparse_001 finished 1.39
entry linear_sparse_003 finished 1.4
entry linear_sparse_005 finished 1.19
entry linear_sparse_007 finished 1.06
entry linear_sparse_009 finished 1.2
entry linear_sparse_011 finished 1.11
entry linear_sparse_013 finished 1.25
entry linear_sparse_015 finished 1.27
entry linear_sparse_017 finished 1.43
entry linear_sparse_019 finished 1.18
entry linear_sparse_021 finished 1.12
entry linear_sparse_023 finished 1.21
entry linear_sparse_025 finished 1.22
entry linear_sparse_027 finished 1.52
entry linear_sparse_029 finished 1.54
entry linear_sparse_031 finished 1.39
entry linear_sparse_033 finished 1.34
entry linear_sparse_035 finished 1.31
entry linear_sparse_037 finished 1.21
entry linear_sparse_039 finished 1.12
entry linear_sparse_041 finished 1.18
entry linear_sparse_043 finished 1.11
entry linear_sparse_045 finished 1.25
entry linear_sparse_047 finished 1.35
entry linear_sparse_049 finished 1.2
entry linear_sparse_051 finished 1.48
entry linear_sparse_053 finished 1.37
entry linear_sparse_055 finished 1.5
entry linear_sparse_057 finished 1.44
entry linear_sparse_059 finished 1.4
entry linear_sparse_061 finished 1.34
entry linear_sparse_063 finished 1.2
entry linear_sparse_065 finished 1.13
entry linear_sparse_067 finished 1.29
entry linear_sparse_069 finished 1.45
entry linear_sparse_071 finished 1.37
entry linear_sparse_073 finished 1.44
entry linear_sparse_075 finished 1.52
entry linear_sparse_077 finished 1.53
entry linear_sparse_079 finished 1.62
entry linear_sparse_081 finished 1.16
entry linear_sparse_083 finished 1.24
entry linear_sparse_085 finished 1.12
entry linear_sparse_087 finished 1.1
entry linear_sparse_089 finished 1.35
entry linear_sparse_091 finished 1.41
entry linear_sparse_093 finished 1.48
entry linear_sparse_095 finished 1.58
entry linear_sparse_097 finished 1.43
entry linear_sparse_099 finished 1.22
entry linear_medium_001 finished 1.15
entry linear_medium_003 finished 1.15
entry linear_medium_005 finished 1.25
entry linear_medium_007 finished 1.24
entry linear_medium_009 finished 1.28
entry linear_medium_011 finished 1.18
entry linear_medium_013 finished 1.23
entry linear_medium_015 finished 1.24
entry linear_medium_017 finished 1.15
entry linear_medium_019 finished 1.26
entry linear_medium_021 finished 1.37
entry linear_medium_023 finished 1.26
entry linear_medium_025 finished 1.2
entry linear_medium_027 finished 1.37
entry linear_medium_029 finished 1.36
entry linear_medium_031 finished 1.25
entry linear_medium_033 finished 1.19
entry linear_medium_035 finished 1.29
entry linear_medium_037 finished 1.48
entry linear_medium_039 finished 1.3
entry linear_medium_041 finished 1.24
entry linear_medium_043 finished 1.12
entry linear_medium_045 finished 1.23
entry linear_medium_047 finished 1.11
entry linear_medium_049 finished 1.28
entry linear_medium_051 finished 1.52
entry linear_medium_053 finished 1.68
entry linear_medium_055 finished 1.24
entry linear_medium_057 finished 1.15
entry linear_medium_059 finished 1.25
entry linear_medium_061 finished 1.19
entry linear_medium_063 finished 1.15
entry linear_medium_065 finished 1.07
entry linear_medium_067 finished 1.46
entry linear_medium_069 finished 1.5
entry linear_medium_071 finished 1.34
entry linear_medium_073 finished 1.47
entry linear_medium_075 finished 1.5
entry linear_medium_077 finished 1.28
entry linear_medium_079 finished 1.24
entry linear_medium_081 finished 1.34
entry linear_medium_083 finished 1.32
entry linear_medium_085 finished 1.25
entry linear_medium_087 finished 1.3
entry linear_medium_089 finished 1.46
entry linear_medium_091 finished 1.42
entry linear_medium_093 finished 1.32
entry linear_medium_095 finished 1.29
entry linear_medium_097 finished 1.51
entry linear_medium_099 finished 1.46
entry linear_weak_001 finished 1.2
entry linear_weak_003 finished 1.13
entry linear_weak_005 finished 1.11
entry linear_weak_007 finished 1.14
entry linear_weak_009 finished 1.25
entry linear_weak_011 finished 1.15
entry linear_weak_013 finished 1.29
entry linear_weak_015 finished 1.3
entry linear_weak_017 finished 1.17
entry linear_weak_019 finished 1.18
entry linear_weak_021 finished 1.2
entry linear_weak_023 finished 1.24
entry linear_weak_025 finished 1.4
entry linear_weak_027 finished 1.46
entry linear_weak_029 finished 1.61
entry linear_weak_031 finished 1.55
entry linear_weak_033 finished 1.89
entry linear_weak_035 finished 1.3
entry linear_weak_037 finished 1.19
entry linear_weak_039 finished 1.31
entry linear_weak_041 finished 1.4
entry linear_weak_043 finished 1.35
entry linear_weak_045 finished 1.32
entry linear_weak_047 finished 1.44
entry linear_weak_049 finished 1.24
entry linear_weak_051 finished 1.26
entry linear_weak_053 finished 1.25
entry linear_weak_055 finished 1.27
entry linear_weak_057 finished 1.45
entry linear_weak_059 finished 1.47
entry linear_weak_061 finished 1.23
entry linear_weak_063 finished 1.32
entry linear_weak_065 finished 1.6
entry linear_weak_067 finished 1.24
entry linear_weak_069 finished 1.19
entry linear_weak_071 finished 1.42
entry linear_weak_073 finished 1.34
entry linear_weak_075 finished 1.22
entry linear_weak_077 finished 1.24
entry linear_weak_079 finished 1.08
entry linear_weak_081 finished 1.13
entry linear_weak_083 finished 1.11
entry linear_weak_085 finished 1.22
entry linear_weak_087 finished 1.26
entry linear_weak_089 finished 1.28
entry linear_weak_091 finished 1.18
entry linear_weak_093 finished 1.19
entry linear_weak_095 finished 1.35
entry linear_weak_097 finished 1.32
entry linear_weak_099 finished 1.34
entry linear_dense_001 finished 1.29
entry linear_dense_003 finished 1.28
entry linear_dense_005 finished 1.38
entry linear_dense_007 finished 1.23
entry linear_dense_009 finished 1.49
entry linear_dense_011 finished 1.18
entry linear_dense_013 finished 1.43
entry linear_dense_015 finished 1.46
entry linear_dense_017 finished 1.49
entry linear_dense_019 finished 1.41
entry linear_dense_021 finished 1.68
entry linear_dense_023 finished 1.54
entry linear_dense_025 finished 1.45
entry linear_dense_027 finished 1.53
entry linear_dense_029 finished 1.72
entry linear_dense_031 finished 2.06
entry linear_dense_033 finished 1.62
entry linear_dense_035 finished 1.03
entry linear_dense_037 finished 1.06
entry linear_dense_039 finished 1.05
entry linear_dense_041 finished 0.96
entry linear_dense_043 finished 0.97
entry linear_dense_045 finished 1.05
entry linear_dense_047 finished 1.14
entry linear_dense_049 finished 1.0
entry linear_dense_051 finished 1.02
entry linear_dense_053 finished 1.05
entry linear_dense_055 finished 1.01
entry linear_dense_057 finished 0.94
entry linear_dense_059 finished 1.1
entry linear_dense_061 finished 1.16
entry linear_dense_063 finished 1.17
entry linear_dense_065 finished 1.23
entry linear_dense_067 finished 1.21
entry linear_dense_069 finished 1.13
entry linear_dense_071 finished 1.08
entry linear_dense_073 finished 1.03
entry linear_dense_075 finished 1.08
entry linear_dense_077 finished 1.15
entry linear_dense_079 finished 0.99
entry linear_dense_081 finished 0.99
entry linear_dense_083 finished 1.06
entry linear_dense_085 finished 1.07
entry linear_dense_087 finished 1.13
entry linear_dense_089 finished 1.02
entry linear_dense_091 finished 1.09
entry linear_dense_093 finished 1.2
entry linear_dense_095 finished 0.96
entry linear_dense_097 finished 1.29
entry linear_dense_099 finished 1.77
entry nonlinear_001 finished 1.64
entry nonlinear_003 finished 1.62
entry nonlinear_005 finished 1.14
entry nonlinear_007 finished 1.01
entry nonlinear_009 finished 1.1
entry nonlinear_011 finished 1.19
entry nonlinear_013 finished 1.41
entry nonlinear_015 finished 1.28
entry nonlinear_017 finished 1.28
entry nonlinear_019 finished 1.04
entry nonlinear_021 finished 0.96
entry nonlinear_023 finished 0.98
entry nonlinear_025 finished 0.89
entry nonlinear_027 finished 0.99
entry nonlinear_029 finished 1.05
entry nonlinear_031 finished 1.15
entry nonlinear_033 finished 1.03
entry nonlinear_035 finished 1.18
entry nonlinear_037 finished 1.14
entry nonlinear_039 finished 1.1
entry nonlinear_041 finished 1.1
entry nonlinear_043 finished 1.08
entry nonlinear_045 finished 0.99
entry nonlinear_047 finished 1.1
entry nonlinear_049 finished 1.16
entry nonlinear_051 finished 1.24
entry nonlinear_053 finished 1.15
entry nonlinear_055 finished 1.27
entry nonlinear_057 finished 1.07
entry nonlinear_059 finished 1.14
entry nonlinear_061 finished 1.0
entry nonlinear_063 finished 1.06
entry nonlinear_065 finished 0.99
entry nonlinear_067 finished 1.18
entry nonlinear_069 finished 1.04
entry nonlinear_071 finished 1.1
entry nonlinear_073 finished 1.13
entry nonlinear_075 finished 1.03
entry nonlinear_077 finished 1.07
entry nonlinear_079 finished 1.05
entry nonlinear_081 finished 0.9
entry nonlinear_083 finished 1.07
entry nonlinear_085 finished 1.09
entry nonlinear_087 finished 1.07
entry nonlinear_089 finished 1.18
entry nonlinear_091 finished 1.11
entry nonlinear_093 finished 1.22
entry nonlinear_095 finished 1.09
entry nonlinear_097 finished 1.05
entry nonlinear_099 finished 1.19
entry nonlinear_panel_001 finished 1.06
entry nonlinear_panel_003 finished 1.03
entry nonlinear_panel_005 finished 1.12
entry nonlinear_panel_007 finished 1.33
entry nonlinear_panel_009 finished 1.32
entry nonlinear_panel_011 finished 1.25
entry nonlinear_panel_013 finished 1.04
entry nonlinear_panel_015 finished 1.06
entry nonlinear_panel_017 finished 1.13
entry nonlinear_panel_019 finished 1.09
entry nonlinear_panel_021 finished 0.99
entry nonlinear_panel_023 finished 1.21
entry nonlinear_panel_025 finished 1.24
entry nonlinear_panel_027 finished 1.25
entry nonlinear_panel_029 finished 1.22
entry nonlinear_panel_031 finished 1.08
entry nonlinear_panel_033 finished 1.11
entry nonlinear_panel_035 finished 1.21
entry nonlinear_panel_037 finished 1.1
entry nonlinear_panel_039 finished 1.06
entry nonlinear_panel_041 finished 1.25
entry nonlinear_panel_043 finished 1.16
entry nonlinear_panel_045 finished 1.12
entry nonlinear_panel_047 finished 1.18
entry nonlinear_panel_049 finished 1.29
entry nonlinear_panel_051 finished 1.3
entry nonlinear_panel_053 finished 1.16
entry nonlinear_panel_055 finished 1.16
entry nonlinear_panel_057 finished 1.09
entry nonlinear_panel_059 finished 1.18
entry nonlinear_panel_061 finished 1.17
entry nonlinear_panel_063 finished 1.1
entry nonlinear_panel_065 finished 1.19
entry nonlinear_panel_067 finished 1.12
entry nonlinear_panel_069 finished 1.19
entry nonlinear_panel_071 finished 1.15
entry nonlinear_panel_073 finished 1.08
entry nonlinear_panel_075 finished 1.19
entry nonlinear_panel_077 finished 1.02
entry nonlinear_panel_079 finished 1.05
entry nonlinear_panel_081 finished 1.1
entry nonlinear_panel_083 finished 1.08
entry nonlinear_panel_085 finished 1.04
entry nonlinear_panel_087 finished 1.12
entry nonlinear_panel_089 finished 1.16
entry nonlinear_panel_091 finished 1.07
entry nonlinear_panel_093 finished 1.14
entry nonlinear_panel_095 finished 1.1
entry nonlinear_panel_097 finished 1.1
entry nonlinear_panel_099 finished 1.07
