subset half_00_B finished 37.49
subset half_02_B finished 38.22
subset half_04_B finished 40.83
subset half_06_B finished 38.91
subset half_08_B finished 39.59
subset half_10_B finished 40.12
subset half_12_B finished 41.71
subset half_14_B finished 35.87
subset half_16_B finished 33.87
subset half_18_B finished 35.09
subset half_20_B finished 35.49
subset half_22_B finished 33.9
subset half_24_B finished 34.74
subset half_26_B finished 35.4
subset half_28_B finished 36.28
subset f70_01 finished 35.16
subset f70_05 finished 42.8
subset f70_13 finished 45.31
subset f80_01 finished 42.03
subset f80_09 finished 41.46
subset f80_17 finished 41.39
subset seedonly_05 finished 41.37
subset linear_sparse_002 finished 40.21
subset linear_sparse_010 finished 39.77
subset linear_sparse_018 finished 38.65
subset linear_sparse_026 finished 39.81
subset linear_sparse_034 finished 48.5
subset linear_sparse_042 finished 51.06
subset linear_sparse_050 finished 49.52
subset linear_sparse_058 finished 46.98
subset linear_sparse_066 finished 45.52
subset linear_sparse_074 finished 47.25
subset linear_sparse_082 finished 41.19
subset linear_sparse_090 finished 40.05
subset linear_sparse_098 finished 39.15
subset linear_medium_006 finished 39.56
subset linear_medium_014 finished 41.58
subset linear_medium_022 finished 40.95
subset linear_medium_030 finished 43.75
subset linear_medium_038 finished 43.64
subset linear_medium_046 finished 39.99
subset linear_medium_054 finished 42.16
subset linear_medium_062 finished 43.58
subset linear_medium_070 finished 42.52
subset linear_medium_078 finished 40.58
subset linear_medium_086 finished 37.87
subset linear_medium_094 finished 33.81
subset linear_weak_002 finished 33.37
subset linear_weak_010 finished 35.99
subset linear_weak_018 finished 38.6
subset linear_weak_026 finished 38.22
subset linear_weak_034 finished 37.45
subset linear_weak_042 finished 37.45
subset linear_weak_050 finished 36.66
subset linear_weak_058 finished 38.05
subset linear_weak_066 finished 37.94
subset linear_weak_074 finished 37.2
subset linear_weak_082 finished 39.05
subset linear_weak_090 finished 36.57
subset linear_weak_098 finished 34.98
subset linear_dense_006 finished 35.34
subset linear_dense_014 finished 34.98
subset linear_dense_022 finished 35.04
subset linear_dense_030 finished 35.69
subset linear_dense_038 finished 37.75
subset linear_dense_046 finished 37.8
subset linear_dense_054 finished 38.95
subset linear_dense_062 finished 38.22
subset linear_dense_070 finished 38.35
subset linear_dense_078 finished 38.13
subset linear_dense_086 finished 37.98
subset linear_dense_094 finished 38.62
subset nonlinear_002 finished 37.92
subset nonlinear_010 finished 37.63
subset nonlinear_018 finished 37.73
subset nonlinear_026 finished 38.29
subset nonlinear_034 finished 36.64
subset nonlinear_042 finished 39.94
subset nonlinear_050 finished 278.63
subset nonlinear_058 finished 241.93
subset nonlinear_066 finished 245.32
subset nonlinear_074 finished 211.54
subset nonlinear_082 finished 220.79
subset nonlinear_090 finished 299.77
subset nonlinear_098 finished 321.42
subset nonlinear_panel_002 finished 228.1
subset nonlinear_panel_006 finished 110.8
subset nonlinear_panel_010 finished 98.32
subset nonlinear_panel_014 finished 137.38
subset nonlinear_panel_018 finished 209.33
subset nonlinear_panel_022 finished 194.18
subset nonlinear_panel_026 finished 194.3
subset nonlinear_panel_030 finished 116.03
subset nonlinear_panel_034 finished 103.4
subset nonlinear_panel_038 finished 117.68
subset nonlinear_panel_042 finished 199.5
subset nonlinear_panel_046 finished 219.93
subset nonlinear_panel_050 finished 173.44
subset nonlinear_panel_054 finished 103.71
subset nonlinear_panel_058 finished 145.95
subset nonlinear_panel_062 finished 45.76
subset nonlinear_panel_066 finished 40.83
subset nonlinear_panel_070 finished 42.63
subset nonlinear_panel_074 finished 51.35
subset nonlinear_panel_078 finished 35.97
subset nonlinear_panel_082 finished 49.52
subset nonlinear_panel_086 finished 34.43
subset nonlinear_panel_090 finished 38.91
subset nonlinear_panel_094 finished 27.89
subset nonlinear_panel_098 finished 27.9
