gate f70_02 finished 28.5
gate f70_06 finished 30.7
gate f70_10 finished 24.65
gate f70_14 finished 25.0
gate f70_18 finished 25.51
gate f80_02 finished 28.66
gate f80_06 finished 30.92
gate f80_10 finished 28.28
gate f80_14 finished 29.4
gate f80_18 finished 24.88
gate seedonly_02 finished 31.72
gate seedonly_06 finished 34.78
gate reference_k8 finished 37.35
gate linear_sparse_003 finished 4.32
gate linear_sparse_007 finished 4.23
gate linear_sparse_011 finished 3.97
gate linear_sparse_015 finished 3.34
gate linear_sparse_019 finished 5.49
gate linear_sparse_023 finished 5.48
gate linear_sparse_027 finished 4.61
gate linear_sparse_031 finished 8.0
gate linear_sparse_035 finished 4.69
gate linear_sparse_039 finished 6.44
gate linear_sparse_043 finished 4.88
gate linear_sparse_047 finished 5.78
gate linear_sparse_051 finished 4.04
gate linear_sparse_055 finished 5.8
gate linear_sparse_059 finished 5.97
gate linear_sparse_063 finished 6.16
gate linear_sparse_067 finished 6.39
gate linear_sparse_071 finished 8.4
gate linear_sparse_075 finished 7.68
gate linear_sparse_079 finished 5.55
gate linear_sparse_083 finished 5.95
gate linear_sparse_087 finished 5.81
gate linear_sparse_091 finished 7.15
gate linear_sparse_095 finished 6.55
gate linear_sparse_099 finished 6.2
gate linear_medium_003 finished 6.95
gate linear_medium_007 finished 6.15
gate linear_medium_011 finished 4.62
gate linear_medium_015 finished 5.76
gate linear_medium_019 finished 3.96
gate linear_medium_023 finished 6.08
gate linear_medium_027 finished 8.74
gate linear_medium_031 finished 6.27
gate linear_medium_035 finished 6.83
gate linear_medium_039 finished 4.1
gate linear_medium_043 finished 4.46
gate linear_medium_047 finished 6.35
gate linear_medium_051 finished 4.28
gate linear_medium_055 finished 5.74
gate linear_medium_059 finished 3.8
gate linear_medium_063 finished 5.63
gate linear_medium_067 finished 6.42
gate linear_medium_071 finished 6.69
gate linear_medium_075 finished 5.73
gate linear_medium_079 finished 3.84
gate linear_medium_083 finished 5.21
gate linear_medium_087 finished 5.36
gate linear_medium_091 finished 7.04
gate linear_medium_095 finished 5.28
gate linear_medium_099 finished 5.84
gate linear_weak_003 finished 4.2
gate linear_weak_007 finished 3.79
gate linear_weak_011 finished 4.13
gate linear_weak_015 finished 4.01
gate linear_weak_019 finished 5.65
gate linear_weak_023 finished 4.53
gate linear_weak_027 finished 3.68
gate linear_weak_031 finished 4.0
gate linear_weak_035 finished 3.79
gate linear_weak_039 finished 4.01
gate linear_weak_043 finished 4.72
gate linear_weak_047 finished 5.13
gate linear_weak_051 finished 3.42
gate linear_weak_055 finished 4.01
gate linear_weak_059 finished 3.07
gate linear_weak_063 finished 3.72
gate linear_weak_067 finished 3.45
gate linear_weak_071 finished 3.78
gate linear_weak_075 finished 3.17
gate linear_weak_079 finished 3.16
gate linear_weak_083 finished 3.34
gate linear_weak_087 finished 3.98
gate linear_weak_091 finished 3.96
gate linear_weak_095 finished 3.48
gate linear_weak_099 finished 3.56
gate linear_dense_003 finished 3.94
gate linear_dense_007 finished 3.18
gate linear_dense_011 finished 5.38
gate linear_dense_015 finished 5.21
gate linear_dense_019 finished 3.49
gate linear_dense_023 finished 3.9
gate linear_dense_027 finished 5.98
gate linear_dense_031 finished 4.57
gate linear_dense_035 finished 4.16
gate linear_dense_039 finished 4.65
gate linear_dense_043 finished 4.35
gate linear_dense_047 finished 4.1
gate linear_dense_051 finished 4.22
gate linear_dense_055 finished 3.34
gate linear_dense_059 finished 5.13
gate linear_dense_063 finished 4.73
gate linear_dense_067 finished 3.36
gate linear_dense_071 finished 4.5
gate linear_dense_075 finished 5.22
gate linear_dense_079 finished 3.34
gate linear_dense_083 finished 3.95
gate linear_dense_087 finished 5.38
gate linear_dense_091 finished 3.72
gate linear_dense_095 finished 4.37
gate linear_dense_099 finished 4.15
gate nonlinear_003 finished 4.94
gate nonlinear_007 finished 8.84
gate nonlinear_011 finished 7.6
gate nonlinear_015 finished 7.61
gate nonlinear_019 finished 7.15
gate nonlinear_023 finished 6.29
gate nonlinear_027 finished 7.53
gate nonlinear_031 finished 6.96
gate nonlinear_035 finished 7.83
gate nonlinear_039 finished 7.08
gate nonlinear_043 finished 6.87
gate nonlinear_047 finished 7.61
gate nonlinear_051 finished 6.14
gate nonlinear_055 finished 7.34
gate nonlinear_059 finished 6.7
gate nonlinear_063 finished 6.68
gate nonlinear_067 finished 8.38
gate nonlinear_071 finished 5.11
gate nonlinear_075 finished 7.77
gate nonlinear_079 finished 7.05
gate nonlinear_083 finished 6.91
gate nonlinear_087 finished 5.55
gate nonlinear_091 finished 7.66
gate nonlinear_095 finished 7.39
gate nonlinear_099 finished 6.8
gate nonlinear_panel_003 finished 7.28
gate nonlinear_panel_007 finished 6.1
gate nonlinear_panel_011 finished 6.57
gate nonlinear_panel_015 finished 4.61
gate nonlinear_panel_019 finished 4.81
gate nonlinear_panel_023 finished 5.09
gate nonlinear_panel_027 finished 5.64
gate nonlinear_panel_031 finished 4.91
gate nonlinear_panel_035 finished 8.32
gate nonlinear_panel_039 finished 7.99
gate nonlinear_panel_043 finished 8.34
gate nonlinear_panel_047 finished 6.49
gate nonlinear_panel_051 finished 5.1
gate nonlinear_panel_055 finished 7.87
gate nonlinear_panel_059 finished 7.37
gate nonlinear_panel_063 finished 6.87
gate nonlinear_panel_067 finished 6.84
gate nonlinear_panel_071 finished 8.08
gate nonlinear_panel_075 finished 7.27
gate nonlinear_panel_079 finished 6.5
gate nonlinear_panel_083 finished 6.19
gate nonlinear_panel_087 finished 6.43
gate nonlinear_panel_091 finished 5.81
gate nonlinear_panel_095 finished 7.63
gate nonlinear_panel_099 finished 7.35
