subset reference finished 39.25
subset half_01_B finished 37.38
subset half_03_B finished 40.16
subset half_05_B finished 38.2
subset half_07_B finished 38.46
subset half_09_B finished 40.35
subset half_11_B finished 40.99
subset half_13_B finished 34.84
subset half_15_B finished 34.1
subset half_17_B finished 33.83
subset half_19_B finished 34.81
subset half_21_B finished 33.84
subset half_23_B finished 33.69
subset half_25_B finished 34.05
subset half_27_B finished 34.5
subset half_29_B finished 34.79
subset f70_03 finished 42.06
subset f70_11 finished 45.03
subset f70_19 finished 40.85
subset f80_07 finished 41.34
subset f80_15 finished 41.37
subset seedonly_03 finished 40.82
subset linear_sparse_000 finished 39.35
subset linear_sparse_008 finished 38.81
subset linear_sparse_016 finished 38.48
subset linear_sparse_024 finished 37.92
subset linear_sparse_032 finished 47.34
subset linear_sparse_040 finished 50.64
subset linear_sparse_048 finished 47.29
subset linear_sparse_056 finished 48.33
subset linear_sparse_064 finished 44.86
subset linear_sparse_072 finished 45.64
subset linear_sparse_080 finished 42.49
subset linear_sparse_088 finished 39.56
subset linear_sparse_096 finished 39.09
subset linear_medium_004 finished 38.54
subset linear_medium_012 finished 41.41
subset linear_medium_020 finished 40.27
subset linear_medium_028 finished 43.1
subset linear_medium_036 finished 44.06
subset linear_medium_044 finished 41.29
subset linear_medium_052 finished 39.99
subset linear_medium_060 finished 43.05
subset linear_medium_068 finished 43.43
subset linear_medium_076 finished 41.86
subset linear_medium_084 finished 38.35
subset linear_medium_092 finished 36.45
subset linear_weak_000 finished 33.39
subset linear_weak_008 finished 35.3
subset linear_weak_016 finished 38.76
subset linear_weak_024 finished 39.09
subset linear_weak_032 finished 38.07
subset linear_weak_040 finished 38.82
subset linear_weak_048 finished 37.0
subset linear_weak_056 finished 38.75
subset linear_weak_064 finished 38.64
subset linear_weak_072 finished 38.65
subset linear_weak_080 finished 39.38
subset linear_weak_088 finished 37.86
subset linear_weak_096 finished 36.1
subset linear_dense_004 finished 35.39
subset linear_dense_012 finished 35.56
subset linear_dense_020 finished 35.78
subset linear_dense_028 finished 36.21
subset linear_dense_036 finished 37.87
subset linear_dense_044 finished 38.78
subset linear_dense_052 finished 39.69
subset linear_dense_060 finished 38.45
subset linear_dense_068 finished 39.39
subset linear_dense_076 finished 39.12
subset linear_dense_084 finished 38.26
subset linear_dense_092 finished 38.99
subset nonlinear_000 finished 39.13
subset nonlinear_008 finished 38.67
subset nonlinear_016 finished 39.39
subset nonlinear_024 finished 39.33
subset nonlinear_032 finished 36.17
subset nonlinear_040 finished 58.3
subset nonlinear_048 finished 333.18
subset nonlinear_056 finished 250.92
subset nonlinear_064 finished 244.79
subset nonlinear_072 finished 213.59
subset nonlinear_080 finished 256.79
subset nonlinear_088 finished 317.45
subset nonlinear_096 finished 371.15
subset nonlinear_panel_004 finished 225.54
subset nonlinear_panel_008 finished 110.61
subset nonlinear_panel_012 finished 96.01
subset nonlinear_panel_016 finished 126.5
subset nonlinear_panel_020 finished 198.89
subset nonlinear_panel_024 finished 195.94
subset nonlinear_panel_028 finished 194.49
subset nonlinear_panel_032 finished 127.03
subset nonlinear_panel_036 finished 102.19
subset nonlinear_panel_040 finished 112.8
subset nonlinear_panel_044 finished 177.07
subset nonlinear_panel_048 finished 220.83
subset nonlinear_panel_052 finished 175.54
subset nonlinear_panel_056 finished 123.91
subset nonlinear_panel_060 finished 126.82
subset nonlinear_panel_064 finished 77.75
subset nonlinear_panel_068 finished 31.45
subset nonlinear_panel_072 finished 49.2
subset nonlinear_panel_076 finished 34.89
subset nonlinear_panel_080 finished 43.58
subset nonlinear_panel_084 finished 53.75
subset nonlinear_panel_088 finished 28.45
subset nonlinear_panel_092 finished 42.49
subset nonlinear_panel_096 finished 27.37
