gate half_00_A finished 23.08
gate half_01_A finished 15.26
gate half_02_A finished 18.34
gate half_03_A finished 23.86
gate half_04_A finished 11.92
gate half_05_A finished 20.5
gate half_06_A finished 22.44
gate half_07_A finished 24.59
gate half_08_A finished 22.58
gate half_09_A finished 22.88
gate half_10_A finished 20.03
gate half_11_A finished 21.2
gate half_12_A finished 21.47
gate half_13_A finished 21.23
gate half_14_A finished 23.95
gate half_15_A finished 21.2
gate half_16_A finished 14.9
gate half_17_A finished 15.59
gate half_18_A finished 21.99
gate half_19_A finished 23.03
gate half_20_A finished 20.33
gate half_21_A finished 17.33
gate half_22_A finished 19.16
gate half_23_A finished 15.7
gate half_24_A finished 20.08
gate half_25_A finished 20.58
gate half_26_A finished 16.94
gate half_27_A finished 20.34
gate half_28_A finished 21.34
gate half_29_A finished 16.99
gate f70_00 finished 25.42
gate f70_04 finished 30.68
gate f70_08 finished 28.5
gate f70_12 finished 25.16
gate f70_16 finished 22.79
gate f80_00 finished 28.28
gate f80_04 finished 24.47
gate f80_08 finished 26.02
gate f80_12 finished 25.31
gate f80_16 finished 32.89
gate seedonly_00 finished 27.1
gate seedonly_04 finished 33.21
gate seedonly_08 finished 29.63
gate linear_sparse_001 finished 3.84
gate linear_sparse_005 finished 6.76
gate linear_sparse_009 finished 5.08
gate linear_sparse_013 finished 5.51
gate linear_sparse_017 finished 4.04
gate linear_sparse_021 finished 6.54
gate linear_sparse_025 finished 4.79
gate linear_sparse_029 finished 5.17
gate linear_sparse_033 finished 4.76
gate linear_sparse_037 finished 5.36
gate linear_sparse_041 finished 5.99
gate linear_sparse_045 finished 6.89
gate linear_sparse_049 finished 6.05
gate linear_sparse_053 finished 7.42
gate linear_sparse_057 finished 5.89
gate linear_sparse_061 finished 4.32
gate linear_sparse_065 finished 5.88
gate linear_sparse_069 finished 5.6
gate linear_sparse_073 finished 5.12
gate linear_sparse_077 finished 5.13
gate linear_sparse_081 finished 7.26
gate linear_sparse_085 finished 7.96
gate linear_sparse_089 finished 5.52
gate linear_sparse_093 finished 6.52
gate linear_sparse_097 finished 5.86
gate linear_medium_001 finished 5.91
gate linear_medium_005 finished 6.45
gate linear_medium_009 finished 4.88
gate linear_medium_013 finished 6.03
gate linear_medium_017 finished 7.72
gate linear_medium_021 finished 6.34
gate linear_medium_025 finished 4.16
gate linear_medium_029 finished 6.17
gate linear_medium_033 finished 5.89
gate linear_medium_037 finished 8.98
gate linear_medium_041 finished 5.0
gate linear_medium_045 finished 6.79
gate linear_medium_049 finished 6.42
gate linear_medium_053 finished 7.2
gate linear_medium_057 finished 6.28
gate linear_medium_061 finished 5.46
gate linear_medium_065 finished 6.13
gate linear_medium_069 finished 5.82
gate linear_medium_073 finished 4.47
gate linear_medium_077 finished 6.04
gate linear_medium_081 finished 5.75
gate linear_medium_085 finished 7.19
gate linear_medium_089 finished 5.17
gate linear_medium_093 finished 5.39
gate linear_medium_097 finished 5.23
gate linear_weak_001 finished 4.38
gate linear_weak_005 finished 3.91
gate linear_weak_009 finished 5.23
gate linear_weak_013 finished 3.97
gate linear_weak_017 finished 4.86
gate linear_weak_021 finished 4.6
gate linear_weak_025 finished 5.22
gate linear_weak_029 finished 5.26
gate linear_weak_033 finished 4.81
gate linear_weak_037 finished 3.85
gate linear_weak_041 finished 4.08
gate linear_weak_045 finished 4.36
gate linear_weak_049 finished 5.4
gate linear_weak_053 finished 4.9
gate linear_weak_057 finished 3.31
gate linear_weak_061 finished 3.38
gate linear_weak_065 finished 4.06
gate linear_weak_069 finished 3.69
gate linear_weak_073 finished 2.86
gate linear_weak_077 finished 3.58
gate linear_weak_081 finished 4.56
gate linear_weak_085 finished 3.38
gate linear_weak_089 finished 3.95
gate linear_weak_093 finished 4.02
gate linear_weak_097 finished 4.03
gate linear_dense_001 finished 5.28
gate linear_dense_005 finished 4.78
gate linear_dense_009 finished 3.39
gate linear_dense_013 finished 5.28
gate linear_dense_017 finished 3.91
gate linear_dense_021 finished 5.21
gate linear_dense_025 finished 3.81
gate linear_dense_029 finished 3.94
gate linear_dense_033 finished 3.26
gate linear_dense_037 finished 4.26
gate linear_dense_041 finished 4.64
gate linear_dense_045 finished 4.63
gate linear_dense_049 finished 4.02
gate linear_dense_053 finished 3.82
gate linear_dense_057 finished 5.06
gate linear_dense_061 finished 5.79
gate linear_dense_065 finished 5.07
gate linear_dense_069 finished 6.41
gate linear_dense_073 finished 3.82
gate linear_dense_077 finished 4.24
gate linear_dense_081 finished 2.77
gate linear_dense_085 finished 5.03
gate linear_dense_089 finished 5.01
gate linear_dense_093 finished 3.47
gate linear_dense_097 finished 3.8
gate nonlinear_001 finished 5.83
gate nonlinear_005 finished 6.83
gate nonlinear_009 finished 7.3
gate nonlinear_013 finished 6.74
gate nonlinear_017 finished 7.33
gate nonlinear_021 finished 6.31
gate nonlinear_025 finished 7.13
gate nonlinear_029 finished 5.97
gate nonlinear_033 finished 4.76
gate nonlinear_037 finished 6.23
gate nonlinear_041 finished 7.32
gate nonlinear_045 finished 6.5
gate nonlinear_049 finished 7.34
gate nonlinear_053 finished 6.85
gate nonlinear_057 finished 5.75
gate nonlinear_061 finished 6.54
gate nonlinear_065 finished 7.72
gate nonlinear_069 finished 5.67
gate nonlinear_073 finished 6.68
gate nonlinear_077 finished 8.03
gate nonlinear_081 finished 6.43
gate nonlinear_085 finished 5.75
gate nonlinear_089 finished 7.39
gate nonlinear_093 finished 7.87
gate nonlinear_097 finished 7.72
gate nonlinear_panel_001 finished 6.56
gate nonlinear_panel_005 finished 6.35
gate nonlinear_panel_009 finished 6.74
gate nonlinear_panel_013 finished 5.63
gate nonlinear_panel_017 finished 4.99
gate nonlinear_panel_021 finished 6.4
gate nonlinear_panel_025 finished 6.69
gate nonlinear_panel_029 finished 7.1
gate nonlinear_panel_033 finished 7.5
gate nonlinear_panel_037 finished 6.49
gate nonlinear_panel_041 finished 6.31
gate nonlinear_panel_045 finished 7.91
gate nonlinear_panel_049 finished 8.28
gate nonlinear_panel_053 finished 7.34
gate nonlinear_panel_057 finished 5.26
gate nonlinear_panel_061 finished 5.83
gate nonlinear_panel_065 finished 6.45
gate nonlinear_panel_069 finished 5.27
gate nonlinear_panel_073 finished 7.98
gate nonlinear_panel_077 finished 7.73
gate nonlinear_panel_081 finished 6.46
gate nonlinear_panel_085 finished 6.0
gate nonlinear_panel_089 finished 5.39
gate nonlinear_panel_093 finished 6.71
gate nonlinear_panel_097 finished 6.67
