subset half_01_A finished 37.54
subset half_03_A finished 38.22
subset half_05_A finished 40.87
subset half_07_A finished 39.6
subset half_09_A finished 39.99
subset half_11_A finished 41.48
subset half_13_A finished 41.74
subset half_15_A finished 36.69
subset half_17_A finished 33.76
subset half_19_A finished 35.56
subset half_21_A finished 35.66
subset half_23_A finished 34.76
subset half_25_A finished 35.42
subset half_27_A finished 35.07
subset half_29_A finished 36.37
subset f70_02 finished 35.13
subset f70_06 finished 42.32
subset f70_14 finished 45.77
subset f80_02 finished 41.64
subset f80_10 finished 42.11
subset f80_18 finished 41.29
subset seedonly_06 finished 40.38
subset linear_sparse_003 finished 40.19
subset linear_sparse_011 finished 39.29
subset linear_sparse_019 finished 38.2
subset linear_sparse_027 finished 39.16
subset linear_sparse_035 finished 47.82
subset linear_sparse_043 finished 51.24
subset linear_sparse_051 finished 47.68
subset linear_sparse_059 finished 47.61
subset linear_sparse_067 finished 45.44
subset linear_sparse_075 finished 47.15
subset linear_sparse_083 finished 41.06
subset linear_sparse_091 finished 40.01
subset linear_sparse_099 finished 38.87
subset linear_medium_007 finished 38.14
subset linear_medium_015 finished 41.3
subset linear_medium_023 finished 40.43
subset linear_medium_031 finished 43.25
subset linear_medium_039 finished 44.11
subset linear_medium_047 finished 40.48
subset linear_medium_055 finished 40.71
subset linear_medium_063 finished 43.5
subset linear_medium_071 finished 43.15
subset linear_medium_079 finished 39.95
subset linear_medium_087 finished 35.9
subset linear_medium_095 finished 33.56
subset linear_weak_003 finished 31.65
subset linear_weak_011 finished 33.27
subset linear_weak_019 finished 35.61
subset linear_weak_027 finished 36.5
subset linear_weak_035 finished 35.12
subset linear_weak_043 finished 36.48
subset linear_weak_051 finished 35.57
subset linear_weak_059 finished 35.47
subset linear_weak_067 finished 36.79
subset linear_weak_075 finished 35.9
subset linear_weak_083 finished 35.56
subset linear_weak_091 finished 37.42
subset linear_weak_099 finished 34.66
subset linear_dense_007 finished 33.53
subset linear_dense_015 finished 33.31
subset linear_dense_023 finished 33.76
subset linear_dense_031 finished 33.64
subset linear_dense_039 finished 33.79
subset linear_dense_047 finished 35.94
subset linear_dense_055 finished 36.05
subset linear_dense_063 finished 36.78
subset linear_dense_071 finished 36.88
subset linear_dense_079 finished 36.47
subset linear_dense_087 finished 35.83
subset linear_dense_095 finished 36.1
subset nonlinear_003 finished 36.29
subset nonlinear_011 finished 36.55
subset nonlinear_019 finished 36.23
subset nonlinear_027 finished 35.83
subset nonlinear_035 finished 36.74
subset nonlinear_043 finished 36.95
subset nonlinear_051 finished 34.18
subset nonlinear_059 finished 44.7
subset nonlinear_067 finished 323.8
subset nonlinear_075 finished 245.11
subset nonlinear_083 finished 237.75
subset nonlinear_091 finished 213.72
subset nonlinear_099 finished 232.08
subset nonlinear_panel_007 finished 331.67
subset nonlinear_panel_015 finished 325.2
subset nonlinear_panel_019 finished 228.39
subset nonlinear_panel_023 finished 111.05
subset nonlinear_panel_027 finished 99.23
subset nonlinear_panel_031 finished 137.93
subset nonlinear_panel_035 finished 211.36
subset nonlinear_panel_039 finished 193.75
subset nonlinear_panel_043 finished 192.18
subset nonlinear_panel_047 finished 116.5
subset nonlinear_panel_051 finished 104.52
subset nonlinear_panel_055 finished 119.8
subset nonlinear_panel_059 finished 208.96
subset nonlinear_panel_063 finished 220.27
subset nonlinear_panel_067 finished 172.77
subset nonlinear_panel_071 finished 96.21
subset nonlinear_panel_075 finished 153.27
subset nonlinear_panel_079 finished 32.74
subset nonlinear_panel_083 finished 46.25
subset nonlinear_panel_087 finished 36.87
subset nonlinear_panel_091 finished 51.19
subset nonlinear_panel_095 finished 38.54
subset nonlinear_panel_099 finished 46.93
