gate f70_01 finished 26.99
gate f70_05 finished 30.94
gate f70_09 finished 32.32
gate f70_13 finished 26.3
gate f70_17 finished 26.99
gate f80_01 finished 33.01
gate f80_05 finished 32.92
gate f80_09 finished 32.86
gate f80_13 finished 28.01
gate f80_17 finished 28.45
gate seedonly_01 finished 29.54
gate seedonly_05 finished 28.83
gate seedonly_09 finished 33.37
gate linear_sparse_002 finished 3.69
gate linear_sparse_006 finished 4.94
gate linear_sparse_010 finished 5.44
gate linear_sparse_014 finished 7.14
gate linear_sparse_018 finished 6.24
gate linear_sparse_022 finished 5.86
gate linear_sparse_026 finished 7.22
gate linear_sparse_030 finished 7.51
gate linear_sparse_034 finished 6.48
gate linear_sparse_038 finished 6.33
gate linear_sparse_042 finished 6.98
gate linear_sparse_046 finished 6.83
gate linear_sparse_050 finished 4.87
gate linear_sparse_054 finished 6.85
gate linear_sparse_058 finished 5.76
gate linear_sparse_062 finished 6.57
gate linear_sparse_066 finished 5.21
gate linear_sparse_070 finished 7.48
gate linear_sparse_074 finished 7.92
gate linear_sparse_078 finished 5.48
gate linear_sparse_082 finished 4.87
gate linear_sparse_086 finished 8.89
gate linear_sparse_090 finished 4.78
gate linear_sparse_094 finished 6.72
gate linear_sparse_098 finished 7.6
gate linear_medium_002 finished 5.85
gate linear_medium_006 finished 7.91
gate linear_medium_010 finished 4.67
gate linear_medium_014 finished 6.38
gate linear_medium_018 finished 4.51
gate linear_medium_022 finished 6.3
gate linear_medium_026 finished 3.74
gate linear_medium_030 finished 5.47
gate linear_medium_034 finished 5.36
gate linear_medium_038 finished 5.99
gate linear_medium_042 finished 4.8
gate linear_medium_046 finished 7.57
gate linear_medium_050 finished 6.5
gate linear_medium_054 finished 5.67
gate linear_medium_058 finished 5.12
gate linear_medium_062 finished 4.11
gate linear_medium_066 finished 5.67
gate linear_medium_070 finished 5.39
gate linear_medium_074 finished 5.77
gate linear_medium_078 finished 5.03
gate linear_medium_082 finished 5.81
gate linear_medium_086 finished 5.46
gate linear_medium_090 finished 6.75
gate linear_medium_094 finished 5.98
gate linear_medium_098 finished 5.1
gate linear_weak_002 finished 4.98
gate linear_weak_006 finished 3.82
gate linear_weak_010 finished 5.21
gate linear_weak_014 finished 4.51
gate linear_weak_018 finished 3.86
gate linear_weak_022 finished 3.19
gate linear_weak_026 finished 5.58
gate linear_weak_030 finished 3.57
gate linear_weak_034 finished 3.9
gate linear_weak_038 finished 3.66
gate linear_weak_042 finished 3.78
gate linear_weak_046 finished 3.65
gate linear_weak_050 finished 3.85
gate linear_weak_054 finished 4.07
gate linear_weak_058 finished 3.14
gate linear_weak_062 finished 3.75
gate linear_weak_066 finished 4.87
gate linear_weak_070 finished 4.59
gate linear_weak_074 finished 4.52
gate linear_weak_078 finished 4.1
gate linear_weak_082 finished 3.81
gate linear_weak_086 finished 4.84
gate linear_weak_090 finished 5.21
gate linear_weak_094 finished 3.35
gate linear_weak_098 finished 3.68
gate linear_dense_002 finished 4.7
gate linear_dense_006 finished 3.7
gate linear_dense_010 finished 4.47
gate linear_dense_014 finished 4.21
gate linear_dense_018 finished 3.72
gate linear_dense_022 finished 4.25
gate linear_dense_026 finished 4.08
gate linear_dense_030 finished 4.63
gate linear_dense_034 finished 4.08
gate linear_dense_038 finished 3.5
gate linear_dense_042 finished 3.68
gate linear_dense_046 finished 3.79
gate linear_dense_050 finished 3.9
gate linear_dense_054 finished 3.51
gate linear_dense_058 finished 3.77
gate linear_dense_062 finished 3.49
gate linear_dense_066 finished 4.46
gate linear_dense_070 finished 3.52
gate linear_dense_074 finished 4.98
gate linear_dense_078 finished 3.56
gate linear_dense_082 finished 4.44
gate linear_dense_086 finished 4.6
gate linear_dense_090 finished 7.05
gate linear_dense_094 finished 4.4
gate linear_dense_098 finished 4.4
gate nonlinear_002 finished 5.02
gate nonlinear_006 finished 6.77
gate nonlinear_010 finished 6.75
gate nonlinear_014 finished 5.36
gate nonlinear_018 finished 7.71
gate nonlinear_022 finished 6.62
gate nonlinear_026 finished 7.08
gate nonlinear_030 finished 7.28
gate nonlinear_034 finished 6.53
gate nonlinear_038 finished 7.87
gate nonlinear_042 finished 7.73
gate nonlinear_046 finished 7.42
gate nonlinear_050 finished 5.75
gate nonlinear_054 finished 8.07
gate nonlinear_058 finished 7.07
gate nonlinear_062 finished 7.25
gate nonlinear_066 finished 5.88
gate nonlinear_070 finished 6.9
gate nonlinear_074 finished 7.23
gate nonlinear_078 finished 5.66
gate nonlinear_082 finished 6.83
gate nonlinear_086 finished 5.65
gate nonlinear_090 finished 7.62
gate nonlinear_094 finished 5.99
gate nonlinear_098 finished 6.03
gate nonlinear_panel_002 finished 6.61
gate nonlinear_panel_006 finished 5.39
gate nonlinear_panel_010 finished 5.58
gate nonlinear_panel_014 finished 5.07
gate nonlinear_panel_018 finished 6.91
gate nonlinear_panel_022 finished 8.32
gate nonlinear_panel_026 finished 6.61
gate nonlinear_panel_030 finished 5.64
gate nonlinear_panel_034 finished 8.25
gate nonlinear_panel_038 finished 7.93
gate nonlinear_panel_042 finished 6.9
gate nonlinear_panel_046 finished 5.5
gate nonlinear_panel_050 finished 7.62
gate nonlinear_panel_054 finished 7.47
gate nonlinear_panel_058 finished 8.12
gate nonlinear_panel_062 finished 7.23
gate nonlinear_panel_066 finished 6.14
gate nonlinear_panel_070 finished 7.33
gate nonlinear_panel_074 finished 5.73
gate nonlinear_panel_078 finished 5.91
gate nonlinear_panel_082 finished 7.68
gate nonlinear_panel_086 finished 6.49
gate nonlinear_panel_090 finished 6.25
gate nonlinear_panel_094 finished 3.99
gate nonlinear_panel_098 finished 6.32
