entry reference finished 1.55
entry half_00_B finished 0.9
entry half_01_B finished 0.89
entry half_02_B finished 0.91
entry half_03_B finished 0.95
entry half_04_B finished 0.94
entry half_05_B finished 0.9
entry half_06_B finished 0.9
entry half_07_B finished 0.91
entry half_08_B finished 0.91
entry half_09_B finished 0.91
entry half_10_B finished 0.92
entry half_11_B finished 0.92
entry half_12_B finished 0.95
entry half_13_B finished 0.98
entry half_14_B finished 1.18
entry half_15_B finished 1.14
entry half_16_B finished 1.16
entry half_17_B finished 1.14
entry half_18_B finished 1.04
entry half_19_B finished 1.11
entry half_20_B finished 1.07
entry half_21_B finished 1.16
entry half_22_B finished 1.07
entry half_23_B finished 1.14
entry half_24_B finished 1.13
entry half_25_B finished 1.41
entry half_26_B finished 1.29
entry half_27_B finished 1.2
entry half_28_B finished 1.16
entry half_29_B finished 1.26
entry f70_01 finished 1.12
entry f70_03 finished 1.22
entry f70_05 finished 1.23
entry f70_07 finished 1.13
entry f70_09 finished 1.09
entry f70_11 finished 1.07
entry f70_13 finished 1.17
entry f70_15 finished 1.11
entry f70_17 finished 1.07
entry f70_19 finished 1.27
entry f80_01 finished 1.21
entry f80_03 finished 1.3
entry f80_05 finished 1.22
entry f80_07 finished 1.6
entry f80_09 finished 1.29
entry f80_11 finished 1.14
entry f80_13 finished 1.14
entry f80_15 finished 1.29
entry f80_17 finished 1.15
entry f80_19 finished 1.07
entry seedonly_01 finished 1.05
entry seedonly_03 finished 1.2
entry seedonly_05 finished 1.15
entry seedonly_07 finished 1.25
entry seedonly_09 finished 1.21
entry linear_sparse_000 finished 1.41
entry linear_sparse_002 finished 1.44
entry linear_sparse_004 finished 1.31
entry linear_sparse_006 finished 1.34
entry linear_sparse_008 finished 1.12
entry linear_sparse_010 finished 1.14
entry linear_sparse_012 finished 1.13
entry linear_sparse_014 finished 1.2
entry linear_sparse_016 finished 1.28
entry linear_sparse_018 finished 1.32
entry linear_sparse_020 finished 1.29
entry linear_sparse_022 finished 1.19
entry linear_sparse_024 finished 1.15
entry linear_sparse_026 finished 1.09
entry linear_sparse_028 finished 1.37
entry linear_sparse_030 finished 1.37
entry linear_sparse_032 finished 1.71
entry linear_sparse_034 finished 1.27
entry linear_sparse_036 finished 1.19
entry linear_sparse_038 finished 1.27
entry linear_sparse_040 finished 1.22
entry linear_sparse_042 finished 1.12
entry linear_sparse_044 finished 1.19
entry linear_sparse_046 finished 1.15
entry linear_sparse_048 finished 1.15
entry linear_sparse_050 finished 1.33
entry linear_sparse_052 finished 1.17
entry linear_sparse_054 finished 1.38
entry linear_sparse_056 finished 1.39
entry linear_sparse_058 finished 1.38
entry linear_sparse_060 finished 1.43
entry linear_sparse_062 finished 1.12
entry linear_sparse_064 finished 1.35
entry linear_sparse_066 finished 1.23
entry linear_sparse_068 finished 1.24
entry linear_sparse_070 finished 1.13
entry linear_sparse_072 finished 1.36
entry linear_sparse_074 finished 1.41
entry linear_sparse_076 finished 1.3
entry linear_sparse_078 finished 1.44
entry linear_sparse_080 finished 1.49
entry linear_sparse_082 finished 1.51
entry linear_sparse_084 finished 1.3
entry linear_sparse_086 finished 1.03
entry linear_sparse_088 finished 1.16
entry linear_sparse_090 finished 1.18
entry linear_sparse_092 finished 1.1
entry linear_sparse_094 finished 1.28
entry linear_sparse_096 finished 1.58
entry linear_sparse_098 finished 1.4
entry linear_medium_000 finished 1.48
entry linear_medium_002 finished 1.3
entry linear_medium_004 finished 1.22
entry linear_medium_006 finished 1.2
entry linear_medium_008 finished 1.03
entry linear_medium_010 finished 1.14
entry linear_medium_012 finished 1.13
entry linear_medium_014 finished 1.15
entry linear_medium_016 finished 1.19
entry linear_medium_018 finished 1.17
entry linear_medium_020 finished 1.24
entry linear_medium_022 finished 1.16
entry linear_medium_024 finished 1.09
entry linear_medium_026 finished 1.15
entry linear_medium_028 finished 1.24
entry linear_medium_030 finished 1.27
entry linear_medium_032 finished 1.28
entry linear_medium_034 finished 1.23
entry linear_medium_036 finished 1.29
entry linear_medium_038 finished 1.14
entry linear_medium_040 finished 1.21
entry linear_medium_042 finished 1.3
entry linear_medium_044 finished 1.21
entry linear_medium_046 finished 1.31
entry linear_medium_048 finished 1.12
entry linear_medium_050 finished 1.26
entry linear_medium_052 finished 1.15
entry linear_medium_054 finished 1.15
entry linear_medium_056 finished 1.2
entry linear_medium_058 finished 1.27
entry linear_medium_060 finished 1.65
entry linear_medium_062 finished 1.22
entry linear_medium_064 finished 1.22
entry linear_medium_066 finished 1.19
entry linear_medium_068 finished 1.16
entry linear_medium_070 finished 1.14
entry linear_medium_072 finished 1.13
entry linear_medium_074 finished 1.22
entry linear_medium_076 finished 1.44
entry linear_medium_078 finished 1.46
entry linear_medium_080 finished 1.35
entry linear_medium_082 finished 1.49
entry linear_medium_084 finished 1.18
entry linear_medium_086 finished 1.15
entry linear_medium_088 finished 1.05
entry linear_medium_090 finished 1.2
entry linear_medium_092 finished 1.26
entry linear_medium_094 finished 1.15
entry linear_medium_096 finished 1.13
entry linear_medium_098 finished 1.35
entry linear_weak_000 finished 1.38
entry linear_weak_002 finished 1.21
entry linear_weak_004 finished 1.14
entry linear_weak_006 finished 1.35
entry linear_weak_008 finished 1.45
entry linear_weak_010 finished 1.23
entry linear_weak_012 finished 1.15
entry linear_weak_014 finished 1.04
entry linear_weak_016 finished 1.17
entry linear_weak_018 finished 1.13
entry linear_weak_020 finished 1.21
entry linear_weak_022 finished 1.12
entry linear_weak_024 finished 1.23
entry linear_weak_026 finished 1.31
entry linear_weak_028 finished 1.12
entry linear_weak_030 finished 1.13
entry linear_weak_032 finished 1.09
entry linear_weak_034 finished 1.13
entry linear_weak_036 finished 1.25
entry linear_weak_038 finished 1.56
entry linear_weak_040 finished 1.38
entry linear_weak_042 finished 1.48
entry linear_weak_044 finished 1.73
entry linear_weak_046 finished 1.56
entry linear_weak_048 finished 1.14
entry linear_weak_050 finished 1.29
entry linear_weak_052 finished 1.13
entry linear_weak_054 finished 1.32
entry linear_weak_056 finished 1.35
entry linear_weak_058 finished 1.44
entry linear_weak_060 finished 1.26
entry linear_weak_062 finished 1.24
entry linear_weak_064 finished 1.14
entry linear_weak_066 finished 1.07
entry linear_weak_068 finished 1.17
entry linear_weak_070 finished 1.74
entry linear_weak_072 finished 1.26
entry linear_weak_074 finished 1.11
entry linear_weak_076 finished 1.26
entry linear_weak_078 finished 1.5
entry linear_weak_080 finished 1.19
entry linear_weak_082 finished 1.09
entry linear_weak_084 finished 1.19
entry linear_weak_086 finished 1.25
entry linear_weak_088 finished 1.22
entry linear_weak_090 finished 1.1
entry linear_weak_092 finished 1.07
entry linear_weak_094 finished 1.07
entry linear_weak_096 finished 1.12
entry linear_weak_098 finished 1.09
entry linear_dense_000 finished 1.16
entry linear_dense_002 finished 1.23
entry linear_dense_004 finished 1.26
entry linear_dense_006 finished 1.14
entry linear_dense_008 finished 1.16
entry linear_dense_010 finished 1.31
entry linear_dense_012 finished 1.26
entry linear_dense_014 finished 1.17
entry linear_dense_016 finished 1.24
entry linear_dense_018 finished 1.32
entry linear_dense_020 finished 1.24
entry linear_dense_022 finished 1.22
entry linear_dense_024 finished 1.44
entry linear_dense_026 finished 1.09
entry linear_dense_028 finished 1.38
entry linear_dense_030 finished 1.47
entry linear_dense_032 finished 1.38
entry linear_dense_034 finished 1.4
entry linear_dense_036 finished 1.49
entry linear_dense_038 finished 1.48
entry linear_dense_040 finished 1.39
entry linear_dense_042 finished 1.39
entry linear_dense_044 finished 1.57
entry linear_dense_046 finished 1.66
entry linear_dense_048 finished 1.99
entry linear_dense_050 finished 1.46
entry linear_dense_052 finished 1.04
entry linear_dense_054 finished 1.01
entry linear_dense_056 finished 1.01
entry linear_dense_058 finished 0.97
entry linear_dense_060 finished 0.99
entry linear_dense_062 finished 1.02
entry linear_dense_064 finished 1.11
entry linear_dense_066 finished 0.95
entry linear_dense_068 finished 1.07
entry linear_dense_070 finished 1.04
entry linear_dense_072 finished 0.86
entry linear_dense_074 finished 0.99
entry linear_dense_076 finished 1.05
entry linear_dense_078 finished 1.05
entry linear_dense_080 finished 1.02
entry linear_dense_082 finished 0.91
entry linear_dense_084 finished 1.15
entry linear_dense_086 finished 1.12
entry linear_dense_088 finished 0.98
entry linear_dense_090 finished 1.05
entry linear_dense_092 finished 1.09
entry linear_dense_094 finished 1.07
entry linear_dense_096 finished 1.09
entry linear_dense_098 finished 1.06
entry nonlinear_000 finished 0.89
entry nonlinear_002 finished 1.06
entry nonlinear_004 finished 1.01
entry nonlinear_006 finished 1.11
entry nonlinear_008 finished 1.04
entry nonlinear_010 finished 1.08
entry nonlinear_012 finished 1.02
entry nonlinear_014 finished 0.93
entry nonlinear_016 finished 1.25
entry nonlinear_018 finished 1.5
entry nonlinear_020 finished 1.6
entry nonlinear_022 finished 1.64
entry nonlinear_024 finished 1.11
entry nonlinear_026 finished 0.96
entry nonlinear_028 finished 1.02
entry nonlinear_030 finished 0.98
entry nonlinear_032 finished 1.36
entry nonlinear_034 finished 1.16
entry nonlinear_036 finished 1.29
entry nonlinear_038 finished 1.07
entry nonlinear_040 finished 1.01
entry nonlinear_042 finished 1.08
entry nonlinear_044 finished 1.01
entry nonlinear_046 finished 0.93
entry nonlinear_048 finished 0.97
entry nonlinear_050 finished 0.98
entry nonlinear_052 finished 1.04
entry nonlinear_054 finished 1.01
entry nonlinear_056 finished 1.18
entry nonlinear_058 finished 1.25
entry nonlinear_060 finished 0.98
entry nonlinear_062 finished 1.06
entry nonlinear_064 finished 0.99
entry nonlinear_066 finished 0.98
entry nonlinear_068 finished 0.92
entry nonlinear_070 finished 1.1
entry nonlinear_072 finished 1.14
entry nonlinear_074 finished 1.11
entry nonlinear_076 finished 1.09
entry nonlinear_078 finished 1.14
entry nonlinear_080 finished 1.1
entry nonlinear_082 finished 0.99
entry nonlinear_084 finished 1.05
entry nonlinear_086 finished 1.05
entry nonlinear_088 finished 1.0
entry nonlinear_090 finished 1.01
entry nonlinear_092 finished 1.11
entry nonlinear_094 finished 1.06
entry nonlinear_096 finished 1.01
entry nonlinear_098 finished 1.0
entry nonlinear_panel_000 finished 1.08
entry nonlinear_panel_002 finished 1.01
entry nonlinear_panel_004 finished 0.92
entry nonlinear_panel_006 finished 0.96
entry nonlinear_panel_008 finished 0.95
entry nonlinear_panel_010 finished 1.08
entry nonlinear_panel_012 finished 1.04
entry nonlinear_panel_014 finished 1.0
entry nonlinear_panel_016 finished 1.21
entry nonlinear_panel_018 finished 1.01
entry nonlinear_panel_020 finished 1.08
entry nonlinear_panel_022 finished 0.95
entry nonlinear_panel_024 finished 1.04
entry nonlinear_panel_026 finished 0.98
entry nonlinear_panel_028 finished 0.95
entry nonlinear_panel_030 finished 1.06
entry nonlinear_panel_032 finished 1.38
entry nonlinear_panel_034 finished 1.15
entry nonlinear_panel_036 finished 1.09
entry nonlinear_panel_038 finished 1.11
entry nonlinear_panel_040 finished 0.91
entry nonlinear_panel_042 finished 1.02
entry nonlinear_panel_044 finished 1.19
entry nonlinear_panel_046 finished 1.0
entry nonlinear_panel_048 finished 1.14
entry nonlinear_panel_050 finished 1.25
entry nonlinear_panel_052 finished 1.14
entry nonlinear_panel_054 finished 1.1
entry nonlinear_panel_056 finished 1.04
entry nonlinear_panel_058 finished 0.97
entry nonlinear_panel_060 finished 1.01
entry nonlinear_panel_062 finished 1.19
entry nonlinear_panel_064 finished 0.98
entry nonlinear_panel_066 finished 1.01
entry nonlinear_panel_068 finished 1.18
entry nonlinear_panel_070 finished 1.18
entry nonlinear_panel_072 finished 1.24
entry nonlinear_panel_074 finished 1.07
entry nonlinear_panel_076 finished 1.1
entry nonlinear_panel_078 finished 1.16
entry nonlinear_panel_080 finished 1.16
entry nonlinear_panel_082 finished 1.17
entry nonlinear_panel_084 finished 0.96
entry nonlinear_panel_086 finished 1.07
entry nonlinear_panel_088 finished 1.09
entry nonlinear_panel_090 finished 1.05
entry nonlinear_panel_092 finished 1.11
entry nonlinear_panel_094 finished 1.08
entry nonlinear_panel_096 finished 1.04
entry nonlinear_panel_098 finished 0.99
