subset f70_09 finished 43.79
subset f70_17 finished 45.13
subset f80_05 finished 41.19
subset f80_13 finished 41.62
subset seedonly_01 finished 42.65
subset seedonly_09 finished 40.97
subset linear_sparse_006 finished 40.33
subset linear_sparse_014 finished 39.29
subset linear_sparse_022 finished 38.17
subset linear_sparse_030 finished 39.98
subset linear_sparse_038 finished 48.27
subset linear_sparse_046 finished 51.59
subset linear_sparse_054 finished 49.49
subset linear_sparse_062 finished 46.28
subset linear_sparse_070 finished 45.24
subset linear_sparse_078 finished 47.4
subset linear_sparse_086 finished 40.58
subset linear_sparse_094 finished 40.23
subset linear_medium_002 finished 38.94
subset linear_medium_010 finished 39.54
subset linear_medium_018 finished 40.89
subset linear_medium_026 finished 40.57
subset linear_medium_034 finished 43.77
subset linear_medium_042 finished 43.86
subset linear_medium_050 finished 41.02
subset linear_medium_058 finished 41.98
subset linear_medium_066 finished 43.52
subset linear_medium_074 finished 41.77
subset linear_medium_082 finished 41.46
subset linear_medium_090 finished 38.7
subset linear_medium_098 finished 34.3
subset linear_weak_006 finished 33.67
subset linear_weak_014 finished 36.99
subset linear_weak_022 finished 39.62
subset linear_weak_030 finished 38.59
subset linear_weak_038 finished 38.24
subset linear_weak_046 finished 38.04
subset linear_weak_054 finished 37.73
subset linear_weak_062 finished 39.49
subset linear_weak_070 finished 39.16
subset linear_weak_078 finished 38.07
subset linear_weak_086 finished 39.49
subset linear_weak_094 finished 36.56
subset linear_dense_002 finished 35.7
subset linear_dense_010 finished 35.8
subset linear_dense_018 finished 35.74
subset linear_dense_026 finished 36.02
subset linear_dense_034 finished 37.56
subset linear_dense_042 finished 38.34
subset linear_dense_050 finished 39.37
subset linear_dense_058 finished 40.17
subset linear_dense_066 finished 39.01
subset linear_dense_074 finished 38.73
subset linear_dense_082 finished 39.03
subset linear_dense_090 finished 38.62
subset linear_dense_098 finished 39.63
subset nonlinear_006 finished 38.09
subset nonlinear_014 finished 38.88
subset nonlinear_022 finished 39.92
subset nonlinear_030 finished 37.99
subset nonlinear_038 finished 38.33
subset nonlinear_046 finished 195.36
subset nonlinear_054 finished 271.26
subset nonlinear_062 finished 252.13
subset nonlinear_070 finished 234.77
subset nonlinear_078 finished 208.09
subset nonlinear_086 finished 287.25
subset nonlinear_094 finished 338.86
