subset f70_10 finished 42.23
subset f70_18 finished 44.36
subset f80_06 finished 40.86
subset f80_14 finished 42.02
subset seedonly_02 finished 42.44
subset reference_k8 finished 33.96
subset linear_sparse_007 finished 38.66
subset linear_sparse_015 finished 39.38
subset linear_sparse_023 finished 39.58
subset linear_sparse_031 finished 37.68
subset linear_sparse_039 finished 47.49
subset linear_sparse_047 finished 50.14
subset linear_sparse_055 finished 47.99
subset linear_sparse_063 finished 47.9
subset linear_sparse_071 finished 45.3
subset linear_sparse_079 finished 47.07
subset linear_sparse_087 finished 43.09
subset linear_sparse_095 finished 39.15
subset linear_medium_003 finished 38.73
subset linear_medium_011 finished 38.35
subset linear_medium_019 finished 41.06
subset linear_medium_027 finished 39.09
subset linear_medium_035 finished 42.81
subset linear_medium_043 finished 44.49
subset linear_medium_051 finished 40.85
subset linear_medium_059 finished 39.65
subset linear_medium_067 finished 42.88
subset linear_medium_075 finished 43.57
subset linear_medium_083 finished 41.36
subset linear_medium_091 finished 37.18
subset linear_medium_099 finished 35.91
subset linear_weak_007 finished 32.6
subset linear_weak_015 finished 34.02
subset linear_weak_023 finished 37.07
subset linear_weak_031 finished 37.69
subset linear_weak_039 finished 36.54
subset linear_weak_047 finished 37.61
subset linear_weak_055 finished 36.65
subset linear_weak_063 finished 36.93
subset linear_weak_071 finished 37.57
subset linear_weak_079 finished 37.23
subset linear_weak_087 finished 37.25
subset linear_weak_095 finished 38.06
subset linear_dense_003 finished 35.63
subset linear_dense_011 finished 34.55
subset linear_dense_019 finished 34.52
subset linear_dense_027 finished 34.58
subset linear_dense_035 finished 35.08
subset linear_dense_043 finished 36.03
subset linear_dense_051 finished 37.09
subset linear_dense_059 finished 37.61
subset linear_dense_067 finished 39.06
subset linear_dense_075 finished 37.17
subset linear_dense_083 finished 38.04
subset linear_dense_091 finished 37.77
subset linear_dense_099 finished 37.52
subset nonlinear_007 finished 38.03
subset nonlinear_015 finished 37.37
subset nonlinear_023 finished 37.3
subset nonlinear_031 finished 37.7
subset nonlinear_039 finished 37.92
subset nonlinear_047 finished 35.31
subset nonlinear_055 finished 43.84
subset nonlinear_063 finished 305.71
subset nonlinear_071 finished 250.78
subset nonlinear_079 finished 240.45
subset nonlinear_087 finished 211.82
subset nonlinear_095 finished 226.35
subset nonlinear_panel_003 finished 315.21
subset nonlinear_panel_011 finished 326.38
