subset f70_08 finished 42.69
subset f70_16 finished 45.48
subset f80_04 finished 41.33
subset f80_12 finished 41.18
subset seedonly_00 finished 42.5
subset seedonly_08 finished 40.56
subset linear_sparse_005 finished 39.95
subset linear_sparse_013 finished 39.55
subset linear_sparse_021 finished 38.41
subset linear_sparse_029 finished 39.03
subset linear_sparse_037 finished 47.94
subset linear_sparse_045 finished 50.86
subset linear_sparse_053 finished 48.8
subset linear_sparse_061 finished 47.42
subset linear_sparse_069 finished 45.7
subset linear_sparse_077 finished 47.16
subset linear_sparse_085 finished 41.32
subset linear_sparse_093 finished 40.02
subset linear_medium_001 finished 38.56
subset linear_medium_009 finished 38.49
subset linear_medium_017 finished 41.61
subset linear_medium_025 finished 40.1
subset linear_medium_033 finished 43.05
subset linear_medium_041 finished 44.33
subset linear_medium_049 finished 39.79
subset linear_medium_057 finished 41.08
subset linear_medium_065 finished 42.91
subset linear_medium_073 finished 42.76
subset linear_medium_081 finished 41.27
subset linear_medium_089 finished 37.84
subset linear_medium_097 finished 33.96
subset linear_weak_005 finished 32.96
subset linear_weak_013 finished 35.17
subset linear_weak_021 finished 38.0
subset linear_weak_029 finished 37.96
subset linear_weak_037 finished 37.12
subset linear_weak_045 finished 37.53
subset linear_weak_053 finished 36.71
subset linear_weak_061 finished 37.93
subset linear_weak_069 finished 37.66
subset linear_weak_077 finished 37.63
subset linear_weak_085 finished 37.96
subset linear_weak_093 finished 37.36
subset linear_dense_001 finished 34.91
subset linear_dense_009 finished 34.68
subset linear_dense_017 finished 35.28
subset linear_dense_025 finished 34.86
subset linear_dense_033 finished 35.05
subset linear_dense_041 finished 37.51
subset linear_dense_049 finished 37.64
subset linear_dense_057 finished 38.16
subset linear_dense_065 finished 38.21
subset linear_dense_073 finished 38.14
subset linear_dense_081 finished 37.76
subset linear_dense_089 finished 37.85
subset linear_dense_097 finished 37.84
subset nonlinear_005 finished 38.13
subset nonlinear_013 finished 37.14
subset nonlinear_021 finished 37.95
subset nonlinear_029 finished 38.78
subset nonlinear_037 finished 37.01
subset nonlinear_045 finished 37.05
subset nonlinear_053 finished 181.55
subset nonlinear_061 finished 283.63
subset nonlinear_069 finished 246.78
subset nonlinear_077 finished 238.77
subset nonlinear_085 finished 204.88
subset nonlinear_093 finished 282.36
subset nonlinear_panel_001 finished 335.79
subset nonlinear_panel_009 finished 381.04
