subset half_00_A finished 37.64
subset half_02_A finished 37.25
subset half_04_A finished 39.96
subset half_06_A finished 37.73
subset half_08_A finished 38.91
subset half_10_A finished 39.63
subset half_12_A finished 40.77
subset half_14_A finished 34.1
subset half_16_A finished 34.44
subset half_18_A finished 33.62
subset half_20_A finished 35.56
subset half_22_A finished 33.57
subset half_24_A finished 33.57
subset half_26_A finished 33.99
subset half_28_A finished 34.5
subset f70_00 finished 35.45
subset f70_04 finished 41.98
subset f70_12 finished 45.25
subset f80_00 finished 41.85
subset f80_08 finished 40.69
subset f80_16 finished 41.25
subset seedonly_04 finished 40.26
subset linear_sparse_001 finished 38.54
subset linear_sparse_009 finished 38.64
subset linear_sparse_017 finished 38.46
subset linear_sparse_025 finished 37.42
subset linear_sparse_033 finished 46.92
subset linear_sparse_041 finished 49.68
subset linear_sparse_049 finished 47.53
subset linear_sparse_057 finished 48.31
subset linear_sparse_065 finished 45.76
subset linear_sparse_073 finished 45.69
subset linear_sparse_081 finished 42.69
subset linear_sparse_089 finished 39.39
subset linear_sparse_097 finished 38.43
subset linear_medium_005 finished 37.75
subset linear_medium_013 finished 40.21
subset linear_medium_021 finished 39.93
subset linear_medium_029 finished 42.11
subset linear_medium_037 finished 43.15
subset linear_medium_045 finished 41.27
subset linear_medium_053 finished 39.05
subset linear_medium_061 finished 42.83
subset linear_medium_069 finished 43.06
subset linear_medium_077 finished 40.88
subset linear_medium_085 finished 36.75
subset linear_medium_093 finished 35.75
subset linear_weak_001 finished 32.09
subset linear_weak_009 finished 32.3
subset linear_weak_017 finished 35.85
subset linear_weak_025 finished 37.19
subset linear_weak_033 finished 36.22
subset linear_weak_041 finished 36.73
subset linear_weak_049 finished 36.22
subset linear_weak_057 finished 35.31
subset linear_weak_065 finished 37.06
subset linear_weak_073 finished 36.67
subset linear_weak_081 finished 36.04
subset linear_weak_089 finished 37.39
subset linear_weak_097 finished 34.7
subset linear_dense_005 finished 33.86
subset linear_dense_013 finished 33.78
subset linear_dense_021 finished 33.86
subset linear_dense_029 finished 33.73
subset linear_dense_037 finished 33.95
subset linear_dense_045 finished 35.79
subset linear_dense_053 finished 36.42
subset linear_dense_061 finished 36.86
subset linear_dense_069 finished 36.78
subset linear_dense_077 finished 36.98
subset linear_dense_085 finished 36.12
subset linear_dense_093 finished 37.27
subset nonlinear_001 finished 36.61
subset nonlinear_009 finished 36.78
subset nonlinear_017 finished 37.15
subset nonlinear_025 finished 36.23
subset nonlinear_033 finished 37.17
subset nonlinear_041 finished 37.23
subset nonlinear_049 finished 34.73
subset nonlinear_057 finished 46.27
subset nonlinear_065 finished 301.38
subset nonlinear_073 finished 240.84
subset nonlinear_081 finished 231.67
subset nonlinear_089 finished 207.99
subset nonlinear_097 finished 220.8
subset nonlinear_panel_005 finished 295.24
subset nonlinear_panel_013 finished 313.38
subset nonlinear_panel_017 finished 230.43
subset nonlinear_panel_021 finished 112.05
subset nonlinear_panel_025 finished 98.94
subset nonlinear_panel_029 finished 138.3
subset nonlinear_panel_033 finished 209.39
subset nonlinear_panel_037 finished 194.69
subset nonlinear_panel_041 finished 192.4
subset nonlinear_panel_045 finished 114.79
subset nonlinear_panel_049 finished 104.53
subset nonlinear_panel_053 finished 118.84
subset nonlinear_panel_057 finished 205.96
subset nonlinear_panel_061 finished 220.48
subset nonlinear_panel_065 finished 172.53
subset nonlinear_panel_069 finished 99.47
subset nonlinear_panel_073 finished 149.21
subset nonlinear_panel_077 finished 38.66
subset nonlinear_panel_081 finished 43.42
subset nonlinear_panel_085 finished 39.81
subset nonlinear_panel_089 finished 51.11
subset nonlinear_panel_093 finished 36.72
subset nonlinear_panel_097 finished 48.36
