gate reference finished 30.15
gate half_00_B finished 17.71
gate half_01_B finished 22.33
gate half_02_B finished 23.35
gate half_03_B finished 23.02
gate half_04_B finished 19.39
gate half_05_B finished 21.17
gate half_06_B finished 24.18
gate half_07_B finished 10.66
gate half_08_B finished 16.65
gate half_09_B finished 20.63
gate half_10_B finished 19.08
gate half_11_B finished 25.68
gate half_12_B finished 20.53
gate half_13_B finished 19.87
gate half_14_B finished 21.34
gate half_15_B finished 18.08
gate half_16_B finished 17.45
gate half_17_B finished 22.38
gate half_18_B finished 18.84
gate half_19_B finished 16.47
gate half_20_B finished 10.2
gate half_21_B finished 20.08
gate half_22_B finished 22.49
gate half_23_B finished 19.26
gate half_24_B finished 22.67
gate half_25_B finished 21.93
gate half_26_B finished 23.27
gate half_27_B finished 18.97
gate half_28_B finished 11.18
gate half_29_B finished 20.1
gate f70_03 finished 31.46
gate f70_07 finished 23.22
gate f70_11 finished 23.86
gate f70_15 finished 25.48
gate f70_19 finished 23.0
gate f80_03 finished 27.71
gate f80_07 finished 28.31
gate f80_11 finished 25.72
gate f80_15 finished 26.06
gate f80_19 finished 23.6
gate seedonly_03 finished 36.12
gate seedonly_07 finished 29.56
gate linear_sparse_000 finished 4.46
gate linear_sparse_004 finished 4.21
gate linear_sparse_008 finished 4.16
gate linear_sparse_012 finished 7.08
gate linear_sparse_016 finished 3.86
gate linear_sparse_020 finished 4.57
gate linear_sparse_024 finished 5.83
gate linear_sparse_028 finished 4.17
gate linear_sparse_032 finished 6.22
gate linear_sparse_036 finished 4.19
gate linear_sparse_040 finished 3.5
gate linear_sparse_044 finished 4.47
gate linear_sparse_048 finished 5.8
gate linear_sparse_052 finished 4.96
gate linear_sparse_056 finished 5.8
gate linear_sparse_060 finished 5.96
gate linear_sparse_064 finished 6.75
gate linear_sparse_068 finished 6.4
gate linear_sparse_072 finished 7.34
gate linear_sparse_076 finished 6.71
gate linear_sparse_080 finished 6.48
gate linear_sparse_084 finished 7.97
gate linear_sparse_088 finished 5.24
gate linear_sparse_092 finished 5.1
gate linear_sparse_096 finished 8.74
gate linear_medium_000 finished 5.08
gate linear_medium_004 finished 5.79
gate linear_medium_008 finished 4.5
gate linear_medium_012 finished 4.08
gate linear_medium_016 finished 5.77
gate linear_medium_020 finished 7.75
gate linear_medium_024 finished 7.54
gate linear_medium_028 finished 5.81
gate linear_medium_032 finished 6.18
gate linear_medium_036 finished 4.78
gate linear_medium_040 finished 4.33
gate linear_medium_044 finished 6.37
gate linear_medium_048 finished 4.3
gate linear_medium_052 finished 6.85
gate linear_medium_056 finished 6.66
gate linear_medium_060 finished 6.14
gate linear_medium_064 finished 7.12
gate linear_medium_068 finished 6.62
gate linear_medium_072 finished 5.64
gate linear_medium_076 finished 6.06
gate linear_medium_080 finished 6.36
gate linear_medium_084 finished 7.47
gate linear_medium_088 finished 9.0
gate linear_medium_092 finished 5.53
gate linear_medium_096 finished 4.35
gate linear_weak_000 finished 4.22
gate linear_weak_004 finished 3.66
gate linear_weak_008 finished 4.26
gate linear_weak_012 finished 3.49
gate linear_weak_016 finished 4.55
gate linear_weak_020 finished 3.78
gate linear_weak_024 finished 3.87
gate linear_weak_028 finished 6.48
gate linear_weak_032 finished 4.26
gate linear_weak_036 finished 3.89
gate linear_weak_040 finished 4.28
gate linear_weak_044 finished 4.39
gate linear_weak_048 finished 4.51
gate linear_weak_052 finished 4.41
gate linear_weak_056 finished 3.61
gate linear_weak_060 finished 3.75
gate linear_weak_064 finished 3.55
gate linear_weak_068 finished 4.74
gate linear_weak_072 finished 4.04
gate linear_weak_076 finished 4.67
gate linear_weak_080 finished 3.32
gate linear_weak_084 finished 3.31
gate linear_weak_088 finished 3.82
gate linear_weak_092 finished 3.9
gate linear_weak_096 finished 2.84
gate linear_dense_000 finished 4.44
gate linear_dense_004 finished 5.33
gate linear_dense_008 finished 4.02
gate linear_dense_012 finished 4.52
gate linear_dense_016 finished 3.45
gate linear_dense_020 finished 3.63
gate linear_dense_024 finished 3.99
gate linear_dense_028 finished 4.8
gate linear_dense_032 finished 4.39
gate linear_dense_036 finished 4.3
gate linear_dense_040 finished 4.37
gate linear_dense_044 finished 4.98
gate linear_dense_048 finished 5.19
gate linear_dense_052 finished 3.65
gate linear_dense_056 finished 4.22
gate linear_dense_060 finished 3.29
gate linear_dense_064 finished 4.55
gate linear_dense_068 finished 3.85
gate linear_dense_072 finished 3.34
gate linear_dense_076 finished 3.32
gate linear_dense_080 finished 3.78
gate linear_dense_084 finished 4.05
gate linear_dense_088 finished 3.48
gate linear_dense_092 finished 4.6
gate linear_dense_096 finished 4.59
gate nonlinear_000 finished 6.65
gate nonlinear_004 finished 5.87
gate nonlinear_008 finished 6.72
gate nonlinear_012 finished 5.65
gate nonlinear_016 finished 6.86
gate nonlinear_020 finished 7.1
gate nonlinear_024 finished 6.67
gate nonlinear_028 finished 5.73
gate nonlinear_032 finished 7.39
gate nonlinear_036 finished 7.01
gate nonlinear_040 finished 7.31
gate nonlinear_044 finished 5.29
gate nonlinear_048 finished 6.64
gate nonlinear_052 finished 7.68
gate nonlinear_056 finished 7.7
gate nonlinear_060 finished 5.7
gate nonlinear_064 finished 6.41
gate nonlinear_068 finished 7.69
gate nonlinear_072 finished 7.48
gate nonlinear_076 finished 7.74
gate nonlinear_080 finished 7.48
gate nonlinear_084 finished 6.69
gate nonlinear_088 finished 6.52
gate nonlinear_092 finished 8.27
gate nonlinear_096 finished 4.96
gate nonlinear_panel_000 finished 7.88
gate nonlinear_panel_004 finished 6.26
gate nonlinear_panel_008 finished 7.05
gate nonlinear_panel_012 finished 7.34
gate nonlinear_panel_016 finished 5.73
gate nonlinear_panel_020 finished 7.66
gate nonlinear_panel_024 finished 6.25
gate nonlinear_panel_028 finished 5.58
gate nonlinear_panel_032 finished 4.34
gate nonlinear_panel_036 finished 6.63
gate nonlinear_panel_040 finished 6.08
gate nonlinear_panel_044 finished 6.46
gate nonlinear_panel_048 finished 6.29
gate nonlinear_panel_052 finished 8.06
gate nonlinear_panel_056 finished 5.53
gate nonlinear_panel_060 finished 8.22
gate nonlinear_panel_064 finished 5.86
gate nonlinear_panel_068 finished 7.29
gate nonlinear_panel_072 finished 7.08
gate nonlinear_panel_076 finished 7.94
gate nonlinear_panel_080 finished 4.94
gate nonlinear_panel_084 finished 6.76
gate nonlinear_panel_088 finished 9.0
gate nonlinear_panel_092 finished 6.28
gate nonlinear_panel_096 finished 7.24
