deep reference finished 4.03
deep half_00_B finished 1.94
deep half_01_B finished 1.72
deep half_02_B finished 1.99
deep half_03_B finished 2.07
deep half_04_B finished 2.16
deep half_05_B finished 1.68
deep half_06_B finished 1.77
deep half_07_B finished 2.02
deep half_08_B finished 1.84
deep half_09_B finished 2.38
deep half_10_B finished 1.99
deep half_11_B finished 2.64
deep half_12_B finished 2.82
deep half_13_B finished 3.09
deep half_14_B finished 2.46
deep half_15_B finished 2.21
deep half_16_B finished 1.82
deep half_17_B finished 2.47
deep half_18_B finished 2.07
deep half_19_B finished 2.26
deep half_20_B finished 2.13
deep half_21_B finished 2.54
deep half_22_B finished 1.5
deep half_23_B finished 1.72
deep half_24_B finished 1.94
deep half_25_B finished 2.17
deep half_26_B finished 1.85
deep half_27_B finished 2.61
deep half_28_B finished 2.82
deep half_29_B finished 3.56
deep f70_01 finished 3.12
deep f70_03 finished 5.15
deep f70_05 finished 2.92
deep f70_07 finished 4.07
deep f70_09 finished 4.86
deep f70_11 finished 2.89
deep f70_13 finished 4.02
deep f70_15 finished 5.01
deep f70_17 finished 3.09
deep f70_19 finished 3.05
deep f80_01 finished 4.97
deep f80_03 finished 4.01
deep f80_05 finished 3.99
deep f80_07 finished 3.2
deep f80_09 finished 5.63
deep f80_11 finished 4.05
deep f80_13 finished 5.07
deep f80_15 finished 5.31
deep f80_17 finished 6.08
deep f80_19 finished 4.27
deep seedonly_01 finished 7.49
deep seedonly_03 finished 5.75
deep seedonly_05 finished 4.21
deep seedonly_07 finished 6.79
deep seedonly_09 finished 5.66
deep linear_sparse_000 finished 1.29
deep linear_sparse_002 finished 1.04
deep linear_sparse_004 finished 1.11
deep linear_sparse_006 finished 1.4
deep linear_sparse_008 finished 1.38
deep linear_sparse_010 finished 1.0
deep linear_sparse_012 finished 1.16
deep linear_sparse_014 finished 1.18
deep linear_sparse_016 finished 1.1
deep linear_sparse_018 finished 1.1
deep linear_sparse_020 finished 1.01
deep linear_sparse_022 finished 0.83
deep linear_sparse_024 finished 0.99
deep linear_sparse_026 finished 1.12
deep linear_sparse_028 finished 0.89
deep linear_sparse_030 finished 0.95
deep linear_sparse_032 finished 1.2
deep linear_sparse_034 finished 0.95
deep linear_sparse_036 finished 1.14
deep linear_sparse_038 finished 1.2
deep linear_sparse_040 finished 0.9
deep linear_sparse_042 finished 0.92
deep linear_sparse_044 finished 0.94
deep linear_sparse_046 finished 1.13
deep linear_sparse_048 finished 1.18
deep linear_sparse_050 finished 1.37
deep linear_sparse_052 finished 0.99
deep linear_sparse_054 finished 1.57
deep linear_sparse_056 finished 1.52
deep linear_sparse_058 finished 1.42
deep linear_sparse_060 finished 1.28
deep linear_sparse_062 finished 1.03
deep linear_sparse_064 finished 1.09
deep linear_sparse_066 finished 1.09
deep linear_sparse_068 finished 0.97
deep linear_sparse_070 finished 1.04
deep linear_sparse_072 finished 1.41
deep linear_sparse_074 finished 1.18
deep linear_sparse_076 finished 1.01
deep linear_sparse_078 finished 1.3
deep linear_sparse_080 finished 0.87
deep linear_sparse_082 finished 1.08
deep linear_sparse_084 finished 1.28
deep linear_sparse_086 finished 1.49
deep linear_sparse_088 finished 1.16
deep linear_sparse_090 finished 1.03
deep linear_sparse_092 finished 0.88
deep linear_sparse_094 finished 1.37
deep linear_sparse_096 finished 0.97
deep linear_sparse_098 finished 0.99
deep linear_medium_000 finished 0.85
deep linear_medium_002 finished 1.08
deep linear_medium_004 finished 0.97
deep linear_medium_006 finished 1.05
deep linear_medium_008 finished 0.76
deep linear_medium_010 finished 0.69
deep linear_medium_012 finished 0.84
deep linear_medium_014 finished 0.8
deep linear_medium_016 finished 0.87
deep linear_medium_018 finished 0.66
deep linear_medium_020 finished 0.87
deep linear_medium_022 finished 1.02
deep linear_medium_024 finished 1.03
deep linear_medium_026 finished 0.9
deep linear_medium_028 finished 1.09
deep linear_medium_030 finished 0.72
deep linear_medium_032 finished 0.76
deep linear_medium_034 finished 1.13
deep linear_medium_036 finished 0.78
deep linear_medium_038 finished 0.9
deep linear_medium_040 finished 0.85
deep linear_medium_042 finished 0.94
deep linear_medium_044 finished 0.83
deep linear_medium_046 finished 0.77
deep linear_medium_048 finished 0.94
deep linear_medium_050 finished 0.83
deep linear_medium_052 finished 1.07
deep linear_medium_054 finished 0.92
deep linear_medium_056 finished 1.05
deep linear_medium_058 finished 1.05
deep linear_medium_060 finished 1.17
deep linear_medium_062 finished 1.02
deep linear_medium_064 finished 1.17
deep linear_medium_066 finished 1.11
deep linear_medium_068 finished 1.21
deep linear_medium_070 finished 1.28
deep linear_medium_072 finished 1.24
deep linear_medium_074 finished 1.16
deep linear_medium_076 finished 1.28
deep linear_medium_078 finished 0.98
deep linear_medium_080 finished 1.12
deep linear_medium_082 finished 1.41
deep linear_medium_084 finished 1.5
deep linear_medium_086 finished 1.56
deep linear_medium_088 finished 0.98
deep linear_medium_090 finished 0.59
deep linear_medium_092 finished 0.73
deep linear_medium_094 finished 0.63
deep linear_medium_096 finished 0.49
deep linear_medium_098 finished 0.81
deep linear_weak_000 finished 0.56
deep linear_weak_002 finished 0.6
deep linear_weak_004 finished 0.56
deep linear_weak_006 finished 0.72
deep linear_weak_008 finished 0.79
deep linear_weak_010 finished 0.75
deep linear_weak_012 finished 0.62
deep linear_weak_014 finished 0.64
deep linear_weak_016 finished 0.75
deep linear_weak_018 finished 0.65
deep linear_weak_020 finished 0.65
deep linear_weak_022 finished 0.56
deep linear_weak_024 finished 0.46
deep linear_weak_026 finished 0.74
deep linear_weak_028 finished 0.67
deep linear_weak_030 finished 0.6
deep linear_weak_032 finished 0.61
deep linear_weak_034 finished 0.68
deep linear_weak_036 finished 0.75
deep linear_weak_038 finished 0.69
deep linear_weak_040 finished 0.84
deep linear_weak_042 finished 0.83
deep linear_weak_044 finished 0.69
deep linear_weak_046 finished 0.58
deep linear_weak_048 finished 0.78
deep linear_weak_050 finished 0.59
deep linear_weak_052 finished 0.81
deep linear_weak_054 finished 0.74
deep linear_weak_056 finished 0.68
deep linear_weak_058 finished 0.52
deep linear_weak_060 finished 0.51
deep linear_weak_062 finished 0.85
deep linear_weak_064 finished 0.75
deep linear_weak_066 finished 0.74
deep linear_weak_068 finished 0.9
deep linear_weak_070 finished 0.63
deep linear_weak_072 finished 0.86
deep linear_weak_074 finished 0.52
deep linear_weak_076 finished 0.6
deep linear_weak_078 finished 0.65
deep linear_weak_080 finished 0.63
deep linear_weak_082 finished 0.88
deep linear_weak_084 finished 0.63
deep linear_weak_086 finished 0.6
deep linear_weak_088 finished 0.66
deep linear_weak_090 finished 1.46
deep linear_weak_092 finished 1.05
deep linear_weak_094 finished 0.99
deep linear_weak_096 finished 0.7
deep linear_weak_098 finished 1.19
deep linear_dense_000 finished 0.75
deep linear_dense_002 finished 0.74
deep linear_dense_004 finished 0.87
deep linear_dense_006 finished 0.6
deep linear_dense_008 finished 0.7
deep linear_dense_010 finished 1.13
deep linear_dense_012 finished 0.91
deep linear_dense_014 finished 0.7
deep linear_dense_016 finished 0.95
deep linear_dense_018 finished 0.58
deep linear_dense_020 finished 0.54
deep linear_dense_022 finished 0.96
deep linear_dense_024 finished 0.81
deep linear_dense_026 finished 0.6
deep linear_dense_028 finished 0.71
deep linear_dense_030 finished 0.68
deep linear_dense_032 finished 0.87
deep linear_dense_034 finished 0.59
deep linear_dense_036 finished 0.68
deep linear_dense_038 finished 0.98
deep linear_dense_040 finished 0.64
deep linear_dense_042 finished 0.88
deep linear_dense_044 finished 0.84
deep linear_dense_046 finished 0.9
deep linear_dense_048 finished 0.72
deep linear_dense_050 finished 0.67
deep linear_dense_052 finished 0.57
deep linear_dense_054 finished 0.73
deep linear_dense_056 finished 0.79
deep linear_dense_058 finished 0.59
deep linear_dense_060 finished 0.54
deep linear_dense_062 finished 0.91
deep linear_dense_064 finished 0.68
deep linear_dense_066 finished 0.81
deep linear_dense_068 finished 0.76
deep linear_dense_070 finished 0.64
deep linear_dense_072 finished 0.75
deep linear_dense_074 finished 0.99
deep linear_dense_076 finished 0.55
deep linear_dense_078 finished 0.82
deep linear_dense_080 finished 0.63
deep linear_dense_082 finished 0.7
deep linear_dense_084 finished 0.78
deep linear_dense_086 finished 0.77
deep linear_dense_088 finished 0.61
deep linear_dense_090 finished 0.78
deep linear_dense_092 finished 0.98
deep linear_dense_094 finished 0.79
deep linear_dense_096 finished 0.79
deep linear_dense_098 finished 0.78
deep nonlinear_000 finished 0.99
deep nonlinear_002 finished 0.74
deep nonlinear_004 finished 1.16
deep nonlinear_006 finished 1.05
deep nonlinear_008 finished 1.08
deep nonlinear_010 finished 0.97
deep nonlinear_012 finished 1.43
deep nonlinear_014 finished 0.76
deep nonlinear_016 finished 1.19
deep nonlinear_018 finished 1.23
deep nonlinear_020 finished 1.13
deep nonlinear_022 finished 1.09
deep nonlinear_024 finished 0.94
deep nonlinear_026 finished 1.27
deep nonlinear_028 finished 1.16
deep nonlinear_030 finished 1.37
deep nonlinear_032 finished 1.61
deep nonlinear_034 finished 1.56
deep nonlinear_036 finished 1.29
deep nonlinear_038 finished 1.32
deep nonlinear_040 finished 1.25
deep nonlinear_042 finished 1.17
deep nonlinear_044 finished 0.82
deep nonlinear_046 finished 1.02
deep nonlinear_048 finished 1.12
deep nonlinear_050 finished 1.23
deep nonlinear_052 finished 1.11
deep nonlinear_054 finished 1.24
deep nonlinear_056 finished 1.23
deep nonlinear_058 finished 1.12
deep nonlinear_060 finished 0.84
deep nonlinear_062 finished 1.07
deep nonlinear_064 finished 1.13
deep nonlinear_066 finished 1.15
deep nonlinear_068 finished 1.18
deep nonlinear_070 finished 1.02
deep nonlinear_072 finished 1.28
deep nonlinear_074 finished 1.32
deep nonlinear_076 finished 1.55
deep nonlinear_078 finished 1.41
deep nonlinear_080 finished 1.2
deep nonlinear_082 finished 1.31
deep nonlinear_084 finished 1.14
deep nonlinear_086 finished 0.8
deep nonlinear_088 finished 0.99
deep nonlinear_090 finished 1.1
deep nonlinear_092 finished 1.16
deep nonlinear_094 finished 1.27
deep nonlinear_096 finished 0.86
deep nonlinear_098 finished 0.82
deep nonlinear_panel_000 finished 1.22
deep nonlinear_panel_002 finished 1.23
deep nonlinear_panel_004 finished 1.04
deep nonlinear_panel_006 finished 1.13
deep nonlinear_panel_008 finished 1.24
deep nonlinear_panel_010 finished 0.85
deep nonlinear_panel_012 finished 1.08
deep nonlinear_panel_014 finished 1.05
deep nonlinear_panel_016 finished 0.92
deep nonlinear_panel_018 finished 1.08
deep nonlinear_panel_020 finished 1.27
deep nonlinear_panel_022 finished 1.08
deep nonlinear_panel_024 finished 1.43
deep nonlinear_panel_026 finished 1.05
deep nonlinear_panel_028 finished 1.31
deep nonlinear_panel_030 finished 0.83
deep nonlinear_panel_032 finished 0.83
deep nonlinear_panel_034 finished 1.37
deep nonlinear_panel_036 finished 1.65
deep nonlinear_panel_038 finished 1.03
deep nonlinear_panel_040 finished 1.14
deep nonlinear_panel_042 finished 1.03
deep nonlinear_panel_044 finished 1.17
deep nonlinear_panel_046 finished 1.03
deep nonlinear_panel_048 finished 0.93
deep nonlinear_panel_050 finished 1.2
deep nonlinear_panel_052 finished 0.99
deep nonlinear_panel_054 finished 0.74
deep nonlinear_panel_056 finished 1.11
deep nonlinear_panel_058 finished 1.11
deep nonlinear_panel_060 finished 1.07
deep nonlinear_panel_062 finished 1.11
deep nonlinear_panel_064 finished 1.01
deep nonlinear_panel_066 finished 0.78
deep nonlinear_panel_068 finished 1.15
deep nonlinear_panel_070 finished 1.21
deep nonlinear_panel_072 finished 1.13
deep nonlinear_panel_074 finished 1.18
deep nonlinear_panel_076 finished 1.03
deep nonlinear_panel_078 finished 0.75
deep nonlinear_panel_080 finished 1.21
deep nonlinear_panel_082 finished 0.85
deep nonlinear_panel_084 finished 1.03
deep nonlinear_panel_086 finished 1.11
deep nonlinear_panel_088 finished 1.52
deep nonlinear_panel_090 finished 1.11
deep nonlinear_panel_092 finished 1.3
deep nonlinear_panel_094 finished 0.85
deep nonlinear_panel_096 finished 1.11
deep nonlinear_panel_098 finished 0.9
