subset f70_07 finished 44.07
subset f70_15 finished 46.24
subset f80_03 finished 42.12
subset f80_11 finished 42.41
subset f80_19 finished 41.96
subset seedonly_07 finished 41.16
subset linear_sparse_004 finished 40.29
subset linear_sparse_012 finished 39.56
subset linear_sparse_020 finished 38.63
subset linear_sparse_028 finished 40.62
subset linear_sparse_036 finished 49.1
subset linear_sparse_044 finished 51.28
subset linear_sparse_052 finished 50.66
subset linear_sparse_060 finished 45.67
subset linear_sparse_068 finished 44.69
subset linear_sparse_076 finished 47.32
subset linear_sparse_084 finished 40.94
subset linear_sparse_092 finished 40.33
subset linear_medium_000 finished 39.67
subset linear_medium_008 finished 39.33
subset linear_medium_016 finished 41.37
subset linear_medium_024 finished 40.93
subset linear_medium_032 finished 44.29
subset linear_medium_040 finished 43.26
subset linear_medium_048 finished 39.55
subset linear_medium_056 finished 42.7
subset linear_medium_064 finished 43.91
subset linear_medium_072 finished 41.46
subset linear_medium_080 finished 40.5
subset linear_medium_088 finished 37.89
subset linear_medium_096 finished 33.8
subset linear_weak_004 finished 33.44
subset linear_weak_012 finished 36.88
subset linear_weak_020 finished 39.51
subset linear_weak_028 finished 37.54
subset linear_weak_036 finished 37.97
subset linear_weak_044 finished 37.57
subset linear_weak_052 finished 37.06
subset linear_weak_060 finished 38.52
subset linear_weak_068 finished 38.33
subset linear_weak_076 finished 37.79
subset linear_weak_084 finished 39.3
subset linear_weak_092 finished 36.56
subset linear_dense_000 finished 35.28
subset linear_dense_008 finished 35.29
subset linear_dense_016 finished 34.94
subset linear_dense_024 finished 35.76
subset linear_dense_032 finished 36.76
subset linear_dense_040 finished 37.84
subset linear_dense_048 finished 38.48
subset linear_dense_056 finished 39.79
subset linear_dense_064 finished 37.64
subset linear_dense_072 finished 38.68
subset linear_dense_080 finished 38.65
subset linear_dense_088 finished 38.23
subset linear_dense_096 finished 38.44
subset nonlinear_004 finished 38.38
subset nonlinear_012 finished 37.55
subset nonlinear_020 finished 38.81
subset nonlinear_028 finished 38.33
subset nonlinear_036 finished 36.15
subset nonlinear_044 finished 77.93
subset nonlinear_052 finished 318.74
subset nonlinear_060 finished 241.6
subset nonlinear_068 finished 232.6
subset nonlinear_076 finished 213.02
subset nonlinear_084 finished 234.55
subset nonlinear_092 finished 318.23
subset nonlinear_panel_000 finished 337.56
