deep half_00_A finished 2.09
deep half_01_A finished 1.44
deep half_02_A finished 1.62
deep half_03_A finished 1.67
deep half_04_A finished 1.72
deep half_05_A finished 1.44
deep half_06_A finished 1.63
deep half_07_A finished 2.11
deep half_08_A finished 2.05
deep half_09_A finished 2.35
deep half_10_A finished 2.1
deep half_11_A finished 1.87
deep half_12_A finished 2.02
deep half_13_A finished 2.07
deep half_14_A finished 2.31
deep half_15_A finished 2.41
deep half_16_A finished 2.31
deep half_17_A finished 2.22
deep half_18_A finished 1.75
deep half_19_A finished 1.87
deep half_20_A finished 2.48
deep half_21_A finished 2.56
deep half_22_A finished 2.25
deep half_23_A finished 2.4
deep half_24_A finished 2.63
deep half_25_A finished 2.13
deep half_26_A finished 2.43
deep half_27_A finished 2.03
deep half_28_A finished 2.34
deep half_29_A finished 1.65
deep f70_00 finished 2.81
deep f70_02 finished 3.58
deep f70_04 finished 3.5
deep f70_06 finished 4.1
deep f70_08 finished 2.6
deep f70_10 finished 3.04
deep f70_12 finished 4.41
deep f70_14 finished 3.71
deep f70_16 finished 3.09
deep f70_18 finished 3.29
deep f80_00 finished 4.45
deep f80_02 finished 4.93
deep f80_04 finished 4.78
deep f80_06 finished 5.44
deep f80_08 finished 5.29
deep f80_10 finished 3.47
deep f80_12 finished 3.94
deep f80_14 finished 4.45
deep f80_16 finished 5.31
deep f80_18 finished 3.15
deep seedonly_00 finished 5.33
deep seedonly_02 finished 5.68
deep seedonly_04 finished 6.79
deep seedonly_06 finished 4.09
deep seedonly_08 finished 6.57
deep reference_k8 finished 0.01
deep linear_sparse_001 finished 0.79
deep linear_sparse_003 finished 0.97
deep linear_sparse_005 finished 1.08
deep linear_sparse_007 finished 1.3
deep linear_sparse_009 finished 1.35
deep linear_sparse_011 finished 1.29
deep linear_sparse_013 finished 1.2
deep linear_sparse_015 finished 1.17
deep linear_sparse_017 finished 1.19
deep linear_sparse_019 finished 0.88
deep linear_sparse_021 finished 0.83
deep linear_sparse_023 finished 1.27
deep linear_sparse_025 finished 1.09
deep linear_sparse_027 finished 0.99
deep linear_sparse_029 finished 1.09
deep linear_sparse_031 finished 1.15
deep linear_sparse_033 finished 1.05
deep linear_sparse_035 finished 1.14
deep linear_sparse_037 finished 1.11
deep linear_sparse_039 finished 1.1
deep linear_sparse_041 finished 0.99
deep linear_sparse_043 finished 1.2
deep linear_sparse_045 finished 1.18
deep linear_sparse_047 finished 1.13
deep linear_sparse_049 finished 1.0
deep linear_sparse_051 finished 0.89
deep linear_sparse_053 finished 0.88
deep linear_sparse_055 finished 1.2
deep linear_sparse_057 finished 0.97
deep linear_sparse_059 finished 0.97
deep linear_sparse_061 finished 0.98
deep linear_sparse_063 finished 1.11
deep linear_sparse_065 finished 1.12
deep linear_sparse_067 finished 1.15
deep linear_sparse_069 finished 1.05
deep linear_sparse_071 finished 1.0
deep linear_sparse_073 finished 0.93
deep linear_sparse_075 finished 0.96
deep linear_sparse_077 finished 0.92
deep linear_sparse_079 finished 1.25
deep linear_sparse_081 finished 1.05
deep linear_sparse_083 finished 1.16
deep linear_sparse_085 finished 1.25
deep linear_sparse_087 finished 1.5
deep linear_sparse_089 finished 1.2
deep linear_sparse_091 finished 1.09
deep linear_sparse_093 finished 0.95
deep linear_sparse_095 finished 1.17
deep linear_sparse_097 finished 0.86
deep linear_sparse_099 finished 1.03
deep linear_medium_001 finished 0.85
deep linear_medium_003 finished 0.95
deep linear_medium_005 finished 0.97
deep linear_medium_007 finished 0.79
deep linear_medium_009 finished 0.77
deep linear_medium_011 finished 0.68
deep linear_medium_013 finished 1.0
deep linear_medium_015 finished 0.81
deep linear_medium_017 finished 0.89
deep linear_medium_019 finished 0.72
deep linear_medium_021 finished 0.89
deep linear_medium_023 finished 1.11
deep linear_medium_025 finished 0.97
deep linear_medium_027 finished 0.97
deep linear_medium_029 finished 0.92
deep linear_medium_031 finished 0.93
deep linear_medium_033 finished 1.11
deep linear_medium_035 finished 0.96
deep linear_medium_037 finished 0.83
deep linear_medium_039 finished 0.76
deep linear_medium_041 finished 0.79
deep linear_medium_043 finished 1.05
deep linear_medium_045 finished 0.83
deep linear_medium_047 finished 1.05
deep linear_medium_049 finished 0.77
deep linear_medium_051 finished 0.6
deep linear_medium_053 finished 0.94
deep linear_medium_055 finished 0.78
deep linear_medium_057 finished 0.61
deep linear_medium_059 finished 0.71
deep linear_medium_061 finished 0.74
deep linear_medium_063 finished 0.79
deep linear_medium_065 finished 0.91
deep linear_medium_067 finished 1.0
deep linear_medium_069 finished 0.97
deep linear_medium_071 finished 0.73
deep linear_medium_073 finished 0.75
deep linear_medium_075 finished 0.74
deep linear_medium_077 finished 0.81
deep linear_medium_079 finished 0.79
deep linear_medium_081 finished 0.91
deep linear_medium_083 finished 0.93
deep linear_medium_085 finished 1.14
deep linear_medium_087 finished 0.85
deep linear_medium_089 finished 0.7
deep linear_medium_091 finished 0.94
deep linear_medium_093 finished 0.99
deep linear_medium_095 finished 0.78
deep linear_medium_097 finished 0.66
deep linear_medium_099 finished 1.03
deep linear_weak_001 finished 0.84
deep linear_weak_003 finished 0.59
deep linear_weak_005 finished 0.73
deep linear_weak_007 finished 0.69
deep linear_weak_009 finished 0.78
deep linear_weak_011 finished 1.11
deep linear_weak_013 finished 0.94
deep linear_weak_015 finished 0.88
deep linear_weak_017 finished 0.95
deep linear_weak_019 finished 0.84
deep linear_weak_021 finished 0.6
deep linear_weak_023 finished 0.81
deep linear_weak_025 finished 0.87
deep linear_weak_027 finished 0.79
deep linear_weak_029 finished 0.76
deep linear_weak_031 finished 0.8
deep linear_weak_033 finished 1.0
deep linear_weak_035 finished 0.98
deep linear_weak_037 finished 0.95
deep linear_weak_039 finished 1.45
deep linear_weak_041 finished 1.19
deep linear_weak_043 finished 0.84
deep linear_weak_045 finished 0.69
deep linear_weak_047 finished 0.65
deep linear_weak_049 finished 0.74
deep linear_weak_051 finished 0.6
deep linear_weak_053 finished 0.63
deep linear_weak_055 finished 0.5
deep linear_weak_057 finished 0.54
deep linear_weak_059 finished 0.5
deep linear_weak_061 finished 0.49
deep linear_weak_063 finished 0.65
deep linear_weak_065 finished 0.64
deep linear_weak_067 finished 0.61
deep linear_weak_069 finished 0.66
deep linear_weak_071 finished 0.61
deep linear_weak_073 finished 0.45
deep linear_weak_075 finished 0.62
deep linear_weak_077 finished 0.56
deep linear_weak_079 finished 0.7
deep linear_weak_081 finished 0.56
deep linear_weak_083 finished 0.59
deep linear_weak_085 finished 0.6
deep linear_weak_087 finished 0.57
deep linear_weak_089 finished 0.59
deep linear_weak_091 finished 0.71
deep linear_weak_093 finished 0.75
deep linear_weak_095 finished 0.51
deep linear_weak_097 finished 0.6
deep linear_weak_099 finished 0.7
deep linear_dense_001 finished 0.83
deep linear_dense_003 finished 0.72
deep linear_dense_005 finished 0.71
deep linear_dense_007 finished 0.42
deep linear_dense_009 finished 0.48
deep linear_dense_011 finished 0.69
deep linear_dense_013 finished 0.89
deep linear_dense_015 finished 0.97
deep linear_dense_017 finished 0.78
deep linear_dense_019 finished 0.66
deep linear_dense_021 finished 0.7
deep linear_dense_023 finished 0.81
deep linear_dense_025 finished 0.64
deep linear_dense_027 finished 0.81
deep linear_dense_029 finished 0.61
deep linear_dense_031 finished 0.81
deep linear_dense_033 finished 0.57
deep linear_dense_035 finished 0.62
deep linear_dense_037 finished 0.64
deep linear_dense_039 finished 0.65
deep linear_dense_041 finished 0.68
deep linear_dense_043 finished 0.84
deep linear_dense_045 finished 0.87
deep linear_dense_047 finished 1.68
deep linear_dense_049 finished 0.94
deep linear_dense_051 finished 1.27
deep linear_dense_053 finished 1.33
deep linear_dense_055 finished 0.82
deep linear_dense_057 finished 0.59
deep linear_dense_059 finished 0.67
deep linear_dense_061 finished 0.71
deep linear_dense_063 finished 0.69
deep linear_dense_065 finished 0.84
deep linear_dense_067 finished 0.77
deep linear_dense_069 finished 0.99
deep linear_dense_071 finished 0.86
deep linear_dense_073 finished 0.92
deep linear_dense_075 finished 0.82
deep linear_dense_077 finished 0.68
deep linear_dense_079 finished 0.6
deep linear_dense_081 finished 0.65
deep linear_dense_083 finished 0.71
deep linear_dense_085 finished 0.67
deep linear_dense_087 finished 0.61
deep linear_dense_089 finished 0.58
deep linear_dense_091 finished 0.53
deep linear_dense_093 finished 0.61
deep linear_dense_095 finished 0.7
deep linear_dense_097 finished 0.73
deep linear_dense_099 finished 0.73
deep nonlinear_001 finished 1.28
deep nonlinear_003 finished 1.13
deep nonlinear_005 finished 0.88
deep nonlinear_007 finished 1.14
deep nonlinear_009 finished 0.88
deep nonlinear_011 finished 1.23
deep nonlinear_013 finished 0.95
deep nonlinear_015 finished 1.54
deep nonlinear_017 finished 1.42
deep nonlinear_019 finished 0.96
deep nonlinear_021 finished 1.19
deep nonlinear_023 finished 0.86
deep nonlinear_025 finished 0.99
deep nonlinear_027 finished 0.92
deep nonlinear_029 finished 1.2
deep nonlinear_031 finished 1.06
deep nonlinear_033 finished 1.03
deep nonlinear_035 finished 0.93
deep nonlinear_037 finished 0.75
deep nonlinear_039 finished 0.98
deep nonlinear_041 finished 1.21
deep nonlinear_043 finished 0.88
deep nonlinear_045 finished 0.85
deep nonlinear_047 finished 1.15
deep nonlinear_049 finished 0.93
deep nonlinear_051 finished 1.0
deep nonlinear_053 finished 0.9
deep nonlinear_055 finished 1.25
deep nonlinear_057 finished 0.87
deep nonlinear_059 finished 0.76
deep nonlinear_061 finished 1.16
deep nonlinear_063 finished 1.37
deep nonlinear_065 finished 1.22
deep nonlinear_067 finished 1.14
deep nonlinear_069 finished 1.05
deep nonlinear_071 finished 0.73
deep nonlinear_073 finished 0.98
deep nonlinear_075 finished 0.93
deep nonlinear_077 finished 1.55
deep nonlinear_079 finished 1.25
deep nonlinear_081 finished 1.04
deep nonlinear_083 finished 0.89
deep nonlinear_085 finished 0.92
deep nonlinear_087 finished 0.82
deep nonlinear_089 finished 1.06
deep nonlinear_091 finished 1.22
deep nonlinear_093 finished 1.13
deep nonlinear_095 finished 1.53
deep nonlinear_097 finished 1.13
deep nonlinear_099 finished 1.14
deep nonlinear_panel_001 finished 1.31
deep nonlinear_panel_003 finished 1.14
deep nonlinear_panel_005 finished 1.26
deep nonlinear_panel_007 finished 1.09
deep nonlinear_panel_009 finished 1.1
deep nonlinear_panel_011 finished 1.32
deep nonlinear_panel_013 finished 1.12
deep nonlinear_panel_015 finished 0.69
deep nonlinear_panel_017 finished 1.29
deep nonlinear_panel_019 finished 1.01
deep nonlinear_panel_021 finished 1.69
deep nonlinear_panel_023 finished 1.48
deep nonlinear_panel_025 finished 1.53
deep nonlinear_panel_027 finished 1.0
deep nonlinear_panel_029 finished 1.06
deep nonlinear_panel_031 finished 1.03
deep nonlinear_panel_033 finished 1.02
deep nonlinear_panel_035 finished 1.03
deep nonlinear_panel_037 finished 0.7
deep nonlinear_panel_039 finished 1.06
deep nonlinear_panel_041 finished 0.96
deep nonlinear_panel_043 finished 1.21
deep nonlinear_panel_045 finished 1.02
deep nonlinear_panel_047 finished 1.27
deep nonlinear_panel_049 finished 1.23
deep nonlinear_panel_051 finished 0.8
deep nonlinear_panel_053 finished 1.02
deep nonlinear_panel_055 finished 1.01
deep nonlinear_panel_057 finished 0.94
deep nonlinear_panel_059 finished 1.0
deep nonlinear_panel_061 finished 0.96
deep nonlinear_panel_063 finished 1.1
deep nonlinear_panel_065 finished 0.9
deep nonlinear_panel_067 finished 0.95
deep nonlinear_panel_069 finished 0.95
deep nonlinear_panel_071 finished 1.08
deep nonlinear_panel_073 finished 0.92
deep nonlinear_panel_075 finished 1.14
deep nonlinear_panel_077 finished 1.07
deep nonlinear_panel_079 finished 0.77
deep nonlinear_panel_081 finished 0.86
deep nonlinear_panel_083 finished 1.29
deep nonlinear_panel_085 finished 0.89
deep nonlinear_panel_087 finished 1.14
deep nonlinear_panel_089 finished 0.72
deep nonlinear_panel_091 finished 0.95
deep nonlinear_panel_093 finished 1.25
deep nonlinear_panel_095 finished 1.16
deep nonlinear_panel_097 finished 1.01
deep nonlinear_panel_099 finished 0.97
