note: Running TeX ...
note: downloading xurl.sty
note: downloading lmmono10-regular.otf
note: Rerunning TeX because "实验报告.out" changed ...
note: Running xdvipdfmx ...
note: Writing `实验报告.log` (26.712890625 KiB)
note: Writing `实验报告.pdf` (243.25 KiB)
note: Skipped writing 2 intermediate files (use --keep-intermediates to keep them)
warning: accessing absolute path `/System/Library/Fonts/Menlo.ttc`; build may not be reproducible in other environments
warning: accessing absolute path `/System/Library/Fonts/Supplemental/Songti.ttc`; build may not be reproducible in other environments
warning: accessing absolute path `/System/Library/AssetsV2/com_apple_MobileAsset_Font7/54a2ad3dac6cac875ad675d7d273dc425010a877.asset/AssetData/Kaiti.ttc`; build may not be reproducible in other environments
warning: accessing absolute path `/System/Library/AssetsV2/com_apple_MobileAsset_Font7/f0706a236683628e16427c6569e441423faaaa93.asset/AssetData/STXIHEI.ttf`; build may not be reproducible in other environments
warning: accessing absolute path `/System/Library/AssetsV2/com_apple_MobileAsset_Font7/eb257c12d1a51c8c661b89f30eec56cacf9b8987.asset/AssetData/STHEITI.ttf`; build may not be reproducible in other environments
warning: accessing absolute path `/System/Library/Fonts/Supplemental/Times New Roman.ttf`; build may not be reproducible in other environments
warning: accessing absolute path `/System/Library/Fonts/Supplemental/Times New Roman Italic.ttf`; build may not be reproducible in other environments
warning: accessing absolute path `/System/Library/Fonts/Supplemental/Times New Roman Bold.ttf`; build may not be reproducible in other environments
warning: accessing absolute path `/System/Library/Fonts/Supplemental/Times New Roman Bold Italic.ttf`; build may not be reproducible in other environments
warning: accessing absolute path `/System/Library/AssetsV2/com_apple_MobileAsset_Font7/1821952872c81043711aab6910052b65da8edf2c.asset/AssetData/STFANGSO.ttf`; build may not be reproducible in other environments
warning: 实验报告.tex:97: Overfull \hbox (0.1242pt too wide) in alignment at lines 79--97
warning: 实验报告.tex:99: Overfull \hbox (0.1242pt too wide) in alignment at lines 97--99
warning: 实验报告.tex:118: Overfull \hbox (0.1242pt too wide) in alignment at lines 99--118
warning: 实验报告.tex:97: Overfull \hbox (0.1242pt too wide) in alignment at lines 79--97
warning: 实验报告.tex:99: Overfull \hbox (0.1242pt too wide) in alignment at lines 97--99
warning: 实验报告.tex:118: Overfull \hbox (0.1242pt too wide) in alignment at lines 99--118
warning: warnings were issued by the TeX engine; use --print and/or --keep-logs for details.
