{
  "real": {
    "count": 111,
    "ok": 111,
    "required": 111,
    "failed": []
  },
  "simulations": {
    "count": 800,
    "ok": 800,
    "required": 800,
    "failed": []
  }
}
| 方法 | XGB-RMSE | TabM-RMSE | 半样本J | Nogueira | FDP@12 | Power@12 | 真实原生数 |
| --- | --- | --- | --- | --- | --- | --- | --- |
| 评分集成对Lasso | 1.9488 | 1.9765 | 0.3569 | 0.2067 | 0.5203 | 0.6590 | 0 |
| 线性预测器+标准化对称差 | 2.0784 | 2.0687 | 0.4046 | 0.2352 | 0.4860 | 0.7002 | 0 |
| XGBoost-SHAP | 1.8466 | 1.8571 | 0.7682 | 0.7439 | 0.2629 | 0.9678 | 无原生规则 |
| XGBoost-置换 | 1.8478 | 1.8612 | 0.7853 | 0.7666 | 0.2514 | 0.9817 | 无原生规则 |
| TabM-置换 | 1.8458 | 1.8586 | 0.7288 | 0.6841 | 0.2594 | 0.9720 | 无原生规则 |
| Deep Lasso | 1.8468 | 1.8567 | 0.8394 | 0.8012 | 0.2678 | 0.9620 | 无原生规则 |
| XGB-普通损失差 | 1.9286 | 1.9479 | 0.4237 | 0.2188 | 0.2669 | 0.9630 | 0 |
| XGB-中点对称差 | 1.9286 | 1.9479 | 0.4308 | 0.2269 | 0.2719 | 0.9570 | 0 |
| XGB-随机对称差 | 1.9286 | 1.9479 | 0.4300 | 0.2353 | 0.2697 | 0.9597 | 0 |
| XGB-标准化对称差 | 1.9323 | 1.9621 | 0.3387 | 0.1016 | 0.3171 | 0.9028 | 0 |
| TabM-普通损失差 | 2.0271 | 2.0294 | 0.3740 | 0.1947 | 0.2728 | 0.9560 | 0 |
| TabM-中点对称差 | 1.8577 | 1.8776 | 0.3934 | 0.2009 | 0.2769 | 0.9510 | 0 |
| TabM-随机对称差 | 1.8577 | 1.8776 | 0.3912 | 0.1993 | 0.2739 | 0.9547 | 0 |
| TabM-标准化对称差 | 2.0964 | 2.0886 | 0.3249 | 0.1248 | 0.3214 | 0.8977 | 0 |
