prediction lasso_pair_q20 xgboost top12
prediction lasso_pair_q20 xgboost top8
prediction lasso_pair_q20 xgboost native
prediction linear_orbit_student xgboost top12
prediction linear_orbit_student xgboost top8
prediction linear_orbit_student xgboost native
prediction xgb_shap xgboost top12
prediction xgb_shap xgboost top8
prediction xgb_pfi xgboost top12
prediction xgb_pfi xgboost top8
prediction tabm_pfi xgboost top12
prediction tabm_pfi xgboost top8
prediction deep_lasso xgboost top12
prediction deep_lasso xgboost top8
prediction xgb_naive xgboost top12
prediction xgb_naive xgboost top8
prediction xgb_naive xgboost native
prediction xgb_midpoint xgboost top12
prediction xgb_midpoint xgboost top8
prediction xgb_midpoint xgboost native
prediction xgb_orbit xgboost top12
prediction xgb_orbit xgboost top8
prediction xgb_orbit xgboost native
prediction xgb_orbit_student xgboost top12
prediction xgb_orbit_student xgboost top8
prediction xgb_orbit_student xgboost native
prediction tabm_naive xgboost top12
prediction tabm_naive xgboost top8
prediction tabm_naive xgboost native
prediction tabm_midpoint xgboost top12
prediction tabm_midpoint xgboost top8
prediction tabm_midpoint xgboost native
prediction tabm_orbit xgboost top12
prediction tabm_orbit xgboost top8
prediction tabm_orbit xgboost native
prediction tabm_orbit_student xgboost top12
prediction tabm_orbit_student xgboost top8
prediction tabm_orbit_student xgboost native
prediction all_features xgboost all
