prediction lasso_pair_q20 tabm top12
prediction lasso_pair_q20 tabm top8
prediction lasso_pair_q20 tabm native
prediction linear_orbit_student tabm top12
prediction linear_orbit_student tabm top8
prediction linear_orbit_student tabm native
prediction xgb_shap tabm top12
prediction xgb_shap tabm top8
prediction xgb_pfi tabm top12
prediction xgb_pfi tabm top8
prediction tabm_pfi tabm top12
prediction tabm_pfi tabm top8
prediction deep_lasso tabm top12
prediction deep_lasso tabm top8
prediction xgb_naive tabm top12
prediction xgb_naive tabm top8
prediction xgb_naive tabm native
prediction xgb_midpoint tabm top12
prediction xgb_midpoint tabm top8
prediction xgb_midpoint tabm native
prediction xgb_orbit tabm top12
prediction xgb_orbit tabm top8
prediction xgb_orbit tabm native
prediction xgb_orbit_student tabm top12
prediction xgb_orbit_student tabm top8
prediction xgb_orbit_student tabm native
prediction tabm_naive tabm top12
prediction tabm_naive tabm top8
prediction tabm_naive tabm native
prediction tabm_midpoint tabm top12
prediction tabm_midpoint tabm top8
prediction tabm_midpoint tabm native
prediction tabm_orbit tabm top12
prediction tabm_orbit tabm top8
prediction tabm_orbit tabm native
prediction tabm_orbit_student tabm top12
prediction tabm_orbit_student tabm top8
prediction tabm_orbit_student tabm native
prediction all_features tabm all
