/Users/bytedance/Documents/trae_projects/theory_brazil/论文/v7/.venv/lib/python3.11/site-packages/sklearn/utils/extmath.py:203: RuntimeWarning: divide by zero encountered in matmul
  ret = a @ b
/Users/bytedance/Documents/trae_projects/theory_brazil/论文/v7/.venv/lib/python3.11/site-packages/sklearn/utils/extmath.py:203: RuntimeWarning: overflow encountered in matmul
  ret = a @ b
/Users/bytedance/Documents/trae_projects/theory_brazil/论文/v7/.venv/lib/python3.11/site-packages/sklearn/utils/extmath.py:203: RuntimeWarning: invalid value encountered in matmul
  ret = a @ b
/Users/bytedance/Documents/trae_projects/theory_brazil/论文/v7/.venv/lib/python3.11/site-packages/sklearn/utils/extmath.py:203: RuntimeWarning: divide by zero encountered in matmul
  ret = a @ b
/Users/bytedance/Documents/trae_projects/theory_brazil/论文/v7/.venv/lib/python3.11/site-packages/sklearn/utils/extmath.py:203: RuntimeWarning: overflow encountered in matmul
  ret = a @ b
/Users/bytedance/Documents/trae_projects/theory_brazil/论文/v7/.venv/lib/python3.11/site-packages/sklearn/utils/extmath.py:203: RuntimeWarning: invalid value encountered in matmul
  ret = a @ b
/Users/bytedance/Documents/trae_projects/theory_brazil/论文/v7/.venv/lib/python3.11/site-packages/sklearn/utils/extmath.py:203: RuntimeWarning: divide by zero encountered in matmul
  ret = a @ b
/Users/bytedance/Documents/trae_projects/theory_brazil/论文/v7/.venv/lib/python3.11/site-packages/sklearn/utils/extmath.py:203: RuntimeWarning: overflow encountered in matmul
  ret = a @ b
/Users/bytedance/Documents/trae_projects/theory_brazil/论文/v7/.venv/lib/python3.11/site-packages/sklearn/utils/extmath.py:203: RuntimeWarning: invalid value encountered in matmul
  ret = a @ b
/Users/bytedance/Documents/trae_projects/theory_brazil/论文/v7/.venv/lib/python3.11/site-packages/sklearn/utils/extmath.py:203: RuntimeWarning: divide by zero encountered in matmul
  ret = a @ b
/Users/bytedance/Documents/trae_projects/theory_brazil/论文/v7/.venv/lib/python3.11/site-packages/sklearn/utils/extmath.py:203: RuntimeWarning: overflow encountered in matmul
  ret = a @ b
/Users/bytedance/Documents/trae_projects/theory_brazil/论文/v7/.venv/lib/python3.11/site-packages/sklearn/utils/extmath.py:203: RuntimeWarning: invalid value encountered in matmul
  ret = a @ b
/Users/bytedance/Documents/trae_projects/theory_brazil/论文/v7/.venv/lib/python3.11/site-packages/sklearn/utils/extmath.py:203: RuntimeWarning: divide by zero encountered in matmul
  ret = a @ b
/Users/bytedance/Documents/trae_projects/theory_brazil/论文/v7/.venv/lib/python3.11/site-packages/sklearn/utils/extmath.py:203: RuntimeWarning: overflow encountered in matmul
  ret = a @ b
/Users/bytedance/Documents/trae_projects/theory_brazil/论文/v7/.venv/lib/python3.11/site-packages/sklearn/utils/extmath.py:203: RuntimeWarning: invalid value encountered in matmul
  ret = a @ b
/Users/bytedance/Documents/trae_projects/theory_brazil/论文/v7/.venv/lib/python3.11/site-packages/sklearn/utils/extmath.py:203: RuntimeWarning: divide by zero encountered in matmul
  ret = a @ b
/Users/bytedance/Documents/trae_projects/theory_brazil/论文/v7/.venv/lib/python3.11/site-packages/sklearn/utils/extmath.py:203: RuntimeWarning: overflow encountered in matmul
  ret = a @ b
/Users/bytedance/Documents/trae_projects/theory_brazil/论文/v7/.venv/lib/python3.11/site-packages/sklearn/utils/extmath.py:203: RuntimeWarning: invalid value encountered in matmul
  ret = a @ b
/Users/bytedance/Documents/trae_projects/theory_brazil/论文/v7/.venv/lib/python3.11/site-packages/sklearn/utils/extmath.py:203: RuntimeWarning: divide by zero encountered in matmul
  ret = a @ b
/Users/bytedance/Documents/trae_projects/theory_brazil/论文/v7/.venv/lib/python3.11/site-packages/sklearn/utils/extmath.py:203: RuntimeWarning: overflow encountered in matmul
  ret = a @ b
/Users/bytedance/Documents/trae_projects/theory_brazil/论文/v7/.venv/lib/python3.11/site-packages/sklearn/utils/extmath.py:203: RuntimeWarning: invalid value encountered in matmul
  ret = a @ b
/Users/bytedance/Documents/trae_projects/theory_brazil/论文/v7/.venv/lib/python3.11/site-packages/sklearn/utils/extmath.py:203: RuntimeWarning: divide by zero encountered in matmul
  ret = a @ b
/Users/bytedance/Documents/trae_projects/theory_brazil/论文/v7/.venv/lib/python3.11/site-packages/sklearn/utils/extmath.py:203: RuntimeWarning: overflow encountered in matmul
  ret = a @ b
/Users/bytedance/Documents/trae_projects/theory_brazil/论文/v7/.venv/lib/python3.11/site-packages/sklearn/utils/extmath.py:203: RuntimeWarning: invalid value encountered in matmul
  ret = a @ b
/Users/bytedance/Documents/trae_projects/theory_brazil/论文/v7/.venv/lib/python3.11/site-packages/sklearn/utils/extmath.py:203: RuntimeWarning: divide by zero encountered in matmul
  ret = a @ b
/Users/bytedance/Documents/trae_projects/theory_brazil/论文/v7/.venv/lib/python3.11/site-packages/sklearn/utils/extmath.py:203: RuntimeWarning: overflow encountered in matmul
  ret = a @ b
/Users/bytedance/Documents/trae_projects/theory_brazil/论文/v7/.venv/lib/python3.11/site-packages/sklearn/utils/extmath.py:203: RuntimeWarning: invalid value encountered in matmul
  ret = a @ b
/Users/bytedance/Documents/trae_projects/theory_brazil/论文/v7/.venv/lib/python3.11/site-packages/sklearn/utils/extmath.py:203: RuntimeWarning: divide by zero encountered in matmul
  ret = a @ b
/Users/bytedance/Documents/trae_projects/theory_brazil/论文/v7/.venv/lib/python3.11/site-packages/sklearn/utils/extmath.py:203: RuntimeWarning: overflow encountered in matmul
  ret = a @ b
/Users/bytedance/Documents/trae_projects/theory_brazil/论文/v7/.venv/lib/python3.11/site-packages/sklearn/utils/extmath.py:203: RuntimeWarning: invalid value encountered in matmul
  ret = a @ b
/Users/bytedance/Documents/trae_projects/theory_brazil/论文/v7/.venv/lib/python3.11/site-packages/sklearn/utils/extmath.py:203: RuntimeWarning: divide by zero encountered in matmul
  ret = a @ b
/Users/bytedance/Documents/trae_projects/theory_brazil/论文/v7/.venv/lib/python3.11/site-packages/sklearn/utils/extmath.py:203: RuntimeWarning: overflow encountered in matmul
  ret = a @ b
/Users/bytedance/Documents/trae_projects/theory_brazil/论文/v7/.venv/lib/python3.11/site-packages/sklearn/utils/extmath.py:203: RuntimeWarning: invalid value encountered in matmul
  ret = a @ b
/Users/bytedance/Documents/trae_projects/theory_brazil/论文/v7/.venv/lib/python3.11/site-packages/sklearn/utils/extmath.py:203: RuntimeWarning: divide by zero encountered in matmul
  ret = a @ b
/Users/bytedance/Documents/trae_projects/theory_brazil/论文/v7/.venv/lib/python3.11/site-packages/sklearn/utils/extmath.py:203: RuntimeWarning: overflow encountered in matmul
  ret = a @ b
/Users/bytedance/Documents/trae_projects/theory_brazil/论文/v7/.venv/lib/python3.11/site-packages/sklearn/utils/extmath.py:203: RuntimeWarning: invalid value encountered in matmul
  ret = a @ b
/Users/bytedance/Documents/trae_projects/theory_brazil/论文/v7/.venv/lib/python3.11/site-packages/sklearn/utils/extmath.py:203: RuntimeWarning: divide by zero encountered in matmul
  ret = a @ b
/Users/bytedance/Documents/trae_projects/theory_brazil/论文/v7/.venv/lib/python3.11/site-packages/sklearn/utils/extmath.py:203: RuntimeWarning: overflow encountered in matmul
  ret = a @ b
/Users/bytedance/Documents/trae_projects/theory_brazil/论文/v7/.venv/lib/python3.11/site-packages/sklearn/utils/extmath.py:203: RuntimeWarning: invalid value encountered in matmul
  ret = a @ b
/Users/bytedance/Documents/trae_projects/theory_brazil/论文/v7/.venv/lib/python3.11/site-packages/sklearn/utils/extmath.py:203: RuntimeWarning: divide by zero encountered in matmul
  ret = a @ b
/Users/bytedance/Documents/trae_projects/theory_brazil/论文/v7/.venv/lib/python3.11/site-packages/sklearn/utils/extmath.py:203: RuntimeWarning: overflow encountered in matmul
  ret = a @ b
/Users/bytedance/Documents/trae_projects/theory_brazil/论文/v7/.venv/lib/python3.11/site-packages/sklearn/utils/extmath.py:203: RuntimeWarning: invalid value encountered in matmul
  ret = a @ b
/Users/bytedance/Documents/trae_projects/theory_brazil/论文/v7/.venv/lib/python3.11/site-packages/sklearn/utils/extmath.py:203: RuntimeWarning: divide by zero encountered in matmul
  ret = a @ b
/Users/bytedance/Documents/trae_projects/theory_brazil/论文/v7/.venv/lib/python3.11/site-packages/sklearn/utils/extmath.py:203: RuntimeWarning: overflow encountered in matmul
  ret = a @ b
/Users/bytedance/Documents/trae_projects/theory_brazil/论文/v7/.venv/lib/python3.11/site-packages/sklearn/utils/extmath.py:203: RuntimeWarning: invalid value encountered in matmul
  ret = a @ b
/Users/bytedance/Documents/trae_projects/theory_brazil/论文/v7/.venv/lib/python3.11/site-packages/sklearn/utils/extmath.py:203: RuntimeWarning: divide by zero encountered in matmul
  ret = a @ b
/Users/bytedance/Documents/trae_projects/theory_brazil/论文/v7/.venv/lib/python3.11/site-packages/sklearn/utils/extmath.py:203: RuntimeWarning: overflow encountered in matmul
  ret = a @ b
/Users/bytedance/Documents/trae_projects/theory_brazil/论文/v7/.venv/lib/python3.11/site-packages/sklearn/utils/extmath.py:203: RuntimeWarning: invalid value encountered in matmul
  ret = a @ b
/Users/bytedance/Documents/trae_projects/theory_brazil/论文/v7/.venv/lib/python3.11/site-packages/sklearn/utils/extmath.py:203: RuntimeWarning: divide by zero encountered in matmul
  ret = a @ b
/Users/bytedance/Documents/trae_projects/theory_brazil/论文/v7/.venv/lib/python3.11/site-packages/sklearn/utils/extmath.py:203: RuntimeWarning: overflow encountered in matmul
  ret = a @ b
/Users/bytedance/Documents/trae_projects/theory_brazil/论文/v7/.venv/lib/python3.11/site-packages/sklearn/utils/extmath.py:203: RuntimeWarning: invalid value encountered in matmul
  ret = a @ b
/Users/bytedance/Documents/trae_projects/theory_brazil/论文/v7/.venv/lib/python3.11/site-packages/sklearn/utils/extmath.py:203: RuntimeWarning: divide by zero encountered in matmul
  ret = a @ b
/Users/bytedance/Documents/trae_projects/theory_brazil/论文/v7/.venv/lib/python3.11/site-packages/sklearn/utils/extmath.py:203: RuntimeWarning: overflow encountered in matmul
  ret = a @ b
/Users/bytedance/Documents/trae_projects/theory_brazil/论文/v7/.venv/lib/python3.11/site-packages/sklearn/utils/extmath.py:203: RuntimeWarning: invalid value encountered in matmul
  ret = a @ b
/Users/bytedance/Documents/trae_projects/theory_brazil/论文/v7/.venv/lib/python3.11/site-packages/sklearn/utils/extmath.py:203: RuntimeWarning: divide by zero encountered in matmul
  ret = a @ b
/Users/bytedance/Documents/trae_projects/theory_brazil/论文/v7/.venv/lib/python3.11/site-packages/sklearn/utils/extmath.py:203: RuntimeWarning: overflow encountered in matmul
  ret = a @ b
/Users/bytedance/Documents/trae_projects/theory_brazil/论文/v7/.venv/lib/python3.11/site-packages/sklearn/utils/extmath.py:203: RuntimeWarning: invalid value encountered in matmul
  ret = a @ b
/Users/bytedance/Documents/trae_projects/theory_brazil/论文/v7/.venv/lib/python3.11/site-packages/sklearn/utils/extmath.py:203: RuntimeWarning: divide by zero encountered in matmul
  ret = a @ b
/Users/bytedance/Documents/trae_projects/theory_brazil/论文/v7/.venv/lib/python3.11/site-packages/sklearn/utils/extmath.py:203: RuntimeWarning: overflow encountered in matmul
  ret = a @ b
/Users/bytedance/Documents/trae_projects/theory_brazil/论文/v7/.venv/lib/python3.11/site-packages/sklearn/utils/extmath.py:203: RuntimeWarning: invalid value encountered in matmul
  ret = a @ b
/Users/bytedance/Documents/trae_projects/theory_brazil/论文/v7/.venv/lib/python3.11/site-packages/sklearn/utils/extmath.py:203: RuntimeWarning: divide by zero encountered in matmul
  ret = a @ b
/Users/bytedance/Documents/trae_projects/theory_brazil/论文/v7/.venv/lib/python3.11/site-packages/sklearn/utils/extmath.py:203: RuntimeWarning: overflow encountered in matmul
  ret = a @ b
/Users/bytedance/Documents/trae_projects/theory_brazil/论文/v7/.venv/lib/python3.11/site-packages/sklearn/utils/extmath.py:203: RuntimeWarning: invalid value encountered in matmul
  ret = a @ b
/Users/bytedance/Documents/trae_projects/theory_brazil/论文/v7/.venv/lib/python3.11/site-packages/sklearn/utils/extmath.py:203: RuntimeWarning: divide by zero encountered in matmul
  ret = a @ b
/Users/bytedance/Documents/trae_projects/theory_brazil/论文/v7/.venv/lib/python3.11/site-packages/sklearn/utils/extmath.py:203: RuntimeWarning: overflow encountered in matmul
  ret = a @ b
/Users/bytedance/Documents/trae_projects/theory_brazil/论文/v7/.venv/lib/python3.11/site-packages/sklearn/utils/extmath.py:203: RuntimeWarning: invalid value encountered in matmul
  ret = a @ b
/Users/bytedance/Documents/trae_projects/theory_brazil/论文/v7/.venv/lib/python3.11/site-packages/sklearn/utils/extmath.py:203: RuntimeWarning: divide by zero encountered in matmul
  ret = a @ b
/Users/bytedance/Documents/trae_projects/theory_brazil/论文/v7/.venv/lib/python3.11/site-packages/sklearn/utils/extmath.py:203: RuntimeWarning: overflow encountered in matmul
  ret = a @ b
/Users/bytedance/Documents/trae_projects/theory_brazil/论文/v7/.venv/lib/python3.11/site-packages/sklearn/utils/extmath.py:203: RuntimeWarning: invalid value encountered in matmul
  ret = a @ b
/Users/bytedance/Documents/trae_projects/theory_brazil/论文/v7/.venv/lib/python3.11/site-packages/sklearn/utils/extmath.py:203: RuntimeWarning: divide by zero encountered in matmul
  ret = a @ b
/Users/bytedance/Documents/trae_projects/theory_brazil/论文/v7/.venv/lib/python3.11/site-packages/sklearn/utils/extmath.py:203: RuntimeWarning: overflow encountered in matmul
  ret = a @ b
/Users/bytedance/Documents/trae_projects/theory_brazil/论文/v7/.venv/lib/python3.11/site-packages/sklearn/utils/extmath.py:203: RuntimeWarning: invalid value encountered in matmul
  ret = a @ b
/Users/bytedance/Documents/trae_projects/theory_brazil/论文/v7/.venv/lib/python3.11/site-packages/sklearn/utils/extmath.py:203: RuntimeWarning: divide by zero encountered in matmul
  ret = a @ b
/Users/bytedance/Documents/trae_projects/theory_brazil/论文/v7/.venv/lib/python3.11/site-packages/sklearn/utils/extmath.py:203: RuntimeWarning: overflow encountered in matmul
  ret = a @ b
/Users/bytedance/Documents/trae_projects/theory_brazil/论文/v7/.venv/lib/python3.11/site-packages/sklearn/utils/extmath.py:203: RuntimeWarning: invalid value encountered in matmul
  ret = a @ b
/Users/bytedance/Documents/trae_projects/theory_brazil/论文/v7/.venv/lib/python3.11/site-packages/sklearn/utils/extmath.py:203: RuntimeWarning: divide by zero encountered in matmul
  ret = a @ b
/Users/bytedance/Documents/trae_projects/theory_brazil/论文/v7/.venv/lib/python3.11/site-packages/sklearn/utils/extmath.py:203: RuntimeWarning: overflow encountered in matmul
  ret = a @ b
/Users/bytedance/Documents/trae_projects/theory_brazil/论文/v7/.venv/lib/python3.11/site-packages/sklearn/utils/extmath.py:203: RuntimeWarning: invalid value encountered in matmul
  ret = a @ b
/Users/bytedance/Documents/trae_projects/theory_brazil/论文/v7/.venv/lib/python3.11/site-packages/sklearn/utils/extmath.py:203: RuntimeWarning: divide by zero encountered in matmul
  ret = a @ b
/Users/bytedance/Documents/trae_projects/theory_brazil/论文/v7/.venv/lib/python3.11/site-packages/sklearn/utils/extmath.py:203: RuntimeWarning: overflow encountered in matmul
  ret = a @ b
/Users/bytedance/Documents/trae_projects/theory_brazil/论文/v7/.venv/lib/python3.11/site-packages/sklearn/utils/extmath.py:203: RuntimeWarning: invalid value encountered in matmul
  ret = a @ b
/Users/bytedance/Documents/trae_projects/theory_brazil/论文/v7/.venv/lib/python3.11/site-packages/sklearn/utils/extmath.py:203: RuntimeWarning: divide by zero encountered in matmul
  ret = a @ b
/Users/bytedance/Documents/trae_projects/theory_brazil/论文/v7/.venv/lib/python3.11/site-packages/sklearn/utils/extmath.py:203: RuntimeWarning: overflow encountered in matmul
  ret = a @ b
/Users/bytedance/Documents/trae_projects/theory_brazil/论文/v7/.venv/lib/python3.11/site-packages/sklearn/utils/extmath.py:203: RuntimeWarning: invalid value encountered in matmul
  ret = a @ b
/Users/bytedance/Documents/trae_projects/theory_brazil/论文/v7/.venv/lib/python3.11/site-packages/sklearn/utils/extmath.py:203: RuntimeWarning: divide by zero encountered in matmul
  ret = a @ b
/Users/bytedance/Documents/trae_projects/theory_brazil/论文/v7/.venv/lib/python3.11/site-packages/sklearn/utils/extmath.py:203: RuntimeWarning: overflow encountered in matmul
  ret = a @ b
/Users/bytedance/Documents/trae_projects/theory_brazil/论文/v7/.venv/lib/python3.11/site-packages/sklearn/utils/extmath.py:203: RuntimeWarning: invalid value encountered in matmul
  ret = a @ b
/Users/bytedance/Documents/trae_projects/theory_brazil/论文/v7/.venv/lib/python3.11/site-packages/sklearn/utils/extmath.py:203: RuntimeWarning: divide by zero encountered in matmul
  ret = a @ b
/Users/bytedance/Documents/trae_projects/theory_brazil/论文/v7/.venv/lib/python3.11/site-packages/sklearn/utils/extmath.py:203: RuntimeWarning: overflow encountered in matmul
  ret = a @ b
/Users/bytedance/Documents/trae_projects/theory_brazil/论文/v7/.venv/lib/python3.11/site-packages/sklearn/utils/extmath.py:203: RuntimeWarning: invalid value encountered in matmul
  ret = a @ b
/Users/bytedance/Documents/trae_projects/theory_brazil/论文/v7/.venv/lib/python3.11/site-packages/sklearn/linear_model/_base.py:279: RuntimeWarning: divide by zero encountered in matmul
  return X @ coef_ + self.intercept_
/Users/bytedance/Documents/trae_projects/theory_brazil/论文/v7/.venv/lib/python3.11/site-packages/sklearn/linear_model/_base.py:279: RuntimeWarning: overflow encountered in matmul
  return X @ coef_ + self.intercept_
/Users/bytedance/Documents/trae_projects/theory_brazil/论文/v7/.venv/lib/python3.11/site-packages/sklearn/linear_model/_base.py:279: RuntimeWarning: invalid value encountered in matmul
  return X @ coef_ + self.intercept_
/Users/bytedance/Documents/trae_projects/theory_brazil/论文/v7/.venv/lib/python3.11/site-packages/sklearn/linear_model/_base.py:279: RuntimeWarning: divide by zero encountered in matmul
  return X @ coef_ + self.intercept_
/Users/bytedance/Documents/trae_projects/theory_brazil/论文/v7/.venv/lib/python3.11/site-packages/sklearn/linear_model/_base.py:279: RuntimeWarning: overflow encountered in matmul
  return X @ coef_ + self.intercept_
/Users/bytedance/Documents/trae_projects/theory_brazil/论文/v7/.venv/lib/python3.11/site-packages/sklearn/linear_model/_base.py:279: RuntimeWarning: invalid value encountered in matmul
  return X @ coef_ + self.intercept_
Author-equivalence checks passed 2.0122792321330962e-16
